******************************************************************************
                  TI ARM Linker PC v5.2.4                      
******************************************************************************
>> Linked Sat May 09 19:13:50 2015

OUTPUT FILE NAME:   <base-practica_TIVA.out>
ENTRY POINT SYMBOL: "_c_int00"  address: 00015879


MEMORY CONFIGURATION

         name            origin    length      used     unused   attr    fill
----------------------  --------  ---------  --------  --------  ----  --------
  FLASH                 00000000   00040000  00016e4e  000291b2  R  X
  SRAM                  20000000   00008000  00006d3a  000012c6  RW X


SEGMENT ALLOCATION MAP

run origin  load origin   length   init length attrs members
----------  ----------- ---------- ----------- ----- -------
00000000    00000000    00016e58   00016e58    r-x
  00000000    00000000    0000026c   0000026c    r-- .intvecs
  0000026c    0000026c    00015c7e   00015c7e    r-x .text
  00015ef0    00015ef0    00000d74   00000d74    r-- .const
  00016c68    00016c68    000001f0   000001f0    r-- .cinit
20000000    20000000    00006d40   00000000    rw-
  20000000    20000000    0000026c   00000000    rw- .vtable
  2000026c    2000026c    00006516   00000000    rw- .bss
  20006788    20006788    000003b8   00000000    rw- .data
  20006b40    20006b40    00000200   00000000    rw- .stack


SECTION ALLOCATION MAP

 output                                  attributes/
section   page    origin      length       input sections
--------  ----  ----------  ----------   ----------------
.intvecs   0    00000000    0000026c     
                  00000000    0000026c     startup_ccs.obj (.intvecs)

.text      0    0000026c    00015c7e     
                  0000026c    00002dac     usbhostenum.obj (.text)
                  00003018    00001acc     tasks.obj (.text)
                  00004ae4    000015ba     usb.obj (.text)
                  0000609e    00000002     rtsv7M4_T_le_v4SPD16_eabi.lib : i_div0.obj (.text)
                  000060a0    000012f8     usbdenum.obj (.text)
                  00007398    000011a0     main.obj (.text)
                  00008538    000010ba     rtsv7M4_T_le_v4SPD16_eabi.lib : _printfi.obj (.text)
                  000095f2    00000002     --HOLE-- [fill = 0]
                  000095f4    00000f20     usbdma.obj (.text)
                  0000a514    00000f00     sysctl.obj (.text)
                  0000b414    00000e0c     usbdcdc.obj (.text)
                  0000c220    00000d3c     uartstdio.obj (.text)
                  0000cf5c    00000c84     ustdlib.obj (.text)
                  0000dbe0    00000b98     gpio.obj (.text)
                  0000e778    000009cc     queue.obj (.text)
                  0000f144    00000924     usbhhub.obj (.text)
                  0000fa68    000007c4     adc.obj (.text)
                  0001022c    0000065a     timer.obj (.text)
                  00010886    00000002     --HOLE-- [fill = 0]
                  00010888    00000580     timers.obj (.text)
                  00010e08    00000570     commands.obj (.text)
                  00011378    00000510     usbmode.obj (.text)
                  00011888    000004ba     usbbuffer.obj (.text)
                  00011d42    00000002     --HOLE-- [fill = 0]
                  00011d44    00000434     rgb.obj (.text)
                  00012178    000003e4     event_groups.obj (.text)
                  0001255c    000003c0     interrupt.obj (.text)
                  0001291c    00000388     usbdconfig.obj (.text)
                  00012ca4    00000338     protocol.obj (.text)
                  00012fdc    000002f4     usbringbuf.obj (.text)
                  000132d0    000002de     usbdcdesc.obj (.text)
                  000135ae    00000002     --HOLE-- [fill = 0]
                  000135b0    000002ac     usb_dev_serial.obj (.text)
                  0001385c    00000294     rtsv7M4_T_le_v4SPD16_eabi.lib : xsin.obj (.text)
                  00013af0    0000028c     port.obj (.text)
                  00013d7c    000001fc     rtsv7M4_T_le_v4SPD16_eabi.lib : xexp.obj (.text)
                  00013f78    000001f4                                   : ull_div_t2.obj (.text)
                  0001416c    000001d4     heap_2.obj (.text)
                  00014340    000001d2     usbdesc.obj (.text)
                  00014512    000001b6     rtsv7M4_T_le_v4SPD16_eabi.lib : fd_add_t2.obj (.text)
                  000146c8    00000174                                   : fmod.obj (.text)
                  0001483c    00000136                                   : fd_div_t2.obj (.text)
                  00014972    0000012a     list.obj (.text)
                  00014a9c    00000128     buttons.obj (.text)
                  00014bc4    00000110     rtsv7M4_T_le_v4SPD16_eabi.lib : xdscale.obj (.text)
                  00014cd4    000000fc                                   : fd_mul_t2.obj (.text)
                  00014dd0    000000f0     cpu_usage.obj (.text)
                  00014ec0    000000ec     usbtick.obj (.text)
                  00014fac    000000d2     portasm.obj (.text)
                  0001507e    000000c8     usbulpi.obj (.text)
                  00015146    000000be     rtsv7M4_T_le_v4SPD16_eabi.lib : xdnorm.obj (.text)
                  00015204    000000ac     cmdline.obj (.text)
                  000152b0    0000009c     rtsv7M4_T_le_v4SPD16_eabi.lib : memcpy_t2.obj (.text)
                  0001534c    00000090                                   : exp.obj (.text)
                  000153dc    00000086                                   : fd_cmp_t2.obj (.text:__aeabi_cdcmple)
                  00015462    00000086                                   : fd_cmp_t2.obj (.text:__aeabi_cdrcmple)
                  000154e8    0000007a                                   : memset_t2.obj (.text)
                  00015562    00000002     --HOLE-- [fill = 0]
                  00015564    0000006c                                   : autoinit.obj (.text)
                  000155d0    0000006a                                   : copy_decompress_rle.obj (.text)
                  0001563a    00000002     --HOLE-- [fill = 0]
                  0001563c    00000068     crc.obj (.text)
                  000156a4    00000066     rtsv7M4_T_le_v4SPD16_eabi.lib : xdunscal.obj (.text)
                  0001570a    00000002     --HOLE-- [fill = 0]
                  0001570c    00000064     RunTimeStatsConfig.obj (.text)
                  00015770    00000060     rtsv7M4_T_le_v4SPD16_eabi.lib : sprintf.obj (.text)
                  000157d0    00000056                                   : ltoa.obj (.text)
                  00015826    00000052                                   : ldexp.obj (.text)
                  00015878    00000050                                   : boot.obj (.text)
                  000158c8    00000050                                   : fs_toull_t2.obj (.text)
                  00015918    0000004c                                   : atoi.obj (.text)
                  00015964    0000004c                                   : cpy_tbl.obj (.text)
                  000159b0    0000004c                                   : rand.obj (.text)
                  000159fc    0000004a                                   : fd_tos_t2.obj (.text)
                  00015a46    00000048                                   : fd_toi_t2.obj (.text)
                  00015a8e    00000002     --HOLE-- [fill = 0]
                  00015a90    00000044                                   : exit.obj (.text)
                  00015ad4    00000044                                   : fd_tou_t2.obj (.text)
                  00015b18    00000040                                   : signal.obj (.text)
                  00015b58    00000040                                   : u_divt2.obj (.text)
                  00015b98    0000003e     cpu.obj (.text)
                  00015bd6    00000038     rtsv7M4_T_le_v4SPD16_eabi.lib : fs_tod_t2.obj (.text)
                  00015c0e    00000002     --HOLE-- [fill = 0]
                  00015c10    00000034                                   : feraiseexcept.obj (.text)
                  00015c44    00000030                                   : xdclass.obj (.text)
                  00015c74    00000030                                   : xferaise.obj (.text)
                  00015ca4    0000002e                                   : i_tofd_t2.obj (.text)
                  00015cd2    0000002e                                   : raise.obj (.text)
                  00015d00    0000002c     startup_ccs.obj (.text)
                  00015d2c    0000002a     rtsv7M4_T_le_v4SPD16_eabi.lib : frexp.obj (.text)
                  00015d56    00000026                                   : strncmp.obj (.text)
                  00015d7c    00000024     RunTimeStatsConfig.obj (.text:GetOverflowCounts)
                  00015da0    00000024     usbdhandler.obj (.text)
                  00015dc4    00000022     rtsv7M4_T_le_v4SPD16_eabi.lib : memcmp.obj (.text)
                  00015de6    00000020                                   : u_tofd_t2.obj (.text)
                  00015e06    0000001c                                   : memccpy.obj (.text)
                  00015e22    0000001a                                   : sin.obj (.text)
                  00015e3c    00000018                                   : args_main.obj (.text)
                  00015e54    00000018                                   : strcmp.obj (.text)
                  00015e6c    00000016                                   : strchr.obj (.text)
                  00015e82    00000002     --HOLE-- [fill = 0]
                  00015e84    00000014                                   : _lock.obj (.text)
                  00015e98    00000014                                   : strcpy.obj (.text)
                  00015eac    00000014                                   : strlen.obj (.text)
                  00015ec0    0000000e                                   : copy_decompress_none.obj (.text:decompress:none)
                  00015ece    0000000c                                   : copy_zero_init.obj (.text:decompress:ZI)
                  00015eda    00000006     sysctl.obj (.text:SysCtlDelay)
                  00015ee0    00000006     rtsv7M4_T_le_v4SPD16_eabi.lib : copy_decompress_rle.obj (.text:decompress:rle24)
                  00015ee6    00000004                                   : pre_init.obj (.text)

.const     0    00015ef0    00000d74     
                  00015ef0    00000200     crc.obj (.const:crctttab)
                  000160f0    00000162     commands.obj (.const:.string)
                  00016252    00000002     heap_2.obj (.const)
                  00016254    00000120     sysctl.obj (.const:g_pppui32XTALtoVCO)
                  00016374    00000101     rtsv7M4_T_le_v4SPD16_eabi.lib : ctype.obj (.const:.string:_ctypes_)
                  00016475    00000003     --HOLE-- [fill = 0]
                  00016478    000000c0     gpio.obj (.const:g_ppui32GPIOIntMapBlizzard)
                  00016538    000000c0     gpio.obj (.const:g_ppui32GPIOIntMapSnowflake)
                  000165f8    0000009c     interrupt.obj (.const:g_pui32Regs)
                  00016694    00000090     gpio.obj (.const:g_pui32GPIOBaseAddrs)
                  00016724    00000004     --HOLE-- [fill = 0]
                  00016728    00000080     rtsv7M4_T_le_v4SPD16_eabi.lib : xsin.obj (.const)
                  000167a8    00000070     interrupt.obj (.const)
                  00016818    0000006c     sysctl.obj (.const:g_pui32Xtals)
                  00016884    00000060     timer.obj (.const:g_ppui32TimerIntMap)
                  000168e4    00000004     --HOLE-- [fill = 0]
                  000168e8    00000048     rtsv7M4_T_le_v4SPD16_eabi.lib : xexp.obj (.const)
                  00016930    00000040     timer.obj (.const:g_ppui32TimerIntMapSnowflake)
                  00016970    00000038     usbdcdc.obj (.const)
                  000169a8    00000036     usb_serial_structs.obj (.const:.string:g_pui8ConfigString)
                  000169de    00000002     --HOLE-- [fill = 0]
                  000169e0    00000034     usbdenum.obj (.const:g_psUSBDStdRequests)
                  00016a14    00000030     ustdlib.obj (.const:g_psDaysToMonth)
                  00016a44    00000030     usbdcdc.obj (.const:g_sCDCHandlers)
                  00016a74    00000030     sysctl.obj (.const:g_sXTALtoMEMTIM)
                  00016aa4    0000002c     usb_serial_structs.obj (.const:.string:g_pui8ControlInterfaceString)
                  00016ad0    00000028     uartstdio.obj (.const)
                  00016af8    00000024     usb_serial_structs.obj (.const:.string:g_pui8ManufacturerString)
                  00016b1c    00000024     usb_serial_structs.obj (.const:g_sRxBuffer)
                  00016b40    00000024     usb_serial_structs.obj (.const:g_sTxBuffer)
                  00016b64    00000023     usbdcdc.obj (.const:.string:g_pui8CDCSerCommInterface)
                  00016b87    00000022     usb_serial_structs.obj (.const:.string:g_pui8ProductString)
                  00016ba9    00000003     --HOLE-- [fill = 0]
                  00016bac    0000001c     ustdlib.obj (.const)
                  00016bc8    00000018     usb_serial_structs.obj (.const)
                  00016be0    00000017     usbdcdc.obj (.const:.string)
                  00016bf7    00000016     usb_serial_structs.obj (.const:.string)
                  00016c0d    00000014     tasks.obj (.const:.string)
                  00016c21    00000003     --HOLE-- [fill = 0]
                  00016c24    00000012     uartstdio.obj (.const:.string)
                  00016c36    00000002     --HOLE-- [fill = 0]
                  00016c38    00000012     ustdlib.obj (.const:.string)
                  00016c4a    00000002     --HOLE-- [fill = 0]
                  00016c4c    00000008     gpio.obj (.const)
                  00016c54    00000008     sysctl.obj (.const)
                  00016c5c    00000008     timer.obj (.const)

.cinit     0    00016c68    000001f0     
                  00016c68    000001b7     (.cinit..data.load) [load image, compression = rle]
                  00016e1f    00000001     --HOLE-- [fill = 0]
                  00016e20    0000000c     (__TI_handler_table)
                  00016e2c    00000004     --HOLE-- [fill = 0]
                  00016e30    00000008     (.cinit..bss.load) [load image, compression = zero_init]
                  00016e38    00000008     (.cinit..vtable.load) [load image, compression = zero_init]
                  00016e40    00000018     (__TI_cinit_table)

.init_array 
*          0    00000000    00000000     UNINITIALIZED

.vtable    0    20000000    0000026c     UNINITIALIZED
                  20000000    0000026c     interrupt.obj (.vtable)

.bss       0    2000026c    00006516     UNINITIALIZED
                  2000026c    00005000     heap_2.obj (.bss:ucHeap)
                  2000526c    000006cc     usbhostenum.obj (.bss:g_sUSBHCD)
                  20005938    00000400     uartstdio.obj (.bss:g_pcUARTTxBuffer)
                  20005d38    00000200     uartstdio.obj (.bss:g_pcUARTRxHistoryBuffer)
                  20005f38    00000140     tasks.obj (.bss:pxReadyTasksLists)
                  20006078    00000110     usbdma.obj (.bss:g_psUSBDMAInst)
                  20006188    00000100     usb_serial_structs.obj (.bss:g_pui8USBRxBuffer)
                  20006288    00000100     usb_serial_structs.obj (.bss:g_pui8USBTxBuffer)
                  20006388    0000009c     usbhhub.obj (.bss:g_sRootHub)
                  20006424    00000080     uartstdio.obj (.bss:g_pcUARTRxBuffer)
                  200064a4    00000050     usbdenum.obj (.bss:g_psDCDInst)
                  200064f4    00000050     queue.obj (.bss:xQueueRegistry)
                  20006544    00000040     usbdenum.obj (.bss:g_pui8DataBufferIn)
                  20006584    00000024     cmdline.obj (.bss:g_ppcArgv)
                  200065a8    00000020     (.common:g_usUARTRxHistoryOffset)
                  200065c8    00000018     (.common:g_pfnTickHandlers)
                  200065e0    00000018     (.common:g_pi32USBHActiveDriver)
                  200065f8    00000018     (.common:g_ppvDriverInstance)
                  20006610    00000018     (.common:g_pui8RxBufferWorkspace)
                  20006628    00000018     (.common:g_pui8TxBufferWorkspace)
                  20006640    00000018     (.common:g_pvTickInstance)
                  20006658    00000014     (.common:xActiveTimerList1)
                  2000666c    00000014     (.common:xActiveTimerList2)
                  20006680    00000014     (.common:xDelayedTaskList1)
                  20006694    00000014     (.common:xDelayedTaskList2)
                  200066a8    00000014     (.common:xPendingReadyList)
                  200066bc    00000014     (.common:xSuspendedTaskList)
                  200066d0    00000014     (.common:xTasksWaitingTermination)
                  200066e4    0000000c     (.common:color)
                  200066f0    0000000c     (.common:g_ui32Colors)
                  200066fc    00000008     (.common:ejes)
                  20006704    00000008     (.common:g_pui32Alloc)
                  2000670c    00000008     (.common:xEnd)
                  20006714    00000008     (.common:xStart)
                  2000671c    00000004     (.common:g_pfnUSBModeCallback)
                  20006720    00000004     (.common:g_ppsDevInfo)
                  20006724    00000004     (.common:g_pui8OversampleFactor)
                  20006728    00000004     (.common:g_ui32CPUUsage)
                  2000672c    00000004     (.common:g_ui32CPUUsagePrevious)
                  20006730    00000004     (.common:g_ui32CPUUsageTicks)
                  20006734    00000004     (.common:g_ui32CPUUsageTimer)
                  20006738    00000004     (.common:g_ui32ChangeFlags)
                  2000673c    00000004     (.common:g_ui32HubChanges)
                  20006740    00000004     (.common:g_ui32PollRate)
                  20006744    00000004     (.common:g_ui32PortNum)
                  20006748    00000004     (.common:g_ui32ULPISupport)
                  2000674c    00000004     (.common:g_ui32ULPISupport)
                  20006750    00000004     (.common:g_ulSystemClock)
                  20006754    00000004     (.common:g_xRxLineSemaphore)
                  20006758    00000004     (.common:potQueue)
                  2000675c    00000004     (.common:pxCurrentTimerList)
                  20006760    00000004     (.common:pxDelayedTaskList)
                  20006764    00000004     (.common:pxOverflowDelayedTaskList)
                  20006768    00000004     (.common:pxOverflowTimerList)
                  2000676c    00000004     (.common:ulFlags$1)
                  20006770    00000004     (.common:velocidadQueue)
                  20006774    00000004     (.common:xCharsForTx)
                  20006778    00000004     (.common:xRxedChars)
                  2000677c    00000004     (.common:xTrazaEventGroup)
                  20006780    00000001     (.common:g_bDisableEcho)
                  20006781    00000001     (.common:g_eOTGModeState)

.data      0    20006788    000003b8     UNINITIALIZED
                  20006788    000000b0     rtsv7M4_T_le_v4SPD16_eabi.lib : signal.obj (.data:sigtable)
                  20006838    00000080                                   : xvalues.obj (.data)
                  200068b8    00000078     commands.obj (.data:g_psCmdTable)
                  20006930    00000060     usb_serial_structs.obj (.data:g_sCDCDevice)
                  20006990    00000040     usbdcdc.obj (.data)
                  200069d0    0000003e     main.obj (.data)
                  20006a0e    00000002     --HOLE--
                  20006a10    00000038     tasks.obj (.data)
                  20006a48    00000030     cpu_usage.obj (.data)
                  20006a78    0000002c     usbhostenum.obj (.data)
                  20006aa4    0000001d     uartstdio.obj (.data)
                  20006ac1    00000003     buttons.obj (.data)
                  20006ac4    00000010     port.obj (.data)
                  20006ad4    00000010     usb_dev_serial.obj (.data)
                  20006ae4    0000000c     usbtick.obj (.data)
                  20006af0    00000009     usbmode.obj (.data)
                  20006af9    00000003     --HOLE--
                  20006afc    00000008     heap_2.obj (.data)
                  20006b04    00000008     rtsv7M4_T_le_v4SPD16_eabi.lib : _lock.obj (.data)
                  20006b0c    00000008                                   : exit.obj (.data)
                  20006b14    00000008                                   : feraiseexcept.obj (.data)
                  20006b1c    00000008     timers.obj (.data)
                  20006b24    00000008     usbdenum.obj (.data)
                  20006b2c    00000004     rgb.obj (.data)
                  20006b30    00000004     rtsv7M4_T_le_v4SPD16_eabi.lib : errno.obj (.data)
                  20006b34    00000004                                   : rand.obj (.data)
                  20006b38    00000004                                   : stkdepth_vars.obj (.data)
                  20006b3c    00000004     ustdlib.obj (.data)

.TI.noinit 
*          0    2000026c    00000000     UNINITIALIZED

.TI.persistent 
*          0    20006788    00000000     UNINITIALIZED

.stack     0    20006b40    00000200     UNINITIALIZED
                  20006b40    00000200     --HOLE--


LINKER GENERATED COPY TABLES

__TI_cinit_table @ 00016e40 records: 3, size/record: 8, table size: 24
	.data: load addr=00016c68, load size=000001b7 bytes, run addr=20006788, run size=000003b8 bytes, compression=rle
	.bss: load addr=00016e30, load size=00000008 bytes, run addr=2000026c, run size=00006516 bytes, compression=zero_init
	.vtable: load addr=00016e38, load size=00000008 bytes, run addr=20000000, run size=0000026c bytes, compression=zero_init


LINKER GENERATED HANDLER TABLE

__TI_handler_table @ 00016e20 records: 3, size/record: 4, table size: 12
	index: 0, handler: __TI_zero_init
	index: 1, handler: __TI_decompress_rle24
	index: 2, handler: __TI_decompress_none


GLOBAL SYMBOLS: SORTED ALPHABETICALLY BY Name 

address   name                                 
-------   ----                                 
000101a5  ADCBusy                              
000101ed  ADCClockConfigGet                    
000101c3  ADCClockConfigSet                    
0000ffbf  ADCComparatorConfigure               
0001008f  ADCComparatorIntClear                
00010045  ADCComparatorIntDisable              
00010063  ADCComparatorIntEnable               
00010081  ADCComparatorIntStatus               
0000ffdb  ADCComparatorRegionSet               
0000ffff  ADCComparatorReset                   
0000ff8d  ADCHardwareOversampleConfigure       
0000fba3  ADCIntClear                          
00010107  ADCIntClearEx                        
0000fb09  ADCIntDisable                        
000100a1  ADCIntDisableEx                      
0000fb25  ADCIntEnable                         
000100b9  ADCIntEnableEx                       
000083c5  ADCIntHandler                        
0000fac3  ADCIntRegister                       
0000fb4b  ADCIntStatus                         
000100d5  ADCIntStatusEx                       
0000faeb  ADCIntUnregister                     
0001015f  ADCPhaseDelayGet                     
0001014d  ADCPhaseDelaySet                     
0000fe03  ADCProcessorTrigger                  
0001013b  ADCReferenceGet                      
0001011f  ADCReferenceSet                      
0000fbed  ADCSequenceConfigure                 
00010189  ADCSequenceDMADisable                
0001016d  ADCSequenceDMAEnable                 
0000fdc1  ADCSequenceDataGet                   
0000fbd3  ADCSequenceDisable                   
0000fbb9  ADCSequenceEnable                    
0000fd65  ADCSequenceOverflow                  
0000fd7d  ADCSequenceOverflowClear             
0000fc71  ADCSequenceStepConfigure             
0000fd93  ADCSequenceUnderflow                 
0000fdab  ADCSequenceUnderflowClear            
0000fe27  ADCSoftwareOversampleConfigure       
0000ff1f  ADCSoftwareOversampleDataGet         
0000fe5f  ADCSoftwareOversampleStepConfigure   
00008415  ButtonHandler                        
00014b43  ButtonsInit                          
00014a9d  ButtonsPoll                          
00015a91  C$$EXIT                              
00014e0f  CPUUsageInit                         
00014dd1  CPUUsageTick                         
00015bcd  CPUbasepriGet                        
00015bbf  CPUbasepriSet                        
00015b99  CPUcpsid                             
00015baf  CPUcpsie                             
00015ba5  CPUprimask                           
00015bbb  CPUwfi                               
00015205  CmdLineProcess                       
00010e09  Cmd_cpu                              
00010e33  Cmd_free                             
00010efd  Cmd_help                             
00010fa5  Cmd_radio                            
00010ec5  Cmd_stats                            
00010e49  Cmd_tasks                            
0001104b  Cmd_timesim                          
00010f35  Cmd_traza                            
0000026d  ConfigDescAlloc                      
00000303  ConfigDescFree                       
200069d4  EjesSemaphore                        
0000e753  GPIOADCTriggerDisable                
0000e735  GPIOADCTriggerEnable                 
0000e717  GPIODMATriggerDisable                
0000e6f9  GPIODMATriggerEnable                 
0000dc9f  GPIODirModeGet                       
0000dc43  GPIODirModeSet                       
0000e213  GPIOIntClear                         
0000e1d7  GPIOIntDisable                       
0000e1bd  GPIOIntEnable                        
0000e227  GPIOIntRegister                      
0000e1f1  GPIOIntStatus                        
0000dd8f  GPIOIntTypeGet                       
0000dceb  GPIOIntTypeSet                       
0000e245  GPIOIntUnregister                    
0000e06b  GPIOPadConfigGet                     
0000de2d  GPIOPadConfigSet                     
0000e69b  GPIOPinConfigure                     
0000e25f  GPIOPinRead                          
0000e297  GPIOPinTypeADC                       
0000e2bb  GPIOPinTypeCAN                       
0000e667  GPIOPinTypeCIR                       
0000e2df  GPIOPinTypeComparator                
0000e303  GPIOPinTypeEPI                       
0000e327  GPIOPinTypeEthernetLED               
0000e34b  GPIOPinTypeEthernetMII               
0000e36f  GPIOPinTypeGPIOInput                 
0000e393  GPIOPinTypeGPIOOutput                
0000e3b7  GPIOPinTypeGPIOOutputOD              
0000e3db  GPIOPinTypeI2C                       
0000e3ff  GPIOPinTypeI2CSCL                    
0000e61f  GPIOPinTypeKBColumn                  
0000e5fb  GPIOPinTypeKBRow                     
0000e423  GPIOPinTypeLCD                       
0000e643  GPIOPinTypeLEDSeq                    
0000e447  GPIOPinTypeLPC                       
0000e46b  GPIOPinTypePECIRx                    
0000e48f  GPIOPinTypePECITx                    
0000e4b3  GPIOPinTypePWM                       
0000e4d7  GPIOPinTypeQEI                       
0000e4fb  GPIOPinTypeSSI                       
0000e51f  GPIOPinTypeTimer                     
0000e543  GPIOPinTypeUART                      
0000e567  GPIOPinTypeUSBAnalog                 
0000e58b  GPIOPinTypeUSBDigital                
0000e5af  GPIOPinTypeWakeHigh                  
0000e5d5  GPIOPinTypeWakeLow                   
0000e68b  GPIOPinWakeStatus                    
0000e277  GPIOPinWrite                         
00015d7d  GetOverflowCounts                    
0001271d  IntDisable                           
000126ab  IntEnable                            
0001278f  IntIsEnabled                         
0001256f  IntMasterDisable                     
0001255f  IntMasterEnable                      
00012885  IntPendClear                         
00012815  IntPendSet                           
00012687  IntPriorityGet                       
000125ff  IntPriorityGroupingGet               
000125e5  IntPriorityGroupingSet               
000128df  IntPriorityMaskGet                   
000128d3  IntPriorityMaskSet                   
00012637  IntPrioritySet                       
0001257f  IntRegister                          
000128e7  IntTrigger                           
000125d1  IntUnregister                        
000023d9  InternalUSBHCDSendEvent              
00014f07  InternalUSBRegisterTickHandler       
00014f57  InternalUSBStartOfFrameTick          
00014ec1  InternalUSBTickInit                  
00014eff  InternalUSBTickReset                 
00011763  OTGDeviceDisconnect                  
200069e4  PilautTaskHandle                     
200069d8  PilotoQuitarSemaphore                
0000b65d  ProcessDataFromHost                  
0000b76d  ProcessDataToHost                    
0000b70b  ProcessNotificationToHost            
00011d45  RGBBlinkIntHandler                   
00012051  RGBBlinkRateSet                      
000120e5  RGBColorGet                          
00011f8d  RGBColorSet                          
00011f17  RGBDisable                           
00011e5f  RGBEnable                            
00011d73  RGBInit                              
0001203d  RGBIntensitySet                      
00011f75  RGBSet                               
00015d01  ResetISR                             
UNDEFED   SHT$$INIT_ARRAY$$Base                
UNDEFED   SHT$$INIT_ARRAY$$Limit               
200069d0  SendSemaphore                        
0000b3b3  SysCtlAltClkConfig                   
0000ab81  SysCtlClockFreqSet                   
0000b065  SysCtlClockGet                       
0000b397  SysCtlClockOutConfig                 
0000ae99  SysCtlClockSet                       
0000aa81  SysCtlDeepSleep                      
0000b239  SysCtlDeepSleepClockConfigSet        
0000b21d  SysCtlDeepSleepClockSet              
0000aa61  SysCtlDeepSleepPowerSet              
00015edb  SysCtlDelay                          
0000a60d  SysCtlFlashSectorSizeGet             
0000a5e1  SysCtlFlashSizeGet                   
0000b30f  SysCtlGPIOAHBDisable                 
0000b2f3  SysCtlGPIOAHBEnable                  
0000a9f5  SysCtlIntClear                       
0000a9dd  SysCtlIntDisable                     
0000a9c9  SysCtlIntEnable                      
0000a9a1  SysCtlIntRegister                    
0000aa05  SysCtlIntStatus                      
0000a9b9  SysCtlIntUnregister                  
0000aa47  SysCtlLDODeepSleepGet                
0000aa37  SysCtlLDODeepSleepSet                
0000aa31  SysCtlLDOSleepGet                    
0000aa21  SysCtlLDOSleepSet                    
0000aab7  SysCtlMOSCConfigSet                  
0000b383  SysCtlNMIClear                       
0000b37d  SysCtlNMIStatus                      
0000aacd  SysCtlPIOSCCalibrate                 
0000b2dd  SysCtlPWMClockGet                    
0000b2c3  SysCtlPWMClockSet                    
0000a94d  SysCtlPeripheralClockGating          
0000a905  SysCtlPeripheralDeepSleepDisable     
0000a8b5  SysCtlPeripheralDeepSleepEnable      
0000a7f1  SysCtlPeripheralDisable              
0000a7b5  SysCtlPeripheralEnable               
0000a6f1  SysCtlPeripheralPowerOff             
0000a6b5  SysCtlPeripheralPowerOn              
0000a635  SysCtlPeripheralPresent              
0000a675  SysCtlPeripheralReady                
0000a72d  SysCtlPeripheralReset                
0000a879  SysCtlPeripheralSleepDisable         
0000a835  SysCtlPeripheralSleepEnable          
0000aa71  SysCtlReset                          
0000ab2d  SysCtlResetBehaviorGet               
0000ab1d  SysCtlResetBehaviorSet               
0000aaa3  SysCtlResetCauseClear                
0000aa9d  SysCtlResetCauseGet                  
0000a5d7  SysCtlSRAMSizeGet                    
0000aa79  SysCtlSleep                          
0000aa4d  SysCtlSleepPowerSet                  
0000b33d  SysCtlUSBPLLDisable                  
0000b32b  SysCtlUSBPLLEnable                   
0000b369  SysCtlVoltageEventClear              
0000b34d  SysCtlVoltageEventConfig             
0000b35d  SysCtlVoltageEventStatus             
00010805  TimerADCEventGet                     
000107f3  TimerADCEventSet                     
0001051d  TimerClockSourceGet                  
00010501  TimerClockSourceSet                  
000102df  TimerConfigure                       
000103ff  TimerControlEvent                    
0001035b  TimerControlLevel                    
00010429  TimerControlStall                    
00010391  TimerControlTrigger                  
0001045f  TimerControlWaitOnTrigger            
00010825  TimerDMAEventGet                     
00010813  TimerDMAEventSet                     
000102c1  TimerDisable                         
000102a3  TimerEnable                          
000107cf  TimerIntClear                        
00010799  TimerIntDisable                      
00010781  TimerIntEnable                       
0001073b  TimerIntRegister                     
000107b1  TimerIntStatus                       
00010763  TimerIntUnregister                   
000105e7  TimerLoadGet                         
00010623  TimerLoadGet64                       
000105bd  TimerLoadSet                         
00010603  TimerLoadSet64                       
000106cd  TimerMatchGet                        
00010709  TimerMatchGet64                      
000106a3  TimerMatchSet                        
000106e9  TimerMatchSet64                      
00010557  TimerPrescaleGet                     
000105a1  TimerPrescaleMatchGet                
00010573  TimerPrescaleMatchSet                
0001052d  TimerPrescaleSet                     
000104d5  TimerRTCDisable                      
000104bf  TimerRTCEnable                       
000107e1  TimerSynchronize                     
00010833  TimerUpdateMode                      
00010655  TimerValueGet                        
00010671  TimerValueGet64                      
0000c9b1  UARTEchoSet                          
0000c94b  UARTFlushRx                          
0000c973  UARTFlushTx                          
0000c8f1  UARTPeek                             
0000c8cf  UARTRxBytesAvail                     
0000c335  UARTStdioConfig                      
0000c9e9  UARTStdioIntHandler                  
0000c8dd  UARTTxBytesFree                      
0000c545  UARTgetc                             
0000c4c9  UARTgets                             
0000c8ab  UARTprintf                           
0000c5b1  UARTvprintf                          
0000c423  UARTwrite                            
0001507f  ULPIConfigSet                        
00015121  ULPIPowerTransceiver                 
00015da1  USB0DeviceIntHandler                 
00011435  USB0DualModeIntHandler               
000022e1  USB0HostIntHandler                   
0001167d  USB0OTGModeIntHandler                
00011bf7  USBBufferCallbackDataSet             
00011ca5  USBBufferDataAvailable               
00011bdd  USBBufferDataRemoved                 
00011bbd  USBBufferDataWritten                 
00011cc9  USBBufferEventCallback               
00011c55  USBBufferFlush                       
00011b8b  USBBufferInfoGet                     
00011b39  USBBufferInit                        
00011c67  USBBufferRead                        
00011cb7  USBBufferSpaceAvailable              
00011c11  USBBufferWrite                       
00011b5b  USBBufferZeroLengthPacketInsert      
00005cdb  USBClockDisable                      
00005cbf  USBClockEnable                       
000135f5  USBControlHandler                    
00005cab  USBControllerVersion                 
0000bdd1  USBDCDCCompositeInit                 
0000bec7  USBDCDCInit                          
0000c049  USBDCDCPacketRead                    
0000bfa7  USBDCDCPacketWrite                   
0000c1fb  USBDCDCPowerStatusSet                
0000c20f  USBDCDCRemoteWakeupRequest           
0000c141  USBDCDCRxPacketAvailable             
0000c1a1  USBDCDCSerialStateChange             
0000bf4d  USBDCDCSetControlCBData              
0000bf6b  USBDCDCSetRxCBData                   
0000bf89  USBDCDCSetTxCBData                   
0000bf35  USBDCDCTerm                          
0000c11f  USBDCDCTxPacketAvailable             
00013429  USBDCDConfigDescGet                  
000133db  USBDCDConfigDescGetNum               
000133a3  USBDCDConfigDescGetSize              
0001350b  USBDCDConfigGetInterface             
00013541  USBDCDConfigGetInterfaceEndpoint     
000134b7  USBDCDConfigGetNumAlternateInterfaces
000060a1  USBDCDDeviceInfoInit                 
000063fd  USBDCDFeatureSet                     
000060f1  USBDCDInit                           
00006387  USBDCDPowerStatusSet                 
000064bd  USBDCDRemoteWakeLPM                  
000064e1  USBDCDRemoteWakeupRequest            
00006311  USBDCDRequestDataEP0                 
00006337  USBDCDSendDataEP0                    
00006359  USBDCDSetDefaultConfiguration        
0000636b  USBDCDStallEP0                       
00006299  USBDCDTerm                           
00005e13  USBDMAChannelAddressGet              
00005df7  USBDMAChannelAddressSet              
00005d7d  USBDMAChannelConfigSet               
00005e47  USBDMAChannelCountGet                
00005e2b  USBDMAChannelCountSet                
00005d5d  USBDMAChannelDisable                 
00005d3d  USBDMAChannelEnable                  
00005d0d  USBDMAChannelIntDisable              
00005ced  USBDMAChannelIntEnable               
00005d2d  USBDMAChannelIntStatus               
00005dad  USBDMAChannelStatus                  
00005dcd  USBDMAChannelStatusClear             
00005e5f  USBDMANumChannels                    
0001439d  USBDescGet                           
000144c1  USBDescGetInterface                  
000144ef  USBDescGetInterfaceEndpoint          
00014341  USBDescGetNum                        
00014407  USBDescGetNumAlternateInterfaces     
00005119  USBDevAddrGet                        
00005105  USBDevAddrSet                        
000050d9  USBDevConnect                        
000050ef  USBDevDisconnect                     
0000544f  USBDevEndpointConfigGet              
0000535d  USBDevEndpointConfigSet              
000057d9  USBDevEndpointDataAck                
00005003  USBDevEndpointStall                  
00005065  USBDevEndpointStallClear             
00004e7f  USBDevEndpointStatusClear            
00005fcb  USBDevLPMConfig                      
00005ff9  USBDevLPMDisable                     
00005fe1  USBDevLPMEnable                      
00005fb3  USBDevLPMRemoteWake                  
00005c13  USBDevMode                           
00004c45  USBDevSpeedGet                       
000129e3  USBDeviceConfig                      
00012bd9  USBDeviceConfigAlternate             
0000660d  USBDeviceEnumHandler                 
00006759  USBDeviceEnumResetHandler            
000071a9  USBDeviceIntHandlerInternal          
00006515  USBDeviceResumeTickHandler           
00011481  USBDualModeInit                      
000114f1  USBDualModeTerm                      
00005bc5  USBEndpointDMAChannel                
0000560b  USBEndpointDMAConfigSet              
000056dd  USBEndpointDMADisable                
000056a3  USBEndpointDMAEnable                 
00005717  USBEndpointDataAvail                 
0000574f  USBEndpointDataGet                   
00005849  USBEndpointDataPut                   
000058ad  USBEndpointDataSend                  
00004f9d  USBEndpointDataToggleClear           
00005c77  USBEndpointPacketCountSet            
00004e0b  USBEndpointStatus                    
00005b9b  USBFIFOAddrGet                       
000055a5  USBFIFOConfigGet                     
0000553f  USBFIFOConfigSet                     
00005905  USBFIFOFlush                         
00005b5f  USBFrameNumberGet                    
00002911  USBHCDControlTransfer                
00002d61  USBHCDDevAddress                     
00002d95  USBHCDDevClass                       
00002d39  USBHCDDevHubPort                     
00002e29  USBHCDDevProtocol                    
00002de1  USBHCDDevSubClass                    
0000041b  USBHCDEventDisable                   
000003eb  USBHCDEventEnable                    
00002e89  USBHCDFeatureSet                     
00002a6d  USBHCDHubDeviceConnected             
00002b05  USBHCDHubDeviceDisconnected          
00001491  USBHCDInit                           
00002fd3  USBHCDLPMResume                      
00002f6b  USBHCDLPMSleep                       
00002f41  USBHCDLPMStatus                      
00002509  USBHCDMain                           
00000873  USBHCDPipeAlloc                      
000005f1  USBHCDPipeAllocSize                  
000008c1  USBHCDPipeConfig                     
00000dcb  USBHCDPipeDataAck                    
00001009  USBHCDPipeFree                       
00000dfd  USBHCDPipeRead                       
00000d81  USBHCDPipeReadNonBlocking            
00000c55  USBHCDPipeSchedule                   
00000a3b  USBHCDPipeStatus                     
000005cb  USBHCDPipeTransferSizeGet            
00000a71  USBHCDPipeWrite                      
00001437  USBHCDPowerAutomatic                 
000013a7  USBHCDPowerConfigGet                 
00001395  USBHCDPowerConfigInit                
000013c5  USBHCDPowerConfigSet                 
000015ad  USBHCDRegisterDrivers                
000016b1  USBHCDReset                          
0000170d  USBHCDResume                         
000018ed  USBHCDSetAddress                     
00001a33  USBHCDSetConfig                      
00001a7b  USBHCDSetInterface                   
0000188d  USBHCDStringDescriptorGet            
000016fb  USBHCDSuspend                        
000015e1  USBHCDTerm                           
0000f9d5  USBHHubClose                         
0000f979  USBHHubEnumerationComplete           
0000f99b  USBHHubEnumerationError              
0000f9e9  USBHHubInit                          
0000fa17  USBHHubLPMSleep                      
0000fa25  USBHHubLPMStatus                     
0000f74d  USBHHubMain                          
0000f9bd  USBHHubOpen                          
00004bb3  USBHighSpeed                         
00005a15  USBHostAddrGet                       
000059dd  USBHostAddrSet                       
00001ac7  USBHostCheckPipes                    
0000512d  USBHostEndpointConfig                
00005817  USBHostEndpointDataAck               
00004f01  USBHostEndpointDataToggle            
00004fd7  USBHostEndpointPing                  
000052c7  USBHostEndpointSpeed                 
00004e37  USBHostEndpointStatusClear           
00005aa7  USBHostHubAddrGet                    
00005a43  USBHostHubAddrSet                    
00001b8d  USBHostIntHandlerInternal            
00005f77  USBHostLPMConfig                     
00005f9b  USBHostLPMResume                     
00005f2f  USBHostLPMSend                       
00005c01  USBHostMode                          
00005ad5  USBHostPwrConfig                     
00005b47  USBHostPwrDisable                    
00005b2f  USBHostPwrEnable                     
00005b17  USBHostPwrFaultDisable               
00005aff  USBHostPwrFaultEnable                
00005975  USBHostRequestIN                     
0000599d  USBHostRequestINClear                
000059cb  USBHostRequestStatus                 
00004b85  USBHostReset                         
00004be1  USBHostResume                        
00004c0f  USBHostSpeedGet                      
00004b6f  USBHostSuspend                       
00004c5d  USBIntDisableControl                 
00004d21  USBIntDisableEndpoint                
00004c9b  USBIntEnableControl                  
00004d4f  USBIntEnableEndpoint                 
00004dd3  USBIntRegister                       
00004cd5  USBIntStatusControl                  
00004d7d  USBIntStatusEndpoint                 
00004df1  USBIntUnregister                     
00006025  USBLPMEndpointGet                    
00006085  USBLPMIntDisable                     
0000606b  USBLPMIntEnable                      
0000605b  USBLPMIntStatus                      
00006011  USBLPMLinkStateGet                   
00006041  USBLPMRemoteWakeEnabled              
0000a311  USBLibDMAAddrGet                     
0000a341  USBLibDMAInit                        
0000a329  USBLibDMASizeGet                     
00005c37  USBModeConfig                        
00005bb1  USBModeGet                           
00005c97  USBNumEndpointsGet                   
00011825  USBOTGFeatureSet                     
00011789  USBOTGMain                           
00005c25  USBOTGMode                           
0001155f  USBOTGModeInit                       
00011525  USBOTGModeTerm                       
00011655  USBOTGPollRate                       
00005b6d  USBOTGSessionRequest                 
00005c4b  USBPHYPowerOff                       
00005c61  USBPHYPowerOn                        
000131c7  USBRingBufAdvanceRead                
000131f5  USBRingBufAdvanceWrite               
00013121  USBRingBufContigFree                 
000130f3  USBRingBufContigUsed                 
00013061  USBRingBufEmpty                      
0001308b  USBRingBufFlush                      
000130dd  USBRingBufFree                       
00013027  USBRingBufFull                       
000132ad  USBRingBufInit                       
00013191  USBRingBufRead                       
0001316b  USBRingBufReadOne                    
0001315d  USBRingBufSize                       
000130ab  USBRingBufUsed                       
00013277  USBRingBufWrite                      
00013251  USBRingBufWriteOne                   
000136e3  USBRxHandler                         
000113f9  USBStackModeSet                      
0001367f  USBTxHandler                         
00005e71  USBULPIConfig                        
00005e9f  USBULPIDisable                       
00005e87  USBULPIEnable                        
00005eb7  USBULPIRegRead                       
00005eef  USBULPIRegWrite                      
00013739  UsbSerialInit                        
00015c45  _Dclass                              
20006838  _Denorm                              
00015147  _Dnorm                               
00014bc5  _Dscale                              
000156a5  _Dunscale                            
20006848  _Eps                                 
20006b30  _Errno                               
00013d7d  _Exp                                 
20006b14  _Fenv                                
00015c75  _Feraise                             
20006858  _Hugeval                             
20006868  _Inf                                 
20006878  _Nan                                 
20006898  _Rteps                               
0001385d  _Sin                                 
20006888  _Snan                                
20006b18  _Tls_setup__Fenv                     
200068a8  _Xbig                                
200068b0  _Zero                                
20006d40  __STACK_END                          
00000200  __STACK_SIZE                         
20006d40  __STACK_TOP                          
00016e40  __TI_CINIT_Base                      
00016e58  __TI_CINIT_Limit                     
00016e20  __TI_Handler_Table_Base              
00016e2c  __TI_Handler_Table_Limit             
00015565  __TI_auto_init                       
20006b0c  __TI_cleanup_ptr                     
00015ec1  __TI_decompress_none                 
00015ee1  __TI_decompress_rle24                
20006b10  __TI_dtors_ptr                       
000092ed  __TI_printfi                         
00000000  __TI_static_base__                   
00015ecf  __TI_zero_init                       
000153dd  __aeabi_cdcmpeq                      
000153dd  __aeabi_cdcmple                      
00015463  __aeabi_cdrcmple                     
000159fd  __aeabi_d2f                          
00015a47  __aeabi_d2iz                         
00015ad5  __aeabi_d2uiz                        
0001451d  __aeabi_dadd                         
0001483d  __aeabi_ddiv                         
00014cd5  __aeabi_dmul                         
00014513  __aeabi_dsub                         
00015bd7  __aeabi_f2d                          
000158c9  __aeabi_f2ulz                        
00015ca5  __aeabi_i2d                          
0000609f  __aeabi_idiv0                        
000154e9  __aeabi_memclr                       
000154e9  __aeabi_memclr4                      
000154e9  __aeabi_memclr8                      
000152b1  __aeabi_memcpy                       
000152b1  __aeabi_memcpy4                      
000152b1  __aeabi_memcpy8                      
000154eb  __aeabi_memset                       
000154eb  __aeabi_memset4                      
000154eb  __aeabi_memset8                      
00015de7  __aeabi_ui2d                         
00015b59  __aeabi_uidiv                        
00015b59  __aeabi_uidivmod                     
00013f79  __aeabi_uldivmod                     
ffffffff  __binit__                            
ffffffff  __c_args__                           
20006b40  __stack                              
00015e3d  _args_main                           
00015879  _c_int00                             
00016374  _ctypes_                             
20006b04  _lock                                
00015e93  _nop                                 
00015e8b  _register_lock                       
00015e85  _register_unlock                     
00015ee7  _system_pre_init                     
20006b08  _unlock                              
00015a95  abort                                
00012de5  add_checksum_and_stuff               
20006a00  altitud                              
00015919  atoi                                 
ffffffff  binit                                
200066e4  color                                
200069f0  combustible                          
000081e1  confADC                              
000080ad  confGPIO                             
00008397  confQueue                            
00007fe5  confSys                              
00008151  confTasks                            
00008291  confTimer                            
00008025  confUART                             
200069e0  consumoTaskHandle                    
00015965  copy_in                              
0001563d  create_checksum                      
00012eab  create_frame                         
00012e57  destuff_and_check_checksum           
00003e9d  eTaskConfirmSleepModeStatus          
200066fc  ejes                                 
00015a9d  exit                                 
0001534d  exp                                  
00015c11  feraiseexcept                        
000146c9  fmod                                 
00012d45  frame_DeStuffing                     
00012ca5  frame_stuffing                       
00015d2d  frexp                                
20006ae4  g_bUSBTimerInitialized               
20006781  g_eOTGModeState                      
20006af0  g_iUSBMode                           
000169a4  g_pCDCCompSerConfigDescriptors       
20000000  g_pfnRAMVectors                      
200065c8  g_pfnTickHandlers                    
00000000  g_pfnVectors                         
000169a0  g_ppCDCSerConfigDescriptors          
20006720  g_ppsDevInfo                         
00016bc8  g_ppui8StringDescriptors             
200069c0  g_psCDCCompSerSections               
200069b4  g_psCDCSerSections                   
200068b8  g_psCmdTable                         
200064a4  g_psDCDInst                          
00016b64  g_pui8CDCSerCommInterface            
00016be0  g_pui8CDCSerDataInterface            
200069a2  g_pui8CDCSerDescriptor               
20006990  g_pui8CDCSerDeviceDescriptor         
000169a8  g_pui8ConfigString                   
00016aa4  g_pui8ControlInterfaceString         
200069ab  g_pui8IADSerDescriptor               
00016bf7  g_pui8LangDescriptor                 
00016af8  g_pui8ManufacturerString             
00016b87  g_pui8ProductString                  
20006610  g_pui8RxBufferWorkspace              
00016bfb  g_pui8SerialNumberString             
20006628  g_pui8TxBufferWorkspace              
20006188  g_pui8USBRxBuffer                    
20006288  g_pui8USBTxBuffer                    
20006640  g_pvTickInstance                     
00016998  g_sCDCCompSerConfigHeader            
20006930  g_sCDCDevice                         
00016a44  g_sCDCHandlers                       
00016980  g_sCDCSerCommInterfaceSection        
00016990  g_sCDCSerConfigHeader                
00016970  g_sCDCSerConfigSection               
00016988  g_sCDCSerDataInterfaceSection        
00016978  g_sIADSerConfigSection               
00016b1c  g_sRxBuffer                          
00016b40  g_sTxBuffer                          
20006728  g_ui32CPUUsage                       
20006ae8  g_ui32CurrentUSBTick                 
20006740  g_ui32PollRate                       
20006aec  g_ui32USBSOFCount                    
20006af4  g_ui32WaitTicks                      
20006750  g_ulSystemClock                      
20006ad8  g_ulUARTRxCount                      
20006ad4  g_ulUARTTxCount                      
20006754  g_xRxLineSemaphore                   
200069f8  hora                                 
00015827  ldexp                                
000157d1  ltoa                                 
00007f83  main                                 
20006b38  main_func_sp                         
00015e07  memccpy                              
00015dc5  memcmp                               
000152b1  memcpy                               
000154f1  memset                               
0000381f  pcTaskGetTaskName                    
00010985  pcTimerGetTimerName                  
20006a0c  pilotoAutomatico                     
20006758  potQueue                             
0001416d  pvPortMalloc                         
0000467b  pvTaskIncrementMutexHeldCount        
00010d6d  pvTimerGetTimerID                    
20006a10  pxCurrentTCB                         
00013af1  pxPortInitialiseStack                
00015cd3  raise                                
000159c7  rand                                 
00012f2f  receive_frame                        
00012f89  send_frame                           
200069dc  sensorTaskHandle                     
00015b19  signal                               
00015e23  sin                                  
00015771  sprintf                              
000159b1  srand                                
00015e6d  strchr                               
00015e55  strcmp                               
00015e99  strcpy                               
00015ead  strlen                               
00015d57  strncmp                              
20006a08  tiempoSim                            
000084a9  timerBotonHandler                    
0000ee65  ucQueueGetQueueType                  
0001500f  ulPortSetInterruptMask               
00004699  ulTaskNotifyTake                     
0000d441  ulocaltime                           
0000d63f  umktime                              
0000dbb9  urand                                
0000d411  usnprintf                            
0000d3df  usprintf                             
0000dba9  usrand                               
0000db21  ustrcasecmp                          
0000db95  ustrcmp                              
0000da25  ustrlen                              
0000da7d  ustrncasecmp                         
0000db35  ustrncmp                             
0000cf5d  ustrncpy                             
0000da47  ustrstr                              
0000d7ed  ustrtof                              
0000d6b5  ustrtoul                             
0000cfb5  uvsnprintf                           
00012533  uxEventGroupGetNumber                
00014a55  uxListRemove                         
0000ee45  uxQueueGetQueueNumber                
0000ede7  uxQueueMessagesWaiting               
0000ee1d  uxQueueMessagesWaitingFromISR        
0000edfd  uxQueueSpacesAvailable               
00003819  uxTaskGetNumberOfTasks               
00004229  uxTaskGetStackHighWaterMark          
00003841  uxTaskGetSystemState                 
00003e0b  uxTaskGetTaskNumber                  
000032d9  uxTaskPriorityGet                    
0000330d  uxTaskPriorityGetFromISR             
00004659  uxTaskResetEventItemValue            
000073c3  vApplicationIdleHook                 
000073cb  vApplicationMallocFailedHook         
00007399  vApplicationStackOverflowHook        
000073a3  vApplicationTickHook                 
0001570d  vConfigureTimerForRunTimeStats       
000124cd  vEventGroupClearBitsCallback         
00012489  vEventGroupDelete                    
000124bd  vEventGroupSetBitsCallback           
00014973  vListInitialise                      
000149a3  vListInitialiseItem                  
000149ef  vListInsert                          
000149b3  vListInsertEnd                       
00015025  vPortClearInterruptMask              
00015067  vPortEnableVFP                       
00013b85  vPortEndScheduler                    
00013b87  vPortEnterCritical                   
00013b9f  vPortExitCritical                    
0001427b  vPortFree                            
00015079  vPortGetIPSR                         
000142e3  vPortInitialiseBlocks                
0001502b  vPortSVCHandler                      
00013d21  vPortSetupTimerInterrupt             
00015049  vPortStartFirstTask                  
00013bd3  vPortSuppressTicksAndSleep           
0000f077  vQueueAddToRegistry                  
0000ee2f  vQueueDelete                         
0000ee53  vQueueSetQueueNumber                 
0000f0b9  vQueueUnregisterQueue                
0000f0f3  vQueueWaitForMessageRestricted       
00003277  vTaskDelay                           
000031cf  vTaskDelayUntil                      
00003133  vTaskDelete                          
000036b3  vTaskEndScheduler                    
00004595  vTaskGetRunTimeStats                 
0000449d  vTaskList                            
00003e03  vTaskMissedYield                     
00004a39  vTaskNotifyGiveFromISR               
00003b41  vTaskPlaceOnEventList                
00003c19  vTaskPlaceOnEventListRestricted      
00003ba9  vTaskPlaceOnUnorderedEventList       
000042f9  vTaskPriorityInherit                 
00003355  vTaskPrioritySet                     
0000355d  vTaskResume                          
00003e31  vTaskSetTaskNumber                   
00003d67  vTaskSetTimeOutState                 
0000365d  vTaskStartScheduler                  
00003905  vTaskStepTick                        
00003465  vTaskSuspend                         
000036c5  vTaskSuspendAll                      
00003a61  vTaskSwitchContext                   
0001120d  vUARTTask                            
200069e8  velocidad                            
20006770  velocidadQueue                       
00012355  xEventGroupClearBits                 
00012381  xEventGroupClearBitsFromISR          
00012179  xEventGroupCreate                    
00012399  xEventGroupGetBitsFromISR            
000123c1  xEventGroupSetBits                   
00012513  xEventGroupSetBitsFromISR            
00012199  xEventGroupSync                      
0001226b  xEventGroupWaitBits                  
000142dd  xPortGetFreeHeapSize                 
00014fb1  xPortPendSVHandler                   
00013b4f  xPortStartScheduler                  
00013bb7  xPortSysTickHandler                  
0000e985  xQueueCreateCountingSemaphore        
0000e889  xQueueCreateMutex                    
0000e815  xQueueGenericCreate                  
0000ebbd  xQueueGenericReceive                 
0000e779  xQueueGenericReset                   
0000e9a5  xQueueGenericSend                    
0000eacd  xQueueGenericSendFromISR             
0000eb4b  xQueueGiveFromISR                    
0000e8ff  xQueueGiveMutexRecursive             
0000f013  xQueueIsQueueEmptyFromISR            
0000f055  xQueueIsQueueFullFromISR             
0000eda3  xQueuePeekFromISR                    
0000ed2b  xQueueReceiveFromISR                 
200064f4  xQueueRegistry                       
0000e93b  xQueueTakeMutexRecursive             
00003d89  xTaskCheckForTimeOut                 
00003019  xTaskGenericCreate                   
000042b5  xTaskGetCurrentTaskHandle            
000042cd  xTaskGetSchedulerState               
000037ef  xTaskGetTickCount                    
00003805  xTaskGetTickCountFromISR             
00003935  xTaskIncrementTick                   
00004861  xTaskNotify                          
00004951  xTaskNotifyFromISR                   
00004769  xTaskNotifyWait                      
000043b3  xTaskPriorityDisinherit              
00003c61  xTaskRemoveFromEventList             
00003cf9  xTaskRemoveFromUnorderedEventList    
00003711  xTaskResumeAll                       
000035d9  xTaskResumeFromISR                   
000108c3  xTimerCreate                         
00010889  xTimerCreateTimerTask                
00010917  xTimerGenericCommand                 
00010d41  xTimerIsTimerActive                  
00010dbb  xTimerPendFunctionCall               
00010d85  xTimerPendFunctionCallFromISR        
2000677c  xTrazaEventGroup                     
000137c9  xUSBSerialGetChar                    
000137df  xUSBSerialPutChar                    


GLOBAL SYMBOLS: SORTED BY Symbol Address 

address   name                                 
-------   ----                                 
00000000  __TI_static_base__                   
00000000  g_pfnVectors                         
00000200  __STACK_SIZE                         
0000026d  ConfigDescAlloc                      
00000303  ConfigDescFree                       
000003eb  USBHCDEventEnable                    
0000041b  USBHCDEventDisable                   
000005cb  USBHCDPipeTransferSizeGet            
000005f1  USBHCDPipeAllocSize                  
00000873  USBHCDPipeAlloc                      
000008c1  USBHCDPipeConfig                     
00000a3b  USBHCDPipeStatus                     
00000a71  USBHCDPipeWrite                      
00000c55  USBHCDPipeSchedule                   
00000d81  USBHCDPipeReadNonBlocking            
00000dcb  USBHCDPipeDataAck                    
00000dfd  USBHCDPipeRead                       
00001009  USBHCDPipeFree                       
00001395  USBHCDPowerConfigInit                
000013a7  USBHCDPowerConfigGet                 
000013c5  USBHCDPowerConfigSet                 
00001437  USBHCDPowerAutomatic                 
00001491  USBHCDInit                           
000015ad  USBHCDRegisterDrivers                
000015e1  USBHCDTerm                           
000016b1  USBHCDReset                          
000016fb  USBHCDSuspend                        
0000170d  USBHCDResume                         
0000188d  USBHCDStringDescriptorGet            
000018ed  USBHCDSetAddress                     
00001a33  USBHCDSetConfig                      
00001a7b  USBHCDSetInterface                   
00001ac7  USBHostCheckPipes                    
00001b8d  USBHostIntHandlerInternal            
000022e1  USB0HostIntHandler                   
000023d9  InternalUSBHCDSendEvent              
00002509  USBHCDMain                           
00002911  USBHCDControlTransfer                
00002a6d  USBHCDHubDeviceConnected             
00002b05  USBHCDHubDeviceDisconnected          
00002d39  USBHCDDevHubPort                     
00002d61  USBHCDDevAddress                     
00002d95  USBHCDDevClass                       
00002de1  USBHCDDevSubClass                    
00002e29  USBHCDDevProtocol                    
00002e89  USBHCDFeatureSet                     
00002f41  USBHCDLPMStatus                      
00002f6b  USBHCDLPMSleep                       
00002fd3  USBHCDLPMResume                      
00003019  xTaskGenericCreate                   
00003133  vTaskDelete                          
000031cf  vTaskDelayUntil                      
00003277  vTaskDelay                           
000032d9  uxTaskPriorityGet                    
0000330d  uxTaskPriorityGetFromISR             
00003355  vTaskPrioritySet                     
00003465  vTaskSuspend                         
0000355d  vTaskResume                          
000035d9  xTaskResumeFromISR                   
0000365d  vTaskStartScheduler                  
000036b3  vTaskEndScheduler                    
000036c5  vTaskSuspendAll                      
00003711  xTaskResumeAll                       
000037ef  xTaskGetTickCount                    
00003805  xTaskGetTickCountFromISR             
00003819  uxTaskGetNumberOfTasks               
0000381f  pcTaskGetTaskName                    
00003841  uxTaskGetSystemState                 
00003905  vTaskStepTick                        
00003935  xTaskIncrementTick                   
00003a61  vTaskSwitchContext                   
00003b41  vTaskPlaceOnEventList                
00003ba9  vTaskPlaceOnUnorderedEventList       
00003c19  vTaskPlaceOnEventListRestricted      
00003c61  xTaskRemoveFromEventList             
00003cf9  xTaskRemoveFromUnorderedEventList    
00003d67  vTaskSetTimeOutState                 
00003d89  xTaskCheckForTimeOut                 
00003e03  vTaskMissedYield                     
00003e0b  uxTaskGetTaskNumber                  
00003e31  vTaskSetTaskNumber                   
00003e9d  eTaskConfirmSleepModeStatus          
00004229  uxTaskGetStackHighWaterMark          
000042b5  xTaskGetCurrentTaskHandle            
000042cd  xTaskGetSchedulerState               
000042f9  vTaskPriorityInherit                 
000043b3  xTaskPriorityDisinherit              
0000449d  vTaskList                            
00004595  vTaskGetRunTimeStats                 
00004659  uxTaskResetEventItemValue            
0000467b  pvTaskIncrementMutexHeldCount        
00004699  ulTaskNotifyTake                     
00004769  xTaskNotifyWait                      
00004861  xTaskNotify                          
00004951  xTaskNotifyFromISR                   
00004a39  vTaskNotifyGiveFromISR               
00004b6f  USBHostSuspend                       
00004b85  USBHostReset                         
00004bb3  USBHighSpeed                         
00004be1  USBHostResume                        
00004c0f  USBHostSpeedGet                      
00004c45  USBDevSpeedGet                       
00004c5d  USBIntDisableControl                 
00004c9b  USBIntEnableControl                  
00004cd5  USBIntStatusControl                  
00004d21  USBIntDisableEndpoint                
00004d4f  USBIntEnableEndpoint                 
00004d7d  USBIntStatusEndpoint                 
00004dd3  USBIntRegister                       
00004df1  USBIntUnregister                     
00004e0b  USBEndpointStatus                    
00004e37  USBHostEndpointStatusClear           
00004e7f  USBDevEndpointStatusClear            
00004f01  USBHostEndpointDataToggle            
00004f9d  USBEndpointDataToggleClear           
00004fd7  USBHostEndpointPing                  
00005003  USBDevEndpointStall                  
00005065  USBDevEndpointStallClear             
000050d9  USBDevConnect                        
000050ef  USBDevDisconnect                     
00005105  USBDevAddrSet                        
00005119  USBDevAddrGet                        
0000512d  USBHostEndpointConfig                
000052c7  USBHostEndpointSpeed                 
0000535d  USBDevEndpointConfigSet              
0000544f  USBDevEndpointConfigGet              
0000553f  USBFIFOConfigSet                     
000055a5  USBFIFOConfigGet                     
0000560b  USBEndpointDMAConfigSet              
000056a3  USBEndpointDMAEnable                 
000056dd  USBEndpointDMADisable                
00005717  USBEndpointDataAvail                 
0000574f  USBEndpointDataGet                   
000057d9  USBDevEndpointDataAck                
00005817  USBHostEndpointDataAck               
00005849  USBEndpointDataPut                   
000058ad  USBEndpointDataSend                  
00005905  USBFIFOFlush                         
00005975  USBHostRequestIN                     
0000599d  USBHostRequestINClear                
000059cb  USBHostRequestStatus                 
000059dd  USBHostAddrSet                       
00005a15  USBHostAddrGet                       
00005a43  USBHostHubAddrSet                    
00005aa7  USBHostHubAddrGet                    
00005ad5  USBHostPwrConfig                     
00005aff  USBHostPwrFaultEnable                
00005b17  USBHostPwrFaultDisable               
00005b2f  USBHostPwrEnable                     
00005b47  USBHostPwrDisable                    
00005b5f  USBFrameNumberGet                    
00005b6d  USBOTGSessionRequest                 
00005b9b  USBFIFOAddrGet                       
00005bb1  USBModeGet                           
00005bc5  USBEndpointDMAChannel                
00005c01  USBHostMode                          
00005c13  USBDevMode                           
00005c25  USBOTGMode                           
00005c37  USBModeConfig                        
00005c4b  USBPHYPowerOff                       
00005c61  USBPHYPowerOn                        
00005c77  USBEndpointPacketCountSet            
00005c97  USBNumEndpointsGet                   
00005cab  USBControllerVersion                 
00005cbf  USBClockEnable                       
00005cdb  USBClockDisable                      
00005ced  USBDMAChannelIntEnable               
00005d0d  USBDMAChannelIntDisable              
00005d2d  USBDMAChannelIntStatus               
00005d3d  USBDMAChannelEnable                  
00005d5d  USBDMAChannelDisable                 
00005d7d  USBDMAChannelConfigSet               
00005dad  USBDMAChannelStatus                  
00005dcd  USBDMAChannelStatusClear             
00005df7  USBDMAChannelAddressSet              
00005e13  USBDMAChannelAddressGet              
00005e2b  USBDMAChannelCountSet                
00005e47  USBDMAChannelCountGet                
00005e5f  USBDMANumChannels                    
00005e71  USBULPIConfig                        
00005e87  USBULPIEnable                        
00005e9f  USBULPIDisable                       
00005eb7  USBULPIRegRead                       
00005eef  USBULPIRegWrite                      
00005f2f  USBHostLPMSend                       
00005f77  USBHostLPMConfig                     
00005f9b  USBHostLPMResume                     
00005fb3  USBDevLPMRemoteWake                  
00005fcb  USBDevLPMConfig                      
00005fe1  USBDevLPMEnable                      
00005ff9  USBDevLPMDisable                     
00006011  USBLPMLinkStateGet                   
00006025  USBLPMEndpointGet                    
00006041  USBLPMRemoteWakeEnabled              
0000605b  USBLPMIntStatus                      
0000606b  USBLPMIntEnable                      
00006085  USBLPMIntDisable                     
0000609f  __aeabi_idiv0                        
000060a1  USBDCDDeviceInfoInit                 
000060f1  USBDCDInit                           
00006299  USBDCDTerm                           
00006311  USBDCDRequestDataEP0                 
00006337  USBDCDSendDataEP0                    
00006359  USBDCDSetDefaultConfiguration        
0000636b  USBDCDStallEP0                       
00006387  USBDCDPowerStatusSet                 
000063fd  USBDCDFeatureSet                     
000064bd  USBDCDRemoteWakeLPM                  
000064e1  USBDCDRemoteWakeupRequest            
00006515  USBDeviceResumeTickHandler           
0000660d  USBDeviceEnumHandler                 
00006759  USBDeviceEnumResetHandler            
000071a9  USBDeviceIntHandlerInternal          
00007399  vApplicationStackOverflowHook        
000073a3  vApplicationTickHook                 
000073c3  vApplicationIdleHook                 
000073cb  vApplicationMallocFailedHook         
00007f83  main                                 
00007fe5  confSys                              
00008025  confUART                             
000080ad  confGPIO                             
00008151  confTasks                            
000081e1  confADC                              
00008291  confTimer                            
00008397  confQueue                            
000083c5  ADCIntHandler                        
00008415  ButtonHandler                        
000084a9  timerBotonHandler                    
000092ed  __TI_printfi                         
0000a311  USBLibDMAAddrGet                     
0000a329  USBLibDMASizeGet                     
0000a341  USBLibDMAInit                        
0000a5d7  SysCtlSRAMSizeGet                    
0000a5e1  SysCtlFlashSizeGet                   
0000a60d  SysCtlFlashSectorSizeGet             
0000a635  SysCtlPeripheralPresent              
0000a675  SysCtlPeripheralReady                
0000a6b5  SysCtlPeripheralPowerOn              
0000a6f1  SysCtlPeripheralPowerOff             
0000a72d  SysCtlPeripheralReset                
0000a7b5  SysCtlPeripheralEnable               
0000a7f1  SysCtlPeripheralDisable              
0000a835  SysCtlPeripheralSleepEnable          
0000a879  SysCtlPeripheralSleepDisable         
0000a8b5  SysCtlPeripheralDeepSleepEnable      
0000a905  SysCtlPeripheralDeepSleepDisable     
0000a94d  SysCtlPeripheralClockGating          
0000a9a1  SysCtlIntRegister                    
0000a9b9  SysCtlIntUnregister                  
0000a9c9  SysCtlIntEnable                      
0000a9dd  SysCtlIntDisable                     
0000a9f5  SysCtlIntClear                       
0000aa05  SysCtlIntStatus                      
0000aa21  SysCtlLDOSleepSet                    
0000aa31  SysCtlLDOSleepGet                    
0000aa37  SysCtlLDODeepSleepSet                
0000aa47  SysCtlLDODeepSleepGet                
0000aa4d  SysCtlSleepPowerSet                  
0000aa61  SysCtlDeepSleepPowerSet              
0000aa71  SysCtlReset                          
0000aa79  SysCtlSleep                          
0000aa81  SysCtlDeepSleep                      
0000aa9d  SysCtlResetCauseGet                  
0000aaa3  SysCtlResetCauseClear                
0000aab7  SysCtlMOSCConfigSet                  
0000aacd  SysCtlPIOSCCalibrate                 
0000ab1d  SysCtlResetBehaviorSet               
0000ab2d  SysCtlResetBehaviorGet               
0000ab81  SysCtlClockFreqSet                   
0000ae99  SysCtlClockSet                       
0000b065  SysCtlClockGet                       
0000b21d  SysCtlDeepSleepClockSet              
0000b239  SysCtlDeepSleepClockConfigSet        
0000b2c3  SysCtlPWMClockSet                    
0000b2dd  SysCtlPWMClockGet                    
0000b2f3  SysCtlGPIOAHBEnable                  
0000b30f  SysCtlGPIOAHBDisable                 
0000b32b  SysCtlUSBPLLEnable                   
0000b33d  SysCtlUSBPLLDisable                  
0000b34d  SysCtlVoltageEventConfig             
0000b35d  SysCtlVoltageEventStatus             
0000b369  SysCtlVoltageEventClear              
0000b37d  SysCtlNMIStatus                      
0000b383  SysCtlNMIClear                       
0000b397  SysCtlClockOutConfig                 
0000b3b3  SysCtlAltClkConfig                   
0000b65d  ProcessDataFromHost                  
0000b70b  ProcessNotificationToHost            
0000b76d  ProcessDataToHost                    
0000bdd1  USBDCDCCompositeInit                 
0000bec7  USBDCDCInit                          
0000bf35  USBDCDCTerm                          
0000bf4d  USBDCDCSetControlCBData              
0000bf6b  USBDCDCSetRxCBData                   
0000bf89  USBDCDCSetTxCBData                   
0000bfa7  USBDCDCPacketWrite                   
0000c049  USBDCDCPacketRead                    
0000c11f  USBDCDCTxPacketAvailable             
0000c141  USBDCDCRxPacketAvailable             
0000c1a1  USBDCDCSerialStateChange             
0000c1fb  USBDCDCPowerStatusSet                
0000c20f  USBDCDCRemoteWakeupRequest           
0000c335  UARTStdioConfig                      
0000c423  UARTwrite                            
0000c4c9  UARTgets                             
0000c545  UARTgetc                             
0000c5b1  UARTvprintf                          
0000c8ab  UARTprintf                           
0000c8cf  UARTRxBytesAvail                     
0000c8dd  UARTTxBytesFree                      
0000c8f1  UARTPeek                             
0000c94b  UARTFlushRx                          
0000c973  UARTFlushTx                          
0000c9b1  UARTEchoSet                          
0000c9e9  UARTStdioIntHandler                  
0000cf5d  ustrncpy                             
0000cfb5  uvsnprintf                           
0000d3df  usprintf                             
0000d411  usnprintf                            
0000d441  ulocaltime                           
0000d63f  umktime                              
0000d6b5  ustrtoul                             
0000d7ed  ustrtof                              
0000da25  ustrlen                              
0000da47  ustrstr                              
0000da7d  ustrncasecmp                         
0000db21  ustrcasecmp                          
0000db35  ustrncmp                             
0000db95  ustrcmp                              
0000dba9  usrand                               
0000dbb9  urand                                
0000dc43  GPIODirModeSet                       
0000dc9f  GPIODirModeGet                       
0000dceb  GPIOIntTypeSet                       
0000dd8f  GPIOIntTypeGet                       
0000de2d  GPIOPadConfigSet                     
0000e06b  GPIOPadConfigGet                     
0000e1bd  GPIOIntEnable                        
0000e1d7  GPIOIntDisable                       
0000e1f1  GPIOIntStatus                        
0000e213  GPIOIntClear                         
0000e227  GPIOIntRegister                      
0000e245  GPIOIntUnregister                    
0000e25f  GPIOPinRead                          
0000e277  GPIOPinWrite                         
0000e297  GPIOPinTypeADC                       
0000e2bb  GPIOPinTypeCAN                       
0000e2df  GPIOPinTypeComparator                
0000e303  GPIOPinTypeEPI                       
0000e327  GPIOPinTypeEthernetLED               
0000e34b  GPIOPinTypeEthernetMII               
0000e36f  GPIOPinTypeGPIOInput                 
0000e393  GPIOPinTypeGPIOOutput                
0000e3b7  GPIOPinTypeGPIOOutputOD              
0000e3db  GPIOPinTypeI2C                       
0000e3ff  GPIOPinTypeI2CSCL                    
0000e423  GPIOPinTypeLCD                       
0000e447  GPIOPinTypeLPC                       
0000e46b  GPIOPinTypePECIRx                    
0000e48f  GPIOPinTypePECITx                    
0000e4b3  GPIOPinTypePWM                       
0000e4d7  GPIOPinTypeQEI                       
0000e4fb  GPIOPinTypeSSI                       
0000e51f  GPIOPinTypeTimer                     
0000e543  GPIOPinTypeUART                      
0000e567  GPIOPinTypeUSBAnalog                 
0000e58b  GPIOPinTypeUSBDigital                
0000e5af  GPIOPinTypeWakeHigh                  
0000e5d5  GPIOPinTypeWakeLow                   
0000e5fb  GPIOPinTypeKBRow                     
0000e61f  GPIOPinTypeKBColumn                  
0000e643  GPIOPinTypeLEDSeq                    
0000e667  GPIOPinTypeCIR                       
[...]
0000f979  USBHHubEnumerationComplete           
0000f99b  USBHHubEnumerationError              
0000f9bd  USBHHubOpen                          
0000f9d5  USBHHubClose                         
0000f9e9  USBHHubInit                          
0000fa17  USBHHubLPMSleep                      
0000fa25  USBHHubLPMStatus                     
0000fac3  ADCIntRegister                       
0000faeb  ADCIntUnregister                     
0000fb09  ADCIntDisable                        
0000fb25  ADCIntEnable                         
0000fb4b  ADCIntStatus                         
0000fba3  ADCIntClear                          
0000fbb9  ADCSequenceEnable                    
0000fbd3  ADCSequenceDisable                   
0000fbed  ADCSequenceConfigure                 
0000fc71  ADCSequenceStepConfigure             
0000fd65  ADCSequenceOverflow                  
0000fd7d  ADCSequenceOverflowClear             
0000fd93  ADCSequenceUnderflow                 
0000fdab  ADCSequenceUnderflowClear            
0000fdc1  ADCSequenceDataGet                   
0000fe03  ADCProcessorTrigger                  
0000fe27  ADCSoftwareOversampleConfigure       
0000fe5f  ADCSoftwareOversampleStepConfigure   
0000ff1f  ADCSoftwareOversampleDataGet         
0000ff8d  ADCHardwareOversampleConfigure       
0000ffbf  ADCComparatorConfigure               
0000ffdb  ADCComparatorRegionSet               
0000ffff  ADCComparatorReset                   
00010045  ADCComparatorIntDisable              
00010063  ADCComparatorIntEnable               
00010081  ADCComparatorIntStatus               
0001008f  ADCComparatorIntClear                
000100a1  ADCIntDisableEx                      
000100b9  ADCIntEnableEx                       
000100d5  ADCIntStatusEx                       
00010107  ADCIntClearEx                        
0001011f  ADCReferenceSet                      
0001013b  ADCReferenceGet                      
0001014d  ADCPhaseDelaySet                     
0001015f  ADCPhaseDelayGet                     
0001016d  ADCSequenceDMAEnable                 
00010189  ADCSequenceDMADisable                
000101a5  ADCBusy                              
000101c3  ADCClockConfigSet                    
000101ed  ADCClockConfigGet                    
000102a3  TimerEnable                          
000102c1  TimerDisable                         
000102df  TimerConfigure                       
0001035b  TimerControlLevel                    
00010391  TimerControlTrigger                  
000103ff  TimerControlEvent                    
00010429  TimerControlStall                    
0001045f  TimerControlWaitOnTrigger            
000104bf  TimerRTCEnable                       
000104d5  TimerRTCDisable                      
00010501  TimerClockSourceSet                  
0001051d  TimerClockSourceGet                  
0001052d  TimerPrescaleSet                     
00010557  TimerPrescaleGet                     
00010573  TimerPrescaleMatchSet                
000105a1  TimerPrescaleMatchGet                
000105bd  TimerLoadSet                         
000105e7  TimerLoadGet                         
00010603  TimerLoadSet64                       
00010623  TimerLoadGet64                       
00010655  TimerValueGet                        
00010671  TimerValueGet64                      
000106a3  TimerMatchSet                        
000106cd  TimerMatchGet                        
000106e9  TimerMatchSet64                      
00010709  TimerMatchGet64                      
0001073b  TimerIntRegister                     
00010763  TimerIntUnregister                   
00010781  TimerIntEnable                       
00010799  TimerIntDisable                      
000107b1  TimerIntStatus                       
000107cf  TimerIntClear                        
000107e1  TimerSynchronize                     
000107f3  TimerADCEventSet                     
00010805  TimerADCEventGet                     
00010813  TimerDMAEventSet                     
00010825  TimerDMAEventGet                     
00010833  TimerUpdateMode                      
00010889  xTimerCreateTimerTask                
000108c3  xTimerCreate                         
00010917  xTimerGenericCommand                 
00010985  pcTimerGetTimerName                  
00010d41  xTimerIsTimerActive                  
00010d6d  pvTimerGetTimerID                    
00010d85  xTimerPendFunctionCallFromISR        
00010dbb  xTimerPendFunctionCall               
00010e09  Cmd_cpu                              
00010e33  Cmd_free                             
00010e49  Cmd_tasks                            
00010ec5  Cmd_stats                            
00010efd  Cmd_help                             
00010f35  Cmd_traza                            
00010fa5  Cmd_radio                            
0001104b  Cmd_timesim                          
0001120d  vUARTTask                            
000113f9  USBStackModeSet                      
00011435  USB0DualModeIntHandler               
00011481  USBDualModeInit                      
000114f1  USBDualModeTerm                      
00011525  USBOTGModeTerm                       
0001155f  USBOTGModeInit                       
00011655  USBOTGPollRate                       
0001167d  USB0OTGModeIntHandler                
00011763  OTGDeviceDisconnect                  
00011789  USBOTGMain                           
00011825  USBOTGFeatureSet                     
00011b39  USBBufferInit                        
00011b5b  USBBufferZeroLengthPacketInsert      
00011b8b  USBBufferInfoGet                     
00011bbd  USBBufferDataWritten                 
00011bdd  USBBufferDataRemoved                 
00011bf7  USBBufferCallbackDataSet             
00011c11  USBBufferWrite                       
00011c55  USBBufferFlush                       
00011c67  USBBufferRead                        
00011ca5  USBBufferDataAvailable               
00011cb7  USBBufferSpaceAvailable              
00011cc9  USBBufferEventCallback               
00011d45  RGBBlinkIntHandler                   
00011d73  RGBInit                              
00011e5f  RGBEnable                            
00011f17  RGBDisable                           
00011f75  RGBSet                               
00011f8d  RGBColorSet                          
0001203d  RGBIntensitySet                      
00012051  RGBBlinkRateSet                      
000120e5  RGBColorGet                          
00012179  xEventGroupCreate                    
00012199  xEventGroupSync                      
0001226b  xEventGroupWaitBits                  
00012355  xEventGroupClearBits                 
00012381  xEventGroupClearBitsFromISR          
00012399  xEventGroupGetBitsFromISR            
000123c1  xEventGroupSetBits                   
00012489  vEventGroupDelete                    
000124bd  vEventGroupSetBitsCallback           
000124cd  vEventGroupClearBitsCallback         
00012513  xEventGroupSetBitsFromISR            
00012533  uxEventGroupGetNumber                
0001255f  IntMasterEnable                      
0001256f  IntMasterDisable                     
0001257f  IntRegister                          
000125d1  IntUnregister                        
000125e5  IntPriorityGroupingSet               
000125ff  IntPriorityGroupingGet               
00012637  IntPrioritySet                       
00012687  IntPriorityGet                       
000126ab  IntEnable                            
0001271d  IntDisable                           
0001278f  IntIsEnabled                         
00012815  IntPendSet                           
00012885  IntPendClear                         
000128d3  IntPriorityMaskSet                   
000128df  IntPriorityMaskGet                   
000128e7  IntTrigger                           
000129e3  USBDeviceConfig                      
00012bd9  USBDeviceConfigAlternate             
00012ca5  frame_stuffing                       
00012d45  frame_DeStuffing                     
00012de5  add_checksum_and_stuff               
00012e57  destuff_and_check_checksum           
00012eab  create_frame                         
00012f2f  receive_frame                        
00012f89  send_frame                           
00013027  USBRingBufFull                       
00013061  USBRingBufEmpty                      
0001308b  USBRingBufFlush                      
000130ab  USBRingBufUsed                       
000130dd  USBRingBufFree                       
000130f3  USBRingBufContigUsed                 
00013121  USBRingBufContigFree                 
0001315d  USBRingBufSize                       
0001316b  USBRingBufReadOne                    
00013191  USBRingBufRead                       
000131c7  USBRingBufAdvanceRead                
000131f5  USBRingBufAdvanceWrite               
00013251  USBRingBufWriteOne                   
00013277  USBRingBufWrite                      
000132ad  USBRingBufInit                       
000133a3  USBDCDConfigDescGetSize              
000133db  USBDCDConfigDescGetNum               
00013429  USBDCDConfigDescGet                  
000134b7  USBDCDConfigGetNumAlternateInterfaces
0001350b  USBDCDConfigGetInterface             
00013541  USBDCDConfigGetInterfaceEndpoint     
000135f5  USBControlHandler                    
0001367f  USBTxHandler                         
000136e3  USBRxHandler                         
00013739  UsbSerialInit                        
000137c9  xUSBSerialGetChar                    
000137df  xUSBSerialPutChar                    
0001385d  _Sin                                 
00013af1  pxPortInitialiseStack                
00013b4f  xPortStartScheduler                  
00013b85  vPortEndScheduler                    
00013b87  vPortEnterCritical                   
00013b9f  vPortExitCritical                    
00013bb7  xPortSysTickHandler                  
00013bd3  vPortSuppressTicksAndSleep           
00013d21  vPortSetupTimerInterrupt             
00013d7d  _Exp                                 
00013f79  __aeabi_uldivmod                     
0001416d  pvPortMalloc                         
0001427b  vPortFree                            
000142dd  xPortGetFreeHeapSize                 
000142e3  vPortInitialiseBlocks                
00014341  USBDescGetNum                        
0001439d  USBDescGet                           
00014407  USBDescGetNumAlternateInterfaces     
000144c1  USBDescGetInterface                  
000144ef  USBDescGetInterfaceEndpoint          
00014513  __aeabi_dsub                         
0001451d  __aeabi_dadd                         
000146c9  fmod                                 
0001483d  __aeabi_ddiv                         
00014973  vListInitialise                      
000149a3  vListInitialiseItem                  
000149b3  vListInsertEnd                       
000149ef  vListInsert                          
00014a55  uxListRemove                         
00014a9d  ButtonsPoll                          
00014b43  ButtonsInit                          
00014bc5  _Dscale                              
00014cd5  __aeabi_dmul                         
00014dd1  CPUUsageTick                         
00014e0f  CPUUsageInit                         
00014ec1  InternalUSBTickInit                  
00014eff  InternalUSBTickReset                 
00014f07  InternalUSBRegisterTickHandler       
00014f57  InternalUSBStartOfFrameTick          
00014fb1  xPortPendSVHandler                   
0001500f  ulPortSetInterruptMask               
00015025  vPortClearInterruptMask              
0001502b  vPortSVCHandler                      
00015049  vPortStartFirstTask                  
00015067  vPortEnableVFP                       
00015079  vPortGetIPSR                         
0001507f  ULPIConfigSet                        
00015121  ULPIPowerTransceiver                 
00015147  _Dnorm                               
00015205  CmdLineProcess                       
000152b1  __aeabi_memcpy                       
000152b1  __aeabi_memcpy4                      
000152b1  __aeabi_memcpy8                      
000152b1  memcpy                               
0001534d  exp                                  
000153dd  __aeabi_cdcmpeq                      
000153dd  __aeabi_cdcmple                      
00015463  __aeabi_cdrcmple                     
000154e9  __aeabi_memclr                       
000154e9  __aeabi_memclr4                      
000154e9  __aeabi_memclr8                      
000154eb  __aeabi_memset                       
000154eb  __aeabi_memset4                      
000154eb  __aeabi_memset8                      
000154f1  memset                               
00015565  __TI_auto_init                       
0001563d  create_checksum                      
000156a5  _Dunscale                            
0001570d  vConfigureTimerForRunTimeStats       
00015771  sprintf                              
000157d1  ltoa                                 
00015827  ldexp                                
00015879  _c_int00                             
000158c9  __aeabi_f2ulz                        
00015919  atoi                                 
00015965  copy_in                              
000159b1  srand                                
000159c7  rand                                 
000159fd  __aeabi_d2f                          
00015a47  __aeabi_d2iz                         
00015a91  C$$EXIT                              
00015a95  abort                                
00015a9d  exit                                 
00015ad5  __aeabi_d2uiz                        
00015b19  signal                               
00015b59  __aeabi_uidiv                        
00015b59  __aeabi_uidivmod                     
00015b99  CPUcpsid                             
00015ba5  CPUprimask                           
00015baf  CPUcpsie                             
00015bbb  CPUwfi                               
00015bbf  CPUbasepriSet                        
00015bcd  CPUbasepriGet                        
00015bd7  __aeabi_f2d                          
00015c11  feraiseexcept                        
00015c45  _Dclass                              
00015c75  _Feraise                             
00015ca5  __aeabi_i2d                          
00015cd3  raise                                
00015d01  ResetISR                             
00015d2d  frexp                                
00015d57  strncmp                              
00015d7d  GetOverflowCounts                    
00015da1  USB0DeviceIntHandler                 
00015dc5  memcmp                               
00015de7  __aeabi_ui2d                         
00015e07  memccpy                              
00015e23  sin                                  
00015e3d  _args_main                           
00015e55  strcmp                               
00015e6d  strchr                               
00015e85  _register_unlock                     
00015e8b  _register_lock                       
00015e93  _nop                                 
00015e99  strcpy                               
00015ead  strlen                               
00015ec1  __TI_decompress_none                 
00015ecf  __TI_zero_init                       
00015edb  SysCtlDelay                          
00015ee1  __TI_decompress_rle24                
00015ee7  _system_pre_init                     
00016374  _ctypes_                             
00016970  g_sCDCSerConfigSection               
00016978  g_sIADSerConfigSection               
00016980  g_sCDCSerCommInterfaceSection        
00016988  g_sCDCSerDataInterfaceSection        
00016990  g_sCDCSerConfigHeader                
00016998  g_sCDCCompSerConfigHeader            
000169a0  g_ppCDCSerConfigDescriptors          
000169a4  g_pCDCCompSerConfigDescriptors       
000169a8  g_pui8ConfigString                   
00016a44  g_sCDCHandlers                       
00016aa4  g_pui8ControlInterfaceString         
00016af8  g_pui8ManufacturerString             
00016b1c  g_sRxBuffer                          
00016b40  g_sTxBuffer                          
00016b64  g_pui8CDCSerCommInterface            
00016b87  g_pui8ProductString                  
00016bc8  g_ppui8StringDescriptors             
00016be0  g_pui8CDCSerDataInterface            
00016bf7  g_pui8LangDescriptor                 
00016bfb  g_pui8SerialNumberString             
00016e20  __TI_Handler_Table_Base              
00016e2c  __TI_Handler_Table_Limit             
00016e40  __TI_CINIT_Base                      
00016e58  __TI_CINIT_Limit                     
20000000  g_pfnRAMVectors                      
20006188  g_pui8USBRxBuffer                    
20006288  g_pui8USBTxBuffer                    
200064a4  g_psDCDInst                          
200064f4  xQueueRegistry                       
200065c8  g_pfnTickHandlers                    
20006610  g_pui8RxBufferWorkspace              
20006628  g_pui8TxBufferWorkspace              
20006640  g_pvTickInstance                     
200066e4  color                                
200066fc  ejes                                 
20006720  g_ppsDevInfo                         
20006728  g_ui32CPUUsage                       
20006740  g_ui32PollRate                       
20006750  g_ulSystemClock                      
20006754  g_xRxLineSemaphore                   
20006758  potQueue                             
20006770  velocidadQueue                       
2000677c  xTrazaEventGroup                     
20006781  g_eOTGModeState                      
20006838  _Denorm                              
20006848  _Eps                                 
20006858  _Hugeval                             
20006868  _Inf                                 
20006878  _Nan                                 
20006888  _Snan                                
20006898  _Rteps                               
200068a8  _Xbig                                
200068b0  _Zero                                
200068b8  g_psCmdTable                         
20006930  g_sCDCDevice                         
20006990  g_pui8CDCSerDeviceDescriptor         
200069a2  g_pui8CDCSerDescriptor               
200069ab  g_pui8IADSerDescriptor               
200069b4  g_psCDCSerSections                   
200069c0  g_psCDCCompSerSections               
200069d0  SendSemaphore                        
200069d4  EjesSemaphore                        
200069d8  PilotoQuitarSemaphore                
200069dc  sensorTaskHandle                     
200069e0  consumoTaskHandle                    
200069e4  PilautTaskHandle                     
200069e8  velocidad                            
200069f0  combustible                          
200069f8  hora                                 
20006a00  altitud                              
20006a08  tiempoSim                            
20006a0c  pilotoAutomatico                     
20006a10  pxCurrentTCB                         
20006ad4  g_ulUARTTxCount                      
20006ad8  g_ulUARTRxCount                      
20006ae4  g_bUSBTimerInitialized               
20006ae8  g_ui32CurrentUSBTick                 
20006aec  g_ui32USBSOFCount                    
20006af0  g_iUSBMode                           
20006af4  g_ui32WaitTicks                      
20006b04  _lock                                
20006b08  _unlock                              
20006b0c  __TI_cleanup_ptr                     
20006b10  __TI_dtors_ptr                       
20006b14  _Fenv                                
20006b18  _Tls_setup__Fenv                     
20006b30  _Errno                               
20006b38  main_func_sp                         
20006b40  __stack                              
20006d40  __STACK_END                          
20006d40  __STACK_TOP                          
ffffffff  __binit__                            
ffffffff  __c_args__                           
ffffffff  binit                                
UNDEFED   SHT$$INIT_ARRAY$$Base                
UNDEFED   SHT$$INIT_ARRAY$$Limit               

[820 symbols]
