******************************************************************************
                  TI ARM Linker PC v5.2.4                      
******************************************************************************
>> Linked Mon May 11 21:22:53 2015

OUTPUT FILE NAME:   <base-practica_TIVA.out>
ENTRY POINT SYMBOL: "_c_int00"  address: 00015c6d


MEMORY CONFIGURATION

         name            origin    length      used     unused   attr    fill
----------------------  --------  ---------  --------  --------  ----  --------
  FLASH                 00000000   00040000  00017222  00028dde  R  X
  SRAM                  20000000   00008000  00006d47  000012b9  RW X


SEGMENT ALLOCATION MAP

run origin  load origin   length   init length attrs members
----------  ----------- ---------- ----------- ----- -------
00000000    00000000    00017228   00017228    r-x
  00000000    00000000    0000026c   0000026c    r-- .intvecs
  0000026c    0000026c    00016072   00016072    r-x .text
  000162e0    000162e0    00000d74   00000d74    r-- .const
  00017058    00017058    000001d0   000001d0    r-- .cinit
20000000    20000000    00006d4c   00000000    rw-
  20000000    20000000    0000026c   00000000    rw- .vtable
  20000270    20000270    0000654f   00000000    rw- .bss
  200067c0    200067c0    0000038c   00000000    rw- .data
  20006b4c    20006b4c    00000200   00000000    rw- .stack


SECTION ALLOCATION MAP

 output                                  attributes/
section   page    origin      length       input sections
--------  ----  ----------  ----------   ----------------
.intvecs   0    00000000    0000026c     
                  00000000    0000026c     startup_ccs.obj (.intvecs)

.text      0    0000026c    00016072     
                  0000026c    00002dac     usbhostenum.obj (.text)
                  00003018    00001acc     tasks.obj (.text)
                  00004ae4    000015ba     usb.obj (.text)
                  0000609e    00000002     rtsv7M4_T_le_v4SPD16_eabi.lib : i_div0.obj (.text)
                  000060a0    000012f8     usbdenum.obj (.text)
                  00007398    000011cc     main.obj (.text)
                  00008564    000010ba     rtsv7M4_T_le_v4SPD16_eabi.lib : _printfi.obj (.text)
                  0000961e    00000002     --HOLE-- [fill = 0]
                  00009620    00000f20     usbdma.obj (.text)
                  0000a540    00000f00     sysctl.obj (.text)
                  0000b440    00000e0c     usbdcdc.obj (.text)
                  0000c24c    00000d3c     uartstdio.obj (.text)
                  0000cf88    00000c84     ustdlib.obj (.text)
                  0000dc0c    00000b98     gpio.obj (.text)
                  0000e7a4    000009cc     queue.obj (.text)
                  0000f170    00000924     usbhhub.obj (.text)
                  0000fa94    000007c4     adc.obj (.text)
                  00010258    0000065a     timer.obj (.text)
                  000108b2    00000002     --HOLE-- [fill = 0]
                  000108b4    00000580     timers.obj (.text)
                  00010e34    0000056c     commands.obj (.text)
                  000113a0    00000510     usbmode.obj (.text)
                  000118b0    000004ba     usbbuffer.obj (.text)
                  00011d6a    00000002     --HOLE-- [fill = 0]
                  00011d6c    00000434     rgb.obj (.text)
                  000121a0    000003e4     event_groups.obj (.text)
                  00012584    000003d8     protocol.obj (.text)
                  0001295c    000003c0     interrupt.obj (.text)
                  00012d1c    00000388     usbdconfig.obj (.text)
                  000130a4    0000032c     avion.obj (.text)
                  000133d0    000002f4     usbringbuf.obj (.text)
                  000136c4    000002de     usbdcdesc.obj (.text)
                  000139a2    00000002     --HOLE-- [fill = 0]
                  000139a4    000002ac     usb_dev_serial.obj (.text)
                  00013c50    00000294     rtsv7M4_T_le_v4SPD16_eabi.lib : xsin.obj (.text)
                  00013ee4    0000028c     port.obj (.text)
                  00014170    000001fc     rtsv7M4_T_le_v4SPD16_eabi.lib : xexp.obj (.text)
                  0001436c    000001f4                                   : ull_div_t2.obj (.text)
                  00014560    000001d4     heap_2.obj (.text)
                  00014734    000001d2     usbdesc.obj (.text)
                  00014906    000001b6     rtsv7M4_T_le_v4SPD16_eabi.lib : fd_add_t2.obj (.text)
                  00014abc    00000174                                   : fmod.obj (.text)
                  00014c30    00000136                                   : fd_div_t2.obj (.text)
                  00014d66    0000012a     list.obj (.text)
                  00014e90    00000128     buttons.obj (.text)
                  00014fb8    00000110     rtsv7M4_T_le_v4SPD16_eabi.lib : xdscale.obj (.text)
                  000150c8    000000fc                                   : fd_mul_t2.obj (.text)
                  000151c4    000000f0     cpu_usage.obj (.text)
                  000152b4    000000ec     usbtick.obj (.text)
                  000153a0    000000d2     portasm.obj (.text)
                  00015472    000000c8     usbulpi.obj (.text)
                  0001553a    000000be     rtsv7M4_T_le_v4SPD16_eabi.lib : xdnorm.obj (.text)
                  000155f8    000000ac     cmdline.obj (.text)
                  000156a4    0000009c     rtsv7M4_T_le_v4SPD16_eabi.lib : memcpy_t2.obj (.text)
                  00015740    00000090                                   : exp.obj (.text)
                  000157d0    00000086                                   : fd_cmp_t2.obj (.text:__aeabi_cdcmple)
                  00015856    00000086                                   : fd_cmp_t2.obj (.text:__aeabi_cdrcmple)
                  000158dc    0000007a                                   : memset_t2.obj (.text)
                  00015956    00000002     --HOLE-- [fill = 0]
                  00015958    0000006c                                   : autoinit.obj (.text)
                  000159c4    0000006a                                   : copy_decompress_rle.obj (.text)
                  00015a2e    00000002     --HOLE-- [fill = 0]
                  00015a30    00000068     crc.obj (.text)
                  00015a98    00000066     rtsv7M4_T_le_v4SPD16_eabi.lib : xdunscal.obj (.text)
                  00015afe    00000002     --HOLE-- [fill = 0]
                  00015b00    00000064     RunTimeStatsConfig.obj (.text)
                  00015b64    00000060     rtsv7M4_T_le_v4SPD16_eabi.lib : sprintf.obj (.text)
                  00015bc4    00000056                                   : ltoa.obj (.text)
                  00015c1a    00000052                                   : ldexp.obj (.text)
                  00015c6c    00000050                                   : boot.obj (.text)
                  00015cbc    00000050                                   : fs_toull_t2.obj (.text)
                  00015d0c    0000004c                                   : atoi.obj (.text)
                  00015d58    0000004c                                   : cpy_tbl.obj (.text)
                  00015da4    0000004c                                   : rand.obj (.text)
                  00015df0    0000004a                                   : fd_tos_t2.obj (.text)
                  00015e3a    00000048                                   : fd_toi_t2.obj (.text)
                  00015e82    00000002     --HOLE-- [fill = 0]
                  00015e84    00000044                                   : exit.obj (.text)
                  00015ec8    00000044                                   : fd_tou_t2.obj (.text)
                  00015f0c    00000040                                   : signal.obj (.text)
                  00015f4c    00000040                                   : u_divt2.obj (.text)
                  00015f8c    0000003e     cpu.obj (.text)
                  00015fca    00000038     rtsv7M4_T_le_v4SPD16_eabi.lib : fs_tod_t2.obj (.text)
                  00016002    00000002     --HOLE-- [fill = 0]
                  00016004    00000034                                   : feraiseexcept.obj (.text)
                  00016038    00000030                                   : xdclass.obj (.text)
                  00016068    00000030                                   : xferaise.obj (.text)
                  00016098    0000002e                                   : i_tofd_t2.obj (.text)
                  000160c6    0000002e                                   : raise.obj (.text)
                  000160f4    0000002c     startup_ccs.obj (.text)
                  00016120    0000002a     rtsv7M4_T_le_v4SPD16_eabi.lib : frexp.obj (.text)
                  0001614a    00000026                                   : strncmp.obj (.text)
                  00016170    00000024     RunTimeStatsConfig.obj (.text:GetOverflowCounts)
                  00016194    00000024     usbdhandler.obj (.text)
                  000161b8    00000022     rtsv7M4_T_le_v4SPD16_eabi.lib : memcmp.obj (.text)
                  000161da    00000020                                   : u_tofd_t2.obj (.text)
                  000161fa    0000001c                                   : memccpy.obj (.text)
                  00016216    0000001a                                   : sin.obj (.text)
                  00016230    00000018                                   : args_main.obj (.text)
                  00016248    00000018                                   : strcmp.obj (.text)
                  00016260    00000016                                   : strchr.obj (.text)
                  00016276    00000002     --HOLE-- [fill = 0]
                  00016278    00000014                                   : _lock.obj (.text)
                  0001628c    00000014                                   : strcpy.obj (.text)
                  000162a0    00000014                                   : strlen.obj (.text)
                  000162b4    0000000e                                   : copy_decompress_none.obj (.text:decompress:none)
                  000162c2    0000000c                                   : copy_zero_init.obj (.text:decompress:ZI)
                  000162ce    00000006     sysctl.obj (.text:SysCtlDelay)
                  000162d4    00000006     rtsv7M4_T_le_v4SPD16_eabi.lib : copy_decompress_rle.obj (.text:decompress:rle24)
                  000162da    00000004                                   : pre_init.obj (.text)

.const     0    000162e0    00000d74     
                  000162e0    00000200     crc.obj (.const:crctttab)
                  000164e0    00000162     commands.obj (.const:.string)
                  00016642    00000002     heap_2.obj (.const)
                  00016644    00000120     sysctl.obj (.const:g_pppui32XTALtoVCO)
                  00016764    00000101     rtsv7M4_T_le_v4SPD16_eabi.lib : ctype.obj (.const:.string:_ctypes_)
                  00016865    00000003     --HOLE-- [fill = 0]
                  00016868    000000c0     gpio.obj (.const:g_ppui32GPIOIntMapBlizzard)
                  00016928    000000c0     gpio.obj (.const:g_ppui32GPIOIntMapSnowflake)
                  000169e8    0000009c     interrupt.obj (.const:g_pui32Regs)
                  00016a84    00000090     gpio.obj (.const:g_pui32GPIOBaseAddrs)
                  00016b14    00000004     --HOLE-- [fill = 0]
                  00016b18    00000080     rtsv7M4_T_le_v4SPD16_eabi.lib : xsin.obj (.const)
                  00016b98    00000070     interrupt.obj (.const)
                  00016c08    0000006c     sysctl.obj (.const:g_pui32Xtals)
                  00016c74    00000060     timer.obj (.const:g_ppui32TimerIntMap)
                  00016cd4    00000004     --HOLE-- [fill = 0]
                  00016cd8    00000048     rtsv7M4_T_le_v4SPD16_eabi.lib : xexp.obj (.const)
                  00016d20    00000040     timer.obj (.const:g_ppui32TimerIntMapSnowflake)
                  00016d60    00000038     usbdcdc.obj (.const)
                  00016d98    00000036     usb_serial_structs.obj (.const:.string:g_pui8ConfigString)
                  00016dce    00000002     --HOLE-- [fill = 0]
                  00016dd0    00000034     usbdenum.obj (.const:g_psUSBDStdRequests)
                  00016e04    00000030     ustdlib.obj (.const:g_psDaysToMonth)
                  00016e34    00000030     usbdcdc.obj (.const:g_sCDCHandlers)
                  00016e64    00000030     sysctl.obj (.const:g_sXTALtoMEMTIM)
                  00016e94    0000002c     usb_serial_structs.obj (.const:.string:g_pui8ControlInterfaceString)
                  00016ec0    00000028     uartstdio.obj (.const)
                  00016ee8    00000024     usb_serial_structs.obj (.const:.string:g_pui8ManufacturerString)
                  00016f0c    00000024     usb_serial_structs.obj (.const:g_sRxBuffer)
                  00016f30    00000024     usb_serial_structs.obj (.const:g_sTxBuffer)
                  00016f54    00000023     usbdcdc.obj (.const:.string:g_pui8CDCSerCommInterface)
                  00016f77    00000022     usb_serial_structs.obj (.const:.string:g_pui8ProductString)
                  00016f99    00000003     --HOLE-- [fill = 0]
                  00016f9c    0000001c     ustdlib.obj (.const)
                  00016fb8    00000018     usb_serial_structs.obj (.const)
                  00016fd0    00000017     usbdcdc.obj (.const:.string)
                  00016fe7    00000016     usb_serial_structs.obj (.const:.string)
                  00016ffd    00000014     tasks.obj (.const:.string)
                  00017011    00000003     --HOLE-- [fill = 0]
                  00017014    00000012     uartstdio.obj (.const:.string)
                  00017026    00000002     --HOLE-- [fill = 0]
                  00017028    00000012     ustdlib.obj (.const:.string)
                  0001703a    00000002     --HOLE-- [fill = 0]
                  0001703c    00000008     gpio.obj (.const)
                  00017044    00000008     sysctl.obj (.const)
                  0001704c    00000008     timer.obj (.const)

.cinit     0    00017058    000001d0     
                  00017058    00000198     (.cinit..data.load) [load image, compression = rle]
                  000171f0    0000000c     (__TI_handler_table)
                  000171fc    00000004     --HOLE-- [fill = 0]
                  00017200    00000008     (.cinit..bss.load) [load image, compression = zero_init]
                  00017208    00000008     (.cinit..vtable.load) [load image, compression = zero_init]
                  00017210    00000018     (__TI_cinit_table)

.init_array 
*          0    00000000    00000000     UNINITIALIZED

.vtable    0    20000000    0000026c     UNINITIALIZED
                  20000000    0000026c     interrupt.obj (.vtable)

.bss       0    20000270    0000654f     UNINITIALIZED
                  20000270    00005000     heap_2.obj (.bss:ucHeap)
                  20005270    000006cc     usbhostenum.obj (.bss:g_sUSBHCD)
                  2000593c    00000400     uartstdio.obj (.bss:g_pcUARTTxBuffer)
                  20005d3c    00000200     uartstdio.obj (.bss:g_pcUARTRxHistoryBuffer)
                  20005f3c    00000140     tasks.obj (.bss:pxReadyTasksLists)
                  2000607c    00000110     usbdma.obj (.bss:g_psUSBDMAInst)
                  2000618c    00000100     usb_serial_structs.obj (.bss:g_pui8USBRxBuffer)
                  2000628c    00000100     usb_serial_structs.obj (.bss:g_pui8USBTxBuffer)
                  2000638c    0000009c     usbhhub.obj (.bss:g_sRootHub)
                  20006428    00000080     uartstdio.obj (.bss:g_pcUARTRxBuffer)
                  200064a8    00000050     usbdenum.obj (.bss:g_psDCDInst)
                  200064f8    00000050     queue.obj (.bss:xQueueRegistry)
                  20006548    00000040     usbdenum.obj (.bss:g_pui8DataBufferIn)
                  20006588    00000024     cmdline.obj (.bss:g_ppcArgv)
                  200065ac    00000020     (.common:g_usUARTRxHistoryOffset)
                  200065cc    00000018     (.common:g_pfnTickHandlers)
                  200065e4    00000018     (.common:g_pi32USBHActiveDriver)
                  200065fc    00000018     (.common:g_ppvDriverInstance)
                  20006614    00000018     (.common:g_pui8RxBufferWorkspace)
                  2000662c    00000018     (.common:g_pui8TxBufferWorkspace)
                  20006644    00000018     (.common:g_pvTickInstance)
                  2000665c    00000014     (.common:xActiveTimerList1)
                  20006670    00000014     (.common:xActiveTimerList2)
                  20006684    00000014     (.common:xDelayedTaskList1)
                  20006698    00000014     (.common:xDelayedTaskList2)
                  200066ac    00000014     (.common:xPendingReadyList)
                  200066c0    00000014     (.common:xSuspendedTaskList)
                  200066d4    00000014     (.common:xTasksWaitingTermination)
                  200066e8    0000000c     (.common:color)
                  200066f4    0000000c     (.common:g_ui32Colors)
                  20006700    00000008     (.common:altitud)
                  20006708    00000008     (.common:combustible)
                  20006710    00000008     (.common:ejes)
                  20006718    00000008     (.common:g_pui32Alloc)
                  20006720    00000008     (.common:xEnd)
                  20006728    00000008     (.common:xStart)
                  20006730    00000004     (.common:AltitudSemaphore)
                  20006734    00000004     (.common:CombustibleSemaphore)
                  20006738    00000004     (.common:EjesSemaphore)
                  2000673c    00000004     (.common:HoraSemaphore)
                  20006740    00000004     (.common:PilotoAutomaticoSemaphore)
                  20006744    00000004     (.common:TiempoSimSemaphore)
                  20006748    00000004     (.common:VelocidadSemaphore)
                  2000674c    00000004     (.common:g_pfnUSBModeCallback)
                  20006750    00000004     (.common:g_ppsDevInfo)
                  20006754    00000004     (.common:g_pui8OversampleFactor)
                  20006758    00000004     (.common:g_ui32CPUUsage)
                  2000675c    00000004     (.common:g_ui32CPUUsagePrevious)
                  20006760    00000004     (.common:g_ui32CPUUsageTicks)
                  20006764    00000004     (.common:g_ui32CPUUsageTimer)
                  20006768    00000004     (.common:g_ui32ChangeFlags)
                  2000676c    00000004     (.common:g_ui32HubChanges)
                  20006770    00000004     (.common:g_ui32PollRate)
                  20006774    00000004     (.common:g_ui32PortNum)
                  20006778    00000004     (.common:g_ui32ULPISupport)
                  2000677c    00000004     (.common:g_ui32ULPISupport)
                  20006780    00000004     (.common:g_ulSystemClock)
                  20006784    00000004     (.common:g_xRxLineSemaphore)
                  20006788    00000004     (.common:hora)
                  2000678c    00000004     (.common:potQueue)
                  20006790    00000004     (.common:pxCurrentTimerList)
                  20006794    00000004     (.common:pxDelayedTaskList)
                  20006798    00000004     (.common:pxOverflowDelayedTaskList)
                  2000679c    00000004     (.common:pxOverflowTimerList)
                  200067a0    00000004     (.common:tiempoSim)
                  200067a4    00000004     (.common:ulFlags$1)
                  200067a8    00000004     (.common:velocidad)
                  200067ac    00000004     (.common:velocidadQueue)
                  200067b0    00000004     (.common:xCharsForTx)
                  200067b4    00000004     (.common:xEventGroup)
                  200067b8    00000004     (.common:xRxedChars)
                  200067bc    00000001     (.common:g_bDisableEcho)
                  200067bd    00000001     (.common:g_eOTGModeState)
                  200067be    00000001     (.common:pulsacionLarga)

.data      0    200067c0    0000038c     UNINITIALIZED
                  200067c0    000000b0     rtsv7M4_T_le_v4SPD16_eabi.lib : signal.obj (.data:sigtable)
                  20006870    00000080                                   : xvalues.obj (.data)
                  200068f0    00000078     commands.obj (.data:g_psCmdTable)
                  20006968    00000060     usb_serial_structs.obj (.data:g_sCDCDevice)
                  200069c8    00000040     usbdcdc.obj (.data)
                  20006a08    00000038     tasks.obj (.data)
                  20006a40    00000030     cpu_usage.obj (.data)
                  20006a70    0000002c     usbhostenum.obj (.data)
                  20006a9c    0000001d     uartstdio.obj (.data)
                  20006ab9    00000003     buttons.obj (.data)
                  20006abc    00000011     main.obj (.data)
                  20006acd    00000003     --HOLE--
                  20006ad0    00000010     port.obj (.data)
                  20006ae0    00000010     usb_dev_serial.obj (.data)
                  20006af0    0000000c     usbtick.obj (.data)
                  20006afc    00000009     usbmode.obj (.data)
                  20006b05    00000003     --HOLE--
                  20006b08    00000008     heap_2.obj (.data)
                  20006b10    00000008     rtsv7M4_T_le_v4SPD16_eabi.lib : _lock.obj (.data)
                  20006b18    00000008                                   : exit.obj (.data)
                  20006b20    00000008                                   : feraiseexcept.obj (.data)
                  20006b28    00000008     timers.obj (.data)
                  20006b30    00000008     usbdenum.obj (.data)
                  20006b38    00000004     rgb.obj (.data)
                  20006b3c    00000004     rtsv7M4_T_le_v4SPD16_eabi.lib : errno.obj (.data)
                  20006b40    00000004                                   : rand.obj (.data)
                  20006b44    00000004                                   : stkdepth_vars.obj (.data)
                  20006b48    00000004     ustdlib.obj (.data)

.TI.noinit 
*          0    20000270    00000000     UNINITIALIZED

.TI.persistent 
*          0    200067c0    00000000     UNINITIALIZED

.stack     0    20006b4c    00000200     UNINITIALIZED
                  20006b4c    00000200     --HOLE--


LINKER GENERATED COPY TABLES

__TI_cinit_table @ 00017210 records: 3, size/record: 8, table size: 24
	.data: load addr=00017058, load size=00000198 bytes, run addr=200067c0, run size=0000038c bytes, compression=rle
	.bss: load addr=00017200, load size=00000008 bytes, run addr=20000270, run size=0000654f bytes, compression=zero_init
	.vtable: load addr=00017208, load size=00000008 bytes, run addr=20000000, run size=0000026c bytes, compression=zero_init


LINKER GENERATED HANDLER TABLE

__TI_handler_table @ 000171f0 records: 3, size/record: 4, table size: 12
	index: 0, handler: __TI_zero_init
	index: 1, handler: __TI_decompress_rle24
	index: 2, handler: __TI_decompress_none


GLOBAL SYMBOLS: SORTED ALPHABETICALLY BY Name 

address   name                                 
-------   ----                                 
000101d1  ADCBusy                              
00010219  ADCClockConfigGet                    
000101ef  ADCClockConfigSet                    
0000ffeb  ADCComparatorConfigure               
000100bb  ADCComparatorIntClear                
00010071  ADCComparatorIntDisable              
0001008f  ADCComparatorIntEnable               
000100ad  ADCComparatorIntStatus               
00010007  ADCComparatorRegionSet               
0001002b  ADCComparatorReset                   
0000ffb9  ADCHardwareOversampleConfigure       
0000fbcf  ADCIntClear                          
00010133  ADCIntClearEx                        
0000fb35  ADCIntDisable                        
000100cd  ADCIntDisableEx                      
0000fb51  ADCIntEnable                         
000100e5  ADCIntEnableEx                       
000083db  ADCIntHandler                        
0000faef  ADCIntRegister                       
0000fb77  ADCIntStatus                         
00010101  ADCIntStatusEx                       
0000fb17  ADCIntUnregister                     
0001018b  ADCPhaseDelayGet                     
00010179  ADCPhaseDelaySet                     
0000fe2f  ADCProcessorTrigger                  
00010167  ADCReferenceGet                      
0001014b  ADCReferenceSet                      
0000fc19  ADCSequenceConfigure                 
000101b5  ADCSequenceDMADisable                
00010199  ADCSequenceDMAEnable                 
0000fded  ADCSequenceDataGet                   
0000fbff  ADCSequenceDisable                   
0000fbe5  ADCSequenceEnable                    
0000fd91  ADCSequenceOverflow                  
0000fda9  ADCSequenceOverflowClear             
0000fc9d  ADCSequenceStepConfigure             
0000fdbf  ADCSequenceUnderflow                 
0000fdd7  ADCSequenceUnderflowClear            
0000fe53  ADCSoftwareOversampleConfigure       
0000ff4b  ADCSoftwareOversampleDataGet         
0000fe8b  ADCSoftwareOversampleStepConfigure   
20006730  AltitudSemaphore                     
00008431  ButtonHandler                        
00014f37  ButtonsInit                          
00014e91  ButtonsPoll                          
00015e85  C$$EXIT                              
00015203  CPUUsageInit                         
000151c5  CPUUsageTick                         
00015fc1  CPUbasepriGet                        
00015fb3  CPUbasepriSet                        
00015f8d  CPUcpsid                             
00015fa3  CPUcpsie                             
00015f99  CPUprimask                           
00015faf  CPUwfi                               
000155f9  CmdLineProcess                       
00010e35  Cmd_cpu                              
00010e5f  Cmd_free                             
00010f29  Cmd_help                             
00010fd1  Cmd_radio                            
00010ef1  Cmd_stats                            
00010e75  Cmd_tasks                            
00011077  Cmd_timesim                          
00010f61  Cmd_traza                            
20006734  CombustibleSemaphore                 
0000026d  ConfigDescAlloc                      
00000303  ConfigDescFree                       
20006738  EjesSemaphore                        
0000e77f  GPIOADCTriggerDisable                
0000e761  GPIOADCTriggerEnable                 
0000e743  GPIODMATriggerDisable                
0000e725  GPIODMATriggerEnable                 
0000dccb  GPIODirModeGet                       
0000dc6f  GPIODirModeSet                       
0000e23f  GPIOIntClear                         
0000e203  GPIOIntDisable                       
0000e1e9  GPIOIntEnable                        
0000e253  GPIOIntRegister                      
0000e21d  GPIOIntStatus                        
0000ddbb  GPIOIntTypeGet                       
0000dd17  GPIOIntTypeSet                       
0000e271  GPIOIntUnregister                    
0000e097  GPIOPadConfigGet                     
0000de59  GPIOPadConfigSet                     
0000e6c7  GPIOPinConfigure                     
0000e28b  GPIOPinRead                          
0000e2c3  GPIOPinTypeADC                       
0000e2e7  GPIOPinTypeCAN                       
0000e693  GPIOPinTypeCIR                       
0000e30b  GPIOPinTypeComparator                
0000e32f  GPIOPinTypeEPI                       
0000e353  GPIOPinTypeEthernetLED               
0000e377  GPIOPinTypeEthernetMII               
0000e39b  GPIOPinTypeGPIOInput                 
0000e3bf  GPIOPinTypeGPIOOutput                
0000e3e3  GPIOPinTypeGPIOOutputOD              
0000e407  GPIOPinTypeI2C                       
0000e42b  GPIOPinTypeI2CSCL                    
0000e64b  GPIOPinTypeKBColumn                  
0000e627  GPIOPinTypeKBRow                     
0000e44f  GPIOPinTypeLCD                       
0000e66f  GPIOPinTypeLEDSeq                    
0000e473  GPIOPinTypeLPC                       
0000e497  GPIOPinTypePECIRx                    
0000e4bb  GPIOPinTypePECITx                    
0000e4df  GPIOPinTypePWM                       
0000e503  GPIOPinTypeQEI                       
0000e527  GPIOPinTypeSSI                       
0000e54b  GPIOPinTypeTimer                     
0000e56f  GPIOPinTypeUART                      
0000e593  GPIOPinTypeUSBAnalog                 
0000e5b7  GPIOPinTypeUSBDigital                
0000e5db  GPIOPinTypeWakeHigh                  
0000e601  GPIOPinTypeWakeLow                   
0000e6b7  GPIOPinWakeStatus                    
0000e2a3  GPIOPinWrite                         
00016171  GetOverflowCounts                    
2000673c  HoraSemaphore                        
00012b1d  IntDisable                           
00012aab  IntEnable                            
00012b8f  IntIsEnabled                         
0001296f  IntMasterDisable                     
0001295f  IntMasterEnable                      
00012c85  IntPendClear                         
00012c15  IntPendSet                           
00012a87  IntPriorityGet                       
000129ff  IntPriorityGroupingGet               
000129e5  IntPriorityGroupingSet               
00012cdf  IntPriorityMaskGet                   
00012cd3  IntPriorityMaskSet                   
00012a37  IntPrioritySet                       
0001297f  IntRegister                          
00012ce7  IntTrigger                           
000129d1  IntUnregister                        
000023d9  InternalUSBHCDSendEvent              
000152fb  InternalUSBRegisterTickHandler       
0001534b  InternalUSBStartOfFrameTick          
000152b5  InternalUSBTickInit                  
000152f3  InternalUSBTickReset                 
0001178b  OTGDeviceDisconnect                  
20006ac8  PilautTaskHandle                     
20006740  PilotoAutomaticoSemaphore            
0000b689  ProcessDataFromHost                  
0000b799  ProcessDataToHost                    
0000b737  ProcessNotificationToHost            
00011d6d  RGBBlinkIntHandler                   
00012079  RGBBlinkRateSet                      
0001210d  RGBColorGet                          
00011fb5  RGBColorSet                          
00011f3f  RGBDisable                           
00011e87  RGBEnable                            
00011d9b  RGBInit                              
00012065  RGBIntensitySet                      
00011f9d  RGBSet                               
000160f5  ResetISR                             
UNDEFED   SHT$$INIT_ARRAY$$Base                
UNDEFED   SHT$$INIT_ARRAY$$Limit               
20006abc  SendSemaphore                        
0000b3df  SysCtlAltClkConfig                   
0000abad  SysCtlClockFreqSet                   
0000b091  SysCtlClockGet                       
0000b3c3  SysCtlClockOutConfig                 
0000aec5  SysCtlClockSet                       
0000aaad  SysCtlDeepSleep                      
0000b265  SysCtlDeepSleepClockConfigSet        
0000b249  SysCtlDeepSleepClockSet              
0000aa8d  SysCtlDeepSleepPowerSet              
000162cf  SysCtlDelay                          
0000a639  SysCtlFlashSectorSizeGet             
0000a60d  SysCtlFlashSizeGet                   
0000b33b  SysCtlGPIOAHBDisable                 
0000b31f  SysCtlGPIOAHBEnable                  
0000aa21  SysCtlIntClear                       
0000aa09  SysCtlIntDisable                     
0000a9f5  SysCtlIntEnable                      
0000a9cd  SysCtlIntRegister                    
0000aa31  SysCtlIntStatus                      
0000a9e5  SysCtlIntUnregister                  
0000aa73  SysCtlLDODeepSleepGet                
0000aa63  SysCtlLDODeepSleepSet                
0000aa5d  SysCtlLDOSleepGet                    
0000aa4d  SysCtlLDOSleepSet                    
0000aae3  SysCtlMOSCConfigSet                  
0000b3af  SysCtlNMIClear                       
0000b3a9  SysCtlNMIStatus                      
0000aaf9  SysCtlPIOSCCalibrate                 
0000b309  SysCtlPWMClockGet                    
0000b2ef  SysCtlPWMClockSet                    
0000a979  SysCtlPeripheralClockGating          
0000a931  SysCtlPeripheralDeepSleepDisable     
0000a8e1  SysCtlPeripheralDeepSleepEnable      
0000a81d  SysCtlPeripheralDisable              
0000a7e1  SysCtlPeripheralEnable               
0000a71d  SysCtlPeripheralPowerOff             
0000a6e1  SysCtlPeripheralPowerOn              
0000a661  SysCtlPeripheralPresent              
0000a6a1  SysCtlPeripheralReady                
0000a759  SysCtlPeripheralReset                
0000a8a5  SysCtlPeripheralSleepDisable         
0000a861  SysCtlPeripheralSleepEnable          
0000aa9d  SysCtlReset                          
0000ab59  SysCtlResetBehaviorGet               
0000ab49  SysCtlResetBehaviorSet               
0000aacf  SysCtlResetCauseClear                
0000aac9  SysCtlResetCauseGet                  
0000a603  SysCtlSRAMSizeGet                    
0000aaa5  SysCtlSleep                          
0000aa79  SysCtlSleepPowerSet                  
0000b369  SysCtlUSBPLLDisable                  
0000b357  SysCtlUSBPLLEnable                   
0000b395  SysCtlVoltageEventClear              
0000b379  SysCtlVoltageEventConfig             
0000b389  SysCtlVoltageEventStatus             
20006744  TiempoSimSemaphore                   
00010831  TimerADCEventGet                     
0001081f  TimerADCEventSet                     
00010549  TimerClockSourceGet                  
0001052d  TimerClockSourceSet                  
0001030b  TimerConfigure                       
0001042b  TimerControlEvent                    
00010387  TimerControlLevel                    
00010455  TimerControlStall                    
000103bd  TimerControlTrigger                  
0001048b  TimerControlWaitOnTrigger            
00010851  TimerDMAEventGet                     
0001083f  TimerDMAEventSet                     
000102ed  TimerDisable                         
000102cf  TimerEnable                          
000107fb  TimerIntClear                        
000107c5  TimerIntDisable                      
000107ad  TimerIntEnable                       
00010767  TimerIntRegister                     
000107dd  TimerIntStatus                       
0001078f  TimerIntUnregister                   
00010613  TimerLoadGet                         
0001064f  TimerLoadGet64                       
000105e9  TimerLoadSet                         
0001062f  TimerLoadSet64                       
000106f9  TimerMatchGet                        
00010735  TimerMatchGet64                      
000106cf  TimerMatchSet                        
00010715  TimerMatchSet64                      
00010583  TimerPrescaleGet                     
000105cd  TimerPrescaleMatchGet                
0001059f  TimerPrescaleMatchSet                
00010559  TimerPrescaleSet                     
00010501  TimerRTCDisable                      
000104eb  TimerRTCEnable                       
0001080d  TimerSynchronize                     
0001085f  TimerUpdateMode                      
00010681  TimerValueGet                        
0001069d  TimerValueGet64                      
0000c9dd  UARTEchoSet                          
0000c977  UARTFlushRx                          
0000c99f  UARTFlushTx                          
0000c91d  UARTPeek                             
0000c8fb  UARTRxBytesAvail                     
0000c361  UARTStdioConfig                      
0000ca15  UARTStdioIntHandler                  
0000c909  UARTTxBytesFree                      
0000c571  UARTgetc                             
0000c4f5  UARTgets                             
0000c8d7  UARTprintf                           
0000c5dd  UARTvprintf                          
0000c44f  UARTwrite                            
00015473  ULPIConfigSet                        
00015515  ULPIPowerTransceiver                 
00016195  USB0DeviceIntHandler                 
0001145d  USB0DualModeIntHandler               
000022e1  USB0HostIntHandler                   
000116a5  USB0OTGModeIntHandler                
00011c1f  USBBufferCallbackDataSet             
00011ccd  USBBufferDataAvailable               
00011c05  USBBufferDataRemoved                 
00011be5  USBBufferDataWritten                 
00011cf1  USBBufferEventCallback               
00011c7d  USBBufferFlush                       
00011bb3  USBBufferInfoGet                     
00011b61  USBBufferInit                        
00011c8f  USBBufferRead                        
00011cdf  USBBufferSpaceAvailable              
00011c39  USBBufferWrite                       
00011b83  USBBufferZeroLengthPacketInsert      
00005cdb  USBClockDisable                      
00005cbf  USBClockEnable                       
000139e9  USBControlHandler                    
00005cab  USBControllerVersion                 
0000bdfd  USBDCDCCompositeInit                 
0000bef3  USBDCDCInit                          
0000c075  USBDCDCPacketRead                    
0000bfd3  USBDCDCPacketWrite                   
0000c227  USBDCDCPowerStatusSet                
0000c23b  USBDCDCRemoteWakeupRequest           
0000c16d  USBDCDCRxPacketAvailable             
0000c1cd  USBDCDCSerialStateChange             
0000bf79  USBDCDCSetControlCBData              
0000bf97  USBDCDCSetRxCBData                   
0000bfb5  USBDCDCSetTxCBData                   
0000bf61  USBDCDCTerm                          
0000c14b  USBDCDCTxPacketAvailable             
0001381d  USBDCDConfigDescGet                  
000137cf  USBDCDConfigDescGetNum               
00013797  USBDCDConfigDescGetSize              
000138ff  USBDCDConfigGetInterface             
00013935  USBDCDConfigGetInterfaceEndpoint     
000138ab  USBDCDConfigGetNumAlternateInterfaces
000060a1  USBDCDDeviceInfoInit                 
000063fd  USBDCDFeatureSet                     
000060f1  USBDCDInit                           
00006387  USBDCDPowerStatusSet                 
000064bd  USBDCDRemoteWakeLPM                  
000064e1  USBDCDRemoteWakeupRequest            
00006311  USBDCDRequestDataEP0                 
00006337  USBDCDSendDataEP0                    
00006359  USBDCDSetDefaultConfiguration        
0000636b  USBDCDStallEP0                       
00006299  USBDCDTerm                           
00005e13  USBDMAChannelAddressGet              
00005df7  USBDMAChannelAddressSet              
00005d7d  USBDMAChannelConfigSet               
00005e47  USBDMAChannelCountGet                
00005e2b  USBDMAChannelCountSet                
00005d5d  USBDMAChannelDisable                 
00005d3d  USBDMAChannelEnable                  
00005d0d  USBDMAChannelIntDisable              
00005ced  USBDMAChannelIntEnable               
00005d2d  USBDMAChannelIntStatus               
00005dad  USBDMAChannelStatus                  
00005dcd  USBDMAChannelStatusClear             
00005e5f  USBDMANumChannels                    
00014791  USBDescGet                           
000148b5  USBDescGetInterface                  
000148e3  USBDescGetInterfaceEndpoint          
00014735  USBDescGetNum                        
000147fb  USBDescGetNumAlternateInterfaces     
00005119  USBDevAddrGet                        
00005105  USBDevAddrSet                        
000050d9  USBDevConnect                        
000050ef  USBDevDisconnect                     
0000544f  USBDevEndpointConfigGet              
0000535d  USBDevEndpointConfigSet              
000057d9  USBDevEndpointDataAck                
00005003  USBDevEndpointStall                  
00005065  USBDevEndpointStallClear             
00004e7f  USBDevEndpointStatusClear            
00005fcb  USBDevLPMConfig                      
00005ff9  USBDevLPMDisable                     
00005fe1  USBDevLPMEnable                      
00005fb3  USBDevLPMRemoteWake                  
00005c13  USBDevMode                           
00004c45  USBDevSpeedGet                       
00012de3  USBDeviceConfig                      
00012fd9  USBDeviceConfigAlternate             
0000660d  USBDeviceEnumHandler                 
00006759  USBDeviceEnumResetHandler            
000071a9  USBDeviceIntHandlerInternal          
00006515  USBDeviceResumeTickHandler           
000114a9  USBDualModeInit                      
00011519  USBDualModeTerm                      
00005bc5  USBEndpointDMAChannel                
0000560b  USBEndpointDMAConfigSet              
000056dd  USBEndpointDMADisable                
000056a3  USBEndpointDMAEnable                 
00005717  USBEndpointDataAvail                 
0000574f  USBEndpointDataGet                   
00005849  USBEndpointDataPut                   
000058ad  USBEndpointDataSend                  
00004f9d  USBEndpointDataToggleClear           
00005c77  USBEndpointPacketCountSet            
00004e0b  USBEndpointStatus                    
00005b9b  USBFIFOAddrGet                       
000055a5  USBFIFOConfigGet                     
0000553f  USBFIFOConfigSet                     
00005905  USBFIFOFlush                         
00005b5f  USBFrameNumberGet                    
00002911  USBHCDControlTransfer                
00002d61  USBHCDDevAddress                     
00002d95  USBHCDDevClass                       
00002d39  USBHCDDevHubPort                     
00002e29  USBHCDDevProtocol                    
00002de1  USBHCDDevSubClass                    
0000041b  USBHCDEventDisable                   
000003eb  USBHCDEventEnable                    
00002e89  USBHCDFeatureSet                     
00002a6d  USBHCDHubDeviceConnected             
00002b05  USBHCDHubDeviceDisconnected          
00001491  USBHCDInit                           
00002fd3  USBHCDLPMResume                      
00002f6b  USBHCDLPMSleep                       
00002f41  USBHCDLPMStatus                      
00002509  USBHCDMain                           
00000873  USBHCDPipeAlloc                      
000005f1  USBHCDPipeAllocSize                  
000008c1  USBHCDPipeConfig                     
00000dcb  USBHCDPipeDataAck                    
00001009  USBHCDPipeFree                       
00000dfd  USBHCDPipeRead                       
00000d81  USBHCDPipeReadNonBlocking            
00000c55  USBHCDPipeSchedule                   
00000a3b  USBHCDPipeStatus                     
000005cb  USBHCDPipeTransferSizeGet            
00000a71  USBHCDPipeWrite                      
00001437  USBHCDPowerAutomatic                 
000013a7  USBHCDPowerConfigGet                 
00001395  USBHCDPowerConfigInit                
000013c5  USBHCDPowerConfigSet                 
000015ad  USBHCDRegisterDrivers                
000016b1  USBHCDReset                          
0000170d  USBHCDResume                         
000018ed  USBHCDSetAddress                     
00001a33  USBHCDSetConfig                      
00001a7b  USBHCDSetInterface                   
0000188d  USBHCDStringDescriptorGet            
000016fb  USBHCDSuspend                        
000015e1  USBHCDTerm                           
0000fa01  USBHHubClose                         
0000f9a5  USBHHubEnumerationComplete           
0000f9c7  USBHHubEnumerationError              
0000fa15  USBHHubInit                          
0000fa43  USBHHubLPMSleep                      
0000fa51  USBHHubLPMStatus                     
0000f779  USBHHubMain                          
0000f9e9  USBHHubOpen                          
00004bb3  USBHighSpeed                         
00005a15  USBHostAddrGet                       
000059dd  USBHostAddrSet                       
00001ac7  USBHostCheckPipes                    
0000512d  USBHostEndpointConfig                
00005817  USBHostEndpointDataAck               
00004f01  USBHostEndpointDataToggle            
00004fd7  USBHostEndpointPing                  
000052c7  USBHostEndpointSpeed                 
00004e37  USBHostEndpointStatusClear           
00005aa7  USBHostHubAddrGet                    
00005a43  USBHostHubAddrSet                    
00001b8d  USBHostIntHandlerInternal            
00005f77  USBHostLPMConfig                     
00005f9b  USBHostLPMResume                     
00005f2f  USBHostLPMSend                       
00005c01  USBHostMode                          
00005ad5  USBHostPwrConfig                     
00005b47  USBHostPwrDisable                    
00005b2f  USBHostPwrEnable                     
00005b17  USBHostPwrFaultDisable               
00005aff  USBHostPwrFaultEnable                
00005975  USBHostRequestIN                     
0000599d  USBHostRequestINClear                
000059cb  USBHostRequestStatus                 
00004b85  USBHostReset                         
00004be1  USBHostResume                        
00004c0f  USBHostSpeedGet                      
00004b6f  USBHostSuspend                       
00004c5d  USBIntDisableControl                 
00004d21  USBIntDisableEndpoint                
00004c9b  USBIntEnableControl                  
00004d4f  USBIntEnableEndpoint                 
00004dd3  USBIntRegister                       
00004cd5  USBIntStatusControl                  
00004d7d  USBIntStatusEndpoint                 
00004df1  USBIntUnregister                     
00006025  USBLPMEndpointGet                    
00006085  USBLPMIntDisable                     
0000606b  USBLPMIntEnable                      
0000605b  USBLPMIntStatus                      
00006011  USBLPMLinkStateGet                   
00006041  USBLPMRemoteWakeEnabled              
0000a33d  USBLibDMAAddrGet                     
0000a36d  USBLibDMAInit                        
0000a355  USBLibDMASizeGet                     
00005c37  USBModeConfig                        
00005bb1  USBModeGet                           
00005c97  USBNumEndpointsGet                   
0001184d  USBOTGFeatureSet                     
000117b1  USBOTGMain                           
00005c25  USBOTGMode                           
00011587  USBOTGModeInit                       
0001154d  USBOTGModeTerm                       
0001167d  USBOTGPollRate                       
00005b6d  USBOTGSessionRequest                 
00005c4b  USBPHYPowerOff                       
00005c61  USBPHYPowerOn                        
000135bb  USBRingBufAdvanceRead                
000135e9  USBRingBufAdvanceWrite               
00013515  USBRingBufContigFree                 
000134e7  USBRingBufContigUsed                 
00013455  USBRingBufEmpty                      
0001347f  USBRingBufFlush                      
000134d1  USBRingBufFree                       
0001341b  USBRingBufFull                       
000136a1  USBRingBufInit                       
00013585  USBRingBufRead                       
0001355f  USBRingBufReadOne                    
00013551  USBRingBufSize                       
0001349f  USBRingBufUsed                       
0001366b  USBRingBufWrite                      
00013645  USBRingBufWriteOne                   
00013ad7  USBRxHandler                         
00011421  USBStackModeSet                      
00013a73  USBTxHandler                         
00005e71  USBULPIConfig                        
00005e9f  USBULPIDisable                       
00005e87  USBULPIEnable                        
00005eb7  USBULPIRegRead                       
00005eef  USBULPIRegWrite                      
00013b2d  UsbSerialInit                        
20006748  VelocidadSemaphore                   
00016039  _Dclass                              
20006870  _Denorm                              
0001553b  _Dnorm                               
00014fb9  _Dscale                              
00015a99  _Dunscale                            
20006880  _Eps                                 
20006b3c  _Errno                               
00014171  _Exp                                 
20006b20  _Fenv                                
00016069  _Feraise                             
20006890  _Hugeval                             
200068a0  _Inf                                 
200068b0  _Nan                                 
200068d0  _Rteps                               
00013c51  _Sin                                 
200068c0  _Snan                                
20006b24  _Tls_setup__Fenv                     
200068e0  _Xbig                                
200068e8  _Zero                                
20006d4c  __STACK_END                          
00000200  __STACK_SIZE                         
20006d4c  __STACK_TOP                          
00017210  __TI_CINIT_Base                      
00017228  __TI_CINIT_Limit                     
000171f0  __TI_Handler_Table_Base              
000171fc  __TI_Handler_Table_Limit             
00015959  __TI_auto_init                       
20006b18  __TI_cleanup_ptr                     
000162b5  __TI_decompress_none                 
000162d5  __TI_decompress_rle24                
20006b1c  __TI_dtors_ptr                       
00009319  __TI_printfi                         
00000000  __TI_static_base__                   
000162c3  __TI_zero_init                       
000157d1  __aeabi_cdcmpeq                      
000157d1  __aeabi_cdcmple                      
00015857  __aeabi_cdrcmple                     
00015df1  __aeabi_d2f                          
00015e3b  __aeabi_d2iz                         
00015ec9  __aeabi_d2uiz                        
00014911  __aeabi_dadd                         
00014c31  __aeabi_ddiv                         
000150c9  __aeabi_dmul                         
00014907  __aeabi_dsub                         
00015fcb  __aeabi_f2d                          
00015cbd  __aeabi_f2ulz                        
00016099  __aeabi_i2d                          
0000609f  __aeabi_idiv0                        
000158dd  __aeabi_memclr                       
000158dd  __aeabi_memclr4                      
000158dd  __aeabi_memclr8                      
000156a5  __aeabi_memcpy                       
000156a5  __aeabi_memcpy4                      
000156a5  __aeabi_memcpy8                      
000158df  __aeabi_memset                       
000158df  __aeabi_memset4                      
000158df  __aeabi_memset8                      
000161db  __aeabi_ui2d                         
00015f4d  __aeabi_uidiv                        
00015f4d  __aeabi_uidivmod                     
0001436d  __aeabi_uldivmod                     
ffffffff  __binit__                            
ffffffff  __c_args__                           
20006b4c  __stack                              
00016231  _args_main                           
00015c6d  _c_int00                             
00016764  _ctypes_                             
20006b10  _lock                                
00016287  _nop                                 
0001627f  _register_lock                       
00016279  _register_unlock                     
000162db  _system_pre_init                     
20006b14  _unlock                              
00015e89  abort                                
000126c5  add_checksum_and_stuff               
20006700  altitud                              
00015d0d  atoi                                 
ffffffff  binit                                
200066e8  color                                
20006708  combustible                          
000081dd  confADC                              
000080ad  confGPIO                             
0000839b  confQueue                            
000083c9  confSemaphores                       
00007fe5  confSys                              
0000814d  confTasks                            
00008289  confTimer                            
00008021  confUART                             
20006ac4  consumoTaskHandle                    
00015d59  copy_in                              
000130a5  crearSemaphoresAvion                 
00015a31  create_checksum                      
0001278b  create_frame                         
00012737  destuff_and_check_checksum           
00003e9d  eTaskConfirmSleepModeStatus          
20006710  ejes                                 
00015e91  exit                                 
00015741  exp                                  
00016005  feraiseexcept                        
00014abd  fmod                                 
00012625  frame_DeStuffing                     
00012585  frame_stuffing                       
00016121  frexp                                
20006af0  g_bUSBTimerInitialized               
200067bd  g_eOTGModeState                      
20006afc  g_iUSBMode                           
00016d94  g_pCDCCompSerConfigDescriptors       
20000000  g_pfnRAMVectors                      
200065cc  g_pfnTickHandlers                    
00000000  g_pfnVectors                         
00016d90  g_ppCDCSerConfigDescriptors          
20006750  g_ppsDevInfo                         
00016fb8  g_ppui8StringDescriptors             
200069f8  g_psCDCCompSerSections               
200069ec  g_psCDCSerSections                   
200068f0  g_psCmdTable                         
200064a8  g_psDCDInst                          
00016f54  g_pui8CDCSerCommInterface            
00016fd0  g_pui8CDCSerDataInterface            
200069da  g_pui8CDCSerDescriptor               
200069c8  g_pui8CDCSerDeviceDescriptor         
00016d98  g_pui8ConfigString                   
00016e94  g_pui8ControlInterfaceString         
200069e3  g_pui8IADSerDescriptor               
00016fe7  g_pui8LangDescriptor                 
00016ee8  g_pui8ManufacturerString             
00016f77  g_pui8ProductString                  
20006614  g_pui8RxBufferWorkspace              
00016feb  g_pui8SerialNumberString             
2000662c  g_pui8TxBufferWorkspace              
2000618c  g_pui8USBRxBuffer                    
2000628c  g_pui8USBTxBuffer                    
20006644  g_pvTickInstance                     
00016d88  g_sCDCCompSerConfigHeader            
20006968  g_sCDCDevice                         
00016e34  g_sCDCHandlers                       
00016d70  g_sCDCSerCommInterfaceSection        
00016d80  g_sCDCSerConfigHeader                
00016d60  g_sCDCSerConfigSection               
00016d78  g_sCDCSerDataInterfaceSection        
00016d68  g_sIADSerConfigSection               
00016f0c  g_sRxBuffer                          
00016f30  g_sTxBuffer                          
20006758  g_ui32CPUUsage                       
20006af4  g_ui32CurrentUSBTick                 
20006770  g_ui32PollRate                       
20006af8  g_ui32USBSOFCount                    
20006b00  g_ui32WaitTicks                      
20006780  g_ulSystemClock                      
20006ae4  g_ulUARTRxCount                      
20006ae0  g_ulUARTTxCount                      
20006784  g_xRxLineSemaphore                   
0001331d  getAltitud                           
000132bb  getCombustible                       
00013253  getEjes                              
000132f3  getHora                              
00013355  getTiempoSim                         
0001328f  getVelocidad                         
20006788  hora                                 
000130ef  inicializarVariables                 
00015c1b  ldexp                                
000128b7  logError                             
00015bc5  ltoa                                 
00007f8d  main                                 
20006b44  main_func_sp                         
000161fb  memccpy                              
000161b9  memcmp                               
000156a5  memcpy                               
000158e5  memset                               
0000381f  pcTaskGetTaskName                    
000109b1  pcTimerGetTimerName                  
2000678c  potQueue                             
200067be  pulsacionLarga                       
00014561  pvPortMalloc                         
0000467b  pvTaskIncrementMutexHeldCount        
00010d99  pvTimerGetTimerID                    
20006a08  pxCurrentTCB                         
00013ee5  pxPortInitialiseStack                
000160c7  raise                                
00015dbb  rand                                 
0001280f  receive_frame                        
00012869  send_frame                           
20006ac0  sensorTaskHandle                     
000131f5  setAltitud                           
00013197  setCombustible                       
00013125  setEjes                              
000131cb  setHora                              
00013229  setTiempoSim                         
0001316b  setVelocidad                         
00015f0d  signal                               
00016217  sin                                  
00015b65  sprintf                              
00015da5  srand                                
00016261  strchr                               
00016249  strcmp                               
0001628d  strcpy                               
000162a1  strlen                               
0001614b  strncmp                              
200067a0  tiempoSim                            
000084d9  timerBotonHandler                    
0000ee91  ucQueueGetQueueType                  
00015403  ulPortSetInterruptMask               
00004699  ulTaskNotifyTake                     
0000d46d  ulocaltime                           
0000d66b  umktime                              
0000dbe5  urand                                
0000d43d  usnprintf                            
0000d40b  usprintf                             
0000dbd5  usrand                               
0000db4d  ustrcasecmp                          
0000dbc1  ustrcmp                              
0000da51  ustrlen                              
0000daa9  ustrncasecmp                         
0000db61  ustrncmp                             
0000cf89  ustrncpy                             
0000da73  ustrstr                              
0000d819  ustrtof                              
0000d6e1  ustrtoul                             
0000cfe1  uvsnprintf                           
0001255b  uxEventGroupGetNumber                
00014e49  uxListRemove                         
0000ee71  uxQueueGetQueueNumber                
0000ee13  uxQueueMessagesWaiting               
0000ee49  uxQueueMessagesWaitingFromISR        
0000ee29  uxQueueSpacesAvailable               
00003819  uxTaskGetNumberOfTasks               
00004229  uxTaskGetStackHighWaterMark          
00003841  uxTaskGetSystemState                 
00003e0b  uxTaskGetTaskNumber                  
000032d9  uxTaskPriorityGet                    
0000330d  uxTaskPriorityGetFromISR             
00004659  uxTaskResetEventItemValue            
000073c3  vApplicationIdleHook                 
000073cb  vApplicationMallocFailedHook         
00007399  vApplicationStackOverflowHook        
000073a3  vApplicationTickHook                 
00015b01  vConfigureTimerForRunTimeStats       
000124f5  vEventGroupClearBitsCallback         
000124b1  vEventGroupDelete                    
000124e5  vEventGroupSetBitsCallback           
00014d67  vListInitialise                      
00014d97  vListInitialiseItem                  
00014de3  vListInsert                          
00014da7  vListInsertEnd                       
00015419  vPortClearInterruptMask              
0001545b  vPortEnableVFP                       
00013f79  vPortEndScheduler                    
00013f7b  vPortEnterCritical                   
00013f93  vPortExitCritical                    
0001466f  vPortFree                            
0001546d  vPortGetIPSR                         
000146d7  vPortInitialiseBlocks                
0001541f  vPortSVCHandler                      
00014115  vPortSetupTimerInterrupt             
0001543d  vPortStartFirstTask                  
00013fc7  vPortSuppressTicksAndSleep           
0000f0a3  vQueueAddToRegistry                  
0000ee5b  vQueueDelete                         
0000ee7f  vQueueSetQueueNumber                 
0000f0e5  vQueueUnregisterQueue                
0000f11f  vQueueWaitForMessageRestricted       
00003277  vTaskDelay                           
000031cf  vTaskDelayUntil                      
00003133  vTaskDelete                          
000036b3  vTaskEndScheduler                    
00004595  vTaskGetRunTimeStats                 
0000449d  vTaskList                            
00003e03  vTaskMissedYield                     
00004a39  vTaskNotifyGiveFromISR               
00003b41  vTaskPlaceOnEventList                
00003c19  vTaskPlaceOnEventListRestricted      
00003ba9  vTaskPlaceOnUnorderedEventList       
000042f9  vTaskPriorityInherit                 
00003355  vTaskPrioritySet                     
0000355d  vTaskResume                          
00003e31  vTaskSetTaskNumber                   
00003d67  vTaskSetTimeOutState                 
0000365d  vTaskStartScheduler                  
00003905  vTaskStepTick                        
00003465  vTaskSuspend                         
000036c5  vTaskSuspendAll                      
00003a61  vTaskSwitchContext                   
00011239  vUARTTask                            
200067a8  velocidad                            
200067ac  velocidadQueue                       
200067b4  xEventGroup                          
0001237d  xEventGroupClearBits                 
000123a9  xEventGroupClearBitsFromISR          
000121a1  xEventGroupCreate                    
000123c1  xEventGroupGetBitsFromISR            
000123e9  xEventGroupSetBits                   
0001253b  xEventGroupSetBitsFromISR            
000121c1  xEventGroupSync                      
00012293  xEventGroupWaitBits                  
000146d1  xPortGetFreeHeapSize                 
000153a5  xPortPendSVHandler                   
00013f43  xPortStartScheduler                  
00013fab  xPortSysTickHandler                  
0000e9b1  xQueueCreateCountingSemaphore        
0000e8b5  xQueueCreateMutex                    
0000e841  xQueueGenericCreate                  
0000ebe9  xQueueGenericReceive                 
0000e7a5  xQueueGenericReset                   
0000e9d1  xQueueGenericSend                    
0000eaf9  xQueueGenericSendFromISR             
0000eb77  xQueueGiveFromISR                    
0000e92b  xQueueGiveMutexRecursive             
0000f03f  xQueueIsQueueEmptyFromISR            
0000f081  xQueueIsQueueFullFromISR             
0000edcf  xQueuePeekFromISR                    
0000ed57  xQueueReceiveFromISR                 
200064f8  xQueueRegistry                       
0000e967  xQueueTakeMutexRecursive             
00003d89  xTaskCheckForTimeOut                 
00003019  xTaskGenericCreate                   
000042b5  xTaskGetCurrentTaskHandle            
000042cd  xTaskGetSchedulerState               
000037ef  xTaskGetTickCount                    
00003805  xTaskGetTickCountFromISR             
00003935  xTaskIncrementTick                   
00004861  xTaskNotify                          
00004951  xTaskNotifyFromISR                   
00004769  xTaskNotifyWait                      
000043b3  xTaskPriorityDisinherit              
00003c61  xTaskRemoveFromEventList             
00003cf9  xTaskRemoveFromUnorderedEventList    
00003711  xTaskResumeAll                       
000035d9  xTaskResumeFromISR                   
000108ef  xTimerCreate                         
000108b5  xTimerCreateTimerTask                
00010943  xTimerGenericCommand                 
00010d6d  xTimerIsTimerActive                  
00010de7  xTimerPendFunctionCall               
00010db1  xTimerPendFunctionCallFromISR        
00013bbd  xUSBSerialGetChar                    
00013bd3  xUSBSerialPutChar                    


GLOBAL SYMBOLS: SORTED BY Symbol Address 

address   name                                 
-------   ----                                 
00000000  __TI_static_base__                   
00000000  g_pfnVectors                         
00000200  __STACK_SIZE                         
0000026d  ConfigDescAlloc                      
00000303  ConfigDescFree                       
000003eb  USBHCDEventEnable                    
0000041b  USBHCDEventDisable                   
000005cb  USBHCDPipeTransferSizeGet            
000005f1  USBHCDPipeAllocSize                  
00000873  USBHCDPipeAlloc                      
000008c1  USBHCDPipeConfig                     
00000a3b  USBHCDPipeStatus                     
00000a71  USBHCDPipeWrite                      
00000c55  USBHCDPipeSchedule                   
00000d81  USBHCDPipeReadNonBlocking            
00000dcb  USBHCDPipeDataAck                    
00000dfd  USBHCDPipeRead                       
00001009  USBHCDPipeFree                       
00001395  USBHCDPowerConfigInit                
000013a7  USBHCDPowerConfigGet                 
000013c5  USBHCDPowerConfigSet                 
00001437  USBHCDPowerAutomatic                 
00001491  USBHCDInit                           
000015ad  USBHCDRegisterDrivers                
000015e1  USBHCDTerm                           
000016b1  USBHCDReset                          
000016fb  USBHCDSuspend                        
0000170d  USBHCDResume                         
0000188d  USBHCDStringDescriptorGet            
000018ed  USBHCDSetAddress                     
00001a33  USBHCDSetConfig                      
00001a7b  USBHCDSetInterface                   
00001ac7  USBHostCheckPipes                    
00001b8d  USBHostIntHandlerInternal            
000022e1  USB0HostIntHandler                   
000023d9  InternalUSBHCDSendEvent              
00002509  USBHCDMain                           
00002911  USBHCDControlTransfer                
00002a6d  USBHCDHubDeviceConnected             
00002b05  USBHCDHubDeviceDisconnected          
00002d39  USBHCDDevHubPort                     
00002d61  USBHCDDevAddress                     
00002d95  USBHCDDevClass                       
00002de1  USBHCDDevSubClass                    
00002e29  USBHCDDevProtocol                    
00002e89  USBHCDFeatureSet                     
00002f41  USBHCDLPMStatus                      
00002f6b  USBHCDLPMSleep                       
00002fd3  USBHCDLPMResume                      
00003019  xTaskGenericCreate                   
00003133  vTaskDelete                          
000031cf  vTaskDelayUntil                      
00003277  vTaskDelay                           
000032d9  uxTaskPriorityGet                    
0000330d  uxTaskPriorityGetFromISR             
00003355  vTaskPrioritySet                     
00003465  vTaskSuspend                         
0000355d  vTaskResume                          
000035d9  xTaskResumeFromISR                   
0000365d  vTaskStartScheduler                  
000036b3  vTaskEndScheduler                    
000036c5  vTaskSuspendAll                      
00003711  xTaskResumeAll                       
000037ef  xTaskGetTickCount                    
00003805  xTaskGetTickCountFromISR             
00003819  uxTaskGetNumberOfTasks               
0000381f  pcTaskGetTaskName                    
00003841  uxTaskGetSystemState                 
00003905  vTaskStepTick                        
00003935  xTaskIncrementTick                   
00003a61  vTaskSwitchContext                   
00003b41  vTaskPlaceOnEventList                
00003ba9  vTaskPlaceOnUnorderedEventList       
00003c19  vTaskPlaceOnEventListRestricted      
00003c61  xTaskRemoveFromEventList             
00003cf9  xTaskRemoveFromUnorderedEventList    
00003d67  vTaskSetTimeOutState                 
00003d89  xTaskCheckForTimeOut                 
00003e03  vTaskMissedYield                     
00003e0b  uxTaskGetTaskNumber                  
00003e31  vTaskSetTaskNumber                   
00003e9d  eTaskConfirmSleepModeStatus          
00004229  uxTaskGetStackHighWaterMark          
000042b5  xTaskGetCurrentTaskHandle            
000042cd  xTaskGetSchedulerState               
000042f9  vTaskPriorityInherit                 
000043b3  xTaskPriorityDisinherit              
0000449d  vTaskList                            
00004595  vTaskGetRunTimeStats                 
00004659  uxTaskResetEventItemValue            
0000467b  pvTaskIncrementMutexHeldCount        
00004699  ulTaskNotifyTake                     
00004769  xTaskNotifyWait                      
00004861  xTaskNotify                          
00004951  xTaskNotifyFromISR                   
00004a39  vTaskNotifyGiveFromISR               
00004b6f  USBHostSuspend                       
00004b85  USBHostReset                         
00004bb3  USBHighSpeed                         
00004be1  USBHostResume                        
00004c0f  USBHostSpeedGet                      
00004c45  USBDevSpeedGet                       
00004c5d  USBIntDisableControl                 
00004c9b  USBIntEnableControl                  
00004cd5  USBIntStatusControl                  
00004d21  USBIntDisableEndpoint                
00004d4f  USBIntEnableEndpoint                 
00004d7d  USBIntStatusEndpoint                 
00004dd3  USBIntRegister                       
00004df1  USBIntUnregister                     
00004e0b  USBEndpointStatus                    
00004e37  USBHostEndpointStatusClear           
00004e7f  USBDevEndpointStatusClear            
00004f01  USBHostEndpointDataToggle            
00004f9d  USBEndpointDataToggleClear           
00004fd7  USBHostEndpointPing                  
00005003  USBDevEndpointStall                  
00005065  USBDevEndpointStallClear             
000050d9  USBDevConnect                        
000050ef  USBDevDisconnect                     
00005105  USBDevAddrSet                        
00005119  USBDevAddrGet                        
0000512d  USBHostEndpointConfig                
000052c7  USBHostEndpointSpeed                 
0000535d  USBDevEndpointConfigSet              
0000544f  USBDevEndpointConfigGet              
0000553f  USBFIFOConfigSet                     
000055a5  USBFIFOConfigGet                     
0000560b  USBEndpointDMAConfigSet              
000056a3  USBEndpointDMAEnable                 
000056dd  USBEndpointDMADisable                
00005717  USBEndpointDataAvail                 
0000574f  USBEndpointDataGet                   
000057d9  USBDevEndpointDataAck                
00005817  USBHostEndpointDataAck               
00005849  USBEndpointDataPut                   
000058ad  USBEndpointDataSend                  
00005905  USBFIFOFlush                         
00005975  USBHostRequestIN                     
0000599d  USBHostRequestINClear                
000059cb  USBHostRequestStatus                 
000059dd  USBHostAddrSet                       
00005a15  USBHostAddrGet                       
00005a43  USBHostHubAddrSet                    
00005aa7  USBHostHubAddrGet                    
00005ad5  USBHostPwrConfig                     
00005aff  USBHostPwrFaultEnable                
00005b17  USBHostPwrFaultDisable               
00005b2f  USBHostPwrEnable                     
00005b47  USBHostPwrDisable                    
00005b5f  USBFrameNumberGet                    
00005b6d  USBOTGSessionRequest                 
00005b9b  USBFIFOAddrGet                       
00005bb1  USBModeGet                           
00005bc5  USBEndpointDMAChannel                
00005c01  USBHostMode                          
00005c13  USBDevMode                           
00005c25  USBOTGMode                           
00005c37  USBModeConfig                        
00005c4b  USBPHYPowerOff                       
00005c61  USBPHYPowerOn                        
00005c77  USBEndpointPacketCountSet            
00005c97  USBNumEndpointsGet                   
00005cab  USBControllerVersion                 
00005cbf  USBClockEnable                       
00005cdb  USBClockDisable                      
00005ced  USBDMAChannelIntEnable               
00005d0d  USBDMAChannelIntDisable              
00005d2d  USBDMAChannelIntStatus               
00005d3d  USBDMAChannelEnable                  
00005d5d  USBDMAChannelDisable                 
00005d7d  USBDMAChannelConfigSet               
00005dad  USBDMAChannelStatus                  
00005dcd  USBDMAChannelStatusClear             
00005df7  USBDMAChannelAddressSet              
00005e13  USBDMAChannelAddressGet              
00005e2b  USBDMAChannelCountSet                
00005e47  USBDMAChannelCountGet                
00005e5f  USBDMANumChannels                    
00005e71  USBULPIConfig                        
00005e87  USBULPIEnable                        
00005e9f  USBULPIDisable                       
00005eb7  USBULPIRegRead                       
00005eef  USBULPIRegWrite                      
00005f2f  USBHostLPMSend                       
00005f77  USBHostLPMConfig                     
00005f9b  USBHostLPMResume                     
00005fb3  USBDevLPMRemoteWake                  
00005fcb  USBDevLPMConfig                      
00005fe1  USBDevLPMEnable                      
00005ff9  USBDevLPMDisable                     
00006011  USBLPMLinkStateGet                   
00006025  USBLPMEndpointGet                    
00006041  USBLPMRemoteWakeEnabled              
0000605b  USBLPMIntStatus                      
0000606b  USBLPMIntEnable                      
00006085  USBLPMIntDisable                     
0000609f  __aeabi_idiv0                        
000060a1  USBDCDDeviceInfoInit                 
000060f1  USBDCDInit                           
00006299  USBDCDTerm                           
00006311  USBDCDRequestDataEP0                 
00006337  USBDCDSendDataEP0                    
00006359  USBDCDSetDefaultConfiguration        
0000636b  USBDCDStallEP0                       
00006387  USBDCDPowerStatusSet                 
000063fd  USBDCDFeatureSet                     
000064bd  USBDCDRemoteWakeLPM                  
000064e1  USBDCDRemoteWakeupRequest            
00006515  USBDeviceResumeTickHandler           
0000660d  USBDeviceEnumHandler                 
00006759  USBDeviceEnumResetHandler            
000071a9  USBDeviceIntHandlerInternal          
00007399  vApplicationStackOverflowHook        
000073a3  vApplicationTickHook                 
000073c3  vApplicationIdleHook                 
000073cb  vApplicationMallocFailedHook         
00007f8d  main                                 
00007fe5  confSys                              
00008021  confUART                             
000080ad  confGPIO                             
0000814d  confTasks                            
000081dd  confADC                              
00008289  confTimer                            
0000839b  confQueue                            
000083c9  confSemaphores                       
000083db  ADCIntHandler                        
00008431  ButtonHandler                        
000084d9  timerBotonHandler                    
00009319  __TI_printfi                         
0000a33d  USBLibDMAAddrGet                     
0000a355  USBLibDMASizeGet                     
0000a36d  USBLibDMAInit                        
0000a603  SysCtlSRAMSizeGet                    
0000a60d  SysCtlFlashSizeGet                   
0000a639  SysCtlFlashSectorSizeGet             
0000a661  SysCtlPeripheralPresent              
0000a6a1  SysCtlPeripheralReady                
0000a6e1  SysCtlPeripheralPowerOn              
0000a71d  SysCtlPeripheralPowerOff             
0000a759  SysCtlPeripheralReset                
0000a7e1  SysCtlPeripheralEnable               
0000a81d  SysCtlPeripheralDisable              
0000a861  SysCtlPeripheralSleepEnable          
0000a8a5  SysCtlPeripheralSleepDisable         
0000a8e1  SysCtlPeripheralDeepSleepEnable      
0000a931  SysCtlPeripheralDeepSleepDisable     
0000a979  SysCtlPeripheralClockGating          
0000a9cd  SysCtlIntRegister                    
0000a9e5  SysCtlIntUnregister                  
0000a9f5  SysCtlIntEnable                      
0000aa09  SysCtlIntDisable                     
0000aa21  SysCtlIntClear                       
0000aa31  SysCtlIntStatus                      
0000aa4d  SysCtlLDOSleepSet                    
0000aa5d  SysCtlLDOSleepGet                    
0000aa63  SysCtlLDODeepSleepSet                
0000aa73  SysCtlLDODeepSleepGet                
0000aa79  SysCtlSleepPowerSet                  
0000aa8d  SysCtlDeepSleepPowerSet              
0000aa9d  SysCtlReset                          
0000aaa5  SysCtlSleep                          
0000aaad  SysCtlDeepSleep                      
0000aac9  SysCtlResetCauseGet                  
0000aacf  SysCtlResetCauseClear                
0000aae3  SysCtlMOSCConfigSet                  
0000aaf9  SysCtlPIOSCCalibrate                 
0000ab49  SysCtlResetBehaviorSet               
0000ab59  SysCtlResetBehaviorGet               
0000abad  SysCtlClockFreqSet                   
0000aec5  SysCtlClockSet                       
0000b091  SysCtlClockGet                       
0000b249  SysCtlDeepSleepClockSet              
0000b265  SysCtlDeepSleepClockConfigSet        
0000b2ef  SysCtlPWMClockSet                    
0000b309  SysCtlPWMClockGet                    
0000b31f  SysCtlGPIOAHBEnable                  
0000b33b  SysCtlGPIOAHBDisable                 
0000b357  SysCtlUSBPLLEnable                   
0000b369  SysCtlUSBPLLDisable                  
0000b379  SysCtlVoltageEventConfig             
0000b389  SysCtlVoltageEventStatus             
0000b395  SysCtlVoltageEventClear              
0000b3a9  SysCtlNMIStatus                      
0000b3af  SysCtlNMIClear                       
0000b3c3  SysCtlClockOutConfig                 
0000b3df  SysCtlAltClkConfig                   
0000b689  ProcessDataFromHost                  
0000b737  ProcessNotificationToHost            
0000b799  ProcessDataToHost                    
0000bdfd  USBDCDCCompositeInit                 
0000bef3  USBDCDCInit                          
0000bf61  USBDCDCTerm                          
0000bf79  USBDCDCSetControlCBData              
0000bf97  USBDCDCSetRxCBData                   
0000bfb5  USBDCDCSetTxCBData                   
0000bfd3  USBDCDCPacketWrite                   
0000c075  USBDCDCPacketRead                    
0000c14b  USBDCDCTxPacketAvailable             
0000c16d  USBDCDCRxPacketAvailable             
0000c1cd  USBDCDCSerialStateChange             
0000c227  USBDCDCPowerStatusSet                
0000c23b  USBDCDCRemoteWakeupRequest           
0000c361  UARTStdioConfig                      
0000c44f  UARTwrite                            
0000c4f5  UARTgets                             
0000c571  UARTgetc                             
0000c5dd  UARTvprintf                          
0000c8d7  UARTprintf                           
0000c8fb  UARTRxBytesAvail                     
0000c909  UARTTxBytesFree                      
0000c91d  UARTPeek                             
0000c977  UARTFlushRx                          
0000c99f  UARTFlushTx                          
0000c9dd  UARTEchoSet                          
0000ca15  UARTStdioIntHandler                  
0000cf89  ustrncpy                             
0000cfe1  uvsnprintf                           
0000d40b  usprintf                             
0000d43d  usnprintf                            
0000d46d  ulocaltime                           
0000d66b  umktime                              
0000d6e1  ustrtoul                             
0000d819  ustrtof                              
0000da51  ustrlen                              
0000da73  ustrstr                              
0000daa9  ustrncasecmp                         
0000db4d  ustrcasecmp                          
0000db61  ustrncmp                             
0000dbc1  ustrcmp                              
0000dbd5  usrand                               
0000dbe5  urand                                
0000dc6f  GPIODirModeSet                       
[...]
0000fdd7  ADCSequenceUnderflowClear            
0000fded  ADCSequenceDataGet                   
0000fe2f  ADCProcessorTrigger                  
0000fe53  ADCSoftwareOversampleConfigure       
0000fe8b  ADCSoftwareOversampleStepConfigure   
0000ff4b  ADCSoftwareOversampleDataGet         
0000ffb9  ADCHardwareOversampleConfigure       
0000ffeb  ADCComparatorConfigure               
00010007  ADCComparatorRegionSet               
0001002b  ADCComparatorReset                   
00010071  ADCComparatorIntDisable              
0001008f  ADCComparatorIntEnable               
000100ad  ADCComparatorIntStatus               
000100bb  ADCComparatorIntClear                
000100cd  ADCIntDisableEx                      
000100e5  ADCIntEnableEx                       
00010101  ADCIntStatusEx                       
00010133  ADCIntClearEx                        
0001014b  ADCReferenceSet                      
00010167  ADCReferenceGet                      
00010179  ADCPhaseDelaySet                     
0001018b  ADCPhaseDelayGet                     
00010199  ADCSequenceDMAEnable                 
000101b5  ADCSequenceDMADisable                
000101d1  ADCBusy                              
000101ef  ADCClockConfigSet                    
00010219  ADCClockConfigGet                    
000102cf  TimerEnable                          
000102ed  TimerDisable                         
0001030b  TimerConfigure                       
00010387  TimerControlLevel                    
000103bd  TimerControlTrigger                  
0001042b  TimerControlEvent                    
00010455  TimerControlStall                    
0001048b  TimerControlWaitOnTrigger            
000104eb  TimerRTCEnable                       
00010501  TimerRTCDisable                      
0001052d  TimerClockSourceSet                  
00010549  TimerClockSourceGet                  
00010559  TimerPrescaleSet                     
00010583  TimerPrescaleGet                     
0001059f  TimerPrescaleMatchSet                
000105cd  TimerPrescaleMatchGet                
000105e9  TimerLoadSet                         
00010613  TimerLoadGet                         
0001062f  TimerLoadSet64                       
0001064f  TimerLoadGet64                       
00010681  TimerValueGet                        
0001069d  TimerValueGet64                      
000106cf  TimerMatchSet                        
000106f9  TimerMatchGet                        
00010715  TimerMatchSet64                      
00010735  TimerMatchGet64                      
00010767  TimerIntRegister                     
0001078f  TimerIntUnregister                   
000107ad  TimerIntEnable                       
000107c5  TimerIntDisable                      
000107dd  TimerIntStatus                       
000107fb  TimerIntClear                        
0001080d  TimerSynchronize                     
0001081f  TimerADCEventSet                     
00010831  TimerADCEventGet                     
0001083f  TimerDMAEventSet                     
00010851  TimerDMAEventGet                     
0001085f  TimerUpdateMode                      
000108b5  xTimerCreateTimerTask                
000108ef  xTimerCreate                         
00010943  xTimerGenericCommand                 
000109b1  pcTimerGetTimerName                  
00010d6d  xTimerIsTimerActive                  
00010d99  pvTimerGetTimerID                    
00010db1  xTimerPendFunctionCallFromISR        
00010de7  xTimerPendFunctionCall               
00010e35  Cmd_cpu                              
00010e5f  Cmd_free                             
00010e75  Cmd_tasks                            
00010ef1  Cmd_stats                            
00010f29  Cmd_help                             
00010f61  Cmd_traza                            
00010fd1  Cmd_radio                            
00011077  Cmd_timesim                          
00011239  vUARTTask                            
00011421  USBStackModeSet                      
0001145d  USB0DualModeIntHandler               
000114a9  USBDualModeInit                      
00011519  USBDualModeTerm                      
0001154d  USBOTGModeTerm                       
00011587  USBOTGModeInit                       
0001167d  USBOTGPollRate                       
000116a5  USB0OTGModeIntHandler                
0001178b  OTGDeviceDisconnect                  
000117b1  USBOTGMain                           
0001184d  USBOTGFeatureSet                     
00011b61  USBBufferInit                        
00011b83  USBBufferZeroLengthPacketInsert      
00011bb3  USBBufferInfoGet                     
00011be5  USBBufferDataWritten                 
00011c05  USBBufferDataRemoved                 
00011c1f  USBBufferCallbackDataSet             
00011c39  USBBufferWrite                       
00011c7d  USBBufferFlush                       
00011c8f  USBBufferRead                        
00011ccd  USBBufferDataAvailable               
00011cdf  USBBufferSpaceAvailable              
00011cf1  USBBufferEventCallback               
00011d6d  RGBBlinkIntHandler                   
00011d9b  RGBInit                              
00011e87  RGBEnable                            
00011f3f  RGBDisable                           
00011f9d  RGBSet                               
00011fb5  RGBColorSet                          
00012065  RGBIntensitySet                      
00012079  RGBBlinkRateSet                      
0001210d  RGBColorGet                          
000121a1  xEventGroupCreate                    
000121c1  xEventGroupSync                      
00012293  xEventGroupWaitBits                  
0001237d  xEventGroupClearBits                 
000123a9  xEventGroupClearBitsFromISR          
000123c1  xEventGroupGetBitsFromISR            
000123e9  xEventGroupSetBits                   
000124b1  vEventGroupDelete                    
000124e5  vEventGroupSetBitsCallback           
000124f5  vEventGroupClearBitsCallback         
0001253b  xEventGroupSetBitsFromISR            
0001255b  uxEventGroupGetNumber                
00012585  frame_stuffing                       
00012625  frame_DeStuffing                     
000126c5  add_checksum_and_stuff               
00012737  destuff_and_check_checksum           
0001278b  create_frame                         
0001280f  receive_frame                        
00012869  send_frame                           
000128b7  logError                             
0001295f  IntMasterEnable                      
0001296f  IntMasterDisable                     
0001297f  IntRegister                          
000129d1  IntUnregister                        
000129e5  IntPriorityGroupingSet               
000129ff  IntPriorityGroupingGet               
00012a37  IntPrioritySet                       
00012a87  IntPriorityGet                       
00012aab  IntEnable                            
00012b1d  IntDisable                           
00012b8f  IntIsEnabled                         
00012c15  IntPendSet                           
00012c85  IntPendClear                         
00012cd3  IntPriorityMaskSet                   
00012cdf  IntPriorityMaskGet                   
00012ce7  IntTrigger                           
00012de3  USBDeviceConfig                      
00012fd9  USBDeviceConfigAlternate             
000130a5  crearSemaphoresAvion                 
000130ef  inicializarVariables                 
00013125  setEjes                              
0001316b  setVelocidad                         
00013197  setCombustible                       
000131cb  setHora                              
000131f5  setAltitud                           
00013229  setTiempoSim                         
00013253  getEjes                              
0001328f  getVelocidad                         
000132bb  getCombustible                       
000132f3  getHora                              
0001331d  getAltitud                           
00013355  getTiempoSim                         
0001341b  USBRingBufFull                       
00013455  USBRingBufEmpty                      
0001347f  USBRingBufFlush                      
0001349f  USBRingBufUsed                       
000134d1  USBRingBufFree                       
000134e7  USBRingBufContigUsed                 
00013515  USBRingBufContigFree                 
00013551  USBRingBufSize                       
0001355f  USBRingBufReadOne                    
00013585  USBRingBufRead                       
000135bb  USBRingBufAdvanceRead                
000135e9  USBRingBufAdvanceWrite               
00013645  USBRingBufWriteOne                   
0001366b  USBRingBufWrite                      
000136a1  USBRingBufInit                       
00013797  USBDCDConfigDescGetSize              
000137cf  USBDCDConfigDescGetNum               
0001381d  USBDCDConfigDescGet                  
000138ab  USBDCDConfigGetNumAlternateInterfaces
000138ff  USBDCDConfigGetInterface             
00013935  USBDCDConfigGetInterfaceEndpoint     
000139e9  USBControlHandler                    
00013a73  USBTxHandler                         
00013ad7  USBRxHandler                         
00013b2d  UsbSerialInit                        
00013bbd  xUSBSerialGetChar                    
00013bd3  xUSBSerialPutChar                    
00013c51  _Sin                                 
00013ee5  pxPortInitialiseStack                
00013f43  xPortStartScheduler                  
00013f79  vPortEndScheduler                    
00013f7b  vPortEnterCritical                   
00013f93  vPortExitCritical                    
00013fab  xPortSysTickHandler                  
00013fc7  vPortSuppressTicksAndSleep           
00014115  vPortSetupTimerInterrupt             
00014171  _Exp                                 
0001436d  __aeabi_uldivmod                     
00014561  pvPortMalloc                         
0001466f  vPortFree                            
000146d1  xPortGetFreeHeapSize                 
000146d7  vPortInitialiseBlocks                
00014735  USBDescGetNum                        
00014791  USBDescGet                           
000147fb  USBDescGetNumAlternateInterfaces     
000148b5  USBDescGetInterface                  
000148e3  USBDescGetInterfaceEndpoint          
00014907  __aeabi_dsub                         
00014911  __aeabi_dadd                         
00014abd  fmod                                 
00014c31  __aeabi_ddiv                         
00014d67  vListInitialise                      
00014d97  vListInitialiseItem                  
00014da7  vListInsertEnd                       
00014de3  vListInsert                          
00014e49  uxListRemove                         
00014e91  ButtonsPoll                          
00014f37  ButtonsInit                          
00014fb9  _Dscale                              
000150c9  __aeabi_dmul                         
000151c5  CPUUsageTick                         
00015203  CPUUsageInit                         
000152b5  InternalUSBTickInit                  
000152f3  InternalUSBTickReset                 
000152fb  InternalUSBRegisterTickHandler       
0001534b  InternalUSBStartOfFrameTick          
000153a5  xPortPendSVHandler                   
00015403  ulPortSetInterruptMask               
00015419  vPortClearInterruptMask              
0001541f  vPortSVCHandler                      
0001543d  vPortStartFirstTask                  
0001545b  vPortEnableVFP                       
0001546d  vPortGetIPSR                         
00015473  ULPIConfigSet                        
00015515  ULPIPowerTransceiver                 
0001553b  _Dnorm                               
000155f9  CmdLineProcess                       
000156a5  __aeabi_memcpy                       
000156a5  __aeabi_memcpy4                      
000156a5  __aeabi_memcpy8                      
000156a5  memcpy                               
00015741  exp                                  
000157d1  __aeabi_cdcmpeq                      
000157d1  __aeabi_cdcmple                      
00015857  __aeabi_cdrcmple                     
000158dd  __aeabi_memclr                       
000158dd  __aeabi_memclr4                      
000158dd  __aeabi_memclr8                      
000158df  __aeabi_memset                       
000158df  __aeabi_memset4                      
000158df  __aeabi_memset8                      
000158e5  memset                               
00015959  __TI_auto_init                       
00015a31  create_checksum                      
00015a99  _Dunscale                            
00015b01  vConfigureTimerForRunTimeStats       
00015b65  sprintf                              
00015bc5  ltoa                                 
00015c1b  ldexp                                
00015c6d  _c_int00                             
00015cbd  __aeabi_f2ulz                        
00015d0d  atoi                                 
00015d59  copy_in                              
00015da5  srand                                
00015dbb  rand                                 
00015df1  __aeabi_d2f                          
00015e3b  __aeabi_d2iz                         
00015e85  C$$EXIT                              
00015e89  abort                                
00015e91  exit                                 
00015ec9  __aeabi_d2uiz                        
00015f0d  signal                               
00015f4d  __aeabi_uidiv                        
00015f4d  __aeabi_uidivmod                     
00015f8d  CPUcpsid                             
00015f99  CPUprimask                           
00015fa3  CPUcpsie                             
00015faf  CPUwfi                               
00015fb3  CPUbasepriSet                        
00015fc1  CPUbasepriGet                        
00015fcb  __aeabi_f2d                          
00016005  feraiseexcept                        
00016039  _Dclass                              
00016069  _Feraise                             
00016099  __aeabi_i2d                          
000160c7  raise                                
000160f5  ResetISR                             
00016121  frexp                                
0001614b  strncmp                              
00016171  GetOverflowCounts                    
00016195  USB0DeviceIntHandler                 
000161b9  memcmp                               
000161db  __aeabi_ui2d                         
000161fb  memccpy                              
00016217  sin                                  
00016231  _args_main                           
00016249  strcmp                               
00016261  strchr                               
00016279  _register_unlock                     
0001627f  _register_lock                       
00016287  _nop                                 
0001628d  strcpy                               
000162a1  strlen                               
000162b5  __TI_decompress_none                 
000162c3  __TI_zero_init                       
000162cf  SysCtlDelay                          
000162d5  __TI_decompress_rle24                
000162db  _system_pre_init                     
00016764  _ctypes_                             
00016d60  g_sCDCSerConfigSection               
00016d68  g_sIADSerConfigSection               
00016d70  g_sCDCSerCommInterfaceSection        
00016d78  g_sCDCSerDataInterfaceSection        
00016d80  g_sCDCSerConfigHeader                
00016d88  g_sCDCCompSerConfigHeader            
00016d90  g_ppCDCSerConfigDescriptors          
00016d94  g_pCDCCompSerConfigDescriptors       
00016d98  g_pui8ConfigString                   
00016e34  g_sCDCHandlers                       
00016e94  g_pui8ControlInterfaceString         
00016ee8  g_pui8ManufacturerString             
00016f0c  g_sRxBuffer                          
00016f30  g_sTxBuffer                          
00016f54  g_pui8CDCSerCommInterface            
00016f77  g_pui8ProductString                  
00016fb8  g_ppui8StringDescriptors             
00016fd0  g_pui8CDCSerDataInterface            
00016fe7  g_pui8LangDescriptor                 
00016feb  g_pui8SerialNumberString             
000171f0  __TI_Handler_Table_Base              
000171fc  __TI_Handler_Table_Limit             
00017210  __TI_CINIT_Base                      
00017228  __TI_CINIT_Limit                     
20000000  g_pfnRAMVectors                      
2000618c  g_pui8USBRxBuffer                    
2000628c  g_pui8USBTxBuffer                    
200064a8  g_psDCDInst                          
200064f8  xQueueRegistry                       
200065cc  g_pfnTickHandlers                    
20006614  g_pui8RxBufferWorkspace              
2000662c  g_pui8TxBufferWorkspace              
20006644  g_pvTickInstance                     
200066e8  color                                
20006700  altitud                              
20006708  combustible                          
20006710  ejes                                 
20006730  AltitudSemaphore                     
20006734  CombustibleSemaphore                 
20006738  EjesSemaphore                        
2000673c  HoraSemaphore                        
20006740  PilotoAutomaticoSemaphore            
20006744  TiempoSimSemaphore                   
20006748  VelocidadSemaphore                   
20006750  g_ppsDevInfo                         
20006758  g_ui32CPUUsage                       
20006770  g_ui32PollRate                       
20006780  g_ulSystemClock                      
20006784  g_xRxLineSemaphore                   
20006788  hora                                 
2000678c  potQueue                             
200067a0  tiempoSim                            
200067a8  velocidad                            
200067ac  velocidadQueue                       
200067b4  xEventGroup                          
200067bd  g_eOTGModeState                      
200067be  pulsacionLarga                       
20006870  _Denorm                              
20006880  _Eps                                 
20006890  _Hugeval                             
200068a0  _Inf                                 
200068b0  _Nan                                 
200068c0  _Snan                                
200068d0  _Rteps                               
200068e0  _Xbig                                
200068e8  _Zero                                
200068f0  g_psCmdTable                         
20006968  g_sCDCDevice                         
200069c8  g_pui8CDCSerDeviceDescriptor         
200069da  g_pui8CDCSerDescriptor               
200069e3  g_pui8IADSerDescriptor               
200069ec  g_psCDCSerSections                   
200069f8  g_psCDCCompSerSections               
20006a08  pxCurrentTCB                         
20006abc  SendSemaphore                        
20006ac0  sensorTaskHandle                     
20006ac4  consumoTaskHandle                    
20006ac8  PilautTaskHandle                     
20006ae0  g_ulUARTTxCount                      
20006ae4  g_ulUARTRxCount                      
20006af0  g_bUSBTimerInitialized               
20006af4  g_ui32CurrentUSBTick                 
20006af8  g_ui32USBSOFCount                    
20006afc  g_iUSBMode                           
20006b00  g_ui32WaitTicks                      
20006b10  _lock                                
20006b14  _unlock                              
20006b18  __TI_cleanup_ptr                     
20006b1c  __TI_dtors_ptr                       
20006b20  _Fenv                                
20006b24  _Tls_setup__Fenv                     
20006b3c  _Errno                               
20006b44  main_func_sp                         
20006b4c  __stack                              
20006d4c  __STACK_END                          
20006d4c  __STACK_TOP                          
ffffffff  __binit__                            
ffffffff  __c_args__                           
ffffffff  binit                                
UNDEFED   SHT$$INIT_ARRAY$$Base                
UNDEFED   SHT$$INIT_ARRAY$$Limit               

[841 symbols]
