******************************************************************************
                  TI ARM Linker Unix v5.1.10                   
******************************************************************************
>> Linked Mon May  4 11:11:46 2015

OUTPUT FILE NAME:   <base-practica_TIVA.out>
ENTRY POINT SYMBOL: "_c_int00"  address: 00014831


MEMORY CONFIGURATION

         name            origin    length      used     unused   attr    fill
----------------------  --------  ---------  --------  --------  ----  --------
  FLASH                 00000000   00040000  00015bb2  0002a44e  R  X
  SRAM                  20000000   00008000  00006ce6  0000131a  RW X


SEGMENT ALLOCATION MAP

run origin  load origin   length   init length attrs members
----------  ----------- ---------- ----------- ----- -------
00000000    00000000    00015bb8   00015bb8    r-x
  00000000    00000000    0000026c   0000026c    r-- .intvecs
  0000026c    0000026c    00014a92   00014a92    r-x .text
  00014d00    00014d00    00000d04   00000d04    r-- .const
  00015a08    00015a08    000001b0   000001b0    r-- .cinit
20000000    20000000    00006cec   00000000    rw-
  20000000    20000000    0000026c   00000000    rw- .vtable
  2000026c    2000026c    0000650e   00000000    rw- .bss
  20006780    20006780    0000036c   00000000    rw- .data
  20006aec    20006aec    00000200   00000000    rw- .stack


SECTION ALLOCATION MAP

 output                                  attributes/
section   page    origin      length       input sections
--------  ----  ----------  ----------   ----------------
.init_array 
*          0    00000000    00000000     UNINITIALIZED

.intvecs   0    00000000    0000026c     
                  00000000    0000026c     startup_ccs.obj (.intvecs)

.text      0    0000026c    00014a92     
                  0000026c    00002da0     usbhostenum.obj (.text)
                  0000300c    00001ad0     tasks.obj (.text)
                  00004adc    000015ba     usb.obj (.text)
                  00006096    00000002     --HOLE-- [fill = 0]
                  00006098    000012f8     usbdenum.obj (.text)
                  00007390    00000f20     usbdma.obj (.text)
                  000082b0    00000f00     sysctl.obj (.text)
                  000091b0    00000ec0     rtsv7M4_T_le_v4SPD16_eabi.lib : _printfi.obj (.text)
                  0000a070    00000e0c     usbdcdc.obj (.text)
                  0000ae7c    00000d34     uartstdio.obj (.text)
                  0000bbb0    00000c84     ustdlib.obj (.text)
                  0000c834    00000b98     gpio.obj (.text)
                  0000d3cc    00000a20     main.obj (.text)
                  0000ddec    000009cc     queue.obj (.text)
                  0000e7b8    00000920     usbhhub.obj (.text)
                  0000f0d8    000007c4     adc.obj (.text)
                  0000f89c    0000065a     timer.obj (.text)
                  0000fef6    00000002     --HOLE-- [fill = 0]
                  0000fef8    00000580     timers.obj (.text)
                  00010478    00000510     usbmode.obj (.text)
                  00010988    000004ba     usbbuffer.obj (.text)
                  00010e42    00000002     --HOLE-- [fill = 0]
                  00010e44    00000434     rgb.obj (.text)
                  00011278    000003d0     commands.obj (.text)
                  00011648    000003c0     interrupt.obj (.text)
                  00011a08    00000388     usbdconfig.obj (.text)
                  00011d90    00000338     protocol.obj (.text)
                  000120c8    000002f2     usbringbuf.obj (.text)
                  000123ba    000002de     usbdcdesc.obj (.text)
                  00012698    000002ac     usb_dev_serial.obj (.text)
                  00012944    000002a8     rtsv7M4_T_le_v4SPD16_eabi.lib : xsin.obj (.text)
                  00012bec    0000028c     port.obj (.text)
                  00012e78    000001fc     rtsv7M4_T_le_v4SPD16_eabi.lib : xexp.obj (.text)
                  00013074    000001f4                                   : ull_div_t2.obj (.text)
                  00013268    000001d4     heap_2.obj (.text)
                  0001343c    000001d2     usbdesc.obj (.text)
                  0001360e    000001b6     rtsv7M4_T_le_v4SPD16_eabi.lib : fd_add_t2.obj (.text)
                  000137c4    0000016c                                   : fmod.obj (.text)
                  00013930    00000136                                   : fd_div_t2.obj (.text)
                  00013a66    0000012a     list.obj (.text)
                  00013b90    00000110     rtsv7M4_T_le_v4SPD16_eabi.lib : xdscale.obj (.text)
                  00013ca0    000000fc                                   : fd_mul_t2.obj (.text)
                  00013d9c    000000f0     cpu_usage.obj (.text)
                  00013e8c    000000ec     usbtick.obj (.text)
                  00013f78    000000d2     portasm.obj (.text)
                  0001404a    000000c8     usbulpi.obj (.text)
                  00014112    000000c4     rtsv7M4_T_le_v4SPD16_eabi.lib : xdnorm.obj (.text)
                  000141d6    00000002     --HOLE-- [fill = 0]
                  000141d8    000000ac     cmdline.obj (.text)
                  00014284    0000009c     rtsv7M4_T_le_v4SPD16_eabi.lib : memcpy_t2.obj (.text)
                  00014320    00000094                                   : auto_init.obj (.text)
                  000143b4    00000086                                   : fd_cmp_t2.obj (.text:__aeabi_cdcmple)
                  0001443a    00000086                                   : fd_cmp_t2.obj (.text:__aeabi_cdrcmple)
                  000144c0    0000007a                                   : memset_t2.obj (.text)
                  0001453a    00000002     --HOLE-- [fill = 0]
                  0001453c    00000074                                   : exp.obj (.text)
                  000145b0    00000068     crc.obj (.text)
                  00014618    00000064     RunTimeStatsConfig.obj (.text)
                  0001467c    00000060     rtsv7M4_T_le_v4SPD16_eabi.lib : sprintf.obj (.text)
                  000146dc    0000005e                                   : copy_decompress_rle.obj (.text)
                  0001473a    0000005a                                   : ltoa.obj (.text)
                  00014794    00000050                                   : fs_toull_t2.obj (.text)
                  000147e4    0000004c                                   : atoi.obj (.text)
                  00014830    00000048                                   : boot.obj (.text)
                  00014878    00000048                                   : fd_toi_t2.obj (.text)
                  000148c0    00000044                                   : cpy_tbl.obj (.text)
                  00014904    00000044                                   : exit.obj (.text)
                  00014948    00000044                                   : fd_tou_t2.obj (.text)
                  0001498c    00000044                                   : xdtest.obj (.text)
                  000149d0    00000042                                   : u_divt2.obj (.text)
                  00014a12    00000002     --HOLE-- [fill = 0]
                  00014a14    00000040                                   : signal.obj (.text)
                  00014a54    0000003e     cpu.obj (.text)
                  00014a92    00000002     --HOLE-- [fill = 0]
                  00014a94    00000034     rtsv7M4_T_le_v4SPD16_eabi.lib : feraiseexcept.obj (.text)
                  00014ac8    00000030                                   : xferaise.obj (.text)
                  00014af8    0000002e                                   : i_tofd_t2.obj (.text)
                  00014b26    0000002e                                   : raise.obj (.text)
                  00014b54    0000002c     startup_ccs.obj (.text)
                  00014b80    00000024     RunTimeStatsConfig.obj (.text:GetOverflowCounts)
                  00014ba4    00000024     usbdhandler.obj (.text)
                  00014bc8    00000022     rtsv7M4_T_le_v4SPD16_eabi.lib : memcmp.obj (.text)
                  00014bea    00000020                                   : u_tofd_t2.obj (.text)
                  00014c0a    0000001c                                   : memccpy.obj (.text)
                  00014c26    0000001a                                   : sin.obj (.text)
                  00014c40    00000018                                   : args_main.obj (.text)
                  00014c58    00000018                                   : ll_mul_t2.obj (.text)
                  00014c70    00000018                                   : strcmp.obj (.text)
                  00014c88    00000014                                   : _lock.obj (.text)
                  00014c9c    00000014                                   : strlen.obj (.text)
                  00014cb0    00000012                                   : copy_zero_init.obj (.text:decompress:ZI)
                  00014cc2    00000012                                   : xdclass.obj (.text)
                  00014cd4    00000010                                   : strcpy.obj (.text)
                  00014ce4    0000000e                                   : copy_decompress_none.obj (.text:decompress:none)
                  00014cf2    00000006     sysctl.obj (.text:SysCtlDelay)
                  00014cf8    00000006     rtsv7M4_T_le_v4SPD16_eabi.lib : copy_decompress_rle.obj (.text:decompress:rle24)

.const     0    00014d00    00000d04     
                  00014d00    00000200     crc.obj (.const:crctttab)
                  00014f00    00000120     sysctl.obj (.const:g_pppui32XTALtoVCO)
                  00015020    00000102     rtsv7M4_T_le_v4SPD16_eabi.lib : ctype.obj (.const:.string:_ctypes_)
                  00015122    00000002     heap_2.obj (.const)
                  00015124    000000f2     commands.obj (.const:.string)
                  00015216    00000002     --HOLE-- [fill = 0]
                  00015218    000000c0     gpio.obj (.const:g_ppui32GPIOIntMapBlizzard)
                  000152d8    000000c0     gpio.obj (.const:g_ppui32GPIOIntMapSnowflake)
                  00015398    0000009c     interrupt.obj (.const:g_pui32Regs)
                  00015434    00000090     gpio.obj (.const:g_pui32GPIOBaseAddrs)
                  000154c4    00000004     --HOLE-- [fill = 0]
                  000154c8    00000080     rtsv7M4_T_le_v4SPD16_eabi.lib : xsin.obj (.const)
                  00015548    00000070     interrupt.obj (.const)
                  000155b8    0000006c     sysctl.obj (.const:g_pui32Xtals)
                  00015624    00000060     timer.obj (.const:g_ppui32TimerIntMap)
                  00015684    00000004     --HOLE-- [fill = 0]
                  00015688    00000048     rtsv7M4_T_le_v4SPD16_eabi.lib : xexp.obj (.const)
                  000156d0    00000040     timer.obj (.const:g_ppui32TimerIntMapSnowflake)
                  00015710    00000038     usbdcdc.obj (.const)
                  00015748    00000036     usb_serial_structs.obj (.const:.string:g_pui8ConfigString)
                  0001577e    00000002     --HOLE-- [fill = 0]
                  00015780    00000034     usbdenum.obj (.const:g_psUSBDStdRequests)
                  000157b4    00000030     ustdlib.obj (.const:g_psDaysToMonth)
                  000157e4    00000030     usbdcdc.obj (.const:g_sCDCHandlers)
                  00015814    00000030     sysctl.obj (.const:g_sXTALtoMEMTIM)
                  00015844    0000002c     usb_serial_structs.obj (.const:.string:g_pui8ControlInterfaceString)
                  00015870    00000028     uartstdio.obj (.const)
                  00015898    00000024     usb_serial_structs.obj (.const:.string:g_pui8ManufacturerString)
                  000158bc    00000024     usb_serial_structs.obj (.const:g_sRxBuffer)
                  000158e0    00000024     usb_serial_structs.obj (.const:g_sTxBuffer)
                  00015904    00000023     usbdcdc.obj (.const:.string:g_pui8CDCSerCommInterface)
                  00015927    00000022     usb_serial_structs.obj (.const:.string:g_pui8ProductString)
                  00015949    00000003     --HOLE-- [fill = 0]
                  0001594c    0000001c     ustdlib.obj (.const)
                  00015968    00000018     usb_serial_structs.obj (.const)
                  00015980    00000017     usbdcdc.obj (.const:.string)
                  00015997    00000016     usb_serial_structs.obj (.const:.string)
                  000159ad    00000014     tasks.obj (.const:.string)
                  000159c1    00000003     --HOLE-- [fill = 0]
                  000159c4    00000012     uartstdio.obj (.const:.string)
                  000159d6    00000002     --HOLE-- [fill = 0]
                  000159d8    00000012     ustdlib.obj (.const:.string)
                  000159ea    00000002     --HOLE-- [fill = 0]
                  000159ec    00000008     gpio.obj (.const)
                  000159f4    00000008     sysctl.obj (.const)
                  000159fc    00000008     timer.obj (.const)

.cinit     0    00015a08    000001b0     
                  00015a08    00000179     (.cinit..data.load) [load image, compression = rle]
                  00015b81    00000003     --HOLE-- [fill = 0]
                  00015b84    0000000c     (__TI_handler_table)
                  00015b90    00000008     (.cinit..bss.load) [load image, compression = zero_init]
                  00015b98    00000008     (.cinit..vtable.load) [load image, compression = zero_init]
                  00015ba0    00000018     (__TI_cinit_table)

.vtable    0    20000000    0000026c     UNINITIALIZED
                  20000000    0000026c     interrupt.obj (.vtable)

.bss       0    2000026c    0000650e     UNINITIALIZED
                  2000026c    00005000     heap_2.obj (.bss:ucHeap)
                  2000526c    000006cc     usbhostenum.obj (.bss:g_sUSBHCD)
                  20005938    00000400     uartstdio.obj (.bss:g_pcUARTTxBuffer)
                  20005d38    00000200     uartstdio.obj (.bss:g_pcUARTRxHistoryBuffer)
                  20005f38    00000140     tasks.obj (.bss:pxReadyTasksLists)
                  20006078    00000110     usbdma.obj (.bss:g_psUSBDMAInst)
                  20006188    00000100     usb_serial_structs.obj (.bss:g_pui8USBRxBuffer)
                  20006288    00000100     usb_serial_structs.obj (.bss:g_pui8USBTxBuffer)
                  20006388    0000009c     usbhhub.obj (.bss:g_sRootHub)
                  20006424    00000080     uartstdio.obj (.bss:g_pcUARTRxBuffer)
                  200064a4    00000050     usbdenum.obj (.bss:g_psDCDInst)
                  200064f4    00000050     queue.obj (.bss:xQueueRegistry)
                  20006544    00000040     usbdenum.obj (.bss:g_pui8DataBufferIn)
                  20006584    00000024     cmdline.obj (.bss:g_ppcArgv)
                  200065a8    00000020     (.common:g_usUARTRxHistoryOffset)
                  200065c8    00000018     (.common:g_pfnTickHandlers)
                  200065e0    00000018     (.common:g_pi32USBHActiveDriver)
                  200065f8    00000018     (.common:g_ppvDriverInstance)
                  20006610    00000018     (.common:g_pui8RxBufferWorkspace)
                  20006628    00000018     (.common:g_pui8TxBufferWorkspace)
                  20006640    00000018     (.common:g_pvTickInstance)
                  20006658    00000014     (.common:xActiveTimerList1)
                  2000666c    00000014     (.common:xActiveTimerList2)
                  20006680    00000014     (.common:xDelayedTaskList1)
                  20006694    00000014     (.common:xDelayedTaskList2)
                  200066a8    00000014     (.common:xPendingReadyList)
                  200066bc    00000014     (.common:xSuspendedTaskList)
                  200066d0    00000014     (.common:xTasksWaitingTermination)
                  200066e4    0000000c     (.common:g_ui32Colors)
                  200066f0    00000008     (.common:ejes)
                  200066f8    00000008     (.common:g_pui32Alloc)
                  20006700    00000008     (.common:xEnd)
                  20006708    00000008     (.common:xStart)
                  20006710    00000004     (.common:EjesSemaphore)
                  20006714    00000004     (.common:SendSemaphore)
                  20006718    00000004     (.common:g_pfnUSBModeCallback)
                  2000671c    00000004     (.common:g_ppsDevInfo)
                  20006720    00000004     (.common:g_pui8OversampleFactor)
                  20006724    00000004     (.common:g_ui32CPUUsage)
                  20006728    00000004     (.common:g_ui32CPUUsagePrevious)
                  2000672c    00000004     (.common:g_ui32CPUUsageTicks)
                  20006730    00000004     (.common:g_ui32CPUUsageTimer)
                  20006734    00000004     (.common:g_ui32ChangeFlags)
                  20006738    00000004     (.common:g_ui32HubChanges)
                  2000673c    00000004     (.common:g_ui32PollRate)
                  20006740    00000004     (.common:g_ui32PortNum)
                  20006744    00000004     (.common:g_ui32ULPISupport)
                  20006748    00000004     (.common:g_ui32ULPISupport)
                  2000674c    00000004     (.common:g_ulSystemClock)
                  20006750    00000004     (.common:g_xRxLineSemaphore)
                  20006754    00000004     (.common:potQueue)
                  20006758    00000004     (.common:pxCurrentTimerList)
                  2000675c    00000004     (.common:pxDelayedTaskList)
                  20006760    00000004     (.common:pxOverflowDelayedTaskList)
                  20006764    00000004     (.common:pxOverflowTimerList)
                  20006768    00000004     (.common:ulFlags$1)
                  2000676c    00000004     (.common:velocidadQueue)
                  20006770    00000004     (.common:xCharsForTx)
                  20006774    00000004     (.common:xRxedChars)
                  20006778    00000001     (.common:g_bDisableEcho)
                  20006779    00000001     (.common:g_eOTGModeState)

.data      0    20006780    0000036c     UNINITIALIZED
                  20006780    000000b0     rtsv7M4_T_le_v4SPD16_eabi.lib : signal.obj (.data:sigtable)
                  20006830    00000080                                   : xvalues.obj (.data)
                  200068b0    00000060     usb_serial_structs.obj (.data:g_sCDCDevice)
                  20006910    00000054     commands.obj (.data:g_psCmdTable)
                  20006964    00000040     usbdcdc.obj (.data)
                  200069a4    00000038     tasks.obj (.data)
                  200069dc    00000030     cpu_usage.obj (.data)
                  20006a0c    0000002c     usbhostenum.obj (.data)
                  20006a38    0000001d     uartstdio.obj (.data)
                  20006a55    00000003     --HOLE--
                  20006a58    00000019     main.obj (.data)
                  20006a71    00000003     --HOLE--
                  20006a74    00000010     port.obj (.data)
                  20006a84    00000010     usb_dev_serial.obj (.data)
                  20006a94    0000000c     usbtick.obj (.data)
                  20006aa0    00000009     usbmode.obj (.data)
                  20006aa9    00000003     --HOLE--
                  20006aac    00000008     heap_2.obj (.data)
                  20006ab4    00000008     rtsv7M4_T_le_v4SPD16_eabi.lib : _lock.obj (.data)
                  20006abc    00000008                                   : exit.obj (.data)
                  20006ac4    00000008                                   : feraiseexcept.obj (.data)
                  20006acc    00000008     timers.obj (.data)
                  20006ad4    00000008     usbdenum.obj (.data)
                  20006adc    00000004     rgb.obj (.data)
                  20006ae0    00000004     rtsv7M4_T_le_v4SPD16_eabi.lib : errno.obj (.data)
                  20006ae4    00000004                                   : stkdepth_vars.obj (.data)
                  20006ae8    00000004     ustdlib.obj (.data)

.stack     0    20006aec    00000200     UNINITIALIZED
                  20006aec    00000200     --HOLE--


LINKER GENERATED COPY TABLES

__TI_cinit_table @ 00015ba0 records: 3, size/record: 8, table size: 24
	.data: load addr=00015a08, load size=00000179 bytes, run addr=20006780, run size=0000036c bytes, compression=rle
	.bss: load addr=00015b90, load size=00000008 bytes, run addr=2000026c, run size=0000650e bytes, compression=zero_init
	.vtable: load addr=00015b98, load size=00000008 bytes, run addr=20000000, run size=0000026c bytes, compression=zero_init


LINKER GENERATED HANDLER TABLE

__TI_handler_table @ 00015b84 records: 3, size/record: 4, table size: 12
	index: 0, handler: __TI_zero_init
	index: 1, handler: __TI_decompress_rle24
	index: 2, handler: __TI_decompress_none


GLOBAL SYMBOLS: SORTED ALPHABETICALLY BY Name 

address    name
--------   ----
0000f815   ADCBusy
0000f85d   ADCClockConfigGet
0000f833   ADCClockConfigSet
0000f62d   ADCComparatorConfigure
0000f6fd   ADCComparatorIntClear
0000f6b3   ADCComparatorIntDisable
0000f6d1   ADCComparatorIntEnable
0000f6ef   ADCComparatorIntStatus
0000f649   ADCComparatorRegionSet
0000f66d   ADCComparatorReset
0000f5fb   ADCHardwareOversampleConfigure
0000f213   ADCIntClear
0000f777   ADCIntClearEx
0000f179   ADCIntDisable
0000f70f   ADCIntDisableEx
0000f195   ADCIntEnable
0000f727   ADCIntEnableEx
0000dcd5   ADCIntHandler
0000f133   ADCIntRegister
0000f1bb   ADCIntStatus
0000f745   ADCIntStatusEx
0000f15b   ADCIntUnregister
0000f7cf   ADCPhaseDelayGet
0000f7bd   ADCPhaseDelaySet
0000f473   ADCProcessorTrigger
0000f7ab   ADCReferenceGet
0000f78f   ADCReferenceSet
0000f25d   ADCSequenceConfigure
0000f7f9   ADCSequenceDMADisable
0000f7dd   ADCSequenceDMAEnable
0000f431   ADCSequenceDataGet
0000f243   ADCSequenceDisable
0000f229   ADCSequenceEnable
0000f3d5   ADCSequenceOverflow
0000f3ed   ADCSequenceOverflowClear
0000f2e1   ADCSequenceStepConfigure
0000f403   ADCSequenceUnderflow
0000f41b   ADCSequenceUnderflowClear
0000f497   ADCSoftwareOversampleConfigure
0000f58f   ADCSoftwareOversampleDataGet
0000f4cf   ADCSoftwareOversampleStepConfigure
00014905   C$$EXIT
00013ddb   CPUUsageInit
00013d9d   CPUUsageTick
00014a89   CPUbasepriGet
00014a7b   CPUbasepriSet
00014a55   CPUcpsid
00014a6b   CPUcpsie
00014a61   CPUprimask
00014a77   CPUwfi
000141d9   CmdLineProcess
00011279   Cmd_cpu
000112a3   Cmd_free
0001136d   Cmd_help
00011335   Cmd_stats
000112b9   Cmd_tasks
0000026d   ConfigDescAlloc
00000303   ConfigDescFree
20006710   EjesSemaphore
0000d3a7   GPIOADCTriggerDisable
0000d389   GPIOADCTriggerEnable
0000d36b   GPIODMATriggerDisable
0000d34d   GPIODMATriggerEnable
0000c8f3   GPIODirModeGet
0000c897   GPIODirModeSet
0000ce67   GPIOIntClear
0000ce2b   GPIOIntDisable
0000ce11   GPIOIntEnable
0000ce7b   GPIOIntRegister
0000ce45   GPIOIntStatus
0000c9e3   GPIOIntTypeGet
0000c93f   GPIOIntTypeSet
0000ce99   GPIOIntUnregister
0000ccbf   GPIOPadConfigGet
0000ca81   GPIOPadConfigSet
0000d2ef   GPIOPinConfigure
0000ceb3   GPIOPinRead
0000ceeb   GPIOPinTypeADC
0000cf0f   GPIOPinTypeCAN
0000d2bb   GPIOPinTypeCIR
0000cf33   GPIOPinTypeComparator
0000cf57   GPIOPinTypeEPI
0000cf7b   GPIOPinTypeEthernetLED
0000cf9f   GPIOPinTypeEthernetMII
0000cfc3   GPIOPinTypeGPIOInput
0000cfe7   GPIOPinTypeGPIOOutput
0000d00b   GPIOPinTypeGPIOOutputOD
0000d02f   GPIOPinTypeI2C
0000d053   GPIOPinTypeI2CSCL
0000d273   GPIOPinTypeKBColumn
0000d24f   GPIOPinTypeKBRow
0000d077   GPIOPinTypeLCD
0000d297   GPIOPinTypeLEDSeq
0000d09b   GPIOPinTypeLPC
0000d0bf   GPIOPinTypePECIRx
0000d0e3   GPIOPinTypePECITx
0000d107   GPIOPinTypePWM
0000d12b   GPIOPinTypeQEI
0000d14f   GPIOPinTypeSSI
0000d173   GPIOPinTypeTimer
0000d197   GPIOPinTypeUART
0000d1bb   GPIOPinTypeUSBAnalog
0000d1df   GPIOPinTypeUSBDigital
0000d203   GPIOPinTypeWakeHigh
0000d229   GPIOPinTypeWakeLow
0000d2df   GPIOPinWakeStatus
0000cecb   GPIOPinWrite
00014b81   GetOverflowCounts
00011809   IntDisable
00011797   IntEnable
0001187b   IntIsEnabled
0001165b   IntMasterDisable
0001164b   IntMasterEnable
00011971   IntPendClear
00011901   IntPendSet
00011773   IntPriorityGet
000116eb   IntPriorityGroupingGet
000116d1   IntPriorityGroupingSet
000119cb   IntPriorityMaskGet
000119bf   IntPriorityMaskSet
00011723   IntPrioritySet
0001166b   IntRegister
000119d3   IntTrigger
000116bd   IntUnregister
000023d9   InternalUSBHCDSendEvent
00013ed3   InternalUSBRegisterTickHandler
00013f23   InternalUSBStartOfFrameTick
00013e8d   InternalUSBTickInit
00013ecb   InternalUSBTickReset
00010863   OTGDeviceDisconnect
0000a2b9   ProcessDataFromHost
0000a3c9   ProcessDataToHost
0000a367   ProcessNotificationToHost
00010e45   RGBBlinkIntHandler
00011151   RGBBlinkRateSet
000111e5   RGBColorGet
0001108d   RGBColorSet
00011017   RGBDisable
00010f5f   RGBEnable
00010e73   RGBInit
0001113d   RGBIntensitySet
00011075   RGBSet
00014b55   ResetISR
UNDEFED    SHT$$INIT_ARRAY$$Base
UNDEFED    SHT$$INIT_ARRAY$$Limit
20006714   SendSemaphore
0000914f   SysCtlAltClkConfig
0000891d   SysCtlClockFreqSet
00008e01   SysCtlClockGet
00009133   SysCtlClockOutConfig
00008c35   SysCtlClockSet
0000881d   SysCtlDeepSleep
00008fd5   SysCtlDeepSleepClockConfigSet
00008fb9   SysCtlDeepSleepClockSet
000087fd   SysCtlDeepSleepPowerSet
00014cf3   SysCtlDelay
000083a9   SysCtlFlashSectorSizeGet
0000837d   SysCtlFlashSizeGet
000090ab   SysCtlGPIOAHBDisable
0000908f   SysCtlGPIOAHBEnable
00008791   SysCtlIntClear
00008779   SysCtlIntDisable
00008765   SysCtlIntEnable
0000873d   SysCtlIntRegister
000087a1   SysCtlIntStatus
00008755   SysCtlIntUnregister
000087e3   SysCtlLDODeepSleepGet
000087d3   SysCtlLDODeepSleepSet
000087cd   SysCtlLDOSleepGet
000087bd   SysCtlLDOSleepSet
00008853   SysCtlMOSCConfigSet
0000911f   SysCtlNMIClear
00009119   SysCtlNMIStatus
00008869   SysCtlPIOSCCalibrate
00009079   SysCtlPWMClockGet
0000905f   SysCtlPWMClockSet
000086e9   SysCtlPeripheralClockGating
000086a1   SysCtlPeripheralDeepSleepDisable
00008651   SysCtlPeripheralDeepSleepEnable
0000858d   SysCtlPeripheralDisable
00008551   SysCtlPeripheralEnable
0000848d   SysCtlPeripheralPowerOff
00008451   SysCtlPeripheralPowerOn
000083d1   SysCtlPeripheralPresent
00008411   SysCtlPeripheralReady
000084c9   SysCtlPeripheralReset
00008615   SysCtlPeripheralSleepDisable
000085d1   SysCtlPeripheralSleepEnable
0000880d   SysCtlReset
000088c9   SysCtlResetBehaviorGet
000088b9   SysCtlResetBehaviorSet
0000883f   SysCtlResetCauseClear
00008839   SysCtlResetCauseGet
00008373   SysCtlSRAMSizeGet
00008815   SysCtlSleep
000087e9   SysCtlSleepPowerSet
000090d9   SysCtlUSBPLLDisable
000090c7   SysCtlUSBPLLEnable
00009105   SysCtlVoltageEventClear
000090e9   SysCtlVoltageEventConfig
000090f9   SysCtlVoltageEventStatus
0000fe75   TimerADCEventGet
0000fe63   TimerADCEventSet
0000fb8d   TimerClockSourceGet
0000fb71   TimerClockSourceSet
0000f94f   TimerConfigure
0000fa6f   TimerControlEvent
0000f9cb   TimerControlLevel
0000fa99   TimerControlStall
0000fa01   TimerControlTrigger
0000facf   TimerControlWaitOnTrigger
0000fe95   TimerDMAEventGet
0000fe83   TimerDMAEventSet
0000f931   TimerDisable
0000f913   TimerEnable
0000fe3f   TimerIntClear
0000fe09   TimerIntDisable
0000fdf1   TimerIntEnable
0000fdab   TimerIntRegister
0000fe21   TimerIntStatus
0000fdd3   TimerIntUnregister
0000fc57   TimerLoadGet
0000fc93   TimerLoadGet64
0000fc2d   TimerLoadSet
0000fc73   TimerLoadSet64
0000fd3d   TimerMatchGet
0000fd79   TimerMatchGet64
0000fd13   TimerMatchSet
0000fd59   TimerMatchSet64
0000fbc7   TimerPrescaleGet
0000fc11   TimerPrescaleMatchGet
0000fbe3   TimerPrescaleMatchSet
0000fb9d   TimerPrescaleSet
0000fb45   TimerRTCDisable
0000fb2f   TimerRTCEnable
0000fe51   TimerSynchronize
0000fea3   TimerUpdateMode
0000fcc5   TimerValueGet
0000fce1   TimerValueGet64
0000b609   UARTEchoSet
0000b5a3   UARTFlushRx
0000b5cb   UARTFlushTx
0000b549   UARTPeek
0000b527   UARTRxBytesAvail
0000af8f   UARTStdioConfig
0000b641   UARTStdioIntHandler
0000b535   UARTTxBytesFree
0000b19f   UARTgetc
0000b123   UARTgets
0000b503   UARTprintf
0000b209   UARTvprintf
0000b07d   UARTwrite
0001404b   ULPIConfigSet
000140ed   ULPIPowerTransceiver
00014ba5   USB0DeviceIntHandler
00010535   USB0DualModeIntHandler
000022e1   USB0HostIntHandler
0001077d   USB0OTGModeIntHandler
00010cf7   USBBufferCallbackDataSet
00010da5   USBBufferDataAvailable
00010cdd   USBBufferDataRemoved
00010cbd   USBBufferDataWritten
00010dc9   USBBufferEventCallback
00010d55   USBBufferFlush
00010c8b   USBBufferInfoGet
00010c39   USBBufferInit
00010d67   USBBufferRead
00010db7   USBBufferSpaceAvailable
00010d11   USBBufferWrite
00010c5b   USBBufferZeroLengthPacketInsert
00005cd3   USBClockDisable
00005cb7   USBClockEnable
000126dd   USBControlHandler
00005ca3   USBControllerVersion
0000aa2d   USBDCDCCompositeInit
0000ab23   USBDCDCInit
0000aca5   USBDCDCPacketRead
0000ac03   USBDCDCPacketWrite
0000ae57   USBDCDCPowerStatusSet
0000ae6b   USBDCDCRemoteWakeupRequest
0000ad9d   USBDCDCRxPacketAvailable
0000adfd   USBDCDCSerialStateChange
0000aba9   USBDCDCSetControlCBData
0000abc7   USBDCDCSetRxCBData
0000abe5   USBDCDCSetTxCBData
0000ab91   USBDCDCTerm
0000ad7b   USBDCDCTxPacketAvailable
00012513   USBDCDConfigDescGet
000124c5   USBDCDConfigDescGetNum
0001248d   USBDCDConfigDescGetSize
000125f5   USBDCDConfigGetInterface
0001262b   USBDCDConfigGetInterfaceEndpoint
000125a1   USBDCDConfigGetNumAlternateInterfaces
00006099   USBDCDDeviceInfoInit
000063f5   USBDCDFeatureSet
000060e9   USBDCDInit
0000637f   USBDCDPowerStatusSet
000064b5   USBDCDRemoteWakeLPM
000064d9   USBDCDRemoteWakeupRequest
00006309   USBDCDRequestDataEP0
0000632f   USBDCDSendDataEP0
00006351   USBDCDSetDefaultConfiguration
00006363   USBDCDStallEP0
00006291   USBDCDTerm
00005e0b   USBDMAChannelAddressGet
00005def   USBDMAChannelAddressSet
00005d75   USBDMAChannelConfigSet
00005e3f   USBDMAChannelCountGet
00005e23   USBDMAChannelCountSet
00005d55   USBDMAChannelDisable
00005d35   USBDMAChannelEnable
00005d05   USBDMAChannelIntDisable
00005ce5   USBDMAChannelIntEnable
00005d25   USBDMAChannelIntStatus
00005da5   USBDMAChannelStatus
00005dc5   USBDMAChannelStatusClear
00005e57   USBDMANumChannels
00013499   USBDescGet
000135bd   USBDescGetInterface
000135eb   USBDescGetInterfaceEndpoint
0001343d   USBDescGetNum
00013503   USBDescGetNumAlternateInterfaces
00005111   USBDevAddrGet
000050fd   USBDevAddrSet
000050d1   USBDevConnect
000050e7   USBDevDisconnect
00005447   USBDevEndpointConfigGet
00005355   USBDevEndpointConfigSet
000057d1   USBDevEndpointDataAck
00004ffb   USBDevEndpointStall
0000505d   USBDevEndpointStallClear
00004e77   USBDevEndpointStatusClear
00005fc3   USBDevLPMConfig
00005ff1   USBDevLPMDisable
00005fd9   USBDevLPMEnable
00005fab   USBDevLPMRemoteWake
00005c0b   USBDevMode
00004c3d   USBDevSpeedGet
00011acf   USBDeviceConfig
00011cc5   USBDeviceConfigAlternate
00006605   USBDeviceEnumHandler
00006751   USBDeviceEnumResetHandler
000071a1   USBDeviceIntHandlerInternal
0000650d   USBDeviceResumeTickHandler
00010581   USBDualModeInit
000105f1   USBDualModeTerm
00005bbd   USBEndpointDMAChannel
00005603   USBEndpointDMAConfigSet
000056d5   USBEndpointDMADisable
0000569b   USBEndpointDMAEnable
0000570f   USBEndpointDataAvail
00005747   USBEndpointDataGet
00005841   USBEndpointDataPut
000058a5   USBEndpointDataSend
00004f95   USBEndpointDataToggleClear
00005c6f   USBEndpointPacketCountSet
00004e03   USBEndpointStatus
00005b93   USBFIFOAddrGet
0000559d   USBFIFOConfigGet
00005537   USBFIFOConfigSet
000058fd   USBFIFOFlush
00005b57   USBFrameNumberGet
00002911   USBHCDControlTransfer
00002d61   USBHCDDevAddress
00002d95   USBHCDDevClass
00002d39   USBHCDDevHubPort
00002e21   USBHCDDevProtocol
00002ddd   USBHCDDevSubClass
0000041b   USBHCDEventDisable
000003eb   USBHCDEventEnable
00002e79   USBHCDFeatureSet
00002a6d   USBHCDHubDeviceConnected
00002b05   USBHCDHubDeviceDisconnected
00001491   USBHCDInit
00002fc7   USBHCDLPMResume
00002f5f   USBHCDLPMSleep
00002f35   USBHCDLPMStatus
00002509   USBHCDMain
00000873   USBHCDPipeAlloc
000005f1   USBHCDPipeAllocSize
000008c1   USBHCDPipeConfig
00000dcb   USBHCDPipeDataAck
00001009   USBHCDPipeFree
00000dfd   USBHCDPipeRead
00000d81   USBHCDPipeReadNonBlocking
00000c55   USBHCDPipeSchedule
00000a3b   USBHCDPipeStatus
000005cb   USBHCDPipeTransferSizeGet
00000a71   USBHCDPipeWrite
00001437   USBHCDPowerAutomatic
000013a7   USBHCDPowerConfigGet
00001395   USBHCDPowerConfigInit
000013c5   USBHCDPowerConfigSet
000015ad   USBHCDRegisterDrivers
000016b1   USBHCDReset
0000170d   USBHCDResume
000018ed   USBHCDSetAddress
00001a33   USBHCDSetConfig
00001a7b   USBHCDSetInterface
0000188d   USBHCDStringDescriptorGet
000016fb   USBHCDSuspend
000015e1   USBHCDTerm
0000f045   USBHHubClose
0000efe9   USBHHubEnumerationComplete
0000f00b   USBHHubEnumerationError
0000f059   USBHHubInit
0000f087   USBHHubLPMSleep
0000f095   USBHHubLPMStatus
0000edc1   USBHHubMain
0000f02d   USBHHubOpen
00004bab   USBHighSpeed
00005a0d   USBHostAddrGet
000059d5   USBHostAddrSet
00001ac7   USBHostCheckPipes
00005125   USBHostEndpointConfig
0000580f   USBHostEndpointDataAck
00004ef9   USBHostEndpointDataToggle
00004fcf   USBHostEndpointPing
000052bf   USBHostEndpointSpeed
00004e2f   USBHostEndpointStatusClear
00005a9f   USBHostHubAddrGet
00005a3b   USBHostHubAddrSet
00001b8d   USBHostIntHandlerInternal
00005f6f   USBHostLPMConfig
00005f93   USBHostLPMResume
00005f27   USBHostLPMSend
00005bf9   USBHostMode
00005acd   USBHostPwrConfig
00005b3f   USBHostPwrDisable
00005b27   USBHostPwrEnable
00005b0f   USBHostPwrFaultDisable
00005af7   USBHostPwrFaultEnable
0000596d   USBHostRequestIN
00005995   USBHostRequestINClear
000059c3   USBHostRequestStatus
00004b7d   USBHostReset
00004bd9   USBHostResume
00004c07   USBHostSpeedGet
00004b67   USBHostSuspend
00004c55   USBIntDisableControl
00004d19   USBIntDisableEndpoint
00004c93   USBIntEnableControl
00004d47   USBIntEnableEndpoint
00004dcb   USBIntRegister
00004ccd   USBIntStatusControl
00004d75   USBIntStatusEndpoint
00004de9   USBIntUnregister
0000601d   USBLPMEndpointGet
0000607d   USBLPMIntDisable
00006063   USBLPMIntEnable
00006053   USBLPMIntStatus
00006009   USBLPMLinkStateGet
00006039   USBLPMRemoteWakeEnabled
000080ad   USBLibDMAAddrGet
000080dd   USBLibDMAInit
000080c5   USBLibDMASizeGet
00005c2f   USBModeConfig
00005ba9   USBModeGet
00005c8f   USBNumEndpointsGet
00010925   USBOTGFeatureSet
00010889   USBOTGMain
00005c1d   USBOTGMode
0001065f   USBOTGModeInit
00010625   USBOTGModeTerm
00010755   USBOTGPollRate
00005b65   USBOTGSessionRequest
00005c43   USBPHYPowerOff
00005c59   USBPHYPowerOn
000122b1   USBRingBufAdvanceRead
000122df   USBRingBufAdvanceWrite
0001220b   USBRingBufContigFree
000121dd   USBRingBufContigUsed
0001214b   USBRingBufEmpty
00012175   USBRingBufFlush
000121c7   USBRingBufFree
00012113   USBRingBufFull
00012397   USBRingBufInit
0001227b   USBRingBufRead
00012255   USBRingBufReadOne
00012247   USBRingBufSize
00012195   USBRingBufUsed
00012361   USBRingBufWrite
0001233b   USBRingBufWriteOne
000127c9   USBRxHandler
000104f9   USBStackModeSet
00012765   USBTxHandler
00005e69   USBULPIConfig
00005e97   USBULPIDisable
00005e7f   USBULPIEnable
00005eaf   USBULPIRegRead
00005ee7   USBULPIRegWrite
0001281f   UsbSerialInit
00014cc3   _Dclass
20006830   _Denorm
00014113   _Dnorm
00013b91   _Dscale
0001498d   _Dtest
20006840   _Eps
20006ae0   _Errno
00012e79   _Exp
20006ac4   _Fenv
00014ac9   _Feraise
20006850   _Hugeval
20006860   _Inf
20006870   _Nan
20006890   _Rteps
00012945   _Sin
20006880   _Snan
20006ac8   _Tls_setup__Fenv
200068a0   _Xbig
200068a8   _Zero
20006cec   __STACK_END
00000200   __STACK_SIZE
20006cec   __STACK_TOP
00015ba0   __TI_CINIT_Base
00015bb8   __TI_CINIT_Limit
00015b84   __TI_Handler_Table_Base
00015b90   __TI_Handler_Table_Limit
00000001   __TI_args_main
00014321   __TI_auto_init
20006abc   __TI_cleanup_ptr
00014ce5   __TI_decompress_none
00014cf9   __TI_decompress_rle24
20006ac0   __TI_dtors_ptr
00009d67   __TI_printfi
00000000   __TI_static_base__
00014cb1   __TI_zero_init
000143b5   __aeabi_cdcmpeq
000143b5   __aeabi_cdcmple
0001443b   __aeabi_cdrcmple
00014879   __aeabi_d2iz
00014949   __aeabi_d2uiz
00013619   __aeabi_dadd
00013931   __aeabi_ddiv
00013ca1   __aeabi_dmul
0001360f   __aeabi_dsub
00014795   __aeabi_f2ulz
00014af9   __aeabi_i2d
00014c59   __aeabi_lmul
000144c1   __aeabi_memclr
000144c1   __aeabi_memclr4
000144c1   __aeabi_memclr8
00014285   __aeabi_memcpy
00014285   __aeabi_memcpy4
00014285   __aeabi_memcpy8
000144c3   __aeabi_memset
000144c3   __aeabi_memset4
000144c3   __aeabi_memset8
00014beb   __aeabi_ui2d
000149d1   __aeabi_uidiv
000149d1   __aeabi_uidivmod
00013075   __aeabi_uldivmod
ffffffff   __binit__
ffffffff   __c_args__
20006aec   __stack
00014c41   _args_main
00014831   _c_int00
00015020   _ctypes_
20006ab4   _lock
00014c97   _nop
00014c8f   _register_lock
00014c89   _register_unlock
20006ab8   _unlock
00014909   abort
00011ed1   add_checksum_and_stuff
20006a6c   altitud
000147e5   atoi
ffffffff   binit
20006a64   combustible
0000db91   confADC
0000dabb   confGPIO
0000dca5   confQueue
0000da1d   confSys
0000db11   confTasks
0000dc3d   confTimer
0000da4d   confUART
20006a5c   consumoTaskHandle
000148c1   copy_in
000145b1   create_checksum
00011f97   create_frame
00011f43   destuff_and_check_checksum
00003e95   eTaskConfirmSleepModeStatus
200066f0   ejes
00014911   exit
0001453d   exp
00014a95   feraiseexcept
000137c5   fmod
00011e31   frame_DeStuffing
00011d91   frame_stuffing
20006a94   g_bUSBTimerInitialized
20006779   g_eOTGModeState
20006aa0   g_iUSBMode
00015744   g_pCDCCompSerConfigDescriptors
20000000   g_pfnRAMVectors
200065c8   g_pfnTickHandlers
00000000   g_pfnVectors
00015740   g_ppCDCSerConfigDescriptors
2000671c   g_ppsDevInfo
00015968   g_ppui8StringDescriptors
20006994   g_psCDCCompSerSections
20006988   g_psCDCSerSections
20006910   g_psCmdTable
200064a4   g_psDCDInst
00015904   g_pui8CDCSerCommInterface
00015980   g_pui8CDCSerDataInterface
20006976   g_pui8CDCSerDescriptor
20006964   g_pui8CDCSerDeviceDescriptor
00015748   g_pui8ConfigString
00015844   g_pui8ControlInterfaceString
2000697f   g_pui8IADSerDescriptor
00015997   g_pui8LangDescriptor
00015898   g_pui8ManufacturerString
00015927   g_pui8ProductString
20006610   g_pui8RxBufferWorkspace
0001599b   g_pui8SerialNumberString
20006628   g_pui8TxBufferWorkspace
20006188   g_pui8USBRxBuffer
20006288   g_pui8USBTxBuffer
20006640   g_pvTickInstance
00015738   g_sCDCCompSerConfigHeader
200068b0   g_sCDCDevice
000157e4   g_sCDCHandlers
00015720   g_sCDCSerCommInterfaceSection
00015730   g_sCDCSerConfigHeader
00015710   g_sCDCSerConfigSection
00015728   g_sCDCSerDataInterfaceSection
00015718   g_sIADSerConfigSection
000158bc   g_sRxBuffer
000158e0   g_sTxBuffer
20006724   g_ui32CPUUsage
20006a98   g_ui32CurrentUSBTick
2000673c   g_ui32PollRate
20006a9c   g_ui32USBSOFCount
20006aa4   g_ui32WaitTicks
2000674c   g_ulSystemClock
20006a88   g_ulUARTRxCount
20006a84   g_ulUARTTxCount
20006750   g_xRxLineSemaphore
20006a68   hora
0001473b   ltoa
0000d9d9   main
20006ae4   main_func_sp
00014c0b   memccpy
00014bc9   memcmp
00014285   memcpy
000144c9   memset
00003813   pcTaskGetTaskName
0000fff5   pcTimerGetTimerName
20006754   potQueue
00013269   pvPortMalloc
00004673   pvTaskIncrementMutexHeldCount
000103dd   pvTimerGetTimerID
200069a4   pxCurrentTCB
00012bed   pxPortInitialiseStack
00014b27   raise
0001201b   receive_frame
00012075   send_frame
20006a58   sensorTaskHandle
00014a15   signal
00014c27   sin
0001467d   sprintf
00014c71   strcmp
00014cd5   strcpy
00014c9d   strlen
0000e4d9   ucQueueGetQueueType
00013fdb   ulPortSetInterruptMask
00004691   ulTaskNotifyTake
0000c095   ulocaltime
0000c293   umktime
0000c80d   urand
0000c065   usnprintf
0000c033   usprintf
0000c7fd   usrand
0000c775   ustrcasecmp
0000c7e9   ustrcmp
0000c679   ustrlen
0000c6d1   ustrncasecmp
0000c789   ustrncmp
0000bbb1   ustrncpy
0000c69b   ustrstr
0000c441   ustrtof
0000c309   ustrtoul
0000bc09   uvsnprintf
00013b49   uxListRemove
0000e4b9   uxQueueGetQueueNumber
0000e45b   uxQueueMessagesWaiting
0000e491   uxQueueMessagesWaitingFromISR
0000e471   uxQueueSpacesAvailable
0000380d   uxTaskGetNumberOfTasks
0000421d   uxTaskGetStackHighWaterMark
00003835   uxTaskGetSystemState
00003e03   uxTaskGetTaskNumber
000032cd   uxTaskPriorityGet
00003301   uxTaskPriorityGetFromISR
00004651   uxTaskResetEventItemValue
0000d3f7   vApplicationIdleHook
0000d3ff   vApplicationMallocFailedHook
0000d3cd   vApplicationStackOverflowHook
0000d3d7   vApplicationTickHook
00014619   vConfigureTimerForRunTimeStats
00013a67   vListInitialise
00013a97   vListInitialiseItem
00013ae3   vListInsert
00013aa7   vListInsertEnd
00013ff1   vPortClearInterruptMask
00014033   vPortEnableVFP
00012c81   vPortEndScheduler
00012c83   vPortEnterCritical
00012c9b   vPortExitCritical
00013377   vPortFree
00014045   vPortGetIPSR
000133df   vPortInitialiseBlocks
00013ff7   vPortSVCHandler
00012e1d   vPortSetupTimerInterrupt
00014015   vPortStartFirstTask
00012ccf   vPortSuppressTicksAndSleep
0000e6eb   vQueueAddToRegistry
0000e4a3   vQueueDelete
0000e4c7   vQueueSetQueueNumber
0000e72d   vQueueUnregisterQueue
0000e767   vQueueWaitForMessageRestricted
0000326b   vTaskDelay
000031c3   vTaskDelayUntil
00003127   vTaskDelete
000036a7   vTaskEndScheduler
0000458d   vTaskGetRunTimeStats
00004495   vTaskList
00003dfb   vTaskMissedYield
00004a31   vTaskNotifyGiveFromISR
00003b35   vTaskPlaceOnEventList
00003c0d   vTaskPlaceOnEventListRestricted
00003b9d   vTaskPlaceOnUnorderedEventList
000042f1   vTaskPriorityInherit
00003349   vTaskPrioritySet
00003551   vTaskResume
00003e29   vTaskSetTaskNumber
00003d5f   vTaskSetTimeOutState
00003651   vTaskStartScheduler
000038f9   vTaskStepTick
00003459   vTaskSuspend
000036b9   vTaskSuspendAll
00003a55   vTaskSwitchContext
000113b1   vUARTTask
20006a60   velocidad
2000676c   velocidadQueue
000133d9   xPortGetFreeHeapSize
00013f7d   xPortPendSVHandler
00012c4b   xPortStartScheduler
00012cb3   xPortSysTickHandler
0000dff9   xQueueCreateCountingSemaphore
0000defd   xQueueCreateMutex
0000de89   xQueueGenericCreate
0000e231   xQueueGenericReceive
0000dded   xQueueGenericReset
0000e019   xQueueGenericSend
0000e141   xQueueGenericSendFromISR
0000e1bf   xQueueGiveFromISR
0000df73   xQueueGiveMutexRecursive
0000e687   xQueueIsQueueEmptyFromISR
0000e6c9   xQueueIsQueueFullFromISR
0000e417   xQueuePeekFromISR
0000e39f   xQueueReceiveFromISR
200064f4   xQueueRegistry
0000dfaf   xQueueTakeMutexRecursive
00003d81   xTaskCheckForTimeOut
0000300d   xTaskGenericCreate
000042ad   xTaskGetCurrentTaskHandle
000042c5   xTaskGetSchedulerState
000037e3   xTaskGetTickCount
000037f9   xTaskGetTickCountFromISR
00003929   xTaskIncrementTick
00004859   xTaskNotify
00004949   xTaskNotifyFromISR
00004761   xTaskNotifyWait
000043ab   xTaskPriorityDisinherit
00003c55   xTaskRemoveFromEventList
00003cf1   xTaskRemoveFromUnorderedEventList
00003705   xTaskResumeAll
000035cd   xTaskResumeFromISR
0000ff33   xTimerCreate
0000fef9   xTimerCreateTimerTask
0000ff87   xTimerGenericCommand
000103b1   xTimerIsTimerActive
0001042b   xTimerPendFunctionCall
000103f5   xTimerPendFunctionCallFromISR
000128af   xUSBSerialGetChar
000128c5   xUSBSerialPutChar


GLOBAL SYMBOLS: SORTED BY Symbol Address 

address    name
--------   ----
00000000   __TI_static_base__
00000000   g_pfnVectors
00000001   __TI_args_main
00000200   __STACK_SIZE
0000026d   ConfigDescAlloc
00000303   ConfigDescFree
000003eb   USBHCDEventEnable
0000041b   USBHCDEventDisable
000005cb   USBHCDPipeTransferSizeGet
000005f1   USBHCDPipeAllocSize
00000873   USBHCDPipeAlloc
000008c1   USBHCDPipeConfig
00000a3b   USBHCDPipeStatus
00000a71   USBHCDPipeWrite
00000c55   USBHCDPipeSchedule
00000d81   USBHCDPipeReadNonBlocking
00000dcb   USBHCDPipeDataAck
00000dfd   USBHCDPipeRead
00001009   USBHCDPipeFree
00001395   USBHCDPowerConfigInit
000013a7   USBHCDPowerConfigGet
000013c5   USBHCDPowerConfigSet
00001437   USBHCDPowerAutomatic
00001491   USBHCDInit
000015ad   USBHCDRegisterDrivers
000015e1   USBHCDTerm
000016b1   USBHCDReset
000016fb   USBHCDSuspend
0000170d   USBHCDResume
0000188d   USBHCDStringDescriptorGet
000018ed   USBHCDSetAddress
00001a33   USBHCDSetConfig
00001a7b   USBHCDSetInterface
00001ac7   USBHostCheckPipes
00001b8d   USBHostIntHandlerInternal
000022e1   USB0HostIntHandler
000023d9   InternalUSBHCDSendEvent
00002509   USBHCDMain
00002911   USBHCDControlTransfer
00002a6d   USBHCDHubDeviceConnected
00002b05   USBHCDHubDeviceDisconnected
00002d39   USBHCDDevHubPort
00002d61   USBHCDDevAddress
00002d95   USBHCDDevClass
00002ddd   USBHCDDevSubClass
00002e21   USBHCDDevProtocol
00002e79   USBHCDFeatureSet
00002f35   USBHCDLPMStatus
00002f5f   USBHCDLPMSleep
00002fc7   USBHCDLPMResume
0000300d   xTaskGenericCreate
00003127   vTaskDelete
000031c3   vTaskDelayUntil
0000326b   vTaskDelay
000032cd   uxTaskPriorityGet
00003301   uxTaskPriorityGetFromISR
00003349   vTaskPrioritySet
00003459   vTaskSuspend
00003551   vTaskResume
000035cd   xTaskResumeFromISR
00003651   vTaskStartScheduler
000036a7   vTaskEndScheduler
000036b9   vTaskSuspendAll
00003705   xTaskResumeAll
000037e3   xTaskGetTickCount
000037f9   xTaskGetTickCountFromISR
0000380d   uxTaskGetNumberOfTasks
00003813   pcTaskGetTaskName
00003835   uxTaskGetSystemState
000038f9   vTaskStepTick
00003929   xTaskIncrementTick
00003a55   vTaskSwitchContext
00003b35   vTaskPlaceOnEventList
00003b9d   vTaskPlaceOnUnorderedEventList
00003c0d   vTaskPlaceOnEventListRestricted
00003c55   xTaskRemoveFromEventList
00003cf1   xTaskRemoveFromUnorderedEventList
00003d5f   vTaskSetTimeOutState
00003d81   xTaskCheckForTimeOut
00003dfb   vTaskMissedYield
00003e03   uxTaskGetTaskNumber
00003e29   vTaskSetTaskNumber
00003e95   eTaskConfirmSleepModeStatus
0000421d   uxTaskGetStackHighWaterMark
000042ad   xTaskGetCurrentTaskHandle
000042c5   xTaskGetSchedulerState
000042f1   vTaskPriorityInherit
000043ab   xTaskPriorityDisinherit
00004495   vTaskList
0000458d   vTaskGetRunTimeStats
00004651   uxTaskResetEventItemValue
00004673   pvTaskIncrementMutexHeldCount
00004691   ulTaskNotifyTake
00004761   xTaskNotifyWait
00004859   xTaskNotify
00004949   xTaskNotifyFromISR
00004a31   vTaskNotifyGiveFromISR
00004b67   USBHostSuspend
00004b7d   USBHostReset
00004bab   USBHighSpeed
00004bd9   USBHostResume
00004c07   USBHostSpeedGet
00004c3d   USBDevSpeedGet
00004c55   USBIntDisableControl
00004c93   USBIntEnableControl
00004ccd   USBIntStatusControl
00004d19   USBIntDisableEndpoint
00004d47   USBIntEnableEndpoint
00004d75   USBIntStatusEndpoint
00004dcb   USBIntRegister
00004de9   USBIntUnregister
00004e03   USBEndpointStatus
00004e2f   USBHostEndpointStatusClear
00004e77   USBDevEndpointStatusClear
00004ef9   USBHostEndpointDataToggle
00004f95   USBEndpointDataToggleClear
00004fcf   USBHostEndpointPing
00004ffb   USBDevEndpointStall
0000505d   USBDevEndpointStallClear
000050d1   USBDevConnect
000050e7   USBDevDisconnect
000050fd   USBDevAddrSet
00005111   USBDevAddrGet
00005125   USBHostEndpointConfig
000052bf   USBHostEndpointSpeed
00005355   USBDevEndpointConfigSet
00005447   USBDevEndpointConfigGet
00005537   USBFIFOConfigSet
0000559d   USBFIFOConfigGet
00005603   USBEndpointDMAConfigSet
0000569b   USBEndpointDMAEnable
000056d5   USBEndpointDMADisable
0000570f   USBEndpointDataAvail
00005747   USBEndpointDataGet
000057d1   USBDevEndpointDataAck
0000580f   USBHostEndpointDataAck
00005841   USBEndpointDataPut
000058a5   USBEndpointDataSend
000058fd   USBFIFOFlush
0000596d   USBHostRequestIN
00005995   USBHostRequestINClear
000059c3   USBHostRequestStatus
000059d5   USBHostAddrSet
00005a0d   USBHostAddrGet
00005a3b   USBHostHubAddrSet
00005a9f   USBHostHubAddrGet
00005acd   USBHostPwrConfig
00005af7   USBHostPwrFaultEnable
00005b0f   USBHostPwrFaultDisable
00005b27   USBHostPwrEnable
00005b3f   USBHostPwrDisable
00005b57   USBFrameNumberGet
00005b65   USBOTGSessionRequest
00005b93   USBFIFOAddrGet
00005ba9   USBModeGet
00005bbd   USBEndpointDMAChannel
00005bf9   USBHostMode
00005c0b   USBDevMode
00005c1d   USBOTGMode
00005c2f   USBModeConfig
00005c43   USBPHYPowerOff
00005c59   USBPHYPowerOn
00005c6f   USBEndpointPacketCountSet
00005c8f   USBNumEndpointsGet
00005ca3   USBControllerVersion
00005cb7   USBClockEnable
00005cd3   USBClockDisable
00005ce5   USBDMAChannelIntEnable
00005d05   USBDMAChannelIntDisable
00005d25   USBDMAChannelIntStatus
00005d35   USBDMAChannelEnable
00005d55   USBDMAChannelDisable
00005d75   USBDMAChannelConfigSet
00005da5   USBDMAChannelStatus
00005dc5   USBDMAChannelStatusClear
00005def   USBDMAChannelAddressSet
00005e0b   USBDMAChannelAddressGet
00005e23   USBDMAChannelCountSet
00005e3f   USBDMAChannelCountGet
00005e57   USBDMANumChannels
00005e69   USBULPIConfig
00005e7f   USBULPIEnable
00005e97   USBULPIDisable
00005eaf   USBULPIRegRead
00005ee7   USBULPIRegWrite
00005f27   USBHostLPMSend
00005f6f   USBHostLPMConfig
00005f93   USBHostLPMResume
00005fab   USBDevLPMRemoteWake
00005fc3   USBDevLPMConfig
00005fd9   USBDevLPMEnable
00005ff1   USBDevLPMDisable
00006009   USBLPMLinkStateGet
0000601d   USBLPMEndpointGet
00006039   USBLPMRemoteWakeEnabled
00006053   USBLPMIntStatus
00006063   USBLPMIntEnable
0000607d   USBLPMIntDisable
00006099   USBDCDDeviceInfoInit
000060e9   USBDCDInit
00006291   USBDCDTerm
00006309   USBDCDRequestDataEP0
0000632f   USBDCDSendDataEP0
00006351   USBDCDSetDefaultConfiguration
00006363   USBDCDStallEP0
0000637f   USBDCDPowerStatusSet
000063f5   USBDCDFeatureSet
000064b5   USBDCDRemoteWakeLPM
000064d9   USBDCDRemoteWakeupRequest
0000650d   USBDeviceResumeTickHandler
00006605   USBDeviceEnumHandler
00006751   USBDeviceEnumResetHandler
000071a1   USBDeviceIntHandlerInternal
000080ad   USBLibDMAAddrGet
000080c5   USBLibDMASizeGet
000080dd   USBLibDMAInit
00008373   SysCtlSRAMSizeGet
0000837d   SysCtlFlashSizeGet
000083a9   SysCtlFlashSectorSizeGet
000083d1   SysCtlPeripheralPresent
00008411   SysCtlPeripheralReady
00008451   SysCtlPeripheralPowerOn
0000848d   SysCtlPeripheralPowerOff
000084c9   SysCtlPeripheralReset
00008551   SysCtlPeripheralEnable
0000858d   SysCtlPeripheralDisable
000085d1   SysCtlPeripheralSleepEnable
00008615   SysCtlPeripheralSleepDisable
00008651   SysCtlPeripheralDeepSleepEnable
000086a1   SysCtlPeripheralDeepSleepDisable
000086e9   SysCtlPeripheralClockGating
0000873d   SysCtlIntRegister
00008755   SysCtlIntUnregister
00008765   SysCtlIntEnable
00008779   SysCtlIntDisable
00008791   SysCtlIntClear
000087a1   SysCtlIntStatus
000087bd   SysCtlLDOSleepSet
000087cd   SysCtlLDOSleepGet
000087d3   SysCtlLDODeepSleepSet
000087e3   SysCtlLDODeepSleepGet
000087e9   SysCtlSleepPowerSet
000087fd   SysCtlDeepSleepPowerSet
0000880d   SysCtlReset
00008815   SysCtlSleep
0000881d   SysCtlDeepSleep
00008839   SysCtlResetCauseGet
0000883f   SysCtlResetCauseClear
00008853   SysCtlMOSCConfigSet
00008869   SysCtlPIOSCCalibrate
000088b9   SysCtlResetBehaviorSet
000088c9   SysCtlResetBehaviorGet
0000891d   SysCtlClockFreqSet
00008c35   SysCtlClockSet
00008e01   SysCtlClockGet
00008fb9   SysCtlDeepSleepClockSet
00008fd5   SysCtlDeepSleepClockConfigSet
0000905f   SysCtlPWMClockSet
00009079   SysCtlPWMClockGet
0000908f   SysCtlGPIOAHBEnable
000090ab   SysCtlGPIOAHBDisable
000090c7   SysCtlUSBPLLEnable
000090d9   SysCtlUSBPLLDisable
000090e9   SysCtlVoltageEventConfig
000090f9   SysCtlVoltageEventStatus
00009105   SysCtlVoltageEventClear
00009119   SysCtlNMIStatus
0000911f   SysCtlNMIClear
00009133   SysCtlClockOutConfig
0000914f   SysCtlAltClkConfig
00009d67   __TI_printfi
0000a2b9   ProcessDataFromHost
0000a367   ProcessNotificationToHost
0000a3c9   ProcessDataToHost
0000aa2d   USBDCDCCompositeInit
0000ab23   USBDCDCInit
0000ab91   USBDCDCTerm
0000aba9   USBDCDCSetControlCBData
0000abc7   USBDCDCSetRxCBData
0000abe5   USBDCDCSetTxCBData
0000ac03   USBDCDCPacketWrite
0000aca5   USBDCDCPacketRead
0000ad7b   USBDCDCTxPacketAvailable
0000ad9d   USBDCDCRxPacketAvailable
0000adfd   USBDCDCSerialStateChange
0000ae57   USBDCDCPowerStatusSet
0000ae6b   USBDCDCRemoteWakeupRequest
0000af8f   UARTStdioConfig
0000b07d   UARTwrite
0000b123   UARTgets
0000b19f   UARTgetc
0000b209   UARTvprintf
0000b503   UARTprintf
0000b527   UARTRxBytesAvail
0000b535   UARTTxBytesFree
0000b549   UARTPeek
0000b5a3   UARTFlushRx
0000b5cb   UARTFlushTx
0000b609   UARTEchoSet
0000b641   UARTStdioIntHandler
0000bbb1   ustrncpy
0000bc09   uvsnprintf
0000c033   usprintf
0000c065   usnprintf
0000c095   ulocaltime
0000c293   umktime
0000c309   ustrtoul
0000c441   ustrtof
0000c679   ustrlen
0000c69b   ustrstr
0000c6d1   ustrncasecmp
0000c775   ustrcasecmp
0000c789   ustrncmp
0000c7e9   ustrcmp
0000c7fd   usrand
0000c80d   urand
0000c897   GPIODirModeSet
0000c8f3   GPIODirModeGet
0000c93f   GPIOIntTypeSet
0000c9e3   GPIOIntTypeGet
0000ca81   GPIOPadConfigSet
0000ccbf   GPIOPadConfigGet
0000ce11   GPIOIntEnable
0000ce2b   GPIOIntDisable
0000ce45   GPIOIntStatus
0000ce67   GPIOIntClear
0000ce7b   GPIOIntRegister
0000ce99   GPIOIntUnregister
0000ceb3   GPIOPinRead
0000cecb   GPIOPinWrite
0000ceeb   GPIOPinTypeADC
0000cf0f   GPIOPinTypeCAN
0000cf33   GPIOPinTypeComparator
0000cf57   GPIOPinTypeEPI
0000cf7b   GPIOPinTypeEthernetLED
0000cf9f   GPIOPinTypeEthernetMII
0000cfc3   GPIOPinTypeGPIOInput
0000cfe7   GPIOPinTypeGPIOOutput
0000d00b   GPIOPinTypeGPIOOutputOD
0000d02f   GPIOPinTypeI2C
0000d053   GPIOPinTypeI2CSCL
0000d077   GPIOPinTypeLCD
0000d09b   GPIOPinTypeLPC
0000d0bf   GPIOPinTypePECIRx
0000d0e3   GPIOPinTypePECITx
0000d107   GPIOPinTypePWM
0000d12b   GPIOPinTypeQEI
0000d14f   GPIOPinTypeSSI
0000d173   GPIOPinTypeTimer
0000d197   GPIOPinTypeUART
0000d1bb   GPIOPinTypeUSBAnalog
0000d1df   GPIOPinTypeUSBDigital
0000d203   GPIOPinTypeWakeHigh
0000d229   GPIOPinTypeWakeLow
0000d24f   GPIOPinTypeKBRow
0000d273   GPIOPinTypeKBColumn
0000d297   GPIOPinTypeLEDSeq
0000d2bb   GPIOPinTypeCIR
0000d2df   GPIOPinWakeStatus
0000d2ef   GPIOPinConfigure
0000d34d   GPIODMATriggerEnable
0000d36b   GPIODMATriggerDisable
0000d389   GPIOADCTriggerEnable
0000d3a7   GPIOADCTriggerDisable
0000d3cd   vApplicationStackOverflowHook
0000d3d7   vApplicationTickHook
0000d3f7   vApplicationIdleHook
0000d3ff   vApplicationMallocFailedHook
0000d9d9   main
0000da1d   confSys
0000da4d   confUART
0000dabb   confGPIO
0000db11   confTasks
0000db91   confADC
0000dc3d   confTimer
0000dca5   confQueue
0000dcd5   ADCIntHandler
0000dded   xQueueGenericReset
0000de89   xQueueGenericCreate
0000defd   xQueueCreateMutex
0000df73   xQueueGiveMutexRecursive
0000dfaf   xQueueTakeMutexRecursive
0000dff9   xQueueCreateCountingSemaphore
0000e019   xQueueGenericSend
0000e141   xQueueGenericSendFromISR
0000e1bf   xQueueGiveFromISR
0000e231   xQueueGenericReceive
0000e39f   xQueueReceiveFromISR
0000e417   xQueuePeekFromISR
0000e45b   uxQueueMessagesWaiting
0000e471   uxQueueSpacesAvailable
0000e491   uxQueueMessagesWaitingFromISR
0000e4a3   vQueueDelete
0000e4b9   uxQueueGetQueueNumber
0000e4c7   vQueueSetQueueNumber
0000e4d9   ucQueueGetQueueType
0000e687   xQueueIsQueueEmptyFromISR
0000e6c9   xQueueIsQueueFullFromISR
0000e6eb   vQueueAddToRegistry
0000e72d   vQueueUnregisterQueue
0000e767   vQueueWaitForMessageRestricted
0000edc1   USBHHubMain
0000efe9   USBHHubEnumerationComplete
0000f00b   USBHHubEnumerationError
0000f02d   USBHHubOpen
0000f045   USBHHubClose
0000f059   USBHHubInit
0000f087   USBHHubLPMSleep
0000f095   USBHHubLPMStatus
0000f133   ADCIntRegister
0000f15b   ADCIntUnregister
0000f179   ADCIntDisable
0000f195   ADCIntEnable
0000f1bb   ADCIntStatus
0000f213   ADCIntClear
0000f229   ADCSequenceEnable
0000f243   ADCSequenceDisable
0000f25d   ADCSequenceConfigure
0000f2e1   ADCSequenceStepConfigure
0000f3d5   ADCSequenceOverflow
0000f3ed   ADCSequenceOverflowClear
0000f403   ADCSequenceUnderflow
0000f41b   ADCSequenceUnderflowClear
0000f431   ADCSequenceDataGet
0000f473   ADCProcessorTrigger
0000f497   ADCSoftwareOversampleConfigure
0000f4cf   ADCSoftwareOversampleStepConfigure
0000f58f   ADCSoftwareOversampleDataGet
0000f5fb   ADCHardwareOversampleConfigure
0000f62d   ADCComparatorConfigure
0000f649   ADCComparatorRegionSet
0000f66d   ADCComparatorReset
0000f6b3   ADCComparatorIntDisable
0000f6d1   ADCComparatorIntEnable
0000f6ef   ADCComparatorIntStatus
0000f6fd   ADCComparatorIntClear
0000f70f   ADCIntDisableEx
0000f727   ADCIntEnableEx
0000f745   ADCIntStatusEx
0000f777   ADCIntClearEx
0000f78f   ADCReferenceSet
0000f7ab   ADCReferenceGet
0000f7bd   ADCPhaseDelaySet
0000f7cf   ADCPhaseDelayGet
0000f7dd   ADCSequenceDMAEnable
0000f7f9   ADCSequenceDMADisable
0000f815   ADCBusy
0000f833   ADCClockConfigSet
0000f85d   ADCClockConfigGet
0000f913   TimerEnable
0000f931   TimerDisable
0000f94f   TimerConfigure
0000f9cb   TimerControlLevel
0000fa01   TimerControlTrigger
0000fa6f   TimerControlEvent
0000fa99   TimerControlStall
0000facf   TimerControlWaitOnTrigger
0000fb2f   TimerRTCEnable
0000fb45   TimerRTCDisable
0000fb71   TimerClockSourceSet
0000fb8d   TimerClockSourceGet
0000fb9d   TimerPrescaleSet
0000fbc7   TimerPrescaleGet
0000fbe3   TimerPrescaleMatchSet
0000fc11   TimerPrescaleMatchGet
0000fc2d   TimerLoadSet
0000fc57   TimerLoadGet
0000fc73   TimerLoadSet64
0000fc93   TimerLoadGet64
0000fcc5   TimerValueGet
0000fce1   TimerValueGet64
0000fd13   TimerMatchSet
0000fd3d   TimerMatchGet
0000fd59   TimerMatchSet64
0000fd79   TimerMatchGet64
0000fdab   TimerIntRegister
0000fdd3   TimerIntUnregister
0000fdf1   TimerIntEnable
0000fe09   TimerIntDisable
0000fe21   TimerIntStatus
0000fe3f   TimerIntClear
0000fe51   TimerSynchronize
0000fe63   TimerADCEventSet
0000fe75   TimerADCEventGet
0000fe83   TimerDMAEventSet
0000fe95   TimerDMAEventGet
0000fea3   TimerUpdateMode
0000fef9   xTimerCreateTimerTask
0000ff33   xTimerCreate
0000ff87   xTimerGenericCommand
0000fff5   pcTimerGetTimerName
000103b1   xTimerIsTimerActive
000103dd   pvTimerGetTimerID
000103f5   xTimerPendFunctionCallFromISR
0001042b   xTimerPendFunctionCall
000104f9   USBStackModeSet
00010535   USB0DualModeIntHandler
00010581   USBDualModeInit
000105f1   USBDualModeTerm
00010625   USBOTGModeTerm
0001065f   USBOTGModeInit
00010755   USBOTGPollRate
0001077d   USB0OTGModeIntHandler
00010863   OTGDeviceDisconnect
00010889   USBOTGMain
00010925   USBOTGFeatureSet
00010c39   USBBufferInit
00010c5b   USBBufferZeroLengthPacketInsert
00010c8b   USBBufferInfoGet
00010cbd   USBBufferDataWritten
00010cdd   USBBufferDataRemoved
00010cf7   USBBufferCallbackDataSet
00010d11   USBBufferWrite
00010d55   USBBufferFlush
00010d67   USBBufferRead
00010da5   USBBufferDataAvailable
00010db7   USBBufferSpaceAvailable
00010dc9   USBBufferEventCallback
00010e45   RGBBlinkIntHandler
00010e73   RGBInit
00010f5f   RGBEnable
00011017   RGBDisable
00011075   RGBSet
0001108d   RGBColorSet
0001113d   RGBIntensitySet
00011151   RGBBlinkRateSet
000111e5   RGBColorGet
00011279   Cmd_cpu
000112a3   Cmd_free
000112b9   Cmd_tasks
00011335   Cmd_stats
0001136d   Cmd_help
000113b1   vUARTTask
0001164b   IntMasterEnable
0001165b   IntMasterDisable
0001166b   IntRegister
000116bd   IntUnregister
000116d1   IntPriorityGroupingSet
000116eb   IntPriorityGroupingGet
00011723   IntPrioritySet
00011773   IntPriorityGet
00011797   IntEnable
00011809   IntDisable
0001187b   IntIsEnabled
00011901   IntPendSet
00011971   IntPendClear
000119bf   IntPriorityMaskSet
000119cb   IntPriorityMaskGet
000119d3   IntTrigger
00011acf   USBDeviceConfig
00011cc5   USBDeviceConfigAlternate
00011d91   frame_stuffing
00011e31   frame_DeStuffing
00011ed1   add_checksum_and_stuff
00011f43   destuff_and_check_checksum
00011f97   create_frame
0001201b   receive_frame
00012075   send_frame
00012113   USBRingBufFull
0001214b   USBRingBufEmpty
00012175   USBRingBufFlush
00012195   USBRingBufUsed
000121c7   USBRingBufFree
000121dd   USBRingBufContigUsed
0001220b   USBRingBufContigFree
00012247   USBRingBufSize
00012255   USBRingBufReadOne
0001227b   USBRingBufRead
000122b1   USBRingBufAdvanceRead
000122df   USBRingBufAdvanceWrite
0001233b   USBRingBufWriteOne
00012361   USBRingBufWrite
00012397   USBRingBufInit
0001248d   USBDCDConfigDescGetSize
000124c5   USBDCDConfigDescGetNum
00012513   USBDCDConfigDescGet
000125a1   USBDCDConfigGetNumAlternateInterfaces
000125f5   USBDCDConfigGetInterface
0001262b   USBDCDConfigGetInterfaceEndpoint
000126dd   USBControlHandler
00012765   USBTxHandler
000127c9   USBRxHandler
0001281f   UsbSerialInit
000128af   xUSBSerialGetChar
000128c5   xUSBSerialPutChar
00012945   _Sin
00012bed   pxPortInitialiseStack
00012c4b   xPortStartScheduler
00012c81   vPortEndScheduler
00012c83   vPortEnterCritical
00012c9b   vPortExitCritical
00012cb3   xPortSysTickHandler
00012ccf   vPortSuppressTicksAndSleep
00012e1d   vPortSetupTimerInterrupt
00012e79   _Exp
00013075   __aeabi_uldivmod
00013269   pvPortMalloc
00013377   vPortFree
000133d9   xPortGetFreeHeapSize
000133df   vPortInitialiseBlocks
0001343d   USBDescGetNum
00013499   USBDescGet
00013503   USBDescGetNumAlternateInterfaces
000135bd   USBDescGetInterface
000135eb   USBDescGetInterfaceEndpoint
0001360f   __aeabi_dsub
00013619   __aeabi_dadd
000137c5   fmod
00013931   __aeabi_ddiv
00013a67   vListInitialise
00013a97   vListInitialiseItem
00013aa7   vListInsertEnd
00013ae3   vListInsert
00013b49   uxListRemove
00013b91   _Dscale
00013ca1   __aeabi_dmul
00013d9d   CPUUsageTick
00013ddb   CPUUsageInit
00013e8d   InternalUSBTickInit
00013ecb   InternalUSBTickReset
00013ed3   InternalUSBRegisterTickHandler
00013f23   InternalUSBStartOfFrameTick
00013f7d   xPortPendSVHandler
00013fdb   ulPortSetInterruptMask
00013ff1   vPortClearInterruptMask
00013ff7   vPortSVCHandler
00014015   vPortStartFirstTask
00014033   vPortEnableVFP
00014045   vPortGetIPSR
0001404b   ULPIConfigSet
000140ed   ULPIPowerTransceiver
00014113   _Dnorm
000141d9   CmdLineProcess
00014285   __aeabi_memcpy
00014285   __aeabi_memcpy4
00014285   __aeabi_memcpy8
00014285   memcpy
00014321   __TI_auto_init
000143b5   __aeabi_cdcmpeq
000143b5   __aeabi_cdcmple
0001443b   __aeabi_cdrcmple
000144c1   __aeabi_memclr
000144c1   __aeabi_memclr4
000144c1   __aeabi_memclr8
000144c3   __aeabi_memset
000144c3   __aeabi_memset4
000144c3   __aeabi_memset8
000144c9   memset
0001453d   exp
000145b1   create_checksum
00014619   vConfigureTimerForRunTimeStats
0001467d   sprintf
0001473b   ltoa
00014795   __aeabi_f2ulz
000147e5   atoi
00014831   _c_int00
00014879   __aeabi_d2iz
000148c1   copy_in
00014905   C$$EXIT
00014909   abort
00014911   exit
00014949   __aeabi_d2uiz
0001498d   _Dtest
000149d1   __aeabi_uidiv
000149d1   __aeabi_uidivmod
00014a15   signal
00014a55   CPUcpsid
00014a61   CPUprimask
00014a6b   CPUcpsie
00014a77   CPUwfi
00014a7b   CPUbasepriSet
00014a89   CPUbasepriGet
00014a95   feraiseexcept
00014ac9   _Feraise
00014af9   __aeabi_i2d
00014b27   raise
00014b55   ResetISR
00014b81   GetOverflowCounts
00014ba5   USB0DeviceIntHandler
00014bc9   memcmp
00014beb   __aeabi_ui2d
00014c0b   memccpy
00014c27   sin
00014c41   _args_main
00014c59   __aeabi_lmul
00014c71   strcmp
00014c89   _register_unlock
00014c8f   _register_lock
00014c97   _nop
00014c9d   strlen
00014cb1   __TI_zero_init
00014cc3   _Dclass
00014cd5   strcpy
00014ce5   __TI_decompress_none
00014cf3   SysCtlDelay
00014cf9   __TI_decompress_rle24
00015020   _ctypes_
00015710   g_sCDCSerConfigSection
00015718   g_sIADSerConfigSection
00015720   g_sCDCSerCommInterfaceSection
00015728   g_sCDCSerDataInterfaceSection
00015730   g_sCDCSerConfigHeader
00015738   g_sCDCCompSerConfigHeader
00015740   g_ppCDCSerConfigDescriptors
00015744   g_pCDCCompSerConfigDescriptors
00015748   g_pui8ConfigString
000157e4   g_sCDCHandlers
00015844   g_pui8ControlInterfaceString
00015898   g_pui8ManufacturerString
000158bc   g_sRxBuffer
000158e0   g_sTxBuffer
00015904   g_pui8CDCSerCommInterface
00015927   g_pui8ProductString
00015968   g_ppui8StringDescriptors
00015980   g_pui8CDCSerDataInterface
00015997   g_pui8LangDescriptor
0001599b   g_pui8SerialNumberString
00015b84   __TI_Handler_Table_Base
00015b90   __TI_Handler_Table_Limit
00015ba0   __TI_CINIT_Base
00015bb8   __TI_CINIT_Limit
20000000   g_pfnRAMVectors
20006188   g_pui8USBRxBuffer
20006288   g_pui8USBTxBuffer
200064a4   g_psDCDInst
200064f4   xQueueRegistry
200065c8   g_pfnTickHandlers
20006610   g_pui8RxBufferWorkspace
20006628   g_pui8TxBufferWorkspace
20006640   g_pvTickInstance
200066f0   ejes
20006710   EjesSemaphore
20006714   SendSemaphore
2000671c   g_ppsDevInfo
20006724   g_ui32CPUUsage
2000673c   g_ui32PollRate
2000674c   g_ulSystemClock
20006750   g_xRxLineSemaphore
20006754   potQueue
2000676c   velocidadQueue
20006779   g_eOTGModeState
20006830   _Denorm
20006840   _Eps
20006850   _Hugeval
20006860   _Inf
20006870   _Nan
20006880   _Snan
20006890   _Rteps
200068a0   _Xbig
200068a8   _Zero
200068b0   g_sCDCDevice
20006910   g_psCmdTable
20006964   g_pui8CDCSerDeviceDescriptor
20006976   g_pui8CDCSerDescriptor
2000697f   g_pui8IADSerDescriptor
20006988   g_psCDCSerSections
20006994   g_psCDCCompSerSections
200069a4   pxCurrentTCB
20006a58   sensorTaskHandle
20006a5c   consumoTaskHandle
20006a60   velocidad
20006a64   combustible
20006a68   hora
20006a6c   altitud
20006a84   g_ulUARTTxCount
20006a88   g_ulUARTRxCount
20006a94   g_bUSBTimerInitialized
20006a98   g_ui32CurrentUSBTick
20006a9c   g_ui32USBSOFCount
20006aa0   g_iUSBMode
20006aa4   g_ui32WaitTicks
20006ab4   _lock
20006ab8   _unlock
20006abc   __TI_cleanup_ptr
20006ac0   __TI_dtors_ptr
20006ac4   _Fenv
20006ac8   _Tls_setup__Fenv
20006ae0   _Errno
20006ae4   main_func_sp
20006aec   __stack
20006cec   __STACK_END
20006cec   __STACK_TOP
ffffffff   __binit__
ffffffff   __c_args__
ffffffff   binit
UNDEFED    SHT$$INIT_ARRAY$$Base
UNDEFED    SHT$$INIT_ARRAY$$Limit

[787 symbols]
