******************************************************************************
                  TI ARM Linker PC v5.2.4                      
******************************************************************************
>> Linked Mon May 11 11:38:36 2015

OUTPUT FILE NAME:   <base-practica_TIVA.out>
ENTRY POINT SYMBOL: "_c_int00"  address: 00015b99


MEMORY CONFIGURATION

         name            origin    length      used     unused   attr    fill
----------------------  --------  ---------  --------  --------  ----  --------
  FLASH                 00000000   00040000  0001714e  00028eb2  R  X
  SRAM                  20000000   00008000  00006d47  000012b9  RW X


SEGMENT ALLOCATION MAP

run origin  load origin   length   init length attrs members
----------  ----------- ---------- ----------- ----- -------
00000000    00000000    00017158   00017158    r-x
  00000000    00000000    0000026c   0000026c    r-- .intvecs
  0000026c    0000026c    00015f9e   00015f9e    r-x .text
  00016210    00016210    00000d74   00000d74    r-- .const
  00016f88    00016f88    000001d0   000001d0    r-- .cinit
20000000    20000000    00006d4c   00000000    rw-
  20000000    20000000    0000026c   00000000    rw- .vtable
  20000270    20000270    0000654f   00000000    rw- .bss
  200067c0    200067c0    0000038c   00000000    rw- .data
  20006b4c    20006b4c    00000200   00000000    rw- .stack


SECTION ALLOCATION MAP

 output                                  attributes/
section   page    origin      length       input sections
--------  ----  ----------  ----------   ----------------
.intvecs   0    00000000    0000026c     
                  00000000    0000026c     startup_ccs.obj (.intvecs)

.text      0    0000026c    00015f9e     
                  0000026c    00002dac     usbhostenum.obj (.text)
                  00003018    00001acc     tasks.obj (.text)
                  00004ae4    000015ba     usb.obj (.text)
                  0000609e    00000002     rtsv7M4_T_le_v4SPD16_eabi.lib : i_div0.obj (.text)
                  000060a0    000012f8     usbdenum.obj (.text)
                  00007398    00001130     main.obj (.text)
                  000084c8    000010ba     rtsv7M4_T_le_v4SPD16_eabi.lib : _printfi.obj (.text)
                  00009582    00000002     --HOLE-- [fill = 0]
                  00009584    00000f20     usbdma.obj (.text)
                  0000a4a4    00000f00     sysctl.obj (.text)
                  0000b3a4    00000e0c     usbdcdc.obj (.text)
                  0000c1b0    00000d3c     uartstdio.obj (.text)
                  0000ceec    00000c84     ustdlib.obj (.text)
                  0000db70    00000b98     gpio.obj (.text)
                  0000e708    000009cc     queue.obj (.text)
                  0000f0d4    00000924     usbhhub.obj (.text)
                  0000f9f8    000007c4     adc.obj (.text)
                  000101bc    0000065a     timer.obj (.text)
                  00010816    00000002     --HOLE-- [fill = 0]
                  00010818    00000580     timers.obj (.text)
                  00010d98    0000056c     commands.obj (.text)
                  00011304    00000510     usbmode.obj (.text)
                  00011814    000004ba     usbbuffer.obj (.text)
                  00011cce    00000002     --HOLE-- [fill = 0]
                  00011cd0    00000434     rgb.obj (.text)
                  00012104    000003e4     event_groups.obj (.text)
                  000124e8    000003c0     interrupt.obj (.text)
                  000128a8    00000394     avion.obj (.text)
                  00012c3c    00000388     usbdconfig.obj (.text)
                  00012fc4    00000338     protocol.obj (.text)
                  000132fc    000002f4     usbringbuf.obj (.text)
                  000135f0    000002de     usbdcdesc.obj (.text)
                  000138ce    00000002     --HOLE-- [fill = 0]
                  000138d0    000002ac     usb_dev_serial.obj (.text)
                  00013b7c    00000294     rtsv7M4_T_le_v4SPD16_eabi.lib : xsin.obj (.text)
                  00013e10    0000028c     port.obj (.text)
                  0001409c    000001fc     rtsv7M4_T_le_v4SPD16_eabi.lib : xexp.obj (.text)
                  00014298    000001f4                                   : ull_div_t2.obj (.text)
                  0001448c    000001d4     heap_2.obj (.text)
                  00014660    000001d2     usbdesc.obj (.text)
                  00014832    000001b6     rtsv7M4_T_le_v4SPD16_eabi.lib : fd_add_t2.obj (.text)
                  000149e8    00000174                                   : fmod.obj (.text)
                  00014b5c    00000136                                   : fd_div_t2.obj (.text)
                  00014c92    0000012a     list.obj (.text)
                  00014dbc    00000128     buttons.obj (.text)
                  00014ee4    00000110     rtsv7M4_T_le_v4SPD16_eabi.lib : xdscale.obj (.text)
                  00014ff4    000000fc                                   : fd_mul_t2.obj (.text)
                  000150f0    000000f0     cpu_usage.obj (.text)
                  000151e0    000000ec     usbtick.obj (.text)
                  000152cc    000000d2     portasm.obj (.text)
                  0001539e    000000c8     usbulpi.obj (.text)
                  00015466    000000be     rtsv7M4_T_le_v4SPD16_eabi.lib : xdnorm.obj (.text)
                  00015524    000000ac     cmdline.obj (.text)
                  000155d0    0000009c     rtsv7M4_T_le_v4SPD16_eabi.lib : memcpy_t2.obj (.text)
                  0001566c    00000090                                   : exp.obj (.text)
                  000156fc    00000086                                   : fd_cmp_t2.obj (.text:__aeabi_cdcmple)
                  00015782    00000086                                   : fd_cmp_t2.obj (.text:__aeabi_cdrcmple)
                  00015808    0000007a                                   : memset_t2.obj (.text)
                  00015882    00000002     --HOLE-- [fill = 0]
                  00015884    0000006c                                   : autoinit.obj (.text)
                  000158f0    0000006a                                   : copy_decompress_rle.obj (.text)
                  0001595a    00000002     --HOLE-- [fill = 0]
                  0001595c    00000068     crc.obj (.text)
                  000159c4    00000066     rtsv7M4_T_le_v4SPD16_eabi.lib : xdunscal.obj (.text)
                  00015a2a    00000002     --HOLE-- [fill = 0]
                  00015a2c    00000064     RunTimeStatsConfig.obj (.text)
                  00015a90    00000060     rtsv7M4_T_le_v4SPD16_eabi.lib : sprintf.obj (.text)
                  00015af0    00000056                                   : ltoa.obj (.text)
                  00015b46    00000052                                   : ldexp.obj (.text)
                  00015b98    00000050                                   : boot.obj (.text)
                  00015be8    00000050                                   : fs_toull_t2.obj (.text)
                  00015c38    0000004c                                   : atoi.obj (.text)
                  00015c84    0000004c                                   : cpy_tbl.obj (.text)
                  00015cd0    0000004c                                   : rand.obj (.text)
                  00015d1c    0000004a                                   : fd_tos_t2.obj (.text)
                  00015d66    00000048                                   : fd_toi_t2.obj (.text)
                  00015dae    00000002     --HOLE-- [fill = 0]
                  00015db0    00000044                                   : exit.obj (.text)
                  00015df4    00000044                                   : fd_tou_t2.obj (.text)
                  00015e38    00000040                                   : signal.obj (.text)
                  00015e78    00000040                                   : u_divt2.obj (.text)
                  00015eb8    0000003e     cpu.obj (.text)
                  00015ef6    00000038     rtsv7M4_T_le_v4SPD16_eabi.lib : fs_tod_t2.obj (.text)
                  00015f2e    00000002     --HOLE-- [fill = 0]
                  00015f30    00000034                                   : feraiseexcept.obj (.text)
                  00015f64    00000030                                   : xdclass.obj (.text)
                  00015f94    00000030                                   : xferaise.obj (.text)
                  00015fc4    0000002e                                   : i_tofd_t2.obj (.text)
                  00015ff2    0000002e                                   : raise.obj (.text)
                  00016020    0000002c     startup_ccs.obj (.text)
                  0001604c    0000002a     rtsv7M4_T_le_v4SPD16_eabi.lib : frexp.obj (.text)
                  00016076    00000026                                   : strncmp.obj (.text)
                  0001609c    00000024     RunTimeStatsConfig.obj (.text:GetOverflowCounts)
                  000160c0    00000024     usbdhandler.obj (.text)
                  000160e4    00000022     rtsv7M4_T_le_v4SPD16_eabi.lib : memcmp.obj (.text)
                  00016106    00000020                                   : u_tofd_t2.obj (.text)
                  00016126    0000001c                                   : memccpy.obj (.text)
                  00016142    0000001a                                   : sin.obj (.text)
                  0001615c    00000018                                   : args_main.obj (.text)
                  00016174    00000018                                   : strcmp.obj (.text)
                  0001618c    00000016                                   : strchr.obj (.text)
                  000161a2    00000002     --HOLE-- [fill = 0]
                  000161a4    00000014                                   : _lock.obj (.text)
                  000161b8    00000014                                   : strcpy.obj (.text)
                  000161cc    00000014                                   : strlen.obj (.text)
                  000161e0    0000000e                                   : copy_decompress_none.obj (.text:decompress:none)
                  000161ee    0000000c                                   : copy_zero_init.obj (.text:decompress:ZI)
                  000161fa    00000006     sysctl.obj (.text:SysCtlDelay)
                  00016200    00000006     rtsv7M4_T_le_v4SPD16_eabi.lib : copy_decompress_rle.obj (.text:decompress:rle24)
                  00016206    00000004                                   : pre_init.obj (.text)

.const     0    00016210    00000d74     
                  00016210    00000200     crc.obj (.const:crctttab)
                  00016410    00000162     commands.obj (.const:.string)
                  00016572    00000002     heap_2.obj (.const)
                  00016574    00000120     sysctl.obj (.const:g_pppui32XTALtoVCO)
                  00016694    00000101     rtsv7M4_T_le_v4SPD16_eabi.lib : ctype.obj (.const:.string:_ctypes_)
                  00016795    00000003     --HOLE-- [fill = 0]
                  00016798    000000c0     gpio.obj (.const:g_ppui32GPIOIntMapBlizzard)
                  00016858    000000c0     gpio.obj (.const:g_ppui32GPIOIntMapSnowflake)
                  00016918    0000009c     interrupt.obj (.const:g_pui32Regs)
                  000169b4    00000090     gpio.obj (.const:g_pui32GPIOBaseAddrs)
                  00016a44    00000004     --HOLE-- [fill = 0]
                  00016a48    00000080     rtsv7M4_T_le_v4SPD16_eabi.lib : xsin.obj (.const)
                  00016ac8    00000070     interrupt.obj (.const)
                  00016b38    0000006c     sysctl.obj (.const:g_pui32Xtals)
                  00016ba4    00000060     timer.obj (.const:g_ppui32TimerIntMap)
                  00016c04    00000004     --HOLE-- [fill = 0]
                  00016c08    00000048     rtsv7M4_T_le_v4SPD16_eabi.lib : xexp.obj (.const)
                  00016c50    00000040     timer.obj (.const:g_ppui32TimerIntMapSnowflake)
                  00016c90    00000038     usbdcdc.obj (.const)
                  00016cc8    00000036     usb_serial_structs.obj (.const:.string:g_pui8ConfigString)
                  00016cfe    00000002     --HOLE-- [fill = 0]
                  00016d00    00000034     usbdenum.obj (.const:g_psUSBDStdRequests)
                  00016d34    00000030     ustdlib.obj (.const:g_psDaysToMonth)
                  00016d64    00000030     usbdcdc.obj (.const:g_sCDCHandlers)
                  00016d94    00000030     sysctl.obj (.const:g_sXTALtoMEMTIM)
                  00016dc4    0000002c     usb_serial_structs.obj (.const:.string:g_pui8ControlInterfaceString)
                  00016df0    00000028     uartstdio.obj (.const)
                  00016e18    00000024     usb_serial_structs.obj (.const:.string:g_pui8ManufacturerString)
                  00016e3c    00000024     usb_serial_structs.obj (.const:g_sRxBuffer)
                  00016e60    00000024     usb_serial_structs.obj (.const:g_sTxBuffer)
                  00016e84    00000023     usbdcdc.obj (.const:.string:g_pui8CDCSerCommInterface)
                  00016ea7    00000022     usb_serial_structs.obj (.const:.string:g_pui8ProductString)
                  00016ec9    00000003     --HOLE-- [fill = 0]
                  00016ecc    0000001c     ustdlib.obj (.const)
                  00016ee8    00000018     usb_serial_structs.obj (.const)
                  00016f00    00000017     usbdcdc.obj (.const:.string)
                  00016f17    00000016     usb_serial_structs.obj (.const:.string)
                  00016f2d    00000014     tasks.obj (.const:.string)
                  00016f41    00000003     --HOLE-- [fill = 0]
                  00016f44    00000012     uartstdio.obj (.const:.string)
                  00016f56    00000002     --HOLE-- [fill = 0]
                  00016f58    00000012     ustdlib.obj (.const:.string)
                  00016f6a    00000002     --HOLE-- [fill = 0]
                  00016f6c    00000008     gpio.obj (.const)
                  00016f74    00000008     sysctl.obj (.const)
                  00016f7c    00000008     timer.obj (.const)

.cinit     0    00016f88    000001d0     
                  00016f88    00000198     (.cinit..data.load) [load image, compression = rle]
                  00017120    0000000c     (__TI_handler_table)
                  0001712c    00000004     --HOLE-- [fill = 0]
                  00017130    00000008     (.cinit..bss.load) [load image, compression = zero_init]
                  00017138    00000008     (.cinit..vtable.load) [load image, compression = zero_init]
                  00017140    00000018     (__TI_cinit_table)

.init_array 
*          0    00000000    00000000     UNINITIALIZED

.vtable    0    20000000    0000026c     UNINITIALIZED
                  20000000    0000026c     interrupt.obj (.vtable)

.bss       0    20000270    0000654f     UNINITIALIZED
                  20000270    00005000     heap_2.obj (.bss:ucHeap)
                  20005270    000006cc     usbhostenum.obj (.bss:g_sUSBHCD)
                  2000593c    00000400     uartstdio.obj (.bss:g_pcUARTTxBuffer)
                  20005d3c    00000200     uartstdio.obj (.bss:g_pcUARTRxHistoryBuffer)
                  20005f3c    00000140     tasks.obj (.bss:pxReadyTasksLists)
                  2000607c    00000110     usbdma.obj (.bss:g_psUSBDMAInst)
                  2000618c    00000100     usb_serial_structs.obj (.bss:g_pui8USBRxBuffer)
                  2000628c    00000100     usb_serial_structs.obj (.bss:g_pui8USBTxBuffer)
                  2000638c    0000009c     usbhhub.obj (.bss:g_sRootHub)
                  20006428    00000080     uartstdio.obj (.bss:g_pcUARTRxBuffer)
                  200064a8    00000050     usbdenum.obj (.bss:g_psDCDInst)
                  200064f8    00000050     queue.obj (.bss:xQueueRegistry)
                  20006548    00000040     usbdenum.obj (.bss:g_pui8DataBufferIn)
                  20006588    00000024     cmdline.obj (.bss:g_ppcArgv)
                  200065ac    00000020     (.common:g_usUARTRxHistoryOffset)
                  200065cc    00000018     (.common:g_pfnTickHandlers)
                  200065e4    00000018     (.common:g_pi32USBHActiveDriver)
                  200065fc    00000018     (.common:g_ppvDriverInstance)
                  20006614    00000018     (.common:g_pui8RxBufferWorkspace)
                  2000662c    00000018     (.common:g_pui8TxBufferWorkspace)
                  20006644    00000018     (.common:g_pvTickInstance)
                  2000665c    00000014     (.common:xActiveTimerList1)
                  20006670    00000014     (.common:xActiveTimerList2)
                  20006684    00000014     (.common:xDelayedTaskList1)
                  20006698    00000014     (.common:xDelayedTaskList2)
                  200066ac    00000014     (.common:xPendingReadyList)
                  200066c0    00000014     (.common:xSuspendedTaskList)
                  200066d4    00000014     (.common:xTasksWaitingTermination)
                  200066e8    0000000c     (.common:color)
                  200066f4    0000000c     (.common:g_ui32Colors)
                  20006700    00000008     (.common:altitud)
                  20006708    00000008     (.common:combustible)
                  20006710    00000008     (.common:ejes)
                  20006718    00000008     (.common:g_pui32Alloc)
                  20006720    00000008     (.common:xEnd)
                  20006728    00000008     (.common:xStart)
                  20006730    00000004     (.common:AltitudSemaphore)
                  20006734    00000004     (.common:CombustibleSemaphore)
                  20006738    00000004     (.common:EjesSemaphore)
                  2000673c    00000004     (.common:HoraSemaphore)
                  20006740    00000004     (.common:PilotoAutomaticoSemaphore)
                  20006744    00000004     (.common:TiempoSimSemaphore)
                  20006748    00000004     (.common:VelocidadSemaphore)
                  2000674c    00000004     (.common:g_pfnUSBModeCallback)
                  20006750    00000004     (.common:g_ppsDevInfo)
                  20006754    00000004     (.common:g_pui8OversampleFactor)
                  20006758    00000004     (.common:g_ui32CPUUsage)
                  2000675c    00000004     (.common:g_ui32CPUUsagePrevious)
                  20006760    00000004     (.common:g_ui32CPUUsageTicks)
                  20006764    00000004     (.common:g_ui32CPUUsageTimer)
                  20006768    00000004     (.common:g_ui32ChangeFlags)
                  2000676c    00000004     (.common:g_ui32HubChanges)
                  20006770    00000004     (.common:g_ui32PollRate)
                  20006774    00000004     (.common:g_ui32PortNum)
                  20006778    00000004     (.common:g_ui32ULPISupport)
                  2000677c    00000004     (.common:g_ui32ULPISupport)
                  20006780    00000004     (.common:g_ulSystemClock)
                  20006784    00000004     (.common:g_xRxLineSemaphore)
                  20006788    00000004     (.common:hora)
                  2000678c    00000004     (.common:potQueue)
                  20006790    00000004     (.common:pxCurrentTimerList)
                  20006794    00000004     (.common:pxDelayedTaskList)
                  20006798    00000004     (.common:pxOverflowDelayedTaskList)
                  2000679c    00000004     (.common:pxOverflowTimerList)
                  200067a0    00000004     (.common:tiempoSim)
                  200067a4    00000004     (.common:ulFlags$1)
                  200067a8    00000004     (.common:velocidad)
                  200067ac    00000004     (.common:velocidadQueue)
                  200067b0    00000004     (.common:xCharsForTx)
                  200067b4    00000004     (.common:xEventGroup)
                  200067b8    00000004     (.common:xRxedChars)
                  200067bc    00000001     (.common:g_bDisableEcho)
                  200067bd    00000001     (.common:g_eOTGModeState)
                  200067be    00000001     (.common:pilotoAutomatico)

.data      0    200067c0    0000038c     UNINITIALIZED
                  200067c0    000000b0     rtsv7M4_T_le_v4SPD16_eabi.lib : signal.obj (.data:sigtable)
                  20006870    00000080                                   : xvalues.obj (.data)
                  200068f0    00000078     commands.obj (.data:g_psCmdTable)
                  20006968    00000060     usb_serial_structs.obj (.data:g_sCDCDevice)
                  200069c8    00000040     usbdcdc.obj (.data)
                  20006a08    00000038     tasks.obj (.data)
                  20006a40    00000030     cpu_usage.obj (.data)
                  20006a70    0000002c     usbhostenum.obj (.data)
                  20006a9c    0000001d     uartstdio.obj (.data)
                  20006ab9    00000003     buttons.obj (.data)
                  20006abc    00000011     main.obj (.data)
                  20006acd    00000003     --HOLE--
                  20006ad0    00000010     port.obj (.data)
                  20006ae0    00000010     usb_dev_serial.obj (.data)
                  20006af0    0000000c     usbtick.obj (.data)
                  20006afc    00000009     usbmode.obj (.data)
                  20006b05    00000003     --HOLE--
                  20006b08    00000008     heap_2.obj (.data)
                  20006b10    00000008     rtsv7M4_T_le_v4SPD16_eabi.lib : _lock.obj (.data)
                  20006b18    00000008                                   : exit.obj (.data)
                  20006b20    00000008                                   : feraiseexcept.obj (.data)
                  20006b28    00000008     timers.obj (.data)
                  20006b30    00000008     usbdenum.obj (.data)
                  20006b38    00000004     rgb.obj (.data)
                  20006b3c    00000004     rtsv7M4_T_le_v4SPD16_eabi.lib : errno.obj (.data)
                  20006b40    00000004                                   : rand.obj (.data)
                  20006b44    00000004                                   : stkdepth_vars.obj (.data)
                  20006b48    00000004     ustdlib.obj (.data)

.TI.noinit 
*          0    20000270    00000000     UNINITIALIZED

.TI.persistent 
*          0    200067c0    00000000     UNINITIALIZED

.stack     0    20006b4c    00000200     UNINITIALIZED
                  20006b4c    00000200     --HOLE--


LINKER GENERATED COPY TABLES

__TI_cinit_table @ 00017140 records: 3, size/record: 8, table size: 24
	.data: load addr=00016f88, load size=00000198 bytes, run addr=200067c0, run size=0000038c bytes, compression=rle
	.bss: load addr=00017130, load size=00000008 bytes, run addr=20000270, run size=0000654f bytes, compression=zero_init
	.vtable: load addr=00017138, load size=00000008 bytes, run addr=20000000, run size=0000026c bytes, compression=zero_init


LINKER GENERATED HANDLER TABLE

__TI_handler_table @ 00017120 records: 3, size/record: 4, table size: 12
	index: 0, handler: __TI_zero_init
	index: 1, handler: __TI_decompress_rle24
	index: 2, handler: __TI_decompress_none


GLOBAL SYMBOLS: SORTED ALPHABETICALLY BY Name 

address   name                                 
-------   ----                                 
00010135  ADCBusy                              
0001017d  ADCClockConfigGet                    
00010153  ADCClockConfigSet                    
0000ff4f  ADCComparatorConfigure               
0001001f  ADCComparatorIntClear                
0000ffd5  ADCComparatorIntDisable              
0000fff3  ADCComparatorIntEnable               
00010011  ADCComparatorIntStatus               
0000ff6b  ADCComparatorRegionSet               
0000ff8f  ADCComparatorReset                   
0000ff1d  ADCHardwareOversampleConfigure       
0000fb33  ADCIntClear                          
00010097  ADCIntClearEx                        
0000fa99  ADCIntDisable                        
00010031  ADCIntDisableEx                      
0000fab5  ADCIntEnable                         
00010049  ADCIntEnableEx                       
00008353  ADCIntHandler                        
0000fa53  ADCIntRegister                       
0000fadb  ADCIntStatus                         
00010065  ADCIntStatusEx                       
0000fa7b  ADCIntUnregister                     
000100ef  ADCPhaseDelayGet                     
000100dd  ADCPhaseDelaySet                     
0000fd93  ADCProcessorTrigger                  
000100cb  ADCReferenceGet                      
000100af  ADCReferenceSet                      
0000fb7d  ADCSequenceConfigure                 
00010119  ADCSequenceDMADisable                
000100fd  ADCSequenceDMAEnable                 
0000fd51  ADCSequenceDataGet                   
0000fb63  ADCSequenceDisable                   
0000fb49  ADCSequenceEnable                    
0000fcf5  ADCSequenceOverflow                  
0000fd0d  ADCSequenceOverflowClear             
0000fc01  ADCSequenceStepConfigure             
0000fd23  ADCSequenceUnderflow                 
0000fd3b  ADCSequenceUnderflowClear            
0000fdb7  ADCSoftwareOversampleConfigure       
0000feaf  ADCSoftwareOversampleDataGet         
0000fdef  ADCSoftwareOversampleStepConfigure   
20006730  AltitudSemaphore                     
000083a9  ButtonHandler                        
00014e63  ButtonsInit                          
00014dbd  ButtonsPoll                          
00015db1  C$$EXIT                              
0001512f  CPUUsageInit                         
000150f1  CPUUsageTick                         
00015eed  CPUbasepriGet                        
00015edf  CPUbasepriSet                        
00015eb9  CPUcpsid                             
00015ecf  CPUcpsie                             
00015ec5  CPUprimask                           
00015edb  CPUwfi                               
00015525  CmdLineProcess                       
00010d99  Cmd_cpu                              
00010dc3  Cmd_free                             
00010e8d  Cmd_help                             
00010f35  Cmd_radio                            
00010e55  Cmd_stats                            
00010dd9  Cmd_tasks                            
00010fdb  Cmd_timesim                          
00010ec5  Cmd_traza                            
20006734  CombustibleSemaphore                 
0000026d  ConfigDescAlloc                      
00000303  ConfigDescFree                       
20006738  EjesSemaphore                        
0000e6e3  GPIOADCTriggerDisable                
0000e6c5  GPIOADCTriggerEnable                 
0000e6a7  GPIODMATriggerDisable                
0000e689  GPIODMATriggerEnable                 
0000dc2f  GPIODirModeGet                       
0000dbd3  GPIODirModeSet                       
0000e1a3  GPIOIntClear                         
0000e167  GPIOIntDisable                       
0000e14d  GPIOIntEnable                        
0000e1b7  GPIOIntRegister                      
0000e181  GPIOIntStatus                        
0000dd1f  GPIOIntTypeGet                       
0000dc7b  GPIOIntTypeSet                       
0000e1d5  GPIOIntUnregister                    
0000dffb  GPIOPadConfigGet                     
0000ddbd  GPIOPadConfigSet                     
0000e62b  GPIOPinConfigure                     
0000e1ef  GPIOPinRead                          
0000e227  GPIOPinTypeADC                       
0000e24b  GPIOPinTypeCAN                       
0000e5f7  GPIOPinTypeCIR                       
0000e26f  GPIOPinTypeComparator                
0000e293  GPIOPinTypeEPI                       
0000e2b7  GPIOPinTypeEthernetLED               
0000e2db  GPIOPinTypeEthernetMII               
0000e2ff  GPIOPinTypeGPIOInput                 
0000e323  GPIOPinTypeGPIOOutput                
0000e347  GPIOPinTypeGPIOOutputOD              
0000e36b  GPIOPinTypeI2C                       
0000e38f  GPIOPinTypeI2CSCL                    
0000e5af  GPIOPinTypeKBColumn                  
0000e58b  GPIOPinTypeKBRow                     
0000e3b3  GPIOPinTypeLCD                       
0000e5d3  GPIOPinTypeLEDSeq                    
0000e3d7  GPIOPinTypeLPC                       
0000e3fb  GPIOPinTypePECIRx                    
0000e41f  GPIOPinTypePECITx                    
0000e443  GPIOPinTypePWM                       
0000e467  GPIOPinTypeQEI                       
0000e48b  GPIOPinTypeSSI                       
0000e4af  GPIOPinTypeTimer                     
0000e4d3  GPIOPinTypeUART                      
0000e4f7  GPIOPinTypeUSBAnalog                 
0000e51b  GPIOPinTypeUSBDigital                
0000e53f  GPIOPinTypeWakeHigh                  
0000e565  GPIOPinTypeWakeLow                   
0000e61b  GPIOPinWakeStatus                    
0000e207  GPIOPinWrite                         
0001609d  GetOverflowCounts                    
2000673c  HoraSemaphore                        
000126a9  IntDisable                           
00012637  IntEnable                            
0001271b  IntIsEnabled                         
000124fb  IntMasterDisable                     
000124eb  IntMasterEnable                      
00012811  IntPendClear                         
000127a1  IntPendSet                           
00012613  IntPriorityGet                       
0001258b  IntPriorityGroupingGet               
00012571  IntPriorityGroupingSet               
0001286b  IntPriorityMaskGet                   
0001285f  IntPriorityMaskSet                   
000125c3  IntPrioritySet                       
0001250b  IntRegister                          
00012873  IntTrigger                           
0001255d  IntUnregister                        
000023d9  InternalUSBHCDSendEvent              
00015227  InternalUSBRegisterTickHandler       
00015277  InternalUSBStartOfFrameTick          
000151e1  InternalUSBTickInit                  
0001521f  InternalUSBTickReset                 
000116ef  OTGDeviceDisconnect                  
20006ac8  PilautTaskHandle                     
20006740  PilotoAutomaticoSemaphore            
0000b5ed  ProcessDataFromHost                  
0000b6fd  ProcessDataToHost                    
0000b69b  ProcessNotificationToHost            
00011cd1  RGBBlinkIntHandler                   
00011fdd  RGBBlinkRateSet                      
00012071  RGBColorGet                          
00011f19  RGBColorSet                          
00011ea3  RGBDisable                           
00011deb  RGBEnable                            
00011cff  RGBInit                              
00011fc9  RGBIntensitySet                      
00011f01  RGBSet                               
00016021  ResetISR                             
UNDEFED   SHT$$INIT_ARRAY$$Base                
UNDEFED   SHT$$INIT_ARRAY$$Limit               
20006abc  SendSemaphore                        
0000b343  SysCtlAltClkConfig                   
0000ab11  SysCtlClockFreqSet                   
0000aff5  SysCtlClockGet                       
0000b327  SysCtlClockOutConfig                 
0000ae29  SysCtlClockSet                       
0000aa11  SysCtlDeepSleep                      
0000b1c9  SysCtlDeepSleepClockConfigSet        
0000b1ad  SysCtlDeepSleepClockSet              
0000a9f1  SysCtlDeepSleepPowerSet              
000161fb  SysCtlDelay                          
0000a59d  SysCtlFlashSectorSizeGet             
0000a571  SysCtlFlashSizeGet                   
0000b29f  SysCtlGPIOAHBDisable                 
0000b283  SysCtlGPIOAHBEnable                  
0000a985  SysCtlIntClear                       
0000a96d  SysCtlIntDisable                     
0000a959  SysCtlIntEnable                      
0000a931  SysCtlIntRegister                    
0000a995  SysCtlIntStatus                      
0000a949  SysCtlIntUnregister                  
0000a9d7  SysCtlLDODeepSleepGet                
0000a9c7  SysCtlLDODeepSleepSet                
0000a9c1  SysCtlLDOSleepGet                    
0000a9b1  SysCtlLDOSleepSet                    
0000aa47  SysCtlMOSCConfigSet                  
0000b313  SysCtlNMIClear                       
0000b30d  SysCtlNMIStatus                      
0000aa5d  SysCtlPIOSCCalibrate                 
0000b26d  SysCtlPWMClockGet                    
0000b253  SysCtlPWMClockSet                    
0000a8dd  SysCtlPeripheralClockGating          
0000a895  SysCtlPeripheralDeepSleepDisable     
0000a845  SysCtlPeripheralDeepSleepEnable      
0000a781  SysCtlPeripheralDisable              
0000a745  SysCtlPeripheralEnable               
0000a681  SysCtlPeripheralPowerOff             
0000a645  SysCtlPeripheralPowerOn              
0000a5c5  SysCtlPeripheralPresent              
0000a605  SysCtlPeripheralReady                
0000a6bd  SysCtlPeripheralReset                
0000a809  SysCtlPeripheralSleepDisable         
0000a7c5  SysCtlPeripheralSleepEnable          
0000aa01  SysCtlReset                          
0000aabd  SysCtlResetBehaviorGet               
0000aaad  SysCtlResetBehaviorSet               
0000aa33  SysCtlResetCauseClear                
0000aa2d  SysCtlResetCauseGet                  
0000a567  SysCtlSRAMSizeGet                    
0000aa09  SysCtlSleep                          
0000a9dd  SysCtlSleepPowerSet                  
0000b2cd  SysCtlUSBPLLDisable                  
0000b2bb  SysCtlUSBPLLEnable                   
0000b2f9  SysCtlVoltageEventClear              
0000b2dd  SysCtlVoltageEventConfig             
0000b2ed  SysCtlVoltageEventStatus             
20006744  TiempoSimSemaphore                   
00010795  TimerADCEventGet                     
00010783  TimerADCEventSet                     
000104ad  TimerClockSourceGet                  
00010491  TimerClockSourceSet                  
0001026f  TimerConfigure                       
0001038f  TimerControlEvent                    
000102eb  TimerControlLevel                    
000103b9  TimerControlStall                    
00010321  TimerControlTrigger                  
000103ef  TimerControlWaitOnTrigger            
000107b5  TimerDMAEventGet                     
000107a3  TimerDMAEventSet                     
00010251  TimerDisable                         
00010233  TimerEnable                          
0001075f  TimerIntClear                        
00010729  TimerIntDisable                      
00010711  TimerIntEnable                       
000106cb  TimerIntRegister                     
00010741  TimerIntStatus                       
000106f3  TimerIntUnregister                   
00010577  TimerLoadGet                         
000105b3  TimerLoadGet64                       
0001054d  TimerLoadSet                         
00010593  TimerLoadSet64                       
0001065d  TimerMatchGet                        
00010699  TimerMatchGet64                      
00010633  TimerMatchSet                        
00010679  TimerMatchSet64                      
000104e7  TimerPrescaleGet                     
00010531  TimerPrescaleMatchGet                
00010503  TimerPrescaleMatchSet                
000104bd  TimerPrescaleSet                     
00010465  TimerRTCDisable                      
0001044f  TimerRTCEnable                       
00010771  TimerSynchronize                     
000107c3  TimerUpdateMode                      
000105e5  TimerValueGet                        
00010601  TimerValueGet64                      
0000c941  UARTEchoSet                          
0000c8db  UARTFlushRx                          
0000c903  UARTFlushTx                          
0000c881  UARTPeek                             
0000c85f  UARTRxBytesAvail                     
0000c2c5  UARTStdioConfig                      
0000c979  UARTStdioIntHandler                  
0000c86d  UARTTxBytesFree                      
0000c4d5  UARTgetc                             
0000c459  UARTgets                             
0000c83b  UARTprintf                           
0000c541  UARTvprintf                          
0000c3b3  UARTwrite                            
0001539f  ULPIConfigSet                        
00015441  ULPIPowerTransceiver                 
000160c1  USB0DeviceIntHandler                 
000113c1  USB0DualModeIntHandler               
000022e1  USB0HostIntHandler                   
00011609  USB0OTGModeIntHandler                
00011b83  USBBufferCallbackDataSet             
00011c31  USBBufferDataAvailable               
00011b69  USBBufferDataRemoved                 
00011b49  USBBufferDataWritten                 
00011c55  USBBufferEventCallback               
00011be1  USBBufferFlush                       
00011b17  USBBufferInfoGet                     
00011ac5  USBBufferInit                        
00011bf3  USBBufferRead                        
00011c43  USBBufferSpaceAvailable              
00011b9d  USBBufferWrite                       
00011ae7  USBBufferZeroLengthPacketInsert      
00005cdb  USBClockDisable                      
00005cbf  USBClockEnable                       
00013915  USBControlHandler                    
00005cab  USBControllerVersion                 
0000bd61  USBDCDCCompositeInit                 
0000be57  USBDCDCInit                          
0000bfd9  USBDCDCPacketRead                    
0000bf37  USBDCDCPacketWrite                   
0000c18b  USBDCDCPowerStatusSet                
0000c19f  USBDCDCRemoteWakeupRequest           
0000c0d1  USBDCDCRxPacketAvailable             
0000c131  USBDCDCSerialStateChange             
0000bedd  USBDCDCSetControlCBData              
0000befb  USBDCDCSetRxCBData                   
0000bf19  USBDCDCSetTxCBData                   
0000bec5  USBDCDCTerm                          
0000c0af  USBDCDCTxPacketAvailable             
00013749  USBDCDConfigDescGet                  
000136fb  USBDCDConfigDescGetNum               
000136c3  USBDCDConfigDescGetSize              
0001382b  USBDCDConfigGetInterface             
00013861  USBDCDConfigGetInterfaceEndpoint     
000137d7  USBDCDConfigGetNumAlternateInterfaces
000060a1  USBDCDDeviceInfoInit                 
000063fd  USBDCDFeatureSet                     
000060f1  USBDCDInit                           
00006387  USBDCDPowerStatusSet                 
000064bd  USBDCDRemoteWakeLPM                  
000064e1  USBDCDRemoteWakeupRequest            
00006311  USBDCDRequestDataEP0                 
00006337  USBDCDSendDataEP0                    
00006359  USBDCDSetDefaultConfiguration        
0000636b  USBDCDStallEP0                       
00006299  USBDCDTerm                           
00005e13  USBDMAChannelAddressGet              
00005df7  USBDMAChannelAddressSet              
00005d7d  USBDMAChannelConfigSet               
00005e47  USBDMAChannelCountGet                
00005e2b  USBDMAChannelCountSet                
00005d5d  USBDMAChannelDisable                 
00005d3d  USBDMAChannelEnable                  
00005d0d  USBDMAChannelIntDisable              
00005ced  USBDMAChannelIntEnable               
00005d2d  USBDMAChannelIntStatus               
00005dad  USBDMAChannelStatus                  
00005dcd  USBDMAChannelStatusClear             
00005e5f  USBDMANumChannels                    
000146bd  USBDescGet                           
000147e1  USBDescGetInterface                  
0001480f  USBDescGetInterfaceEndpoint          
00014661  USBDescGetNum                        
00014727  USBDescGetNumAlternateInterfaces     
00005119  USBDevAddrGet                        
00005105  USBDevAddrSet                        
000050d9  USBDevConnect                        
000050ef  USBDevDisconnect                     
0000544f  USBDevEndpointConfigGet              
0000535d  USBDevEndpointConfigSet              
000057d9  USBDevEndpointDataAck                
00005003  USBDevEndpointStall                  
00005065  USBDevEndpointStallClear             
00004e7f  USBDevEndpointStatusClear            
00005fcb  USBDevLPMConfig                      
00005ff9  USBDevLPMDisable                     
00005fe1  USBDevLPMEnable                      
00005fb3  USBDevLPMRemoteWake                  
00005c13  USBDevMode                           
00004c45  USBDevSpeedGet                       
00012d03  USBDeviceConfig                      
00012ef9  USBDeviceConfigAlternate             
0000660d  USBDeviceEnumHandler                 
00006759  USBDeviceEnumResetHandler            
000071a9  USBDeviceIntHandlerInternal          
00006515  USBDeviceResumeTickHandler           
0001140d  USBDualModeInit                      
0001147d  USBDualModeTerm                      
00005bc5  USBEndpointDMAChannel                
0000560b  USBEndpointDMAConfigSet              
000056dd  USBEndpointDMADisable                
000056a3  USBEndpointDMAEnable                 
00005717  USBEndpointDataAvail                 
0000574f  USBEndpointDataGet                   
00005849  USBEndpointDataPut                   
000058ad  USBEndpointDataSend                  
00004f9d  USBEndpointDataToggleClear           
00005c77  USBEndpointPacketCountSet            
00004e0b  USBEndpointStatus                    
00005b9b  USBFIFOAddrGet                       
000055a5  USBFIFOConfigGet                     
0000553f  USBFIFOConfigSet                     
00005905  USBFIFOFlush                         
00005b5f  USBFrameNumberGet                    
00002911  USBHCDControlTransfer                
00002d61  USBHCDDevAddress                     
00002d95  USBHCDDevClass                       
00002d39  USBHCDDevHubPort                     
00002e29  USBHCDDevProtocol                    
00002de1  USBHCDDevSubClass                    
0000041b  USBHCDEventDisable                   
000003eb  USBHCDEventEnable                    
00002e89  USBHCDFeatureSet                     
00002a6d  USBHCDHubDeviceConnected             
00002b05  USBHCDHubDeviceDisconnected          
00001491  USBHCDInit                           
00002fd3  USBHCDLPMResume                      
00002f6b  USBHCDLPMSleep                       
00002f41  USBHCDLPMStatus                      
00002509  USBHCDMain                           
00000873  USBHCDPipeAlloc                      
000005f1  USBHCDPipeAllocSize                  
000008c1  USBHCDPipeConfig                     
00000dcb  USBHCDPipeDataAck                    
00001009  USBHCDPipeFree                       
00000dfd  USBHCDPipeRead                       
00000d81  USBHCDPipeReadNonBlocking            
00000c55  USBHCDPipeSchedule                   
00000a3b  USBHCDPipeStatus                     
000005cb  USBHCDPipeTransferSizeGet            
00000a71  USBHCDPipeWrite                      
00001437  USBHCDPowerAutomatic                 
000013a7  USBHCDPowerConfigGet                 
00001395  USBHCDPowerConfigInit                
000013c5  USBHCDPowerConfigSet                 
000015ad  USBHCDRegisterDrivers                
000016b1  USBHCDReset                          
0000170d  USBHCDResume                         
000018ed  USBHCDSetAddress                     
00001a33  USBHCDSetConfig                      
00001a7b  USBHCDSetInterface                   
0000188d  USBHCDStringDescriptorGet            
000016fb  USBHCDSuspend                        
000015e1  USBHCDTerm                           
0000f965  USBHHubClose                         
0000f909  USBHHubEnumerationComplete           
0000f92b  USBHHubEnumerationError              
0000f979  USBHHubInit                          
0000f9a7  USBHHubLPMSleep                      
0000f9b5  USBHHubLPMStatus                     
0000f6dd  USBHHubMain                          
0000f94d  USBHHubOpen                          
00004bb3  USBHighSpeed                         
00005a15  USBHostAddrGet                       
000059dd  USBHostAddrSet                       
00001ac7  USBHostCheckPipes                    
0000512d  USBHostEndpointConfig                
00005817  USBHostEndpointDataAck               
00004f01  USBHostEndpointDataToggle            
00004fd7  USBHostEndpointPing                  
000052c7  USBHostEndpointSpeed                 
00004e37  USBHostEndpointStatusClear           
00005aa7  USBHostHubAddrGet                    
00005a43  USBHostHubAddrSet                    
00001b8d  USBHostIntHandlerInternal            
00005f77  USBHostLPMConfig                     
00005f9b  USBHostLPMResume                     
00005f2f  USBHostLPMSend                       
00005c01  USBHostMode                          
00005ad5  USBHostPwrConfig                     
00005b47  USBHostPwrDisable                    
00005b2f  USBHostPwrEnable                     
00005b17  USBHostPwrFaultDisable               
00005aff  USBHostPwrFaultEnable                
00005975  USBHostRequestIN                     
0000599d  USBHostRequestINClear                
000059cb  USBHostRequestStatus                 
00004b85  USBHostReset                         
00004be1  USBHostResume                        
00004c0f  USBHostSpeedGet                      
00004b6f  USBHostSuspend                       
00004c5d  USBIntDisableControl                 
00004d21  USBIntDisableEndpoint                
00004c9b  USBIntEnableControl                  
00004d4f  USBIntEnableEndpoint                 
00004dd3  USBIntRegister                       
00004cd5  USBIntStatusControl                  
00004d7d  USBIntStatusEndpoint                 
00004df1  USBIntUnregister                     
00006025  USBLPMEndpointGet                    
00006085  USBLPMIntDisable                     
0000606b  USBLPMIntEnable                      
0000605b  USBLPMIntStatus                      
00006011  USBLPMLinkStateGet                   
00006041  USBLPMRemoteWakeEnabled              
0000a2a1  USBLibDMAAddrGet                     
0000a2d1  USBLibDMAInit                        
0000a2b9  USBLibDMASizeGet                     
00005c37  USBModeConfig                        
00005bb1  USBModeGet                           
00005c97  USBNumEndpointsGet                   
000117b1  USBOTGFeatureSet                     
00011715  USBOTGMain                           
00005c25  USBOTGMode                           
000114eb  USBOTGModeInit                       
000114b1  USBOTGModeTerm                       
000115e1  USBOTGPollRate                       
00005b6d  USBOTGSessionRequest                 
00005c4b  USBPHYPowerOff                       
00005c61  USBPHYPowerOn                        
000134e7  USBRingBufAdvanceRead                
00013515  USBRingBufAdvanceWrite               
00013441  USBRingBufContigFree                 
00013413  USBRingBufContigUsed                 
00013381  USBRingBufEmpty                      
000133ab  USBRingBufFlush                      
000133fd  USBRingBufFree                       
00013347  USBRingBufFull                       
000135cd  USBRingBufInit                       
000134b1  USBRingBufRead                       
0001348b  USBRingBufReadOne                    
0001347d  USBRingBufSize                       
000133cb  USBRingBufUsed                       
00013597  USBRingBufWrite                      
00013571  USBRingBufWriteOne                   
00013a03  USBRxHandler                         
00011385  USBStackModeSet                      
0001399f  USBTxHandler                         
00005e71  USBULPIConfig                        
00005e9f  USBULPIDisable                       
00005e87  USBULPIEnable                        
00005eb7  USBULPIRegRead                       
00005eef  USBULPIRegWrite                      
00013a59  UsbSerialInit                        
20006748  VelocidadSemaphore                   
00015f65  _Dclass                              
20006870  _Denorm                              
00015467  _Dnorm                               
00014ee5  _Dscale                              
000159c5  _Dunscale                            
20006880  _Eps                                 
20006b3c  _Errno                               
0001409d  _Exp                                 
20006b20  _Fenv                                
00015f95  _Feraise                             
20006890  _Hugeval                             
200068a0  _Inf                                 
200068b0  _Nan                                 
200068d0  _Rteps                               
00013b7d  _Sin                                 
200068c0  _Snan                                
20006b24  _Tls_setup__Fenv                     
200068e0  _Xbig                                
200068e8  _Zero                                
20006d4c  __STACK_END                          
00000200  __STACK_SIZE                         
20006d4c  __STACK_TOP                          
00017140  __TI_CINIT_Base                      
00017158  __TI_CINIT_Limit                     
00017120  __TI_Handler_Table_Base              
0001712c  __TI_Handler_Table_Limit             
00015885  __TI_auto_init                       
20006b18  __TI_cleanup_ptr                     
000161e1  __TI_decompress_none                 
00016201  __TI_decompress_rle24                
20006b1c  __TI_dtors_ptr                       
0000927d  __TI_printfi                         
00000000  __TI_static_base__                   
000161ef  __TI_zero_init                       
000156fd  __aeabi_cdcmpeq                      
000156fd  __aeabi_cdcmple                      
00015783  __aeabi_cdrcmple                     
00015d1d  __aeabi_d2f                          
00015d67  __aeabi_d2iz                         
00015df5  __aeabi_d2uiz                        
0001483d  __aeabi_dadd                         
00014b5d  __aeabi_ddiv                         
00014ff5  __aeabi_dmul                         
00014833  __aeabi_dsub                         
00015ef7  __aeabi_f2d                          
00015be9  __aeabi_f2ulz                        
00015fc5  __aeabi_i2d                          
0000609f  __aeabi_idiv0                        
00015809  __aeabi_memclr                       
00015809  __aeabi_memclr4                      
00015809  __aeabi_memclr8                      
000155d1  __aeabi_memcpy                       
000155d1  __aeabi_memcpy4                      
000155d1  __aeabi_memcpy8                      
0001580b  __aeabi_memset                       
0001580b  __aeabi_memset4                      
0001580b  __aeabi_memset8                      
00016107  __aeabi_ui2d                         
00015e79  __aeabi_uidiv                        
00015e79  __aeabi_uidivmod                     
00014299  __aeabi_uldivmod                     
ffffffff  __binit__                            
ffffffff  __c_args__                           
20006b4c  __stack                              
0001615d  _args_main                           
00015b99  _c_int00                             
00016694  _ctypes_                             
20006b10  _lock                                
000161b3  _nop                                 
000161ab  _register_lock                       
000161a5  _register_unlock                     
00016207  _system_pre_init                     
20006b14  _unlock                              
00015db5  abort                                
00013105  add_checksum_and_stuff               
20006700  altitud                              
00015c39  atoi                                 
ffffffff  binit                                
200066e8  color                                
20006708  combustible                          
00008159  confADC                              
00008029  confGPIO                             
00008313  confQueue                            
00008341  confSemaphores                       
00007f61  confSys                              
000080c1  confTasks                            
00008201  confTimer                            
00007f9d  confUART                             
20006ac4  consumoTaskHandle                    
00015c85  copy_in                              
000128a9  crearSemaphoresAvion                 
0001595d  create_checksum                      
000131cb  create_frame                         
00013177  destuff_and_check_checksum           
00003e9d  eTaskConfirmSleepModeStatus          
20006710  ejes                                 
00015dbd  exit                                 
0001566d  exp                                  
00015f31  feraiseexcept                        
000149e9  fmod                                 
00013065  frame_DeStuffing                     
00012fc5  frame_stuffing                       
0001604d  frexp                                
20006af0  g_bUSBTimerInitialized               
200067bd  g_eOTGModeState                      
20006afc  g_iUSBMode                           
00016cc4  g_pCDCCompSerConfigDescriptors       
20000000  g_pfnRAMVectors                      
200065cc  g_pfnTickHandlers                    
00000000  g_pfnVectors                         
00016cc0  g_ppCDCSerConfigDescriptors          
20006750  g_ppsDevInfo                         
00016ee8  g_ppui8StringDescriptors             
200069f8  g_psCDCCompSerSections               
200069ec  g_psCDCSerSections                   
200068f0  g_psCmdTable                         
200064a8  g_psDCDInst                          
00016e84  g_pui8CDCSerCommInterface            
00016f00  g_pui8CDCSerDataInterface            
200069da  g_pui8CDCSerDescriptor               
200069c8  g_pui8CDCSerDeviceDescriptor         
00016cc8  g_pui8ConfigString                   
00016dc4  g_pui8ControlInterfaceString         
200069e3  g_pui8IADSerDescriptor               
00016f17  g_pui8LangDescriptor                 
00016e18  g_pui8ManufacturerString             
00016ea7  g_pui8ProductString                  
20006614  g_pui8RxBufferWorkspace              
00016f1b  g_pui8SerialNumberString             
2000662c  g_pui8TxBufferWorkspace              
2000618c  g_pui8USBRxBuffer                    
2000628c  g_pui8USBTxBuffer                    
20006644  g_pvTickInstance                     
00016cb8  g_sCDCCompSerConfigHeader            
20006968  g_sCDCDevice                         
00016d64  g_sCDCHandlers                       
00016ca0  g_sCDCSerCommInterfaceSection        
00016cb0  g_sCDCSerConfigHeader                
00016c90  g_sCDCSerConfigSection               
00016ca8  g_sCDCSerDataInterfaceSection        
00016c98  g_sIADSerConfigSection               
00016e3c  g_sRxBuffer                          
00016e60  g_sTxBuffer                          
20006758  g_ui32CPUUsage                       
20006af4  g_ui32CurrentUSBTick                 
20006770  g_ui32PollRate                       
20006af8  g_ui32USBSOFCount                    
20006b00  g_ui32WaitTicks                      
20006780  g_ulSystemClock                      
20006ae4  g_ulUARTRxCount                      
20006ae0  g_ulUARTTxCount                      
20006784  g_xRxLineSemaphore                   
00012b55  getAltitud                           
00012af3  getCombustible                       
00012a8b  getEjes                              
00012b2b  getHora                              
00012bc9  getPilotoAutomatico                  
00012b8d  getTiempoSim                         
00012ac7  getVelocidad                         
20006788  hora                                 
000128f3  inicializarVariables                 
00015b47  ldexp                                
00015af1  ltoa                                 
00007f0f  main                                 
20006b44  main_func_sp                         
00016127  memccpy                              
000160e5  memcmp                               
000155d1  memcpy                               
00015811  memset                               
0000381f  pcTaskGetTaskName                    
00010915  pcTimerGetTimerName                  
200067be  pilotoAutomatico                     
2000678c  potQueue                             
0001448d  pvPortMalloc                         
0000467b  pvTaskIncrementMutexHeldCount        
00010cfd  pvTimerGetTimerID                    
20006a08  pxCurrentTCB                         
00013e11  pxPortInitialiseStack                
00015ff3  raise                                
00015ce7  rand                                 
0001324f  receive_frame                        
000132a9  send_frame                           
20006ac0  sensorTaskHandle                     
000129ff  setAltitud                           
000129a1  setCombustible                       
0001292f  setEjes                              
000129d5  setHora                              
00012a5d  setPilotoAutomatico                  
00012a33  setTiempoSim                         
00012975  setVelocidad                         
00015e39  signal                               
00016143  sin                                  
00015a91  sprintf                              
00015cd1  srand                                
0001618d  strchr                               
00016175  strcmp                               
000161b9  strcpy                               
000161cd  strlen                               
00016077  strncmp                              
200067a0  tiempoSim                            
00008441  timerBotonHandler                    
0000edf5  ucQueueGetQueueType                  
0001532f  ulPortSetInterruptMask               
00004699  ulTaskNotifyTake                     
0000d3d1  ulocaltime                           
0000d5cf  umktime                              
0000db49  urand                                
0000d3a1  usnprintf                            
0000d36f  usprintf                             
0000db39  usrand                               
0000dab1  ustrcasecmp                          
0000db25  ustrcmp                              
0000d9b5  ustrlen                              
0000da0d  ustrncasecmp                         
0000dac5  ustrncmp                             
0000ceed  ustrncpy                             
0000d9d7  ustrstr                              
0000d77d  ustrtof                              
0000d645  ustrtoul                             
0000cf45  uvsnprintf                           
000124bf  uxEventGroupGetNumber                
00014d75  uxListRemove                         
0000edd5  uxQueueGetQueueNumber                
0000ed77  uxQueueMessagesWaiting               
0000edad  uxQueueMessagesWaitingFromISR        
0000ed8d  uxQueueSpacesAvailable               
00003819  uxTaskGetNumberOfTasks               
00004229  uxTaskGetStackHighWaterMark          
00003841  uxTaskGetSystemState                 
00003e0b  uxTaskGetTaskNumber                  
000032d9  uxTaskPriorityGet                    
0000330d  uxTaskPriorityGetFromISR             
00004659  uxTaskResetEventItemValue            
000073c3  vApplicationIdleHook                 
000073cb  vApplicationMallocFailedHook         
00007399  vApplicationStackOverflowHook        
000073a3  vApplicationTickHook                 
00015a2d  vConfigureTimerForRunTimeStats       
00012459  vEventGroupClearBitsCallback         
00012415  vEventGroupDelete                    
00012449  vEventGroupSetBitsCallback           
00014c93  vListInitialise                      
00014cc3  vListInitialiseItem                  
00014d0f  vListInsert                          
00014cd3  vListInsertEnd                       
00015345  vPortClearInterruptMask              
00015387  vPortEnableVFP                       
00013ea5  vPortEndScheduler                    
00013ea7  vPortEnterCritical                   
00013ebf  vPortExitCritical                    
0001459b  vPortFree                            
00015399  vPortGetIPSR                         
00014603  vPortInitialiseBlocks                
0001534b  vPortSVCHandler                      
00014041  vPortSetupTimerInterrupt             
00015369  vPortStartFirstTask                  
00013ef3  vPortSuppressTicksAndSleep           
0000f007  vQueueAddToRegistry                  
0000edbf  vQueueDelete                         
0000ede3  vQueueSetQueueNumber                 
0000f049  vQueueUnregisterQueue                
0000f083  vQueueWaitForMessageRestricted       
00003277  vTaskDelay                           
000031cf  vTaskDelayUntil                      
00003133  vTaskDelete                          
000036b3  vTaskEndScheduler                    
00004595  vTaskGetRunTimeStats                 
0000449d  vTaskList                            
00003e03  vTaskMissedYield                     
00004a39  vTaskNotifyGiveFromISR               
00003b41  vTaskPlaceOnEventList                
00003c19  vTaskPlaceOnEventListRestricted      
00003ba9  vTaskPlaceOnUnorderedEventList       
000042f9  vTaskPriorityInherit                 
00003355  vTaskPrioritySet                     
0000355d  vTaskResume                          
00003e31  vTaskSetTaskNumber                   
00003d67  vTaskSetTimeOutState                 
0000365d  vTaskStartScheduler                  
00003905  vTaskStepTick                        
00003465  vTaskSuspend                         
000036c5  vTaskSuspendAll                      
00003a61  vTaskSwitchContext                   
0001119d  vUARTTask                            
200067a8  velocidad                            
200067ac  velocidadQueue                       
200067b4  xEventGroup                          
000122e1  xEventGroupClearBits                 
0001230d  xEventGroupClearBitsFromISR          
00012105  xEventGroupCreate                    
00012325  xEventGroupGetBitsFromISR            
0001234d  xEventGroupSetBits                   
0001249f  xEventGroupSetBitsFromISR            
00012125  xEventGroupSync                      
000121f7  xEventGroupWaitBits                  
000145fd  xPortGetFreeHeapSize                 
000152d1  xPortPendSVHandler                   
00013e6f  xPortStartScheduler                  
00013ed7  xPortSysTickHandler                  
0000e915  xQueueCreateCountingSemaphore        
0000e819  xQueueCreateMutex                    
0000e7a5  xQueueGenericCreate                  
0000eb4d  xQueueGenericReceive                 
0000e709  xQueueGenericReset                   
0000e935  xQueueGenericSend                    
0000ea5d  xQueueGenericSendFromISR             
0000eadb  xQueueGiveFromISR                    
0000e88f  xQueueGiveMutexRecursive             
0000efa3  xQueueIsQueueEmptyFromISR            
0000efe5  xQueueIsQueueFullFromISR             
0000ed33  xQueuePeekFromISR                    
0000ecbb  xQueueReceiveFromISR                 
200064f8  xQueueRegistry                       
0000e8cb  xQueueTakeMutexRecursive             
00003d89  xTaskCheckForTimeOut                 
00003019  xTaskGenericCreate                   
000042b5  xTaskGetCurrentTaskHandle            
000042cd  xTaskGetSchedulerState               
000037ef  xTaskGetTickCount                    
00003805  xTaskGetTickCountFromISR             
00003935  xTaskIncrementTick                   
00004861  xTaskNotify                          
00004951  xTaskNotifyFromISR                   
00004769  xTaskNotifyWait                      
000043b3  xTaskPriorityDisinherit              
00003c61  xTaskRemoveFromEventList             
00003cf9  xTaskRemoveFromUnorderedEventList    
00003711  xTaskResumeAll                       
000035d9  xTaskResumeFromISR                   
00010853  xTimerCreate                         
00010819  xTimerCreateTimerTask                
000108a7  xTimerGenericCommand                 
00010cd1  xTimerIsTimerActive                  
00010d4b  xTimerPendFunctionCall               
00010d15  xTimerPendFunctionCallFromISR        
00013ae9  xUSBSerialGetChar                    
00013aff  xUSBSerialPutChar                    


GLOBAL SYMBOLS: SORTED BY Symbol Address 

address   name                                 
-------   ----                                 
00000000  __TI_static_base__                   
00000000  g_pfnVectors                         
00000200  __STACK_SIZE                         
0000026d  ConfigDescAlloc                      
00000303  ConfigDescFree                       
000003eb  USBHCDEventEnable                    
0000041b  USBHCDEventDisable                   
000005cb  USBHCDPipeTransferSizeGet            
000005f1  USBHCDPipeAllocSize                  
00000873  USBHCDPipeAlloc                      
000008c1  USBHCDPipeConfig                     
00000a3b  USBHCDPipeStatus                     
00000a71  USBHCDPipeWrite                      
00000c55  USBHCDPipeSchedule                   
00000d81  USBHCDPipeReadNonBlocking            
00000dcb  USBHCDPipeDataAck                    
00000dfd  USBHCDPipeRead                       
00001009  USBHCDPipeFree                       
00001395  USBHCDPowerConfigInit                
000013a7  USBHCDPowerConfigGet                 
000013c5  USBHCDPowerConfigSet                 
00001437  USBHCDPowerAutomatic                 
00001491  USBHCDInit                           
000015ad  USBHCDRegisterDrivers                
000015e1  USBHCDTerm                           
000016b1  USBHCDReset                          
000016fb  USBHCDSuspend                        
0000170d  USBHCDResume                         
0000188d  USBHCDStringDescriptorGet            
000018ed  USBHCDSetAddress                     
00001a33  USBHCDSetConfig                      
00001a7b  USBHCDSetInterface                   
00001ac7  USBHostCheckPipes                    
00001b8d  USBHostIntHandlerInternal            
000022e1  USB0HostIntHandler                   
000023d9  InternalUSBHCDSendEvent              
00002509  USBHCDMain                           
00002911  USBHCDControlTransfer                
00002a6d  USBHCDHubDeviceConnected             
00002b05  USBHCDHubDeviceDisconnected          
00002d39  USBHCDDevHubPort                     
00002d61  USBHCDDevAddress                     
00002d95  USBHCDDevClass                       
00002de1  USBHCDDevSubClass                    
00002e29  USBHCDDevProtocol                    
00002e89  USBHCDFeatureSet                     
00002f41  USBHCDLPMStatus                      
00002f6b  USBHCDLPMSleep                       
00002fd3  USBHCDLPMResume                      
00003019  xTaskGenericCreate                   
00003133  vTaskDelete                          
000031cf  vTaskDelayUntil                      
00003277  vTaskDelay                           
000032d9  uxTaskPriorityGet                    
0000330d  uxTaskPriorityGetFromISR             
00003355  vTaskPrioritySet                     
00003465  vTaskSuspend                         
0000355d  vTaskResume                          
000035d9  xTaskResumeFromISR                   
0000365d  vTaskStartScheduler                  
000036b3  vTaskEndScheduler                    
000036c5  vTaskSuspendAll                      
00003711  xTaskResumeAll                       
000037ef  xTaskGetTickCount                    
00003805  xTaskGetTickCountFromISR             
00003819  uxTaskGetNumberOfTasks               
0000381f  pcTaskGetTaskName                    
00003841  uxTaskGetSystemState                 
00003905  vTaskStepTick                        
00003935  xTaskIncrementTick                   
00003a61  vTaskSwitchContext                   
00003b41  vTaskPlaceOnEventList                
00003ba9  vTaskPlaceOnUnorderedEventList       
00003c19  vTaskPlaceOnEventListRestricted      
00003c61  xTaskRemoveFromEventList             
00003cf9  xTaskRemoveFromUnorderedEventList    
00003d67  vTaskSetTimeOutState                 
00003d89  xTaskCheckForTimeOut                 
00003e03  vTaskMissedYield                     
00003e0b  uxTaskGetTaskNumber                  
00003e31  vTaskSetTaskNumber                   
00003e9d  eTaskConfirmSleepModeStatus          
00004229  uxTaskGetStackHighWaterMark          
000042b5  xTaskGetCurrentTaskHandle            
000042cd  xTaskGetSchedulerState               
000042f9  vTaskPriorityInherit                 
000043b3  xTaskPriorityDisinherit              
0000449d  vTaskList                            
00004595  vTaskGetRunTimeStats                 
00004659  uxTaskResetEventItemValue            
0000467b  pvTaskIncrementMutexHeldCount        
00004699  ulTaskNotifyTake                     
00004769  xTaskNotifyWait                      
00004861  xTaskNotify                          
00004951  xTaskNotifyFromISR                   
00004a39  vTaskNotifyGiveFromISR               
00004b6f  USBHostSuspend                       
00004b85  USBHostReset                         
00004bb3  USBHighSpeed                         
00004be1  USBHostResume                        
00004c0f  USBHostSpeedGet                      
00004c45  USBDevSpeedGet                       
00004c5d  USBIntDisableControl                 
00004c9b  USBIntEnableControl                  
00004cd5  USBIntStatusControl                  
00004d21  USBIntDisableEndpoint                
00004d4f  USBIntEnableEndpoint                 
00004d7d  USBIntStatusEndpoint                 
00004dd3  USBIntRegister                       
00004df1  USBIntUnregister                     
00004e0b  USBEndpointStatus                    
00004e37  USBHostEndpointStatusClear           
00004e7f  USBDevEndpointStatusClear            
00004f01  USBHostEndpointDataToggle            
00004f9d  USBEndpointDataToggleClear           
00004fd7  USBHostEndpointPing                  
00005003  USBDevEndpointStall                  
00005065  USBDevEndpointStallClear             
000050d9  USBDevConnect                        
000050ef  USBDevDisconnect                     
00005105  USBDevAddrSet                        
00005119  USBDevAddrGet                        
0000512d  USBHostEndpointConfig                
000052c7  USBHostEndpointSpeed                 
0000535d  USBDevEndpointConfigSet              
0000544f  USBDevEndpointConfigGet              
0000553f  USBFIFOConfigSet                     
000055a5  USBFIFOConfigGet                     
0000560b  USBEndpointDMAConfigSet              
000056a3  USBEndpointDMAEnable                 
000056dd  USBEndpointDMADisable                
00005717  USBEndpointDataAvail                 
0000574f  USBEndpointDataGet                   
000057d9  USBDevEndpointDataAck                
00005817  USBHostEndpointDataAck               
00005849  USBEndpointDataPut                   
000058ad  USBEndpointDataSend                  
00005905  USBFIFOFlush                         
00005975  USBHostRequestIN                     
0000599d  USBHostRequestINClear                
000059cb  USBHostRequestStatus                 
000059dd  USBHostAddrSet                       
00005a15  USBHostAddrGet                       
00005a43  USBHostHubAddrSet                    
00005aa7  USBHostHubAddrGet                    
00005ad5  USBHostPwrConfig                     
00005aff  USBHostPwrFaultEnable                
00005b17  USBHostPwrFaultDisable               
00005b2f  USBHostPwrEnable                     
00005b47  USBHostPwrDisable                    
00005b5f  USBFrameNumberGet                    
00005b6d  USBOTGSessionRequest                 
00005b9b  USBFIFOAddrGet                       
00005bb1  USBModeGet                           
00005bc5  USBEndpointDMAChannel                
00005c01  USBHostMode                          
00005c13  USBDevMode                           
00005c25  USBOTGMode                           
00005c37  USBModeConfig                        
00005c4b  USBPHYPowerOff                       
00005c61  USBPHYPowerOn                        
00005c77  USBEndpointPacketCountSet            
00005c97  USBNumEndpointsGet                   
00005cab  USBControllerVersion                 
00005cbf  USBClockEnable                       
00005cdb  USBClockDisable                      
00005ced  USBDMAChannelIntEnable               
00005d0d  USBDMAChannelIntDisable              
00005d2d  USBDMAChannelIntStatus               
00005d3d  USBDMAChannelEnable                  
00005d5d  USBDMAChannelDisable                 
00005d7d  USBDMAChannelConfigSet               
00005dad  USBDMAChannelStatus                  
00005dcd  USBDMAChannelStatusClear             
00005df7  USBDMAChannelAddressSet              
00005e13  USBDMAChannelAddressGet              
00005e2b  USBDMAChannelCountSet                
00005e47  USBDMAChannelCountGet                
00005e5f  USBDMANumChannels                    
00005e71  USBULPIConfig                        
00005e87  USBULPIEnable                        
00005e9f  USBULPIDisable                       
00005eb7  USBULPIRegRead                       
00005eef  USBULPIRegWrite                      
00005f2f  USBHostLPMSend                       
00005f77  USBHostLPMConfig                     
00005f9b  USBHostLPMResume                     
00005fb3  USBDevLPMRemoteWake                  
00005fcb  USBDevLPMConfig                      
00005fe1  USBDevLPMEnable                      
00005ff9  USBDevLPMDisable                     
00006011  USBLPMLinkStateGet                   
00006025  USBLPMEndpointGet                    
00006041  USBLPMRemoteWakeEnabled              
0000605b  USBLPMIntStatus                      
0000606b  USBLPMIntEnable                      
00006085  USBLPMIntDisable                     
0000609f  __aeabi_idiv0                        
000060a1  USBDCDDeviceInfoInit                 
000060f1  USBDCDInit                           
00006299  USBDCDTerm                           
00006311  USBDCDRequestDataEP0                 
00006337  USBDCDSendDataEP0                    
00006359  USBDCDSetDefaultConfiguration        
0000636b  USBDCDStallEP0                       
00006387  USBDCDPowerStatusSet                 
000063fd  USBDCDFeatureSet                     
000064bd  USBDCDRemoteWakeLPM                  
000064e1  USBDCDRemoteWakeupRequest            
00006515  USBDeviceResumeTickHandler           
0000660d  USBDeviceEnumHandler                 
00006759  USBDeviceEnumResetHandler            
000071a9  USBDeviceIntHandlerInternal          
00007399  vApplicationStackOverflowHook        
000073a3  vApplicationTickHook                 
000073c3  vApplicationIdleHook                 
000073cb  vApplicationMallocFailedHook         
00007f0f  main                                 
00007f61  confSys                              
00007f9d  confUART                             
00008029  confGPIO                             
000080c1  confTasks                            
00008159  confADC                              
00008201  confTimer                            
00008313  confQueue                            
00008341  confSemaphores                       
00008353  ADCIntHandler                        
000083a9  ButtonHandler                        
00008441  timerBotonHandler                    
0000927d  __TI_printfi                         
0000a2a1  USBLibDMAAddrGet                     
0000a2b9  USBLibDMASizeGet                     
0000a2d1  USBLibDMAInit                        
0000a567  SysCtlSRAMSizeGet                    
0000a571  SysCtlFlashSizeGet                   
0000a59d  SysCtlFlashSectorSizeGet             
0000a5c5  SysCtlPeripheralPresent              
0000a605  SysCtlPeripheralReady                
0000a645  SysCtlPeripheralPowerOn              
0000a681  SysCtlPeripheralPowerOff             
0000a6bd  SysCtlPeripheralReset                
0000a745  SysCtlPeripheralEnable               
0000a781  SysCtlPeripheralDisable              
0000a7c5  SysCtlPeripheralSleepEnable          
0000a809  SysCtlPeripheralSleepDisable         
0000a845  SysCtlPeripheralDeepSleepEnable      
0000a895  SysCtlPeripheralDeepSleepDisable     
0000a8dd  SysCtlPeripheralClockGating          
0000a931  SysCtlIntRegister                    
0000a949  SysCtlIntUnregister                  
0000a959  SysCtlIntEnable                      
0000a96d  SysCtlIntDisable                     
0000a985  SysCtlIntClear                       
0000a995  SysCtlIntStatus                      
0000a9b1  SysCtlLDOSleepSet                    
0000a9c1  SysCtlLDOSleepGet                    
0000a9c7  SysCtlLDODeepSleepSet                
0000a9d7  SysCtlLDODeepSleepGet                
0000a9dd  SysCtlSleepPowerSet                  
0000a9f1  SysCtlDeepSleepPowerSet              
0000aa01  SysCtlReset                          
0000aa09  SysCtlSleep                          
0000aa11  SysCtlDeepSleep                      
0000aa2d  SysCtlResetCauseGet                  
0000aa33  SysCtlResetCauseClear                
0000aa47  SysCtlMOSCConfigSet                  
0000aa5d  SysCtlPIOSCCalibrate                 
0000aaad  SysCtlResetBehaviorSet               
0000aabd  SysCtlResetBehaviorGet               
0000ab11  SysCtlClockFreqSet                   
0000ae29  SysCtlClockSet                       
0000aff5  SysCtlClockGet                       
0000b1ad  SysCtlDeepSleepClockSet              
0000b1c9  SysCtlDeepSleepClockConfigSet        
0000b253  SysCtlPWMClockSet                    
0000b26d  SysCtlPWMClockGet                    
0000b283  SysCtlGPIOAHBEnable                  
0000b29f  SysCtlGPIOAHBDisable                 
0000b2bb  SysCtlUSBPLLEnable                   
0000b2cd  SysCtlUSBPLLDisable                  
0000b2dd  SysCtlVoltageEventConfig             
0000b2ed  SysCtlVoltageEventStatus             
0000b2f9  SysCtlVoltageEventClear              
0000b30d  SysCtlNMIStatus                      
0000b313  SysCtlNMIClear                       
0000b327  SysCtlClockOutConfig                 
0000b343  SysCtlAltClkConfig                   
0000b5ed  ProcessDataFromHost                  
0000b69b  ProcessNotificationToHost            
0000b6fd  ProcessDataToHost                    
0000bd61  USBDCDCCompositeInit                 
0000be57  USBDCDCInit                          
0000bec5  USBDCDCTerm                          
0000bedd  USBDCDCSetControlCBData              
0000befb  USBDCDCSetRxCBData                   
0000bf19  USBDCDCSetTxCBData                   
0000bf37  USBDCDCPacketWrite                   
0000bfd9  USBDCDCPacketRead                    
0000c0af  USBDCDCTxPacketAvailable             
0000c0d1  USBDCDCRxPacketAvailable             
0000c131  USBDCDCSerialStateChange             
0000c18b  USBDCDCPowerStatusSet                
0000c19f  USBDCDCRemoteWakeupRequest           
0000c2c5  UARTStdioConfig                      
0000c3b3  UARTwrite                            
0000c459  UARTgets                             
0000c4d5  UARTgetc                             
0000c541  UARTvprintf                          
0000c83b  UARTprintf                           
0000c85f  UARTRxBytesAvail                     
0000c86d  UARTTxBytesFree                      
0000c881  UARTPeek                             
0000c8db  UARTFlushRx                          
0000c903  UARTFlushTx                          
0000c941  UARTEchoSet                          
0000c979  UARTStdioIntHandler                  
0000ceed  ustrncpy                             
0000cf45  uvsnprintf                           
0000d36f  usprintf                             
0000d3a1  usnprintf                            
0000d3d1  ulocaltime                           
0000d5cf  umktime                              
0000d645  ustrtoul                             
0000d77d  ustrtof                              
0000d9b5  ustrlen                              
0000d9d7  ustrstr                              
0000da0d  ustrncasecmp                         
0000dab1  ustrcasecmp                          
0000dac5  ustrncmp                             
0000db25  ustrcmp                              
0000db39  usrand                               
0000db49  urand                                
[...]
0000fd51  ADCSequenceDataGet                   
0000fd93  ADCProcessorTrigger                  
0000fdb7  ADCSoftwareOversampleConfigure       
0000fdef  ADCSoftwareOversampleStepConfigure   
0000feaf  ADCSoftwareOversampleDataGet         
0000ff1d  ADCHardwareOversampleConfigure       
0000ff4f  ADCComparatorConfigure               
0000ff6b  ADCComparatorRegionSet               
0000ff8f  ADCComparatorReset                   
0000ffd5  ADCComparatorIntDisable              
0000fff3  ADCComparatorIntEnable               
00010011  ADCComparatorIntStatus               
0001001f  ADCComparatorIntClear                
00010031  ADCIntDisableEx                      
00010049  ADCIntEnableEx                       
00010065  ADCIntStatusEx                       
00010097  ADCIntClearEx                        
000100af  ADCReferenceSet                      
000100cb  ADCReferenceGet                      
000100dd  ADCPhaseDelaySet                     
000100ef  ADCPhaseDelayGet                     
000100fd  ADCSequenceDMAEnable                 
00010119  ADCSequenceDMADisable                
00010135  ADCBusy                              
00010153  ADCClockConfigSet                    
0001017d  ADCClockConfigGet                    
00010233  TimerEnable                          
00010251  TimerDisable                         
0001026f  TimerConfigure                       
000102eb  TimerControlLevel                    
00010321  TimerControlTrigger                  
0001038f  TimerControlEvent                    
000103b9  TimerControlStall                    
000103ef  TimerControlWaitOnTrigger            
0001044f  TimerRTCEnable                       
00010465  TimerRTCDisable                      
00010491  TimerClockSourceSet                  
000104ad  TimerClockSourceGet                  
000104bd  TimerPrescaleSet                     
000104e7  TimerPrescaleGet                     
00010503  TimerPrescaleMatchSet                
00010531  TimerPrescaleMatchGet                
0001054d  TimerLoadSet                         
00010577  TimerLoadGet                         
00010593  TimerLoadSet64                       
000105b3  TimerLoadGet64                       
000105e5  TimerValueGet                        
00010601  TimerValueGet64                      
00010633  TimerMatchSet                        
0001065d  TimerMatchGet                        
00010679  TimerMatchSet64                      
00010699  TimerMatchGet64                      
000106cb  TimerIntRegister                     
000106f3  TimerIntUnregister                   
00010711  TimerIntEnable                       
00010729  TimerIntDisable                      
00010741  TimerIntStatus                       
0001075f  TimerIntClear                        
00010771  TimerSynchronize                     
00010783  TimerADCEventSet                     
00010795  TimerADCEventGet                     
000107a3  TimerDMAEventSet                     
000107b5  TimerDMAEventGet                     
000107c3  TimerUpdateMode                      
00010819  xTimerCreateTimerTask                
00010853  xTimerCreate                         
000108a7  xTimerGenericCommand                 
00010915  pcTimerGetTimerName                  
00010cd1  xTimerIsTimerActive                  
00010cfd  pvTimerGetTimerID                    
00010d15  xTimerPendFunctionCallFromISR        
00010d4b  xTimerPendFunctionCall               
00010d99  Cmd_cpu                              
00010dc3  Cmd_free                             
00010dd9  Cmd_tasks                            
00010e55  Cmd_stats                            
00010e8d  Cmd_help                             
00010ec5  Cmd_traza                            
00010f35  Cmd_radio                            
00010fdb  Cmd_timesim                          
0001119d  vUARTTask                            
00011385  USBStackModeSet                      
000113c1  USB0DualModeIntHandler               
0001140d  USBDualModeInit                      
0001147d  USBDualModeTerm                      
000114b1  USBOTGModeTerm                       
000114eb  USBOTGModeInit                       
000115e1  USBOTGPollRate                       
00011609  USB0OTGModeIntHandler                
000116ef  OTGDeviceDisconnect                  
00011715  USBOTGMain                           
000117b1  USBOTGFeatureSet                     
00011ac5  USBBufferInit                        
00011ae7  USBBufferZeroLengthPacketInsert      
00011b17  USBBufferInfoGet                     
00011b49  USBBufferDataWritten                 
00011b69  USBBufferDataRemoved                 
00011b83  USBBufferCallbackDataSet             
00011b9d  USBBufferWrite                       
00011be1  USBBufferFlush                       
00011bf3  USBBufferRead                        
00011c31  USBBufferDataAvailable               
00011c43  USBBufferSpaceAvailable              
00011c55  USBBufferEventCallback               
00011cd1  RGBBlinkIntHandler                   
00011cff  RGBInit                              
00011deb  RGBEnable                            
00011ea3  RGBDisable                           
00011f01  RGBSet                               
00011f19  RGBColorSet                          
00011fc9  RGBIntensitySet                      
00011fdd  RGBBlinkRateSet                      
00012071  RGBColorGet                          
00012105  xEventGroupCreate                    
00012125  xEventGroupSync                      
000121f7  xEventGroupWaitBits                  
000122e1  xEventGroupClearBits                 
0001230d  xEventGroupClearBitsFromISR          
00012325  xEventGroupGetBitsFromISR            
0001234d  xEventGroupSetBits                   
00012415  vEventGroupDelete                    
00012449  vEventGroupSetBitsCallback           
00012459  vEventGroupClearBitsCallback         
0001249f  xEventGroupSetBitsFromISR            
000124bf  uxEventGroupGetNumber                
000124eb  IntMasterEnable                      
000124fb  IntMasterDisable                     
0001250b  IntRegister                          
0001255d  IntUnregister                        
00012571  IntPriorityGroupingSet               
0001258b  IntPriorityGroupingGet               
000125c3  IntPrioritySet                       
00012613  IntPriorityGet                       
00012637  IntEnable                            
000126a9  IntDisable                           
0001271b  IntIsEnabled                         
000127a1  IntPendSet                           
00012811  IntPendClear                         
0001285f  IntPriorityMaskSet                   
0001286b  IntPriorityMaskGet                   
00012873  IntTrigger                           
000128a9  crearSemaphoresAvion                 
000128f3  inicializarVariables                 
0001292f  setEjes                              
00012975  setVelocidad                         
000129a1  setCombustible                       
000129d5  setHora                              
000129ff  setAltitud                           
00012a33  setTiempoSim                         
00012a5d  setPilotoAutomatico                  
00012a8b  getEjes                              
00012ac7  getVelocidad                         
00012af3  getCombustible                       
00012b2b  getHora                              
00012b55  getAltitud                           
00012b8d  getTiempoSim                         
00012bc9  getPilotoAutomatico                  
00012d03  USBDeviceConfig                      
00012ef9  USBDeviceConfigAlternate             
00012fc5  frame_stuffing                       
00013065  frame_DeStuffing                     
00013105  add_checksum_and_stuff               
00013177  destuff_and_check_checksum           
000131cb  create_frame                         
0001324f  receive_frame                        
000132a9  send_frame                           
00013347  USBRingBufFull                       
00013381  USBRingBufEmpty                      
000133ab  USBRingBufFlush                      
000133cb  USBRingBufUsed                       
000133fd  USBRingBufFree                       
00013413  USBRingBufContigUsed                 
00013441  USBRingBufContigFree                 
0001347d  USBRingBufSize                       
0001348b  USBRingBufReadOne                    
000134b1  USBRingBufRead                       
000134e7  USBRingBufAdvanceRead                
00013515  USBRingBufAdvanceWrite               
00013571  USBRingBufWriteOne                   
00013597  USBRingBufWrite                      
000135cd  USBRingBufInit                       
000136c3  USBDCDConfigDescGetSize              
000136fb  USBDCDConfigDescGetNum               
00013749  USBDCDConfigDescGet                  
000137d7  USBDCDConfigGetNumAlternateInterfaces
0001382b  USBDCDConfigGetInterface             
00013861  USBDCDConfigGetInterfaceEndpoint     
00013915  USBControlHandler                    
0001399f  USBTxHandler                         
00013a03  USBRxHandler                         
00013a59  UsbSerialInit                        
00013ae9  xUSBSerialGetChar                    
00013aff  xUSBSerialPutChar                    
00013b7d  _Sin                                 
00013e11  pxPortInitialiseStack                
00013e6f  xPortStartScheduler                  
00013ea5  vPortEndScheduler                    
00013ea7  vPortEnterCritical                   
00013ebf  vPortExitCritical                    
00013ed7  xPortSysTickHandler                  
00013ef3  vPortSuppressTicksAndSleep           
00014041  vPortSetupTimerInterrupt             
0001409d  _Exp                                 
00014299  __aeabi_uldivmod                     
0001448d  pvPortMalloc                         
0001459b  vPortFree                            
000145fd  xPortGetFreeHeapSize                 
00014603  vPortInitialiseBlocks                
00014661  USBDescGetNum                        
000146bd  USBDescGet                           
00014727  USBDescGetNumAlternateInterfaces     
000147e1  USBDescGetInterface                  
0001480f  USBDescGetInterfaceEndpoint          
00014833  __aeabi_dsub                         
0001483d  __aeabi_dadd                         
000149e9  fmod                                 
00014b5d  __aeabi_ddiv                         
00014c93  vListInitialise                      
00014cc3  vListInitialiseItem                  
00014cd3  vListInsertEnd                       
00014d0f  vListInsert                          
00014d75  uxListRemove                         
00014dbd  ButtonsPoll                          
00014e63  ButtonsInit                          
00014ee5  _Dscale                              
00014ff5  __aeabi_dmul                         
000150f1  CPUUsageTick                         
0001512f  CPUUsageInit                         
000151e1  InternalUSBTickInit                  
0001521f  InternalUSBTickReset                 
00015227  InternalUSBRegisterTickHandler       
00015277  InternalUSBStartOfFrameTick          
000152d1  xPortPendSVHandler                   
0001532f  ulPortSetInterruptMask               
00015345  vPortClearInterruptMask              
0001534b  vPortSVCHandler                      
00015369  vPortStartFirstTask                  
00015387  vPortEnableVFP                       
00015399  vPortGetIPSR                         
0001539f  ULPIConfigSet                        
00015441  ULPIPowerTransceiver                 
00015467  _Dnorm                               
00015525  CmdLineProcess                       
000155d1  __aeabi_memcpy                       
000155d1  __aeabi_memcpy4                      
000155d1  __aeabi_memcpy8                      
000155d1  memcpy                               
0001566d  exp                                  
000156fd  __aeabi_cdcmpeq                      
000156fd  __aeabi_cdcmple                      
00015783  __aeabi_cdrcmple                     
00015809  __aeabi_memclr                       
00015809  __aeabi_memclr4                      
00015809  __aeabi_memclr8                      
0001580b  __aeabi_memset                       
0001580b  __aeabi_memset4                      
0001580b  __aeabi_memset8                      
00015811  memset                               
00015885  __TI_auto_init                       
0001595d  create_checksum                      
000159c5  _Dunscale                            
00015a2d  vConfigureTimerForRunTimeStats       
00015a91  sprintf                              
00015af1  ltoa                                 
00015b47  ldexp                                
00015b99  _c_int00                             
00015be9  __aeabi_f2ulz                        
00015c39  atoi                                 
00015c85  copy_in                              
00015cd1  srand                                
00015ce7  rand                                 
00015d1d  __aeabi_d2f                          
00015d67  __aeabi_d2iz                         
00015db1  C$$EXIT                              
00015db5  abort                                
00015dbd  exit                                 
00015df5  __aeabi_d2uiz                        
00015e39  signal                               
00015e79  __aeabi_uidiv                        
00015e79  __aeabi_uidivmod                     
00015eb9  CPUcpsid                             
00015ec5  CPUprimask                           
00015ecf  CPUcpsie                             
00015edb  CPUwfi                               
00015edf  CPUbasepriSet                        
00015eed  CPUbasepriGet                        
00015ef7  __aeabi_f2d                          
00015f31  feraiseexcept                        
00015f65  _Dclass                              
00015f95  _Feraise                             
00015fc5  __aeabi_i2d                          
00015ff3  raise                                
00016021  ResetISR                             
0001604d  frexp                                
00016077  strncmp                              
0001609d  GetOverflowCounts                    
000160c1  USB0DeviceIntHandler                 
000160e5  memcmp                               
00016107  __aeabi_ui2d                         
00016127  memccpy                              
00016143  sin                                  
0001615d  _args_main                           
00016175  strcmp                               
0001618d  strchr                               
000161a5  _register_unlock                     
000161ab  _register_lock                       
000161b3  _nop                                 
000161b9  strcpy                               
000161cd  strlen                               
000161e1  __TI_decompress_none                 
000161ef  __TI_zero_init                       
000161fb  SysCtlDelay                          
00016201  __TI_decompress_rle24                
00016207  _system_pre_init                     
00016694  _ctypes_                             
00016c90  g_sCDCSerConfigSection               
00016c98  g_sIADSerConfigSection               
00016ca0  g_sCDCSerCommInterfaceSection        
00016ca8  g_sCDCSerDataInterfaceSection        
00016cb0  g_sCDCSerConfigHeader                
00016cb8  g_sCDCCompSerConfigHeader            
00016cc0  g_ppCDCSerConfigDescriptors          
00016cc4  g_pCDCCompSerConfigDescriptors       
00016cc8  g_pui8ConfigString                   
00016d64  g_sCDCHandlers                       
00016dc4  g_pui8ControlInterfaceString         
00016e18  g_pui8ManufacturerString             
00016e3c  g_sRxBuffer                          
00016e60  g_sTxBuffer                          
00016e84  g_pui8CDCSerCommInterface            
00016ea7  g_pui8ProductString                  
00016ee8  g_ppui8StringDescriptors             
00016f00  g_pui8CDCSerDataInterface            
00016f17  g_pui8LangDescriptor                 
00016f1b  g_pui8SerialNumberString             
00017120  __TI_Handler_Table_Base              
0001712c  __TI_Handler_Table_Limit             
00017140  __TI_CINIT_Base                      
00017158  __TI_CINIT_Limit                     
20000000  g_pfnRAMVectors                      
2000618c  g_pui8USBRxBuffer                    
2000628c  g_pui8USBTxBuffer                    
200064a8  g_psDCDInst                          
200064f8  xQueueRegistry                       
200065cc  g_pfnTickHandlers                    
20006614  g_pui8RxBufferWorkspace              
2000662c  g_pui8TxBufferWorkspace              
20006644  g_pvTickInstance                     
200066e8  color                                
20006700  altitud                              
20006708  combustible                          
20006710  ejes                                 
20006730  AltitudSemaphore                     
20006734  CombustibleSemaphore                 
20006738  EjesSemaphore                        
2000673c  HoraSemaphore                        
20006740  PilotoAutomaticoSemaphore            
20006744  TiempoSimSemaphore                   
20006748  VelocidadSemaphore                   
20006750  g_ppsDevInfo                         
20006758  g_ui32CPUUsage                       
20006770  g_ui32PollRate                       
20006780  g_ulSystemClock                      
20006784  g_xRxLineSemaphore                   
20006788  hora                                 
2000678c  potQueue                             
200067a0  tiempoSim                            
200067a8  velocidad                            
200067ac  velocidadQueue                       
200067b4  xEventGroup                          
200067bd  g_eOTGModeState                      
200067be  pilotoAutomatico                     
20006870  _Denorm                              
20006880  _Eps                                 
20006890  _Hugeval                             
200068a0  _Inf                                 
200068b0  _Nan                                 
200068c0  _Snan                                
200068d0  _Rteps                               
200068e0  _Xbig                                
200068e8  _Zero                                
200068f0  g_psCmdTable                         
20006968  g_sCDCDevice                         
200069c8  g_pui8CDCSerDeviceDescriptor         
200069da  g_pui8CDCSerDescriptor               
200069e3  g_pui8IADSerDescriptor               
200069ec  g_psCDCSerSections                   
200069f8  g_psCDCCompSerSections               
20006a08  pxCurrentTCB                         
20006abc  SendSemaphore                        
20006ac0  sensorTaskHandle                     
20006ac4  consumoTaskHandle                    
20006ac8  PilautTaskHandle                     
20006ae0  g_ulUARTTxCount                      
20006ae4  g_ulUARTRxCount                      
20006af0  g_bUSBTimerInitialized               
20006af4  g_ui32CurrentUSBTick                 
20006af8  g_ui32USBSOFCount                    
20006afc  g_iUSBMode                           
20006b00  g_ui32WaitTicks                      
20006b10  _lock                                
20006b14  _unlock                              
20006b18  __TI_cleanup_ptr                     
20006b1c  __TI_dtors_ptr                       
20006b20  _Fenv                                
20006b24  _Tls_setup__Fenv                     
20006b3c  _Errno                               
20006b44  main_func_sp                         
20006b4c  __stack                              
20006d4c  __STACK_END                          
20006d4c  __STACK_TOP                          
ffffffff  __binit__                            
ffffffff  __c_args__                           
ffffffff  binit                                
UNDEFED   SHT$$INIT_ARRAY$$Base                
UNDEFED   SHT$$INIT_ARRAY$$Limit               

[842 symbols]
