******************************************************************************
                  TI ARM Linker PC v5.2.4                      
******************************************************************************
>> Linked Wed May 06 14:03:28 2015

OUTPUT FILE NAME:   <base-practica_TIVA.out>
ENTRY POINT SYMBOL: "_c_int00"  address: 00014b1d


MEMORY CONFIGURATION

         name            origin    length      used     unused   attr    fill
----------------------  --------  ---------  --------  --------  ----  --------
  FLASH                 00000000   00040000  00015faa  0002a056  R  X
  SRAM                  20000000   00008000  00006d02  000012fe  RW X


SEGMENT ALLOCATION MAP

run origin  load origin   length   init length attrs members
----------  ----------- ---------- ----------- ----- -------
00000000    00000000    00015fb0   00015fb0    r-x
  00000000    00000000    0000026c   0000026c    r-- .intvecs
  0000026c    0000026c    00014e7a   00014e7a    r-x .text
  000150e8    000150e8    00000d04   00000d04    r-- .const
  00015df0    00015df0    000001c0   000001c0    r-- .cinit
20000000    20000000    00006d04   00000000    rw-
  20000000    20000000    0000026c   00000000    rw- .vtable
  2000026c    2000026c    0000651a   00000000    rw- .bss
  20006788    20006788    0000037c   00000000    rw- .data
  20006b04    20006b04    00000200   00000000    rw- .stack


SECTION ALLOCATION MAP

 output                                  attributes/
section   page    origin      length       input sections
--------  ----  ----------  ----------   ----------------
.intvecs   0    00000000    0000026c     
                  00000000    0000026c     startup_ccs.obj (.intvecs)

.text      0    0000026c    00014e7a     
                  0000026c    00002dac     usbhostenum.obj (.text)
                  00003018    00001acc     tasks.obj (.text)
                  00004ae4    000015ba     usb.obj (.text)
                  0000609e    00000002     rtsv7M4_T_le_v4SPD16_eabi.lib : i_div0.obj (.text)
                  000060a0    000012f8     usbdenum.obj (.text)
                  00007398    000010ba     rtsv7M4_T_le_v4SPD16_eabi.lib : _printfi.obj (.text)
                  00008452    00000002     --HOLE-- [fill = 0]
                  00008454    00000f20     usbdma.obj (.text)
                  00009374    00000f00     sysctl.obj (.text)
                  0000a274    00000e0c     usbdcdc.obj (.text)
                  0000b080    00000d3c     uartstdio.obj (.text)
                  0000bdbc    00000c84     ustdlib.obj (.text)
                  0000ca40    00000b98     gpio.obj (.text)
                  0000d5d8    00000af0     main.obj (.text)
                  0000e0c8    000009cc     queue.obj (.text)
                  0000ea94    00000924     usbhhub.obj (.text)
                  0000f3b8    000007c4     adc.obj (.text)
                  0000fb7c    0000065a     timer.obj (.text)
                  000101d6    00000002     --HOLE-- [fill = 0]
                  000101d8    00000580     timers.obj (.text)
                  00010758    00000510     usbmode.obj (.text)
                  00010c68    000004ba     usbbuffer.obj (.text)
                  00011122    00000002     --HOLE-- [fill = 0]
                  00011124    00000434     rgb.obj (.text)
                  00011558    000003d0     commands.obj (.text)
                  00011928    000003c0     interrupt.obj (.text)
                  00011ce8    00000388     usbdconfig.obj (.text)
                  00012070    00000338     protocol.obj (.text)
                  000123a8    000002f4     usbringbuf.obj (.text)
                  0001269c    000002de     usbdcdesc.obj (.text)
                  0001297a    00000002     --HOLE-- [fill = 0]
                  0001297c    000002ac     usb_dev_serial.obj (.text)
                  00012c28    00000294     rtsv7M4_T_le_v4SPD16_eabi.lib : xsin.obj (.text)
                  00012ebc    0000028c     port.obj (.text)
                  00013148    000001fc     rtsv7M4_T_le_v4SPD16_eabi.lib : xexp.obj (.text)
                  00013344    000001f4                                   : ull_div_t2.obj (.text)
                  00013538    000001d4     heap_2.obj (.text)
                  0001370c    000001d2     usbdesc.obj (.text)
                  000138de    000001b6     rtsv7M4_T_le_v4SPD16_eabi.lib : fd_add_t2.obj (.text)
                  00013a94    00000174                                   : fmod.obj (.text)
                  00013c08    00000136                                   : fd_div_t2.obj (.text)
                  00013d3e    0000012a     list.obj (.text)
                  00013e68    00000110     rtsv7M4_T_le_v4SPD16_eabi.lib : xdscale.obj (.text)
                  00013f78    000000fc                                   : fd_mul_t2.obj (.text)
                  00014074    000000f0     cpu_usage.obj (.text)
                  00014164    000000ec     usbtick.obj (.text)
                  00014250    000000d2     portasm.obj (.text)
                  00014322    000000c8     usbulpi.obj (.text)
                  000143ea    000000be     rtsv7M4_T_le_v4SPD16_eabi.lib : xdnorm.obj (.text)
                  000144a8    000000ac     cmdline.obj (.text)
                  00014554    0000009c     rtsv7M4_T_le_v4SPD16_eabi.lib : memcpy_t2.obj (.text)
                  000145f0    00000090                                   : exp.obj (.text)
                  00014680    00000086                                   : fd_cmp_t2.obj (.text:__aeabi_cdcmple)
                  00014706    00000086                                   : fd_cmp_t2.obj (.text:__aeabi_cdrcmple)
                  0001478c    0000007a                                   : memset_t2.obj (.text)
                  00014806    00000002     --HOLE-- [fill = 0]
                  00014808    0000006c                                   : autoinit.obj (.text)
                  00014874    0000006a                                   : copy_decompress_rle.obj (.text)
                  000148de    00000002     --HOLE-- [fill = 0]
                  000148e0    00000068     crc.obj (.text)
                  00014948    00000066     rtsv7M4_T_le_v4SPD16_eabi.lib : xdunscal.obj (.text)
                  000149ae    00000002     --HOLE-- [fill = 0]
                  000149b0    00000064     RunTimeStatsConfig.obj (.text)
                  00014a14    00000060     rtsv7M4_T_le_v4SPD16_eabi.lib : sprintf.obj (.text)
                  00014a74    00000056                                   : ltoa.obj (.text)
                  00014aca    00000052                                   : ldexp.obj (.text)
                  00014b1c    00000050                                   : boot.obj (.text)
                  00014b6c    00000050                                   : fs_toull_t2.obj (.text)
                  00014bbc    0000004c                                   : atoi.obj (.text)
                  00014c08    0000004c                                   : cpy_tbl.obj (.text)
                  00014c54    0000004a                                   : fd_tos_t2.obj (.text)
                  00014c9e    00000048                                   : fd_toi_t2.obj (.text)
                  00014ce6    00000002     --HOLE-- [fill = 0]
                  00014ce8    00000044                                   : exit.obj (.text)
                  00014d2c    00000044                                   : fd_tou_t2.obj (.text)
                  00014d70    00000040                                   : signal.obj (.text)
                  00014db0    00000040                                   : u_divt2.obj (.text)
                  00014df0    0000003e     cpu.obj (.text)
                  00014e2e    00000002     --HOLE-- [fill = 0]
                  00014e30    00000034     rtsv7M4_T_le_v4SPD16_eabi.lib : feraiseexcept.obj (.text)
                  00014e64    00000030                                   : xdclass.obj (.text)
                  00014e94    00000030                                   : xferaise.obj (.text)
                  00014ec4    0000002e                                   : i_tofd_t2.obj (.text)
                  00014ef2    0000002e                                   : raise.obj (.text)
                  00014f20    0000002c     startup_ccs.obj (.text)
                  00014f4c    0000002a     rtsv7M4_T_le_v4SPD16_eabi.lib : frexp.obj (.text)
                  00014f76    00000002     --HOLE-- [fill = 0]
                  00014f78    00000024     RunTimeStatsConfig.obj (.text:GetOverflowCounts)
                  00014f9c    00000024     usbdhandler.obj (.text)
                  00014fc0    00000022     rtsv7M4_T_le_v4SPD16_eabi.lib : memcmp.obj (.text)
                  00014fe2    00000020                                   : u_tofd_t2.obj (.text)
                  00015002    0000001c                                   : memccpy.obj (.text)
                  0001501e    0000001a                                   : sin.obj (.text)
                  00015038    00000018                                   : args_main.obj (.text)
                  00015050    00000018                                   : strcmp.obj (.text)
                  00015068    00000016                                   : strchr.obj (.text)
                  0001507e    00000002     --HOLE-- [fill = 0]
                  00015080    00000014                                   : _lock.obj (.text)
                  00015094    00000014                                   : strcpy.obj (.text)
                  000150a8    00000014                                   : strlen.obj (.text)
                  000150bc    0000000e                                   : copy_decompress_none.obj (.text:decompress:none)
                  000150ca    0000000c                                   : copy_zero_init.obj (.text:decompress:ZI)
                  000150d6    00000006     sysctl.obj (.text:SysCtlDelay)
                  000150dc    00000006     rtsv7M4_T_le_v4SPD16_eabi.lib : copy_decompress_rle.obj (.text:decompress:rle24)
                  000150e2    00000004                                   : pre_init.obj (.text)

.const     0    000150e8    00000d04     
                  000150e8    00000200     crc.obj (.const:crctttab)
                  000152e8    00000120     sysctl.obj (.const:g_pppui32XTALtoVCO)
                  00015408    00000101     rtsv7M4_T_le_v4SPD16_eabi.lib : ctype.obj (.const:.string:_ctypes_)
                  00015509    00000001     --HOLE-- [fill = 0]
                  0001550a    00000002     heap_2.obj (.const)
                  0001550c    000000f2     commands.obj (.const:.string)
                  000155fe    00000002     --HOLE-- [fill = 0]
                  00015600    000000c0     gpio.obj (.const:g_ppui32GPIOIntMapBlizzard)
                  000156c0    000000c0     gpio.obj (.const:g_ppui32GPIOIntMapSnowflake)
                  00015780    0000009c     interrupt.obj (.const:g_pui32Regs)
                  0001581c    00000090     gpio.obj (.const:g_pui32GPIOBaseAddrs)
                  000158ac    00000004     --HOLE-- [fill = 0]
                  000158b0    00000080     rtsv7M4_T_le_v4SPD16_eabi.lib : xsin.obj (.const)
                  00015930    00000070     interrupt.obj (.const)
                  000159a0    0000006c     sysctl.obj (.const:g_pui32Xtals)
                  00015a0c    00000060     timer.obj (.const:g_ppui32TimerIntMap)
                  00015a6c    00000004     --HOLE-- [fill = 0]
                  00015a70    00000048     rtsv7M4_T_le_v4SPD16_eabi.lib : xexp.obj (.const)
                  00015ab8    00000040     timer.obj (.const:g_ppui32TimerIntMapSnowflake)
                  00015af8    00000038     usbdcdc.obj (.const)
                  00015b30    00000036     usb_serial_structs.obj (.const:.string:g_pui8ConfigString)
                  00015b66    00000002     --HOLE-- [fill = 0]
                  00015b68    00000034     usbdenum.obj (.const:g_psUSBDStdRequests)
                  00015b9c    00000030     ustdlib.obj (.const:g_psDaysToMonth)
                  00015bcc    00000030     usbdcdc.obj (.const:g_sCDCHandlers)
                  00015bfc    00000030     sysctl.obj (.const:g_sXTALtoMEMTIM)
                  00015c2c    0000002c     usb_serial_structs.obj (.const:.string:g_pui8ControlInterfaceString)
                  00015c58    00000028     uartstdio.obj (.const)
                  00015c80    00000024     usb_serial_structs.obj (.const:.string:g_pui8ManufacturerString)
                  00015ca4    00000024     usb_serial_structs.obj (.const:g_sRxBuffer)
                  00015cc8    00000024     usb_serial_structs.obj (.const:g_sTxBuffer)
                  00015cec    00000023     usbdcdc.obj (.const:.string:g_pui8CDCSerCommInterface)
                  00015d0f    00000022     usb_serial_structs.obj (.const:.string:g_pui8ProductString)
                  00015d31    00000003     --HOLE-- [fill = 0]
                  00015d34    0000001c     ustdlib.obj (.const)
                  00015d50    00000018     usb_serial_structs.obj (.const)
                  00015d68    00000017     usbdcdc.obj (.const:.string)
                  00015d7f    00000016     usb_serial_structs.obj (.const:.string)
                  00015d95    00000014     tasks.obj (.const:.string)
                  00015da9    00000003     --HOLE-- [fill = 0]
                  00015dac    00000012     uartstdio.obj (.const:.string)
                  00015dbe    00000002     --HOLE-- [fill = 0]
                  00015dc0    00000012     ustdlib.obj (.const:.string)
                  00015dd2    00000002     --HOLE-- [fill = 0]
                  00015dd4    00000008     gpio.obj (.const)
                  00015ddc    00000008     sysctl.obj (.const)
                  00015de4    00000008     timer.obj (.const)

.cinit     0    00015df0    000001c0     
                  00015df0    00000189     (.cinit..data.load) [load image, compression = rle]
                  00015f79    00000003     --HOLE-- [fill = 0]
                  00015f7c    0000000c     (__TI_handler_table)
                  00015f88    00000008     (.cinit..bss.load) [load image, compression = zero_init]
                  00015f90    00000008     (.cinit..vtable.load) [load image, compression = zero_init]
                  00015f98    00000018     (__TI_cinit_table)

.init_array 
*          0    00000000    00000000     UNINITIALIZED

.vtable    0    20000000    0000026c     UNINITIALIZED
                  20000000    0000026c     interrupt.obj (.vtable)

.bss       0    2000026c    0000651a     UNINITIALIZED
                  2000026c    00005000     heap_2.obj (.bss:ucHeap)
                  2000526c    000006cc     usbhostenum.obj (.bss:g_sUSBHCD)
                  20005938    00000400     uartstdio.obj (.bss:g_pcUARTTxBuffer)
                  20005d38    00000200     uartstdio.obj (.bss:g_pcUARTRxHistoryBuffer)
                  20005f38    00000140     tasks.obj (.bss:pxReadyTasksLists)
                  20006078    00000110     usbdma.obj (.bss:g_psUSBDMAInst)
                  20006188    00000100     usb_serial_structs.obj (.bss:g_pui8USBRxBuffer)
                  20006288    00000100     usb_serial_structs.obj (.bss:g_pui8USBTxBuffer)
                  20006388    0000009c     usbhhub.obj (.bss:g_sRootHub)
                  20006424    00000080     uartstdio.obj (.bss:g_pcUARTRxBuffer)
                  200064a4    00000050     usbdenum.obj (.bss:g_psDCDInst)
                  200064f4    00000050     queue.obj (.bss:xQueueRegistry)
                  20006544    00000040     usbdenum.obj (.bss:g_pui8DataBufferIn)
                  20006584    00000024     cmdline.obj (.bss:g_ppcArgv)
                  200065a8    00000020     (.common:g_usUARTRxHistoryOffset)
                  200065c8    00000018     (.common:g_pfnTickHandlers)
                  200065e0    00000018     (.common:g_pi32USBHActiveDriver)
                  200065f8    00000018     (.common:g_ppvDriverInstance)
                  20006610    00000018     (.common:g_pui8RxBufferWorkspace)
                  20006628    00000018     (.common:g_pui8TxBufferWorkspace)
                  20006640    00000018     (.common:g_pvTickInstance)
                  20006658    00000014     (.common:xActiveTimerList1)
                  2000666c    00000014     (.common:xActiveTimerList2)
                  20006680    00000014     (.common:xDelayedTaskList1)
                  20006694    00000014     (.common:xDelayedTaskList2)
                  200066a8    00000014     (.common:xPendingReadyList)
                  200066bc    00000014     (.common:xSuspendedTaskList)
                  200066d0    00000014     (.common:xTasksWaitingTermination)
                  200066e4    0000000c     (.common:color)
                  200066f0    0000000c     (.common:g_ui32Colors)
                  200066fc    00000008     (.common:ejes)
                  20006704    00000008     (.common:g_pui32Alloc)
                  2000670c    00000008     (.common:xEnd)
                  20006714    00000008     (.common:xStart)
                  2000671c    00000004     (.common:EjesSemaphore)
                  20006720    00000004     (.common:SendSemaphore)
                  20006724    00000004     (.common:g_pfnUSBModeCallback)
                  20006728    00000004     (.common:g_ppsDevInfo)
                  2000672c    00000004     (.common:g_pui8OversampleFactor)
                  20006730    00000004     (.common:g_ui32CPUUsage)
                  20006734    00000004     (.common:g_ui32CPUUsagePrevious)
                  20006738    00000004     (.common:g_ui32CPUUsageTicks)
                  2000673c    00000004     (.common:g_ui32CPUUsageTimer)
                  20006740    00000004     (.common:g_ui32ChangeFlags)
                  20006744    00000004     (.common:g_ui32HubChanges)
                  20006748    00000004     (.common:g_ui32PollRate)
                  2000674c    00000004     (.common:g_ui32PortNum)
                  20006750    00000004     (.common:g_ui32ULPISupport)
                  20006754    00000004     (.common:g_ui32ULPISupport)
                  20006758    00000004     (.common:g_ulSystemClock)
                  2000675c    00000004     (.common:g_xRxLineSemaphore)
                  20006760    00000004     (.common:potQueue)
                  20006764    00000004     (.common:pxCurrentTimerList)
                  20006768    00000004     (.common:pxDelayedTaskList)
                  2000676c    00000004     (.common:pxOverflowDelayedTaskList)
                  20006770    00000004     (.common:pxOverflowTimerList)
                  20006774    00000004     (.common:ulFlags$1)
                  20006778    00000004     (.common:velocidadQueue)
                  2000677c    00000004     (.common:xCharsForTx)
                  20006780    00000004     (.common:xRxedChars)
                  20006784    00000001     (.common:g_bDisableEcho)
                  20006785    00000001     (.common:g_eOTGModeState)

.data      0    20006788    0000037c     UNINITIALIZED
                  20006788    000000b0     rtsv7M4_T_le_v4SPD16_eabi.lib : signal.obj (.data:sigtable)
                  20006838    00000080                                   : xvalues.obj (.data)
                  200068b8    00000060     usb_serial_structs.obj (.data:g_sCDCDevice)
                  20006918    00000054     commands.obj (.data:g_psCmdTable)
                  2000696c    00000040     usbdcdc.obj (.data)
                  200069ac    00000038     tasks.obj (.data)
                  200069e4    00000030     cpu_usage.obj (.data)
                  20006a14    0000002c     usbhostenum.obj (.data)
                  20006a40    00000029     main.obj (.data)
                  20006a69    00000003     --HOLE--
                  20006a6c    0000001d     uartstdio.obj (.data)
                  20006a89    00000003     --HOLE--
                  20006a8c    00000010     port.obj (.data)
                  20006a9c    00000010     usb_dev_serial.obj (.data)
                  20006aac    0000000c     usbtick.obj (.data)
                  20006ab8    00000009     usbmode.obj (.data)
                  20006ac1    00000003     --HOLE--
                  20006ac4    00000008     heap_2.obj (.data)
                  20006acc    00000008     rtsv7M4_T_le_v4SPD16_eabi.lib : _lock.obj (.data)
                  20006ad4    00000008                                   : exit.obj (.data)
                  20006adc    00000008                                   : feraiseexcept.obj (.data)
                  20006ae4    00000008     timers.obj (.data)
                  20006aec    00000008     usbdenum.obj (.data)
                  20006af4    00000004     rgb.obj (.data)
                  20006af8    00000004     rtsv7M4_T_le_v4SPD16_eabi.lib : errno.obj (.data)
                  20006afc    00000004                                   : stkdepth_vars.obj (.data)
                  20006b00    00000004     ustdlib.obj (.data)

.TI.noinit 
*          0    2000026c    00000000     UNINITIALIZED

.TI.persistent 
*          0    20006788    00000000     UNINITIALIZED

.stack     0    20006b04    00000200     UNINITIALIZED
                  20006b04    00000200     --HOLE--


LINKER GENERATED COPY TABLES

__TI_cinit_table @ 00015f98 records: 3, size/record: 8, table size: 24
	.data: load addr=00015df0, load size=00000189 bytes, run addr=20006788, run size=0000037c bytes, compression=rle
	.bss: load addr=00015f88, load size=00000008 bytes, run addr=2000026c, run size=0000651a bytes, compression=zero_init
	.vtable: load addr=00015f90, load size=00000008 bytes, run addr=20000000, run size=0000026c bytes, compression=zero_init


LINKER GENERATED HANDLER TABLE

__TI_handler_table @ 00015f7c records: 3, size/record: 4, table size: 12
	index: 0, handler: __TI_zero_init
	index: 1, handler: __TI_decompress_rle24
	index: 2, handler: __TI_decompress_none


GLOBAL SYMBOLS: SORTED ALPHABETICALLY BY Name 

address   name                                 
-------   ----                                 
0000faf5  ADCBusy                              
0000fb3d  ADCClockConfigGet                    
0000fb13  ADCClockConfigSet                    
0000f90f  ADCComparatorConfigure               
0000f9df  ADCComparatorIntClear                
0000f995  ADCComparatorIntDisable              
0000f9b3  ADCComparatorIntEnable               
0000f9d1  ADCComparatorIntStatus               
0000f92b  ADCComparatorRegionSet               
0000f94f  ADCComparatorReset                   
0000f8dd  ADCHardwareOversampleConfigure       
0000f4f3  ADCIntClear                          
0000fa57  ADCIntClearEx                        
0000f459  ADCIntDisable                        
0000f9f1  ADCIntDisableEx                      
0000f475  ADCIntEnable                         
0000fa09  ADCIntEnableEx                       
0000dfb1  ADCIntHandler                        
0000f413  ADCIntRegister                       
0000f49b  ADCIntStatus                         
0000fa25  ADCIntStatusEx                       
0000f43b  ADCIntUnregister                     
0000faaf  ADCPhaseDelayGet                     
0000fa9d  ADCPhaseDelaySet                     
0000f753  ADCProcessorTrigger                  
0000fa8b  ADCReferenceGet                      
0000fa6f  ADCReferenceSet                      
0000f53d  ADCSequenceConfigure                 
0000fad9  ADCSequenceDMADisable                
0000fabd  ADCSequenceDMAEnable                 
0000f711  ADCSequenceDataGet                   
0000f523  ADCSequenceDisable                   
0000f509  ADCSequenceEnable                    
0000f6b5  ADCSequenceOverflow                  
0000f6cd  ADCSequenceOverflowClear             
0000f5c1  ADCSequenceStepConfigure             
0000f6e3  ADCSequenceUnderflow                 
0000f6fb  ADCSequenceUnderflowClear            
0000f777  ADCSoftwareOversampleConfigure       
0000f86f  ADCSoftwareOversampleDataGet         
0000f7af  ADCSoftwareOversampleStepConfigure   
00014ce9  C$$EXIT                              
000140b3  CPUUsageInit                         
00014075  CPUUsageTick                         
00014e25  CPUbasepriGet                        
00014e17  CPUbasepriSet                        
00014df1  CPUcpsid                             
00014e07  CPUcpsie                             
00014dfd  CPUprimask                           
00014e13  CPUwfi                               
000144a9  CmdLineProcess                       
00011559  Cmd_cpu                              
00011583  Cmd_free                             
0001164d  Cmd_help                             
00011615  Cmd_stats                            
00011599  Cmd_tasks                            
0000026d  ConfigDescAlloc                      
00000303  ConfigDescFree                       
2000671c  EjesSemaphore                        
0000d5b3  GPIOADCTriggerDisable                
0000d595  GPIOADCTriggerEnable                 
0000d577  GPIODMATriggerDisable                
0000d559  GPIODMATriggerEnable                 
0000caff  GPIODirModeGet                       
0000caa3  GPIODirModeSet                       
0000d073  GPIOIntClear                         
0000d037  GPIOIntDisable                       
0000d01d  GPIOIntEnable                        
0000d087  GPIOIntRegister                      
0000d051  GPIOIntStatus                        
0000cbef  GPIOIntTypeGet                       
0000cb4b  GPIOIntTypeSet                       
0000d0a5  GPIOIntUnregister                    
0000cecb  GPIOPadConfigGet                     
0000cc8d  GPIOPadConfigSet                     
0000d4fb  GPIOPinConfigure                     
0000d0bf  GPIOPinRead                          
0000d0f7  GPIOPinTypeADC                       
0000d11b  GPIOPinTypeCAN                       
0000d4c7  GPIOPinTypeCIR                       
0000d13f  GPIOPinTypeComparator                
0000d163  GPIOPinTypeEPI                       
0000d187  GPIOPinTypeEthernetLED               
0000d1ab  GPIOPinTypeEthernetMII               
0000d1cf  GPIOPinTypeGPIOInput                 
0000d1f3  GPIOPinTypeGPIOOutput                
0000d217  GPIOPinTypeGPIOOutputOD              
0000d23b  GPIOPinTypeI2C                       
0000d25f  GPIOPinTypeI2CSCL                    
0000d47f  GPIOPinTypeKBColumn                  
0000d45b  GPIOPinTypeKBRow                     
0000d283  GPIOPinTypeLCD                       
0000d4a3  GPIOPinTypeLEDSeq                    
0000d2a7  GPIOPinTypeLPC                       
0000d2cb  GPIOPinTypePECIRx                    
0000d2ef  GPIOPinTypePECITx                    
0000d313  GPIOPinTypePWM                       
0000d337  GPIOPinTypeQEI                       
0000d35b  GPIOPinTypeSSI                       
0000d37f  GPIOPinTypeTimer                     
0000d3a3  GPIOPinTypeUART                      
0000d3c7  GPIOPinTypeUSBAnalog                 
0000d3eb  GPIOPinTypeUSBDigital                
0000d40f  GPIOPinTypeWakeHigh                  
0000d435  GPIOPinTypeWakeLow                   
0000d4eb  GPIOPinWakeStatus                    
0000d0d7  GPIOPinWrite                         
00014f79  GetOverflowCounts                    
00011ae9  IntDisable                           
00011a77  IntEnable                            
00011b5b  IntIsEnabled                         
0001193b  IntMasterDisable                     
0001192b  IntMasterEnable                      
00011c51  IntPendClear                         
00011be1  IntPendSet                           
00011a53  IntPriorityGet                       
000119cb  IntPriorityGroupingGet               
000119b1  IntPriorityGroupingSet               
00011cab  IntPriorityMaskGet                   
00011c9f  IntPriorityMaskSet                   
00011a03  IntPrioritySet                       
0001194b  IntRegister                          
00011cb3  IntTrigger                           
0001199d  IntUnregister                        
000023d9  InternalUSBHCDSendEvent              
000141ab  InternalUSBRegisterTickHandler       
000141fb  InternalUSBStartOfFrameTick          
00014165  InternalUSBTickInit                  
000141a3  InternalUSBTickReset                 
00010b43  OTGDeviceDisconnect                  
0000a4bd  ProcessDataFromHost                  
0000a5cd  ProcessDataToHost                    
0000a56b  ProcessNotificationToHost            
00011125  RGBBlinkIntHandler                   
00011431  RGBBlinkRateSet                      
000114c5  RGBColorGet                          
0001136d  RGBColorSet                          
000112f7  RGBDisable                           
0001123f  RGBEnable                            
00011153  RGBInit                              
0001141d  RGBIntensitySet                      
00011355  RGBSet                               
00014f21  ResetISR                             
UNDEFED   SHT$$INIT_ARRAY$$Base                
UNDEFED   SHT$$INIT_ARRAY$$Limit               
20006720  SendSemaphore                        
0000a213  SysCtlAltClkConfig                   
000099e1  SysCtlClockFreqSet                   
00009ec5  SysCtlClockGet                       
0000a1f7  SysCtlClockOutConfig                 
00009cf9  SysCtlClockSet                       
000098e1  SysCtlDeepSleep                      
0000a099  SysCtlDeepSleepClockConfigSet        
0000a07d  SysCtlDeepSleepClockSet              
000098c1  SysCtlDeepSleepPowerSet              
000150d7  SysCtlDelay                          
0000946d  SysCtlFlashSectorSizeGet             
00009441  SysCtlFlashSizeGet                   
0000a16f  SysCtlGPIOAHBDisable                 
0000a153  SysCtlGPIOAHBEnable                  
00009855  SysCtlIntClear                       
0000983d  SysCtlIntDisable                     
00009829  SysCtlIntEnable                      
00009801  SysCtlIntRegister                    
00009865  SysCtlIntStatus                      
00009819  SysCtlIntUnregister                  
000098a7  SysCtlLDODeepSleepGet                
00009897  SysCtlLDODeepSleepSet                
00009891  SysCtlLDOSleepGet                    
00009881  SysCtlLDOSleepSet                    
00009917  SysCtlMOSCConfigSet                  
0000a1e3  SysCtlNMIClear                       
0000a1dd  SysCtlNMIStatus                      
0000992d  SysCtlPIOSCCalibrate                 
0000a13d  SysCtlPWMClockGet                    
0000a123  SysCtlPWMClockSet                    
000097ad  SysCtlPeripheralClockGating          
00009765  SysCtlPeripheralDeepSleepDisable     
00009715  SysCtlPeripheralDeepSleepEnable      
00009651  SysCtlPeripheralDisable              
00009615  SysCtlPeripheralEnable               
00009551  SysCtlPeripheralPowerOff             
00009515  SysCtlPeripheralPowerOn              
00009495  SysCtlPeripheralPresent              
000094d5  SysCtlPeripheralReady                
0000958d  SysCtlPeripheralReset                
000096d9  SysCtlPeripheralSleepDisable         
00009695  SysCtlPeripheralSleepEnable          
000098d1  SysCtlReset                          
0000998d  SysCtlResetBehaviorGet               
0000997d  SysCtlResetBehaviorSet               
00009903  SysCtlResetCauseClear                
000098fd  SysCtlResetCauseGet                  
00009437  SysCtlSRAMSizeGet                    
000098d9  SysCtlSleep                          
000098ad  SysCtlSleepPowerSet                  
0000a19d  SysCtlUSBPLLDisable                  
0000a18b  SysCtlUSBPLLEnable                   
0000a1c9  SysCtlVoltageEventClear              
0000a1ad  SysCtlVoltageEventConfig             
0000a1bd  SysCtlVoltageEventStatus             
00010155  TimerADCEventGet                     
00010143  TimerADCEventSet                     
0000fe6d  TimerClockSourceGet                  
0000fe51  TimerClockSourceSet                  
0000fc2f  TimerConfigure                       
0000fd4f  TimerControlEvent                    
0000fcab  TimerControlLevel                    
0000fd79  TimerControlStall                    
0000fce1  TimerControlTrigger                  
0000fdaf  TimerControlWaitOnTrigger            
00010175  TimerDMAEventGet                     
00010163  TimerDMAEventSet                     
0000fc11  TimerDisable                         
0000fbf3  TimerEnable                          
0001011f  TimerIntClear                        
000100e9  TimerIntDisable                      
000100d1  TimerIntEnable                       
0001008b  TimerIntRegister                     
00010101  TimerIntStatus                       
000100b3  TimerIntUnregister                   
0000ff37  TimerLoadGet                         
0000ff73  TimerLoadGet64                       
0000ff0d  TimerLoadSet                         
0000ff53  TimerLoadSet64                       
0001001d  TimerMatchGet                        
00010059  TimerMatchGet64                      
0000fff3  TimerMatchSet                        
00010039  TimerMatchSet64                      
0000fea7  TimerPrescaleGet                     
0000fef1  TimerPrescaleMatchGet                
0000fec3  TimerPrescaleMatchSet                
0000fe7d  TimerPrescaleSet                     
0000fe25  TimerRTCDisable                      
0000fe0f  TimerRTCEnable                       
00010131  TimerSynchronize                     
00010183  TimerUpdateMode                      
0000ffa5  TimerValueGet                        
0000ffc1  TimerValueGet64                      
0000b811  UARTEchoSet                          
0000b7ab  UARTFlushRx                          
0000b7d3  UARTFlushTx                          
0000b751  UARTPeek                             
0000b72f  UARTRxBytesAvail                     
0000b195  UARTStdioConfig                      
0000b849  UARTStdioIntHandler                  
0000b73d  UARTTxBytesFree                      
0000b3a5  UARTgetc                             
0000b329  UARTgets                             
0000b70b  UARTprintf                           
0000b411  UARTvprintf                          
0000b283  UARTwrite                            
00014323  ULPIConfigSet                        
000143c5  ULPIPowerTransceiver                 
00014f9d  USB0DeviceIntHandler                 
00010815  USB0DualModeIntHandler               
000022e1  USB0HostIntHandler                   
00010a5d  USB0OTGModeIntHandler                
00010fd7  USBBufferCallbackDataSet             
00011085  USBBufferDataAvailable               
00010fbd  USBBufferDataRemoved                 
00010f9d  USBBufferDataWritten                 
000110a9  USBBufferEventCallback               
00011035  USBBufferFlush                       
00010f6b  USBBufferInfoGet                     
00010f19  USBBufferInit                        
00011047  USBBufferRead                        
00011097  USBBufferSpaceAvailable              
00010ff1  USBBufferWrite                       
00010f3b  USBBufferZeroLengthPacketInsert      
00005cdb  USBClockDisable                      
00005cbf  USBClockEnable                       
000129c1  USBControlHandler                    
00005cab  USBControllerVersion                 
0000ac31  USBDCDCCompositeInit                 
0000ad27  USBDCDCInit                          
0000aea9  USBDCDCPacketRead                    
0000ae07  USBDCDCPacketWrite                   
0000b05b  USBDCDCPowerStatusSet                
0000b06f  USBDCDCRemoteWakeupRequest           
0000afa1  USBDCDCRxPacketAvailable             
0000b001  USBDCDCSerialStateChange             
0000adad  USBDCDCSetControlCBData              
0000adcb  USBDCDCSetRxCBData                   
0000ade9  USBDCDCSetTxCBData                   
0000ad95  USBDCDCTerm                          
0000af7f  USBDCDCTxPacketAvailable             
000127f5  USBDCDConfigDescGet                  
000127a7  USBDCDConfigDescGetNum               
0001276f  USBDCDConfigDescGetSize              
000128d7  USBDCDConfigGetInterface             
0001290d  USBDCDConfigGetInterfaceEndpoint     
00012883  USBDCDConfigGetNumAlternateInterfaces
000060a1  USBDCDDeviceInfoInit                 
000063fd  USBDCDFeatureSet                     
000060f1  USBDCDInit                           
00006387  USBDCDPowerStatusSet                 
000064bd  USBDCDRemoteWakeLPM                  
000064e1  USBDCDRemoteWakeupRequest            
00006311  USBDCDRequestDataEP0                 
00006337  USBDCDSendDataEP0                    
00006359  USBDCDSetDefaultConfiguration        
0000636b  USBDCDStallEP0                       
00006299  USBDCDTerm                           
00005e13  USBDMAChannelAddressGet              
00005df7  USBDMAChannelAddressSet              
00005d7d  USBDMAChannelConfigSet               
00005e47  USBDMAChannelCountGet                
00005e2b  USBDMAChannelCountSet                
00005d5d  USBDMAChannelDisable                 
00005d3d  USBDMAChannelEnable                  
00005d0d  USBDMAChannelIntDisable              
00005ced  USBDMAChannelIntEnable               
00005d2d  USBDMAChannelIntStatus               
00005dad  USBDMAChannelStatus                  
00005dcd  USBDMAChannelStatusClear             
00005e5f  USBDMANumChannels                    
00013769  USBDescGet                           
0001388d  USBDescGetInterface                  
000138bb  USBDescGetInterfaceEndpoint          
0001370d  USBDescGetNum                        
000137d3  USBDescGetNumAlternateInterfaces     
00005119  USBDevAddrGet                        
00005105  USBDevAddrSet                        
000050d9  USBDevConnect                        
000050ef  USBDevDisconnect                     
0000544f  USBDevEndpointConfigGet              
0000535d  USBDevEndpointConfigSet              
000057d9  USBDevEndpointDataAck                
00005003  USBDevEndpointStall                  
00005065  USBDevEndpointStallClear             
00004e7f  USBDevEndpointStatusClear            
00005fcb  USBDevLPMConfig                      
00005ff9  USBDevLPMDisable                     
00005fe1  USBDevLPMEnable                      
00005fb3  USBDevLPMRemoteWake                  
00005c13  USBDevMode                           
00004c45  USBDevSpeedGet                       
00011daf  USBDeviceConfig                      
00011fa5  USBDeviceConfigAlternate             
0000660d  USBDeviceEnumHandler                 
00006759  USBDeviceEnumResetHandler            
000071a9  USBDeviceIntHandlerInternal          
00006515  USBDeviceResumeTickHandler           
00010861  USBDualModeInit                      
000108d1  USBDualModeTerm                      
00005bc5  USBEndpointDMAChannel                
0000560b  USBEndpointDMAConfigSet              
000056dd  USBEndpointDMADisable                
000056a3  USBEndpointDMAEnable                 
00005717  USBEndpointDataAvail                 
0000574f  USBEndpointDataGet                   
00005849  USBEndpointDataPut                   
000058ad  USBEndpointDataSend                  
00004f9d  USBEndpointDataToggleClear           
00005c77  USBEndpointPacketCountSet            
00004e0b  USBEndpointStatus                    
00005b9b  USBFIFOAddrGet                       
000055a5  USBFIFOConfigGet                     
0000553f  USBFIFOConfigSet                     
00005905  USBFIFOFlush                         
00005b5f  USBFrameNumberGet                    
00002911  USBHCDControlTransfer                
00002d61  USBHCDDevAddress                     
00002d95  USBHCDDevClass                       
00002d39  USBHCDDevHubPort                     
00002e29  USBHCDDevProtocol                    
00002de1  USBHCDDevSubClass                    
0000041b  USBHCDEventDisable                   
000003eb  USBHCDEventEnable                    
00002e89  USBHCDFeatureSet                     
00002a6d  USBHCDHubDeviceConnected             
00002b05  USBHCDHubDeviceDisconnected          
00001491  USBHCDInit                           
00002fd3  USBHCDLPMResume                      
00002f6b  USBHCDLPMSleep                       
00002f41  USBHCDLPMStatus                      
00002509  USBHCDMain                           
00000873  USBHCDPipeAlloc                      
000005f1  USBHCDPipeAllocSize                  
000008c1  USBHCDPipeConfig                     
00000dcb  USBHCDPipeDataAck                    
00001009  USBHCDPipeFree                       
00000dfd  USBHCDPipeRead                       
00000d81  USBHCDPipeReadNonBlocking            
00000c55  USBHCDPipeSchedule                   
00000a3b  USBHCDPipeStatus                     
000005cb  USBHCDPipeTransferSizeGet            
00000a71  USBHCDPipeWrite                      
00001437  USBHCDPowerAutomatic                 
000013a7  USBHCDPowerConfigGet                 
00001395  USBHCDPowerConfigInit                
000013c5  USBHCDPowerConfigSet                 
000015ad  USBHCDRegisterDrivers                
000016b1  USBHCDReset                          
0000170d  USBHCDResume                         
000018ed  USBHCDSetAddress                     
00001a33  USBHCDSetConfig                      
00001a7b  USBHCDSetInterface                   
0000188d  USBHCDStringDescriptorGet            
000016fb  USBHCDSuspend                        
000015e1  USBHCDTerm                           
0000f325  USBHHubClose                         
0000f2c9  USBHHubEnumerationComplete           
0000f2eb  USBHHubEnumerationError              
0000f339  USBHHubInit                          
0000f367  USBHHubLPMSleep                      
0000f375  USBHHubLPMStatus                     
0000f09d  USBHHubMain                          
0000f30d  USBHHubOpen                          
00004bb3  USBHighSpeed                         
00005a15  USBHostAddrGet                       
000059dd  USBHostAddrSet                       
00001ac7  USBHostCheckPipes                    
0000512d  USBHostEndpointConfig                
00005817  USBHostEndpointDataAck               
00004f01  USBHostEndpointDataToggle            
00004fd7  USBHostEndpointPing                  
000052c7  USBHostEndpointSpeed                 
00004e37  USBHostEndpointStatusClear           
00005aa7  USBHostHubAddrGet                    
00005a43  USBHostHubAddrSet                    
00001b8d  USBHostIntHandlerInternal            
00005f77  USBHostLPMConfig                     
00005f9b  USBHostLPMResume                     
00005f2f  USBHostLPMSend                       
00005c01  USBHostMode                          
00005ad5  USBHostPwrConfig                     
00005b47  USBHostPwrDisable                    
00005b2f  USBHostPwrEnable                     
00005b17  USBHostPwrFaultDisable               
00005aff  USBHostPwrFaultEnable                
00005975  USBHostRequestIN                     
0000599d  USBHostRequestINClear                
000059cb  USBHostRequestStatus                 
00004b85  USBHostReset                         
00004be1  USBHostResume                        
00004c0f  USBHostSpeedGet                      
00004b6f  USBHostSuspend                       
00004c5d  USBIntDisableControl                 
00004d21  USBIntDisableEndpoint                
00004c9b  USBIntEnableControl                  
00004d4f  USBIntEnableEndpoint                 
00004dd3  USBIntRegister                       
00004cd5  USBIntStatusControl                  
00004d7d  USBIntStatusEndpoint                 
00004df1  USBIntUnregister                     
00006025  USBLPMEndpointGet                    
00006085  USBLPMIntDisable                     
0000606b  USBLPMIntEnable                      
0000605b  USBLPMIntStatus                      
00006011  USBLPMLinkStateGet                   
00006041  USBLPMRemoteWakeEnabled              
00009171  USBLibDMAAddrGet                     
000091a1  USBLibDMAInit                        
00009189  USBLibDMASizeGet                     
00005c37  USBModeConfig                        
00005bb1  USBModeGet                           
00005c97  USBNumEndpointsGet                   
00010c05  USBOTGFeatureSet                     
00010b69  USBOTGMain                           
00005c25  USBOTGMode                           
0001093f  USBOTGModeInit                       
00010905  USBOTGModeTerm                       
00010a35  USBOTGPollRate                       
00005b6d  USBOTGSessionRequest                 
00005c4b  USBPHYPowerOff                       
00005c61  USBPHYPowerOn                        
00012593  USBRingBufAdvanceRead                
000125c1  USBRingBufAdvanceWrite               
000124ed  USBRingBufContigFree                 
000124bf  USBRingBufContigUsed                 
0001242d  USBRingBufEmpty                      
00012457  USBRingBufFlush                      
000124a9  USBRingBufFree                       
000123f3  USBRingBufFull                       
00012679  USBRingBufInit                       
0001255d  USBRingBufRead                       
00012537  USBRingBufReadOne                    
00012529  USBRingBufSize                       
00012477  USBRingBufUsed                       
00012643  USBRingBufWrite                      
0001261d  USBRingBufWriteOne                   
00012aaf  USBRxHandler                         
000107d9  USBStackModeSet                      
00012a4b  USBTxHandler                         
00005e71  USBULPIConfig                        
00005e9f  USBULPIDisable                       
00005e87  USBULPIEnable                        
00005eb7  USBULPIRegRead                       
00005eef  USBULPIRegWrite                      
00012b05  UsbSerialInit                        
00014e65  _Dclass                              
20006838  _Denorm                              
000143eb  _Dnorm                               
00013e69  _Dscale                              
00014949  _Dunscale                            
20006848  _Eps                                 
20006af8  _Errno                               
00013149  _Exp                                 
20006adc  _Fenv                                
00014e95  _Feraise                             
20006858  _Hugeval                             
20006868  _Inf                                 
20006878  _Nan                                 
20006898  _Rteps                               
00012c29  _Sin                                 
20006888  _Snan                                
20006ae0  _Tls_setup__Fenv                     
200068a8  _Xbig                                
200068b0  _Zero                                
20006d04  __STACK_END                          
00000200  __STACK_SIZE                         
20006d04  __STACK_TOP                          
00015f98  __TI_CINIT_Base                      
00015fb0  __TI_CINIT_Limit                     
00015f7c  __TI_Handler_Table_Base              
00015f88  __TI_Handler_Table_Limit             
00014809  __TI_auto_init                       
20006ad4  __TI_cleanup_ptr                     
000150bd  __TI_decompress_none                 
000150dd  __TI_decompress_rle24                
20006ad8  __TI_dtors_ptr                       
0000814d  __TI_printfi                         
00000000  __TI_static_base__                   
000150cb  __TI_zero_init                       
00014681  __aeabi_cdcmpeq                      
00014681  __aeabi_cdcmple                      
00014707  __aeabi_cdrcmple                     
00014c55  __aeabi_d2f                          
00014c9f  __aeabi_d2iz                         
00014d2d  __aeabi_d2uiz                        
000138e9  __aeabi_dadd                         
00013c09  __aeabi_ddiv                         
00013f79  __aeabi_dmul                         
000138df  __aeabi_dsub                         
00014b6d  __aeabi_f2ulz                        
00014ec5  __aeabi_i2d                          
0000609f  __aeabi_idiv0                        
0001478d  __aeabi_memclr                       
0001478d  __aeabi_memclr4                      
0001478d  __aeabi_memclr8                      
00014555  __aeabi_memcpy                       
00014555  __aeabi_memcpy4                      
00014555  __aeabi_memcpy8                      
0001478f  __aeabi_memset                       
0001478f  __aeabi_memset4                      
0001478f  __aeabi_memset8                      
00014fe3  __aeabi_ui2d                         
00014db1  __aeabi_uidiv                        
00014db1  __aeabi_uidivmod                     
00013345  __aeabi_uldivmod                     
ffffffff  __binit__                            
ffffffff  __c_args__                           
20006b04  __stack                              
00015039  _args_main                           
00014b1d  _c_int00                             
00015408  _ctypes_                             
20006acc  _lock                                
0001508f  _nop                                 
00015087  _register_lock                       
00015081  _register_unlock                     
000150e3  _system_pre_init                     
20006ad0  _unlock                              
00014ced  abort                                
000121b1  add_checksum_and_stuff               
20006a60  altitud                              
00014bbd  atoi                                 
ffffffff  binit                                
200066e4  color                                
20006a50  combustible                          
0000de75  confADC                              
0000dd9b  confGPIO                             
0000df81  confQueue                            
0000dcfd  confSys                              
0000ddf1  confTasks                            
0000df19  confTimer                            
0000dd2d  confUART                             
20006a44  consumoTaskHandle                    
00014c09  copy_in                              
000148e1  create_checksum                      
00012277  create_frame                         
00012223  destuff_and_check_checksum           
00003e9d  eTaskConfirmSleepModeStatus          
200066fc  ejes                                 
00014cf5  exit                                 
000145f1  exp                                  
00014e31  feraiseexcept                        
00013a95  fmod                                 
00012111  frame_DeStuffing                     
00012071  frame_stuffing                       
00014f4d  frexp                                
20006aac  g_bUSBTimerInitialized               
20006785  g_eOTGModeState                      
20006ab8  g_iUSBMode                           
00015b2c  g_pCDCCompSerConfigDescriptors       
20000000  g_pfnRAMVectors                      
200065c8  g_pfnTickHandlers                    
00000000  g_pfnVectors                         
00015b28  g_ppCDCSerConfigDescriptors          
20006728  g_ppsDevInfo                         
00015d50  g_ppui8StringDescriptors             
2000699c  g_psCDCCompSerSections               
20006990  g_psCDCSerSections                   
20006918  g_psCmdTable                         
200064a4  g_psDCDInst                          
00015cec  g_pui8CDCSerCommInterface            
00015d68  g_pui8CDCSerDataInterface            
2000697e  g_pui8CDCSerDescriptor               
2000696c  g_pui8CDCSerDeviceDescriptor         
00015b30  g_pui8ConfigString                   
00015c2c  g_pui8ControlInterfaceString         
20006987  g_pui8IADSerDescriptor               
00015d7f  g_pui8LangDescriptor                 
00015c80  g_pui8ManufacturerString             
00015d0f  g_pui8ProductString                  
20006610  g_pui8RxBufferWorkspace              
00015d83  g_pui8SerialNumberString             
20006628  g_pui8TxBufferWorkspace              
20006188  g_pui8USBRxBuffer                    
20006288  g_pui8USBTxBuffer                    
20006640  g_pvTickInstance                     
00015b20  g_sCDCCompSerConfigHeader            
200068b8  g_sCDCDevice                         
00015bcc  g_sCDCHandlers                       
00015b08  g_sCDCSerCommInterfaceSection        
00015b18  g_sCDCSerConfigHeader                
00015af8  g_sCDCSerConfigSection               
00015b10  g_sCDCSerDataInterfaceSection        
00015b00  g_sIADSerConfigSection               
00015ca4  g_sRxBuffer                          
00015cc8  g_sTxBuffer                          
20006730  g_ui32CPUUsage                       
20006ab0  g_ui32CurrentUSBTick                 
20006748  g_ui32PollRate                       
20006ab4  g_ui32USBSOFCount                    
20006abc  g_ui32WaitTicks                      
20006758  g_ulSystemClock                      
20006aa0  g_ulUARTRxCount                      
20006a9c  g_ulUARTTxCount                      
2000675c  g_xRxLineSemaphore                   
20006a58  hora                                 
00014acb  ldexp                                
00014a75  ltoa                                 
0000dcb9  main                                 
20006afc  main_func_sp                         
00015003  memccpy                              
00014fc1  memcmp                               
00014555  memcpy                               
00014795  memset                               
0000381f  pcTaskGetTaskName                    
000102d5  pcTimerGetTimerName                  
20006760  potQueue                             
00013539  pvPortMalloc                         
0000467b  pvTaskIncrementMutexHeldCount        
000106bd  pvTimerGetTimerID                    
200069ac  pxCurrentTCB                         
00012ebd  pxPortInitialiseStack                
00014ef3  raise                                
000122fb  receive_frame                        
00012355  send_frame                           
20006a40  sensorTaskHandle                     
00014d71  signal                               
0001501f  sin                                  
00014a15  sprintf                              
00015069  strchr                               
00015051  strcmp                               
00015095  strcpy                               
000150a9  strlen                               
0000e7b5  ucQueueGetQueueType                  
000142b3  ulPortSetInterruptMask               
00004699  ulTaskNotifyTake                     
0000c2a1  ulocaltime                           
0000c49f  umktime                              
0000ca19  urand                                
0000c271  usnprintf                            
0000c23f  usprintf                             
0000ca09  usrand                               
0000c981  ustrcasecmp                          
0000c9f5  ustrcmp                              
0000c885  ustrlen                              
0000c8dd  ustrncasecmp                         
0000c995  ustrncmp                             
0000bdbd  ustrncpy                             
0000c8a7  ustrstr                              
0000c64d  ustrtof                              
0000c515  ustrtoul                             
0000be15  uvsnprintf                           
00013e21  uxListRemove                         
0000e795  uxQueueGetQueueNumber                
0000e737  uxQueueMessagesWaiting               
0000e76d  uxQueueMessagesWaitingFromISR        
0000e74d  uxQueueSpacesAvailable               
00003819  uxTaskGetNumberOfTasks               
00004229  uxTaskGetStackHighWaterMark          
00003841  uxTaskGetSystemState                 
00003e0b  uxTaskGetTaskNumber                  
000032d9  uxTaskPriorityGet                    
0000330d  uxTaskPriorityGetFromISR             
00004659  uxTaskResetEventItemValue            
0000d603  vApplicationIdleHook                 
0000d60b  vApplicationMallocFailedHook         
0000d5d9  vApplicationStackOverflowHook        
0000d5e3  vApplicationTickHook                 
000149b1  vConfigureTimerForRunTimeStats       
00013d3f  vListInitialise                      
00013d6f  vListInitialiseItem                  
00013dbb  vListInsert                          
00013d7f  vListInsertEnd                       
000142c9  vPortClearInterruptMask              
0001430b  vPortEnableVFP                       
00012f51  vPortEndScheduler                    
00012f53  vPortEnterCritical                   
00012f6b  vPortExitCritical                    
00013647  vPortFree                            
0001431d  vPortGetIPSR                         
000136af  vPortInitialiseBlocks                
000142cf  vPortSVCHandler                      
000130ed  vPortSetupTimerInterrupt             
000142ed  vPortStartFirstTask                  
00012f9f  vPortSuppressTicksAndSleep           
0000e9c7  vQueueAddToRegistry                  
0000e77f  vQueueDelete                         
0000e7a3  vQueueSetQueueNumber                 
0000ea09  vQueueUnregisterQueue                
0000ea43  vQueueWaitForMessageRestricted       
00003277  vTaskDelay                           
000031cf  vTaskDelayUntil                      
00003133  vTaskDelete                          
000036b3  vTaskEndScheduler                    
00004595  vTaskGetRunTimeStats                 
0000449d  vTaskList                            
00003e03  vTaskMissedYield                     
00004a39  vTaskNotifyGiveFromISR               
00003b41  vTaskPlaceOnEventList                
00003c19  vTaskPlaceOnEventListRestricted      
00003ba9  vTaskPlaceOnUnorderedEventList       
000042f9  vTaskPriorityInherit                 
00003355  vTaskPrioritySet                     
0000355d  vTaskResume                          
00003e31  vTaskSetTaskNumber                   
00003d67  vTaskSetTimeOutState                 
0000365d  vTaskStartScheduler                  
00003905  vTaskStepTick                        
00003465  vTaskSuspend                         
000036c5  vTaskSuspendAll                      
00003a61  vTaskSwitchContext                   
00011691  vUARTTask                            
20006a48  velocidad                            
20006778  velocidadQueue                       
000136a9  xPortGetFreeHeapSize                 
00014255  xPortPendSVHandler                   
00012f1b  xPortStartScheduler                  
00012f83  xPortSysTickHandler                  
0000e2d5  xQueueCreateCountingSemaphore        
0000e1d9  xQueueCreateMutex                    
0000e165  xQueueGenericCreate                  
0000e50d  xQueueGenericReceive                 
0000e0c9  xQueueGenericReset                   
0000e2f5  xQueueGenericSend                    
0000e41d  xQueueGenericSendFromISR             
0000e49b  xQueueGiveFromISR                    
0000e24f  xQueueGiveMutexRecursive             
0000e963  xQueueIsQueueEmptyFromISR            
0000e9a5  xQueueIsQueueFullFromISR             
0000e6f3  xQueuePeekFromISR                    
0000e67b  xQueueReceiveFromISR                 
200064f4  xQueueRegistry                       
0000e28b  xQueueTakeMutexRecursive             
00003d89  xTaskCheckForTimeOut                 
00003019  xTaskGenericCreate                   
000042b5  xTaskGetCurrentTaskHandle            
000042cd  xTaskGetSchedulerState               
000037ef  xTaskGetTickCount                    
00003805  xTaskGetTickCountFromISR             
00003935  xTaskIncrementTick                   
00004861  xTaskNotify                          
00004951  xTaskNotifyFromISR                   
00004769  xTaskNotifyWait                      
000043b3  xTaskPriorityDisinherit              
00003c61  xTaskRemoveFromEventList             
00003cf9  xTaskRemoveFromUnorderedEventList    
00003711  xTaskResumeAll                       
000035d9  xTaskResumeFromISR                   
00010213  xTimerCreate                         
000101d9  xTimerCreateTimerTask                
00010267  xTimerGenericCommand                 
00010691  xTimerIsTimerActive                  
0001070b  xTimerPendFunctionCall               
000106d5  xTimerPendFunctionCallFromISR        
00012b95  xUSBSerialGetChar                    
00012bab  xUSBSerialPutChar                    


GLOBAL SYMBOLS: SORTED BY Symbol Address 

address   name                                 
-------   ----                                 
00000000  __TI_static_base__                   
00000000  g_pfnVectors                         
00000200  __STACK_SIZE                         
0000026d  ConfigDescAlloc                      
00000303  ConfigDescFree                       
000003eb  USBHCDEventEnable                    
0000041b  USBHCDEventDisable                   
000005cb  USBHCDPipeTransferSizeGet            
000005f1  USBHCDPipeAllocSize                  
00000873  USBHCDPipeAlloc                      
000008c1  USBHCDPipeConfig                     
00000a3b  USBHCDPipeStatus                     
00000a71  USBHCDPipeWrite                      
00000c55  USBHCDPipeSchedule                   
00000d81  USBHCDPipeReadNonBlocking            
00000dcb  USBHCDPipeDataAck                    
00000dfd  USBHCDPipeRead                       
00001009  USBHCDPipeFree                       
00001395  USBHCDPowerConfigInit                
000013a7  USBHCDPowerConfigGet                 
000013c5  USBHCDPowerConfigSet                 
00001437  USBHCDPowerAutomatic                 
00001491  USBHCDInit                           
000015ad  USBHCDRegisterDrivers                
000015e1  USBHCDTerm                           
000016b1  USBHCDReset                          
000016fb  USBHCDSuspend                        
0000170d  USBHCDResume                         
0000188d  USBHCDStringDescriptorGet            
000018ed  USBHCDSetAddress                     
00001a33  USBHCDSetConfig                      
00001a7b  USBHCDSetInterface                   
00001ac7  USBHostCheckPipes                    
00001b8d  USBHostIntHandlerInternal            
000022e1  USB0HostIntHandler                   
000023d9  InternalUSBHCDSendEvent              
00002509  USBHCDMain                           
00002911  USBHCDControlTransfer                
00002a6d  USBHCDHubDeviceConnected             
00002b05  USBHCDHubDeviceDisconnected          
00002d39  USBHCDDevHubPort                     
00002d61  USBHCDDevAddress                     
00002d95  USBHCDDevClass                       
00002de1  USBHCDDevSubClass                    
00002e29  USBHCDDevProtocol                    
00002e89  USBHCDFeatureSet                     
00002f41  USBHCDLPMStatus                      
00002f6b  USBHCDLPMSleep                       
00002fd3  USBHCDLPMResume                      
00003019  xTaskGenericCreate                   
00003133  vTaskDelete                          
000031cf  vTaskDelayUntil                      
00003277  vTaskDelay                           
000032d9  uxTaskPriorityGet                    
0000330d  uxTaskPriorityGetFromISR             
00003355  vTaskPrioritySet                     
00003465  vTaskSuspend                         
0000355d  vTaskResume                          
000035d9  xTaskResumeFromISR                   
0000365d  vTaskStartScheduler                  
000036b3  vTaskEndScheduler                    
000036c5  vTaskSuspendAll                      
00003711  xTaskResumeAll                       
000037ef  xTaskGetTickCount                    
00003805  xTaskGetTickCountFromISR             
00003819  uxTaskGetNumberOfTasks               
0000381f  pcTaskGetTaskName                    
00003841  uxTaskGetSystemState                 
00003905  vTaskStepTick                        
00003935  xTaskIncrementTick                   
00003a61  vTaskSwitchContext                   
00003b41  vTaskPlaceOnEventList                
00003ba9  vTaskPlaceOnUnorderedEventList       
00003c19  vTaskPlaceOnEventListRestricted      
00003c61  xTaskRemoveFromEventList             
00003cf9  xTaskRemoveFromUnorderedEventList    
00003d67  vTaskSetTimeOutState                 
00003d89  xTaskCheckForTimeOut                 
00003e03  vTaskMissedYield                     
00003e0b  uxTaskGetTaskNumber                  
00003e31  vTaskSetTaskNumber                   
00003e9d  eTaskConfirmSleepModeStatus          
00004229  uxTaskGetStackHighWaterMark          
000042b5  xTaskGetCurrentTaskHandle            
000042cd  xTaskGetSchedulerState               
000042f9  vTaskPriorityInherit                 
000043b3  xTaskPriorityDisinherit              
0000449d  vTaskList                            
00004595  vTaskGetRunTimeStats                 
00004659  uxTaskResetEventItemValue            
0000467b  pvTaskIncrementMutexHeldCount        
00004699  ulTaskNotifyTake                     
00004769  xTaskNotifyWait                      
00004861  xTaskNotify                          
00004951  xTaskNotifyFromISR                   
00004a39  vTaskNotifyGiveFromISR               
00004b6f  USBHostSuspend                       
00004b85  USBHostReset                         
00004bb3  USBHighSpeed                         
00004be1  USBHostResume                        
00004c0f  USBHostSpeedGet                      
00004c45  USBDevSpeedGet                       
00004c5d  USBIntDisableControl                 
00004c9b  USBIntEnableControl                  
00004cd5  USBIntStatusControl                  
00004d21  USBIntDisableEndpoint                
00004d4f  USBIntEnableEndpoint                 
00004d7d  USBIntStatusEndpoint                 
00004dd3  USBIntRegister                       
00004df1  USBIntUnregister                     
00004e0b  USBEndpointStatus                    
00004e37  USBHostEndpointStatusClear           
00004e7f  USBDevEndpointStatusClear            
00004f01  USBHostEndpointDataToggle            
00004f9d  USBEndpointDataToggleClear           
00004fd7  USBHostEndpointPing                  
00005003  USBDevEndpointStall                  
00005065  USBDevEndpointStallClear             
000050d9  USBDevConnect                        
000050ef  USBDevDisconnect                     
00005105  USBDevAddrSet                        
00005119  USBDevAddrGet                        
0000512d  USBHostEndpointConfig                
000052c7  USBHostEndpointSpeed                 
0000535d  USBDevEndpointConfigSet              
0000544f  USBDevEndpointConfigGet              
0000553f  USBFIFOConfigSet                     
000055a5  USBFIFOConfigGet                     
0000560b  USBEndpointDMAConfigSet              
000056a3  USBEndpointDMAEnable                 
000056dd  USBEndpointDMADisable                
00005717  USBEndpointDataAvail                 
0000574f  USBEndpointDataGet                   
000057d9  USBDevEndpointDataAck                
00005817  USBHostEndpointDataAck               
00005849  USBEndpointDataPut                   
000058ad  USBEndpointDataSend                  
00005905  USBFIFOFlush                         
00005975  USBHostRequestIN                     
0000599d  USBHostRequestINClear                
000059cb  USBHostRequestStatus                 
000059dd  USBHostAddrSet                       
00005a15  USBHostAddrGet                       
00005a43  USBHostHubAddrSet                    
00005aa7  USBHostHubAddrGet                    
00005ad5  USBHostPwrConfig                     
00005aff  USBHostPwrFaultEnable                
00005b17  USBHostPwrFaultDisable               
00005b2f  USBHostPwrEnable                     
00005b47  USBHostPwrDisable                    
00005b5f  USBFrameNumberGet                    
00005b6d  USBOTGSessionRequest                 
00005b9b  USBFIFOAddrGet                       
00005bb1  USBModeGet                           
00005bc5  USBEndpointDMAChannel                
00005c01  USBHostMode                          
00005c13  USBDevMode                           
00005c25  USBOTGMode                           
00005c37  USBModeConfig                        
00005c4b  USBPHYPowerOff                       
00005c61  USBPHYPowerOn                        
00005c77  USBEndpointPacketCountSet            
00005c97  USBNumEndpointsGet                   
00005cab  USBControllerVersion                 
00005cbf  USBClockEnable                       
00005cdb  USBClockDisable                      
00005ced  USBDMAChannelIntEnable               
00005d0d  USBDMAChannelIntDisable              
00005d2d  USBDMAChannelIntStatus               
00005d3d  USBDMAChannelEnable                  
00005d5d  USBDMAChannelDisable                 
00005d7d  USBDMAChannelConfigSet               
00005dad  USBDMAChannelStatus                  
00005dcd  USBDMAChannelStatusClear             
00005df7  USBDMAChannelAddressSet              
00005e13  USBDMAChannelAddressGet              
00005e2b  USBDMAChannelCountSet                
00005e47  USBDMAChannelCountGet                
00005e5f  USBDMANumChannels                    
00005e71  USBULPIConfig                        
00005e87  USBULPIEnable                        
00005e9f  USBULPIDisable                       
00005eb7  USBULPIRegRead                       
00005eef  USBULPIRegWrite                      
00005f2f  USBHostLPMSend                       
00005f77  USBHostLPMConfig                     
00005f9b  USBHostLPMResume                     
00005fb3  USBDevLPMRemoteWake                  
00005fcb  USBDevLPMConfig                      
00005fe1  USBDevLPMEnable                      
00005ff9  USBDevLPMDisable                     
00006011  USBLPMLinkStateGet                   
00006025  USBLPMEndpointGet                    
00006041  USBLPMRemoteWakeEnabled              
0000605b  USBLPMIntStatus                      
0000606b  USBLPMIntEnable                      
00006085  USBLPMIntDisable                     
0000609f  __aeabi_idiv0                        
000060a1  USBDCDDeviceInfoInit                 
000060f1  USBDCDInit                           
00006299  USBDCDTerm                           
00006311  USBDCDRequestDataEP0                 
00006337  USBDCDSendDataEP0                    
00006359  USBDCDSetDefaultConfiguration        
0000636b  USBDCDStallEP0                       
00006387  USBDCDPowerStatusSet                 
000063fd  USBDCDFeatureSet                     
000064bd  USBDCDRemoteWakeLPM                  
000064e1  USBDCDRemoteWakeupRequest            
00006515  USBDeviceResumeTickHandler           
0000660d  USBDeviceEnumHandler                 
00006759  USBDeviceEnumResetHandler            
000071a9  USBDeviceIntHandlerInternal          
0000814d  __TI_printfi                         
00009171  USBLibDMAAddrGet                     
00009189  USBLibDMASizeGet                     
000091a1  USBLibDMAInit                        
00009437  SysCtlSRAMSizeGet                    
00009441  SysCtlFlashSizeGet                   
0000946d  SysCtlFlashSectorSizeGet             
00009495  SysCtlPeripheralPresent              
000094d5  SysCtlPeripheralReady                
00009515  SysCtlPeripheralPowerOn              
00009551  SysCtlPeripheralPowerOff             
0000958d  SysCtlPeripheralReset                
00009615  SysCtlPeripheralEnable               
00009651  SysCtlPeripheralDisable              
00009695  SysCtlPeripheralSleepEnable          
000096d9  SysCtlPeripheralSleepDisable         
00009715  SysCtlPeripheralDeepSleepEnable      
00009765  SysCtlPeripheralDeepSleepDisable     
000097ad  SysCtlPeripheralClockGating          
00009801  SysCtlIntRegister                    
00009819  SysCtlIntUnregister                  
00009829  SysCtlIntEnable                      
0000983d  SysCtlIntDisable                     
00009855  SysCtlIntClear                       
00009865  SysCtlIntStatus                      
00009881  SysCtlLDOSleepSet                    
00009891  SysCtlLDOSleepGet                    
00009897  SysCtlLDODeepSleepSet                
000098a7  SysCtlLDODeepSleepGet                
000098ad  SysCtlSleepPowerSet                  
000098c1  SysCtlDeepSleepPowerSet              
000098d1  SysCtlReset                          
000098d9  SysCtlSleep                          
000098e1  SysCtlDeepSleep                      
000098fd  SysCtlResetCauseGet                  
00009903  SysCtlResetCauseClear                
00009917  SysCtlMOSCConfigSet                  
0000992d  SysCtlPIOSCCalibrate                 
0000997d  SysCtlResetBehaviorSet               
0000998d  SysCtlResetBehaviorGet               
000099e1  SysCtlClockFreqSet                   
00009cf9  SysCtlClockSet                       
00009ec5  SysCtlClockGet                       
0000a07d  SysCtlDeepSleepClockSet              
0000a099  SysCtlDeepSleepClockConfigSet        
0000a123  SysCtlPWMClockSet                    
0000a13d  SysCtlPWMClockGet                    
0000a153  SysCtlGPIOAHBEnable                  
0000a16f  SysCtlGPIOAHBDisable                 
0000a18b  SysCtlUSBPLLEnable                   
0000a19d  SysCtlUSBPLLDisable                  
0000a1ad  SysCtlVoltageEventConfig             
0000a1bd  SysCtlVoltageEventStatus             
0000a1c9  SysCtlVoltageEventClear              
0000a1dd  SysCtlNMIStatus                      
0000a1e3  SysCtlNMIClear                       
0000a1f7  SysCtlClockOutConfig                 
0000a213  SysCtlAltClkConfig                   
0000a4bd  ProcessDataFromHost                  
0000a56b  ProcessNotificationToHost            
0000a5cd  ProcessDataToHost                    
0000ac31  USBDCDCCompositeInit                 
0000ad27  USBDCDCInit                          
0000ad95  USBDCDCTerm                          
0000adad  USBDCDCSetControlCBData              
0000adcb  USBDCDCSetRxCBData                   
0000ade9  USBDCDCSetTxCBData                   
0000ae07  USBDCDCPacketWrite                   
0000aea9  USBDCDCPacketRead                    
0000af7f  USBDCDCTxPacketAvailable             
0000afa1  USBDCDCRxPacketAvailable             
0000b001  USBDCDCSerialStateChange             
0000b05b  USBDCDCPowerStatusSet                
0000b06f  USBDCDCRemoteWakeupRequest           
0000b195  UARTStdioConfig                      
0000b283  UARTwrite                            
0000b329  UARTgets                             
0000b3a5  UARTgetc                             
0000b411  UARTvprintf                          
0000b70b  UARTprintf                           
0000b72f  UARTRxBytesAvail                     
0000b73d  UARTTxBytesFree                      
0000b751  UARTPeek                             
0000b7ab  UARTFlushRx                          
0000b7d3  UARTFlushTx                          
0000b811  UARTEchoSet                          
0000b849  UARTStdioIntHandler                  
0000bdbd  ustrncpy                             
0000be15  uvsnprintf                           
0000c23f  usprintf                             
0000c271  usnprintf                            
0000c2a1  ulocaltime                           
0000c49f  umktime                              
0000c515  ustrtoul                             
0000c64d  ustrtof                              
0000c885  ustrlen                              
0000c8a7  ustrstr                              
0000c8dd  ustrncasecmp                         
0000c981  ustrcasecmp                          
0000c995  ustrncmp                             
0000c9f5  ustrcmp                              
0000ca09  usrand                               
0000ca19  urand                                
0000caa3  GPIODirModeSet                       
0000caff  GPIODirModeGet                       
0000cb4b  GPIOIntTypeSet                       
0000cbef  GPIOIntTypeGet                       
0000cc8d  GPIOPadConfigSet                     
0000cecb  GPIOPadConfigGet                     
0000d01d  GPIOIntEnable                        
0000d037  GPIOIntDisable                       
0000d051  GPIOIntStatus                        
0000d073  GPIOIntClear                         
0000d087  GPIOIntRegister                      
0000d0a5  GPIOIntUnregister                    
0000d0bf  GPIOPinRead                          
0000d0d7  GPIOPinWrite                         
0000d0f7  GPIOPinTypeADC                       
0000d11b  GPIOPinTypeCAN                       
0000d13f  GPIOPinTypeComparator                
0000d163  GPIOPinTypeEPI                       
0000d187  GPIOPinTypeEthernetLED               
0000d1ab  GPIOPinTypeEthernetMII               
0000d1cf  GPIOPinTypeGPIOInput                 
0000d1f3  GPIOPinTypeGPIOOutput                
0000d217  GPIOPinTypeGPIOOutputOD              
0000d23b  GPIOPinTypeI2C                       
0000d25f  GPIOPinTypeI2CSCL                    
0000d283  GPIOPinTypeLCD                       
0000d2a7  GPIOPinTypeLPC                       
0000d2cb  GPIOPinTypePECIRx                    
0000d2ef  GPIOPinTypePECITx                    
0000d313  GPIOPinTypePWM                       
0000d337  GPIOPinTypeQEI                       
0000d35b  GPIOPinTypeSSI                       
0000d37f  GPIOPinTypeTimer                     
0000d3a3  GPIOPinTypeUART                      
0000d3c7  GPIOPinTypeUSBAnalog                 
0000d3eb  GPIOPinTypeUSBDigital                
0000d40f  GPIOPinTypeWakeHigh                  
0000d435  GPIOPinTypeWakeLow                   
0000d45b  GPIOPinTypeKBRow                     
0000d47f  GPIOPinTypeKBColumn                  
0000d4a3  GPIOPinTypeLEDSeq                    
0000d4c7  GPIOPinTypeCIR                       
0000d4eb  GPIOPinWakeStatus                    
0000d4fb  GPIOPinConfigure                     
0000d559  GPIODMATriggerEnable                 
0000d577  GPIODMATriggerDisable                
0000d595  GPIOADCTriggerEnable                 
0000d5b3  GPIOADCTriggerDisable                
0000d5d9  vApplicationStackOverflowHook        
0000d5e3  vApplicationTickHook                 
0000d603  vApplicationIdleHook                 
0000d60b  vApplicationMallocFailedHook         
0000dcb9  main                                 
0000dcfd  confSys                              
0000dd2d  confUART                             
0000dd9b  confGPIO                             
0000ddf1  confTasks                            
0000de75  confADC                              
0000df19  confTimer                            
0000df81  confQueue                            
0000dfb1  ADCIntHandler                        
0000e0c9  xQueueGenericReset                   
0000e165  xQueueGenericCreate                  
0000e1d9  xQueueCreateMutex                    
0000e24f  xQueueGiveMutexRecursive             
0000e28b  xQueueTakeMutexRecursive             
0000e2d5  xQueueCreateCountingSemaphore        
0000e2f5  xQueueGenericSend                    
0000e41d  xQueueGenericSendFromISR             
0000e49b  xQueueGiveFromISR                    
0000e50d  xQueueGenericReceive                 
0000e67b  xQueueReceiveFromISR                 
0000e6f3  xQueuePeekFromISR                    
0000e737  uxQueueMessagesWaiting               
0000e74d  uxQueueSpacesAvailable               
0000e76d  uxQueueMessagesWaitingFromISR        
0000e77f  vQueueDelete                         
0000e795  uxQueueGetQueueNumber                
0000e7a3  vQueueSetQueueNumber                 
0000e7b5  ucQueueGetQueueType                  
0000e963  xQueueIsQueueEmptyFromISR            
0000e9a5  xQueueIsQueueFullFromISR             
0000e9c7  vQueueAddToRegistry                  
0000ea09  vQueueUnregisterQueue                
0000ea43  vQueueWaitForMessageRestricted       
0000f09d  USBHHubMain                          
0000f2c9  USBHHubEnumerationComplete           
0000f2eb  USBHHubEnumerationError              
0000f30d  USBHHubOpen                          
0000f325  USBHHubClose                         
0000f339  USBHHubInit                          
0000f367  USBHHubLPMSleep                      
0000f375  USBHHubLPMStatus                     
0000f413  ADCIntRegister                       
0000f43b  ADCIntUnregister                     
0000f459  ADCIntDisable                        
0000f475  ADCIntEnable                         
0000f49b  ADCIntStatus                         
0000f4f3  ADCIntClear                          
0000f509  ADCSequenceEnable                    
0000f523  ADCSequenceDisable                   
0000f53d  ADCSequenceConfigure                 
0000f5c1  ADCSequenceStepConfigure             
0000f6b5  ADCSequenceOverflow                  
0000f6cd  ADCSequenceOverflowClear             
0000f6e3  ADCSequenceUnderflow                 
0000f6fb  ADCSequenceUnderflowClear            
0000f711  ADCSequenceDataGet                   
0000f753  ADCProcessorTrigger                  
0000f777  ADCSoftwareOversampleConfigure       
0000f7af  ADCSoftwareOversampleStepConfigure   
0000f86f  ADCSoftwareOversampleDataGet         
0000f8dd  ADCHardwareOversampleConfigure       
0000f90f  ADCComparatorConfigure               
0000f92b  ADCComparatorRegionSet               
0000f94f  ADCComparatorReset                   
0000f995  ADCComparatorIntDisable              
0000f9b3  ADCComparatorIntEnable               
0000f9d1  ADCComparatorIntStatus               
0000f9df  ADCComparatorIntClear                
0000f9f1  ADCIntDisableEx                      
0000fa09  ADCIntEnableEx                       
0000fa25  ADCIntStatusEx                       
0000fa57  ADCIntClearEx                        
0000fa6f  ADCReferenceSet                      
0000fa8b  ADCReferenceGet                      
0000fa9d  ADCPhaseDelaySet                     
0000faaf  ADCPhaseDelayGet                     
0000fabd  ADCSequenceDMAEnable                 
0000fad9  ADCSequenceDMADisable                
0000faf5  ADCBusy                              
0000fb13  ADCClockConfigSet                    
0000fb3d  ADCClockConfigGet                    
0000fbf3  TimerEnable                          
0000fc11  TimerDisable                         
0000fc2f  TimerConfigure                       
0000fcab  TimerControlLevel                    
0000fce1  TimerControlTrigger                  
0000fd4f  TimerControlEvent                    
0000fd79  TimerControlStall                    
0000fdaf  TimerControlWaitOnTrigger            
0000fe0f  TimerRTCEnable                       
0000fe25  TimerRTCDisable                      
0000fe51  TimerClockSourceSet                  
0000fe6d  TimerClockSourceGet                  
0000fe7d  TimerPrescaleSet                     
0000fea7  TimerPrescaleGet                     
0000fec3  TimerPrescaleMatchSet                
0000fef1  TimerPrescaleMatchGet                
0000ff0d  TimerLoadSet                         
0000ff37  TimerLoadGet                         
0000ff53  TimerLoadSet64                       
0000ff73  TimerLoadGet64                       
0000ffa5  TimerValueGet                        
0000ffc1  TimerValueGet64                      
0000fff3  TimerMatchSet                        
0001001d  TimerMatchGet                        
00010039  TimerMatchSet64                      
00010059  TimerMatchGet64                      
0001008b  TimerIntRegister                     
000100b3  TimerIntUnregister                   
000100d1  TimerIntEnable                       
000100e9  TimerIntDisable                      
00010101  TimerIntStatus                       
0001011f  TimerIntClear                        
00010131  TimerSynchronize                     
00010143  TimerADCEventSet                     
00010155  TimerADCEventGet                     
00010163  TimerDMAEventSet                     
00010175  TimerDMAEventGet                     
00010183  TimerUpdateMode                      
000101d9  xTimerCreateTimerTask                
00010213  xTimerCreate                         
00010267  xTimerGenericCommand                 
000102d5  pcTimerGetTimerName                  
00010691  xTimerIsTimerActive                  
000106bd  pvTimerGetTimerID                    
000106d5  xTimerPendFunctionCallFromISR        
0001070b  xTimerPendFunctionCall               
000107d9  USBStackModeSet                      
00010815  USB0DualModeIntHandler               
00010861  USBDualModeInit                      
000108d1  USBDualModeTerm                      
00010905  USBOTGModeTerm                       
0001093f  USBOTGModeInit                       
00010a35  USBOTGPollRate                       
00010a5d  USB0OTGModeIntHandler                
00010b43  OTGDeviceDisconnect                  
00010b69  USBOTGMain                           
00010c05  USBOTGFeatureSet                     
00010f19  USBBufferInit                        
00010f3b  USBBufferZeroLengthPacketInsert      
00010f6b  USBBufferInfoGet                     
00010f9d  USBBufferDataWritten                 
00010fbd  USBBufferDataRemoved                 
00010fd7  USBBufferCallbackDataSet             
00010ff1  USBBufferWrite                       
00011035  USBBufferFlush                       
00011047  USBBufferRead                        
00011085  USBBufferDataAvailable               
00011097  USBBufferSpaceAvailable              
000110a9  USBBufferEventCallback               
00011125  RGBBlinkIntHandler                   
00011153  RGBInit                              
0001123f  RGBEnable                            
000112f7  RGBDisable                           
00011355  RGBSet                               
0001136d  RGBColorSet                          
0001141d  RGBIntensitySet                      
00011431  RGBBlinkRateSet                      
000114c5  RGBColorGet                          
00011559  Cmd_cpu                              
00011583  Cmd_free                             
00011599  Cmd_tasks                            
00011615  Cmd_stats                            
0001164d  Cmd_help                             
00011691  vUARTTask                            
0001192b  IntMasterEnable                      
0001193b  IntMasterDisable                     
0001194b  IntRegister                          
0001199d  IntUnregister                        
000119b1  IntPriorityGroupingSet               
000119cb  IntPriorityGroupingGet               
00011a03  IntPrioritySet                       
00011a53  IntPriorityGet                       
00011a77  IntEnable                            
00011ae9  IntDisable                           
00011b5b  IntIsEnabled                         
00011be1  IntPendSet                           
00011c51  IntPendClear                         
00011c9f  IntPriorityMaskSet                   
00011cab  IntPriorityMaskGet                   
00011cb3  IntTrigger                           
00011daf  USBDeviceConfig                      
00011fa5  USBDeviceConfigAlternate             
00012071  frame_stuffing                       
00012111  frame_DeStuffing                     
000121b1  add_checksum_and_stuff               
00012223  destuff_and_check_checksum           
00012277  create_frame                         
000122fb  receive_frame                        
00012355  send_frame                           
000123f3  USBRingBufFull                       
0001242d  USBRingBufEmpty                      
00012457  USBRingBufFlush                      
00012477  USBRingBufUsed                       
000124a9  USBRingBufFree                       
000124bf  USBRingBufContigUsed                 
000124ed  USBRingBufContigFree                 
00012529  USBRingBufSize                       
00012537  USBRingBufReadOne                    
0001255d  USBRingBufRead                       
00012593  USBRingBufAdvanceRead                
000125c1  USBRingBufAdvanceWrite               
0001261d  USBRingBufWriteOne                   
00012643  USBRingBufWrite                      
00012679  USBRingBufInit                       
0001276f  USBDCDConfigDescGetSize              
000127a7  USBDCDConfigDescGetNum               
000127f5  USBDCDConfigDescGet                  
00012883  USBDCDConfigGetNumAlternateInterfaces
000128d7  USBDCDConfigGetInterface             
0001290d  USBDCDConfigGetInterfaceEndpoint     
000129c1  USBControlHandler                    
00012a4b  USBTxHandler                         
00012aaf  USBRxHandler                         
00012b05  UsbSerialInit                        
00012b95  xUSBSerialGetChar                    
00012bab  xUSBSerialPutChar                    
00012c29  _Sin                                 
00012ebd  pxPortInitialiseStack                
00012f1b  xPortStartScheduler                  
00012f51  vPortEndScheduler                    
00012f53  vPortEnterCritical                   
00012f6b  vPortExitCritical                    
00012f83  xPortSysTickHandler                  
00012f9f  vPortSuppressTicksAndSleep           
000130ed  vPortSetupTimerInterrupt             
00013149  _Exp                                 
00013345  __aeabi_uldivmod                     
00013539  pvPortMalloc                         
00013647  vPortFree                            
000136a9  xPortGetFreeHeapSize                 
000136af  vPortInitialiseBlocks                
0001370d  USBDescGetNum                        
00013769  USBDescGet                           
000137d3  USBDescGetNumAlternateInterfaces     
0001388d  USBDescGetInterface                  
000138bb  USBDescGetInterfaceEndpoint          
000138df  __aeabi_dsub                         
000138e9  __aeabi_dadd                         
00013a95  fmod                                 
00013c09  __aeabi_ddiv                         
00013d3f  vListInitialise                      
00013d6f  vListInitialiseItem                  
00013d7f  vListInsertEnd                       
00013dbb  vListInsert                          
00013e21  uxListRemove                         
00013e69  _Dscale                              
00013f79  __aeabi_dmul                         
00014075  CPUUsageTick                         
000140b3  CPUUsageInit                         
00014165  InternalUSBTickInit                  
000141a3  InternalUSBTickReset                 
000141ab  InternalUSBRegisterTickHandler       
000141fb  InternalUSBStartOfFrameTick          
00014255  xPortPendSVHandler                   
000142b3  ulPortSetInterruptMask               
000142c9  vPortClearInterruptMask              
000142cf  vPortSVCHandler                      
000142ed  vPortStartFirstTask                  
0001430b  vPortEnableVFP                       
0001431d  vPortGetIPSR                         
00014323  ULPIConfigSet                        
000143c5  ULPIPowerTransceiver                 
000143eb  _Dnorm                               
000144a9  CmdLineProcess                       
00014555  __aeabi_memcpy                       
00014555  __aeabi_memcpy4                      
00014555  __aeabi_memcpy8                      
00014555  memcpy                               
000145f1  exp                                  
00014681  __aeabi_cdcmpeq                      
00014681  __aeabi_cdcmple                      
00014707  __aeabi_cdrcmple                     
0001478d  __aeabi_memclr                       
0001478d  __aeabi_memclr4                      
0001478d  __aeabi_memclr8                      
0001478f  __aeabi_memset                       
0001478f  __aeabi_memset4                      
0001478f  __aeabi_memset8                      
00014795  memset                               
00014809  __TI_auto_init                       
000148e1  create_checksum                      
00014949  _Dunscale                            
000149b1  vConfigureTimerForRunTimeStats       
00014a15  sprintf                              
00014a75  ltoa                                 
00014acb  ldexp                                
00014b1d  _c_int00                             
00014b6d  __aeabi_f2ulz                        
00014bbd  atoi                                 
00014c09  copy_in                              
00014c55  __aeabi_d2f                          
00014c9f  __aeabi_d2iz                         
00014ce9  C$$EXIT                              
00014ced  abort                                
00014cf5  exit                                 
00014d2d  __aeabi_d2uiz                        
00014d71  signal                               
00014db1  __aeabi_uidiv                        
00014db1  __aeabi_uidivmod                     
00014df1  CPUcpsid                             
00014dfd  CPUprimask                           
00014e07  CPUcpsie                             
00014e13  CPUwfi                               
00014e17  CPUbasepriSet                        
00014e25  CPUbasepriGet                        
00014e31  feraiseexcept                        
00014e65  _Dclass                              
00014e95  _Feraise                             
00014ec5  __aeabi_i2d                          
00014ef3  raise                                
00014f21  ResetISR                             
00014f4d  frexp                                
00014f79  GetOverflowCounts                    
00014f9d  USB0DeviceIntHandler                 
00014fc1  memcmp                               
00014fe3  __aeabi_ui2d                         
00015003  memccpy                              
0001501f  sin                                  
00015039  _args_main                           
00015051  strcmp                               
00015069  strchr                               
00015081  _register_unlock                     
00015087  _register_lock                       
0001508f  _nop                                 
00015095  strcpy                               
000150a9  strlen                               
000150bd  __TI_decompress_none                 
000150cb  __TI_zero_init                       
000150d7  SysCtlDelay                          
000150dd  __TI_decompress_rle24                
000150e3  _system_pre_init                     
00015408  _ctypes_                             
00015af8  g_sCDCSerConfigSection               
00015b00  g_sIADSerConfigSection               
00015b08  g_sCDCSerCommInterfaceSection        
00015b10  g_sCDCSerDataInterfaceSection        
00015b18  g_sCDCSerConfigHeader                
00015b20  g_sCDCCompSerConfigHeader            
00015b28  g_ppCDCSerConfigDescriptors          
00015b2c  g_pCDCCompSerConfigDescriptors       
00015b30  g_pui8ConfigString                   
00015bcc  g_sCDCHandlers                       
00015c2c  g_pui8ControlInterfaceString         
00015c80  g_pui8ManufacturerString             
00015ca4  g_sRxBuffer                          
00015cc8  g_sTxBuffer                          
00015cec  g_pui8CDCSerCommInterface            
00015d0f  g_pui8ProductString                  
00015d50  g_ppui8StringDescriptors             
00015d68  g_pui8CDCSerDataInterface            
00015d7f  g_pui8LangDescriptor                 
00015d83  g_pui8SerialNumberString             
00015f7c  __TI_Handler_Table_Base              
00015f88  __TI_Handler_Table_Limit             
00015f98  __TI_CINIT_Base                      
00015fb0  __TI_CINIT_Limit                     
20000000  g_pfnRAMVectors                      
20006188  g_pui8USBRxBuffer                    
20006288  g_pui8USBTxBuffer                    
200064a4  g_psDCDInst                          
200064f4  xQueueRegistry                       
200065c8  g_pfnTickHandlers                    
20006610  g_pui8RxBufferWorkspace              
20006628  g_pui8TxBufferWorkspace              
20006640  g_pvTickInstance                     
200066e4  color                                
200066fc  ejes                                 
2000671c  EjesSemaphore                        
20006720  SendSemaphore                        
20006728  g_ppsDevInfo                         
20006730  g_ui32CPUUsage                       
20006748  g_ui32PollRate                       
20006758  g_ulSystemClock                      
2000675c  g_xRxLineSemaphore                   
20006760  potQueue                             
20006778  velocidadQueue                       
20006785  g_eOTGModeState                      
20006838  _Denorm                              
20006848  _Eps                                 
20006858  _Hugeval                             
20006868  _Inf                                 
20006878  _Nan                                 
20006888  _Snan                                
20006898  _Rteps                               
200068a8  _Xbig                                
200068b0  _Zero                                
200068b8  g_sCDCDevice                         
20006918  g_psCmdTable                         
2000696c  g_pui8CDCSerDeviceDescriptor         
2000697e  g_pui8CDCSerDescriptor               
20006987  g_pui8IADSerDescriptor               
20006990  g_psCDCSerSections                   
2000699c  g_psCDCCompSerSections               
200069ac  pxCurrentTCB                         
20006a40  sensorTaskHandle                     
20006a44  consumoTaskHandle                    
20006a48  velocidad                            
20006a50  combustible                          
20006a58  hora                                 
20006a60  altitud                              
20006a9c  g_ulUARTTxCount                      
20006aa0  g_ulUARTRxCount                      
20006aac  g_bUSBTimerInitialized               
20006ab0  g_ui32CurrentUSBTick                 
20006ab4  g_ui32USBSOFCount                    
20006ab8  g_iUSBMode                           
20006abc  g_ui32WaitTicks                      
20006acc  _lock                                
20006ad0  _unlock                              
20006ad4  __TI_cleanup_ptr                     
20006ad8  __TI_dtors_ptr                       
20006adc  _Fenv                                
20006ae0  _Tls_setup__Fenv                     
20006af8  _Errno                               
20006afc  main_func_sp                         
20006b04  __stack                              
20006d04  __STACK_END                          
20006d04  __STACK_TOP                          
ffffffff  __binit__                            
ffffffff  __c_args__                           
ffffffff  binit                                
UNDEFED   SHT$$INIT_ARRAY$$Base                
UNDEFED   SHT$$INIT_ARRAY$$Limit               

[792 symbols]
