******************************************************************************
                  TI ARM Linker PC v5.2.4                      
******************************************************************************
>> Linked Mon May 11 23:10:22 2015

OUTPUT FILE NAME:   <base-practica_TIVA.out>
ENTRY POINT SYMBOL: "_c_int00"  address: 00015cb9


MEMORY CONFIGURATION

         name            origin    length      used     unused   attr    fill
----------------------  --------  ---------  --------  --------  ----  --------
  FLASH                 00000000   00040000  0001726e  00028d92  R  X
  SRAM                  20000000   00008000  00006d4f  000012b1  RW X


SEGMENT ALLOCATION MAP

run origin  load origin   length   init length attrs members
----------  ----------- ---------- ----------- ----- -------
00000000    00000000    00017278   00017278    r-x
  00000000    00000000    0000026c   0000026c    r-- .intvecs
  0000026c    0000026c    000160be   000160be    r-x .text
  00016330    00016330    00000d74   00000d74    r-- .const
  000170a8    000170a8    000001d0   000001d0    r-- .cinit
20000000    20000000    00006d54   00000000    rw-
  20000000    20000000    0000026c   00000000    rw- .vtable
  20000270    20000270    0000654f   00000000    rw- .bss
  200067c0    200067c0    00000394   00000000    rw- .data
  20006b54    20006b54    00000200   00000000    rw- .stack


SECTION ALLOCATION MAP

 output                                  attributes/
section   page    origin      length       input sections
--------  ----  ----------  ----------   ----------------
.intvecs   0    00000000    0000026c     
                  00000000    0000026c     startup_ccs.obj (.intvecs)

.text      0    0000026c    000160be     
                  0000026c    00002dac     usbhostenum.obj (.text)
                  00003018    00001acc     tasks.obj (.text)
                  00004ae4    000015ba     usb.obj (.text)
                  0000609e    00000002     rtsv7M4_T_le_v4SPD16_eabi.lib : i_div0.obj (.text)
                  000060a0    000012f8     usbdenum.obj (.text)
                  00007398    00001218     main.obj (.text)
                  000085b0    000010ba     rtsv7M4_T_le_v4SPD16_eabi.lib : _printfi.obj (.text)
                  0000966a    00000002     --HOLE-- [fill = 0]
                  0000966c    00000f20     usbdma.obj (.text)
                  0000a58c    00000f00     sysctl.obj (.text)
                  0000b48c    00000e0c     usbdcdc.obj (.text)
                  0000c298    00000d3c     uartstdio.obj (.text)
                  0000cfd4    00000c84     ustdlib.obj (.text)
                  0000dc58    00000b98     gpio.obj (.text)
                  0000e7f0    000009cc     queue.obj (.text)
                  0000f1bc    00000924     usbhhub.obj (.text)
                  0000fae0    000007c4     adc.obj (.text)
                  000102a4    0000065a     timer.obj (.text)
                  000108fe    00000002     --HOLE-- [fill = 0]
                  00010900    00000580     timers.obj (.text)
                  00010e80    0000056c     commands.obj (.text)
                  000113ec    00000510     usbmode.obj (.text)
                  000118fc    000004ba     usbbuffer.obj (.text)
                  00011db6    00000002     --HOLE-- [fill = 0]
                  00011db8    00000434     rgb.obj (.text)
                  000121ec    000003e4     event_groups.obj (.text)
                  000125d0    000003d8     protocol.obj (.text)
                  000129a8    000003c0     interrupt.obj (.text)
                  00012d68    00000388     usbdconfig.obj (.text)
                  000130f0    0000032c     avion.obj (.text)
                  0001341c    000002f4     usbringbuf.obj (.text)
                  00013710    000002de     usbdcdesc.obj (.text)
                  000139ee    00000002     --HOLE-- [fill = 0]
                  000139f0    000002ac     usb_dev_serial.obj (.text)
                  00013c9c    00000294     rtsv7M4_T_le_v4SPD16_eabi.lib : xsin.obj (.text)
                  00013f30    0000028c     port.obj (.text)
                  000141bc    000001fc     rtsv7M4_T_le_v4SPD16_eabi.lib : xexp.obj (.text)
                  000143b8    000001f4                                   : ull_div_t2.obj (.text)
                  000145ac    000001d4     heap_2.obj (.text)
                  00014780    000001d2     usbdesc.obj (.text)
                  00014952    000001b6     rtsv7M4_T_le_v4SPD16_eabi.lib : fd_add_t2.obj (.text)
                  00014b08    00000174                                   : fmod.obj (.text)
                  00014c7c    00000136                                   : fd_div_t2.obj (.text)
                  00014db2    0000012a     list.obj (.text)
                  00014edc    00000128     buttons.obj (.text)
                  00015004    00000110     rtsv7M4_T_le_v4SPD16_eabi.lib : xdscale.obj (.text)
                  00015114    000000fc                                   : fd_mul_t2.obj (.text)
                  00015210    000000f0     cpu_usage.obj (.text)
                  00015300    000000ec     usbtick.obj (.text)
                  000153ec    000000d2     portasm.obj (.text)
                  000154be    000000c8     usbulpi.obj (.text)
                  00015586    000000be     rtsv7M4_T_le_v4SPD16_eabi.lib : xdnorm.obj (.text)
                  00015644    000000ac     cmdline.obj (.text)
                  000156f0    0000009c     rtsv7M4_T_le_v4SPD16_eabi.lib : memcpy_t2.obj (.text)
                  0001578c    00000090                                   : exp.obj (.text)
                  0001581c    00000086                                   : fd_cmp_t2.obj (.text:__aeabi_cdcmple)
                  000158a2    00000086                                   : fd_cmp_t2.obj (.text:__aeabi_cdrcmple)
                  00015928    0000007a                                   : memset_t2.obj (.text)
                  000159a2    00000002     --HOLE-- [fill = 0]
                  000159a4    0000006c                                   : autoinit.obj (.text)
                  00015a10    0000006a                                   : copy_decompress_rle.obj (.text)
                  00015a7a    00000002     --HOLE-- [fill = 0]
                  00015a7c    00000068     crc.obj (.text)
                  00015ae4    00000066     rtsv7M4_T_le_v4SPD16_eabi.lib : xdunscal.obj (.text)
                  00015b4a    00000002     --HOLE-- [fill = 0]
                  00015b4c    00000064     RunTimeStatsConfig.obj (.text)
                  00015bb0    00000060     rtsv7M4_T_le_v4SPD16_eabi.lib : sprintf.obj (.text)
                  00015c10    00000056                                   : ltoa.obj (.text)
                  00015c66    00000052                                   : ldexp.obj (.text)
                  00015cb8    00000050                                   : boot.obj (.text)
                  00015d08    00000050                                   : fs_toull_t2.obj (.text)
                  00015d58    0000004c                                   : atoi.obj (.text)
                  00015da4    0000004c                                   : cpy_tbl.obj (.text)
                  00015df0    0000004c                                   : rand.obj (.text)
                  00015e3c    0000004a                                   : fd_tos_t2.obj (.text)
                  00015e86    00000048                                   : fd_toi_t2.obj (.text)
                  00015ece    00000002     --HOLE-- [fill = 0]
                  00015ed0    00000044                                   : exit.obj (.text)
                  00015f14    00000044                                   : fd_tou_t2.obj (.text)
                  00015f58    00000040                                   : signal.obj (.text)
                  00015f98    00000040                                   : u_divt2.obj (.text)
                  00015fd8    0000003e     cpu.obj (.text)
                  00016016    00000038     rtsv7M4_T_le_v4SPD16_eabi.lib : fs_tod_t2.obj (.text)
                  0001604e    00000002     --HOLE-- [fill = 0]
                  00016050    00000034                                   : feraiseexcept.obj (.text)
                  00016084    00000030                                   : xdclass.obj (.text)
                  000160b4    00000030                                   : xferaise.obj (.text)
                  000160e4    0000002e                                   : i_tofd_t2.obj (.text)
                  00016112    0000002e                                   : raise.obj (.text)
                  00016140    0000002c     startup_ccs.obj (.text)
                  0001616c    0000002a     rtsv7M4_T_le_v4SPD16_eabi.lib : frexp.obj (.text)
                  00016196    00000026                                   : strncmp.obj (.text)
                  000161bc    00000024     RunTimeStatsConfig.obj (.text:GetOverflowCounts)
                  000161e0    00000024     usbdhandler.obj (.text)
                  00016204    00000022     rtsv7M4_T_le_v4SPD16_eabi.lib : memcmp.obj (.text)
                  00016226    00000020                                   : u_tofd_t2.obj (.text)
                  00016246    0000001c                                   : memccpy.obj (.text)
                  00016262    0000001a                                   : sin.obj (.text)
                  0001627c    00000018                                   : args_main.obj (.text)
                  00016294    00000018                                   : strcmp.obj (.text)
                  000162ac    00000016                                   : strchr.obj (.text)
                  000162c2    00000002     --HOLE-- [fill = 0]
                  000162c4    00000014                                   : _lock.obj (.text)
                  000162d8    00000014                                   : strcpy.obj (.text)
                  000162ec    00000014                                   : strlen.obj (.text)
                  00016300    0000000e                                   : copy_decompress_none.obj (.text:decompress:none)
                  0001630e    0000000c                                   : copy_zero_init.obj (.text:decompress:ZI)
                  0001631a    00000006     sysctl.obj (.text:SysCtlDelay)
                  00016320    00000006     rtsv7M4_T_le_v4SPD16_eabi.lib : copy_decompress_rle.obj (.text:decompress:rle24)
                  00016326    00000004                                   : pre_init.obj (.text)

.const     0    00016330    00000d74     
                  00016330    00000200     crc.obj (.const:crctttab)
                  00016530    00000162     commands.obj (.const:.string)
                  00016692    00000002     heap_2.obj (.const)
                  00016694    00000120     sysctl.obj (.const:g_pppui32XTALtoVCO)
                  000167b4    00000101     rtsv7M4_T_le_v4SPD16_eabi.lib : ctype.obj (.const:.string:_ctypes_)
                  000168b5    00000003     --HOLE-- [fill = 0]
                  000168b8    000000c0     gpio.obj (.const:g_ppui32GPIOIntMapBlizzard)
                  00016978    000000c0     gpio.obj (.const:g_ppui32GPIOIntMapSnowflake)
                  00016a38    0000009c     interrupt.obj (.const:g_pui32Regs)
                  00016ad4    00000090     gpio.obj (.const:g_pui32GPIOBaseAddrs)
                  00016b64    00000004     --HOLE-- [fill = 0]
                  00016b68    00000080     rtsv7M4_T_le_v4SPD16_eabi.lib : xsin.obj (.const)
                  00016be8    00000070     interrupt.obj (.const)
                  00016c58    0000006c     sysctl.obj (.const:g_pui32Xtals)
                  00016cc4    00000060     timer.obj (.const:g_ppui32TimerIntMap)
                  00016d24    00000004     --HOLE-- [fill = 0]
                  00016d28    00000048     rtsv7M4_T_le_v4SPD16_eabi.lib : xexp.obj (.const)
                  00016d70    00000040     timer.obj (.const:g_ppui32TimerIntMapSnowflake)
                  00016db0    00000038     usbdcdc.obj (.const)
                  00016de8    00000036     usb_serial_structs.obj (.const:.string:g_pui8ConfigString)
                  00016e1e    00000002     --HOLE-- [fill = 0]
                  00016e20    00000034     usbdenum.obj (.const:g_psUSBDStdRequests)
                  00016e54    00000030     ustdlib.obj (.const:g_psDaysToMonth)
                  00016e84    00000030     usbdcdc.obj (.const:g_sCDCHandlers)
                  00016eb4    00000030     sysctl.obj (.const:g_sXTALtoMEMTIM)
                  00016ee4    0000002c     usb_serial_structs.obj (.const:.string:g_pui8ControlInterfaceString)
                  00016f10    00000028     uartstdio.obj (.const)
                  00016f38    00000024     usb_serial_structs.obj (.const:.string:g_pui8ManufacturerString)
                  00016f5c    00000024     usb_serial_structs.obj (.const:g_sRxBuffer)
                  00016f80    00000024     usb_serial_structs.obj (.const:g_sTxBuffer)
                  00016fa4    00000023     usbdcdc.obj (.const:.string:g_pui8CDCSerCommInterface)
                  00016fc7    00000022     usb_serial_structs.obj (.const:.string:g_pui8ProductString)
                  00016fe9    00000003     --HOLE-- [fill = 0]
                  00016fec    0000001c     ustdlib.obj (.const)
                  00017008    00000018     usb_serial_structs.obj (.const)
                  00017020    00000017     usbdcdc.obj (.const:.string)
                  00017037    00000016     usb_serial_structs.obj (.const:.string)
                  0001704d    00000014     tasks.obj (.const:.string)
                  00017061    00000003     --HOLE-- [fill = 0]
                  00017064    00000012     uartstdio.obj (.const:.string)
                  00017076    00000002     --HOLE-- [fill = 0]
                  00017078    00000012     ustdlib.obj (.const:.string)
                  0001708a    00000002     --HOLE-- [fill = 0]
                  0001708c    00000008     gpio.obj (.const)
                  00017094    00000008     sysctl.obj (.const)
                  0001709c    00000008     timer.obj (.const)

.cinit     0    000170a8    000001d0     
                  000170a8    00000198     (.cinit..data.load) [load image, compression = rle]
                  00017240    0000000c     (__TI_handler_table)
                  0001724c    00000004     --HOLE-- [fill = 0]
                  00017250    00000008     (.cinit..bss.load) [load image, compression = zero_init]
                  00017258    00000008     (.cinit..vtable.load) [load image, compression = zero_init]
                  00017260    00000018     (__TI_cinit_table)

.init_array 
*          0    00000000    00000000     UNINITIALIZED

.vtable    0    20000000    0000026c     UNINITIALIZED
                  20000000    0000026c     interrupt.obj (.vtable)

.bss       0    20000270    0000654f     UNINITIALIZED
                  20000270    00005000     heap_2.obj (.bss:ucHeap)
                  20005270    000006cc     usbhostenum.obj (.bss:g_sUSBHCD)
                  2000593c    00000400     uartstdio.obj (.bss:g_pcUARTTxBuffer)
                  20005d3c    00000200     uartstdio.obj (.bss:g_pcUARTRxHistoryBuffer)
                  20005f3c    00000140     tasks.obj (.bss:pxReadyTasksLists)
                  2000607c    00000110     usbdma.obj (.bss:g_psUSBDMAInst)
                  2000618c    00000100     usb_serial_structs.obj (.bss:g_pui8USBRxBuffer)
                  2000628c    00000100     usb_serial_structs.obj (.bss:g_pui8USBTxBuffer)
                  2000638c    0000009c     usbhhub.obj (.bss:g_sRootHub)
                  20006428    00000080     uartstdio.obj (.bss:g_pcUARTRxBuffer)
                  200064a8    00000050     usbdenum.obj (.bss:g_psDCDInst)
                  200064f8    00000050     queue.obj (.bss:xQueueRegistry)
                  20006548    00000040     usbdenum.obj (.bss:g_pui8DataBufferIn)
                  20006588    00000024     cmdline.obj (.bss:g_ppcArgv)
                  200065ac    00000020     (.common:g_usUARTRxHistoryOffset)
                  200065cc    00000018     (.common:g_pfnTickHandlers)
                  200065e4    00000018     (.common:g_pi32USBHActiveDriver)
                  200065fc    00000018     (.common:g_ppvDriverInstance)
                  20006614    00000018     (.common:g_pui8RxBufferWorkspace)
                  2000662c    00000018     (.common:g_pui8TxBufferWorkspace)
                  20006644    00000018     (.common:g_pvTickInstance)
                  2000665c    00000014     (.common:xActiveTimerList1)
                  20006670    00000014     (.common:xActiveTimerList2)
                  20006684    00000014     (.common:xDelayedTaskList1)
                  20006698    00000014     (.common:xDelayedTaskList2)
                  200066ac    00000014     (.common:xPendingReadyList)
                  200066c0    00000014     (.common:xSuspendedTaskList)
                  200066d4    00000014     (.common:xTasksWaitingTermination)
                  200066e8    0000000c     (.common:color)
                  200066f4    0000000c     (.common:g_ui32Colors)
                  20006700    00000008     (.common:altitud)
                  20006708    00000008     (.common:combustible)
                  20006710    00000008     (.common:ejes)
                  20006718    00000008     (.common:g_pui32Alloc)
                  20006720    00000008     (.common:xEnd)
                  20006728    00000008     (.common:xStart)
                  20006730    00000004     (.common:AltitudSemaphore)
                  20006734    00000004     (.common:CombustibleSemaphore)
                  20006738    00000004     (.common:EjesSemaphore)
                  2000673c    00000004     (.common:HoraSemaphore)
                  20006740    00000004     (.common:PilotoAutomaticoSemaphore)
                  20006744    00000004     (.common:TiempoSimSemaphore)
                  20006748    00000004     (.common:VelocidadSemaphore)
                  2000674c    00000004     (.common:g_pfnUSBModeCallback)
                  20006750    00000004     (.common:g_ppsDevInfo)
                  20006754    00000004     (.common:g_pui8OversampleFactor)
                  20006758    00000004     (.common:g_ui32CPUUsage)
                  2000675c    00000004     (.common:g_ui32CPUUsagePrevious)
                  20006760    00000004     (.common:g_ui32CPUUsageTicks)
                  20006764    00000004     (.common:g_ui32CPUUsageTimer)
                  20006768    00000004     (.common:g_ui32ChangeFlags)
                  2000676c    00000004     (.common:g_ui32HubChanges)
                  20006770    00000004     (.common:g_ui32PollRate)
                  20006774    00000004     (.common:g_ui32PortNum)
                  20006778    00000004     (.common:g_ui32ULPISupport)
                  2000677c    00000004     (.common:g_ui32ULPISupport)
                  20006780    00000004     (.common:g_ulSystemClock)
                  20006784    00000004     (.common:g_xRxLineSemaphore)
                  20006788    00000004     (.common:hora)
                  2000678c    00000004     (.common:potQueue)
                  20006790    00000004     (.common:pxCurrentTimerList)
                  20006794    00000004     (.common:pxDelayedTaskList)
                  20006798    00000004     (.common:pxOverflowDelayedTaskList)
                  2000679c    00000004     (.common:pxOverflowTimerList)
                  200067a0    00000004     (.common:tiempoSim)
                  200067a4    00000004     (.common:ulFlags$1)
                  200067a8    00000004     (.common:velocidad)
                  200067ac    00000004     (.common:velocidadQueue)
                  200067b0    00000004     (.common:xCharsForTx)
                  200067b4    00000004     (.common:xEventGroup)
                  200067b8    00000004     (.common:xRxedChars)
                  200067bc    00000001     (.common:g_bDisableEcho)
                  200067bd    00000001     (.common:g_eOTGModeState)
                  200067be    00000001     (.common:pulsacionLarga)

.data      0    200067c0    00000394     UNINITIALIZED
                  200067c0    000000b0     rtsv7M4_T_le_v4SPD16_eabi.lib : signal.obj (.data:sigtable)
                  20006870    00000080                                   : xvalues.obj (.data)
                  200068f0    00000078     commands.obj (.data:g_psCmdTable)
                  20006968    00000060     usb_serial_structs.obj (.data:g_sCDCDevice)
                  200069c8    00000040     usbdcdc.obj (.data)
                  20006a08    00000038     tasks.obj (.data)
                  20006a40    00000030     cpu_usage.obj (.data)
                  20006a70    0000002c     usbhostenum.obj (.data)
                  20006a9c    0000001d     uartstdio.obj (.data)
                  20006ab9    00000003     buttons.obj (.data)
                  20006abc    00000019     main.obj (.data)
                  20006ad5    00000003     --HOLE--
                  20006ad8    00000010     port.obj (.data)
                  20006ae8    00000010     usb_dev_serial.obj (.data)
                  20006af8    0000000c     usbtick.obj (.data)
                  20006b04    00000009     usbmode.obj (.data)
                  20006b0d    00000003     --HOLE--
                  20006b10    00000008     heap_2.obj (.data)
                  20006b18    00000008     rtsv7M4_T_le_v4SPD16_eabi.lib : _lock.obj (.data)
                  20006b20    00000008                                   : exit.obj (.data)
                  20006b28    00000008                                   : feraiseexcept.obj (.data)
                  20006b30    00000008     timers.obj (.data)
                  20006b38    00000008     usbdenum.obj (.data)
                  20006b40    00000004     rgb.obj (.data)
                  20006b44    00000004     rtsv7M4_T_le_v4SPD16_eabi.lib : errno.obj (.data)
                  20006b48    00000004                                   : rand.obj (.data)
                  20006b4c    00000004                                   : stkdepth_vars.obj (.data)
                  20006b50    00000004     ustdlib.obj (.data)

.TI.noinit 
*          0    20000270    00000000     UNINITIALIZED

.TI.persistent 
*          0    200067c0    00000000     UNINITIALIZED

.stack     0    20006b54    00000200     UNINITIALIZED
                  20006b54    00000200     --HOLE--


LINKER GENERATED COPY TABLES

__TI_cinit_table @ 00017260 records: 3, size/record: 8, table size: 24
	.data: load addr=000170a8, load size=00000198 bytes, run addr=200067c0, run size=00000394 bytes, compression=rle
	.bss: load addr=00017250, load size=00000008 bytes, run addr=20000270, run size=0000654f bytes, compression=zero_init
	.vtable: load addr=00017258, load size=00000008 bytes, run addr=20000000, run size=0000026c bytes, compression=zero_init


LINKER GENERATED HANDLER TABLE

__TI_handler_table @ 00017240 records: 3, size/record: 4, table size: 12
	index: 0, handler: __TI_zero_init
	index: 1, handler: __TI_decompress_rle24
	index: 2, handler: __TI_decompress_none


GLOBAL SYMBOLS: SORTED ALPHABETICALLY BY Name 

address   name                                 
-------   ----                                 
0001021d  ADCBusy                              
00010265  ADCClockConfigGet                    
0001023b  ADCClockConfigSet                    
00010037  ADCComparatorConfigure               
00010107  ADCComparatorIntClear                
000100bd  ADCComparatorIntDisable              
000100db  ADCComparatorIntEnable               
000100f9  ADCComparatorIntStatus               
00010053  ADCComparatorRegionSet               
00010077  ADCComparatorReset                   
00010005  ADCHardwareOversampleConfigure       
0000fc1b  ADCIntClear                          
0001017f  ADCIntClearEx                        
0000fb81  ADCIntDisable                        
00010119  ADCIntDisableEx                      
0000fb9d  ADCIntEnable                         
00010131  ADCIntEnableEx                       
00008427  ADCIntHandler                        
0000fb3b  ADCIntRegister                       
0000fbc3  ADCIntStatus                         
0001014d  ADCIntStatusEx                       
0000fb63  ADCIntUnregister                     
000101d7  ADCPhaseDelayGet                     
000101c5  ADCPhaseDelaySet                     
0000fe7b  ADCProcessorTrigger                  
000101b3  ADCReferenceGet                      
00010197  ADCReferenceSet                      
0000fc65  ADCSequenceConfigure                 
00010201  ADCSequenceDMADisable                
000101e5  ADCSequenceDMAEnable                 
0000fe39  ADCSequenceDataGet                   
0000fc4b  ADCSequenceDisable                   
0000fc31  ADCSequenceEnable                    
0000fddd  ADCSequenceOverflow                  
0000fdf5  ADCSequenceOverflowClear             
0000fce9  ADCSequenceStepConfigure             
0000fe0b  ADCSequenceUnderflow                 
0000fe23  ADCSequenceUnderflowClear            
0000fe9f  ADCSoftwareOversampleConfigure       
0000ff97  ADCSoftwareOversampleDataGet         
0000fed7  ADCSoftwareOversampleStepConfigure   
20006730  AltitudSemaphore                     
0000847d  ButtonHandler                        
00014f83  ButtonsInit                          
00014edd  ButtonsPoll                          
00015ed1  C$$EXIT                              
0001524f  CPUUsageInit                         
00015211  CPUUsageTick                         
0001600d  CPUbasepriGet                        
00015fff  CPUbasepriSet                        
00015fd9  CPUcpsid                             
00015fef  CPUcpsie                             
00015fe5  CPUprimask                           
00015ffb  CPUwfi                               
00015645  CmdLineProcess                       
00010e81  Cmd_cpu                              
00010eab  Cmd_free                             
00010f75  Cmd_help                             
0001101d  Cmd_radio                            
00010f3d  Cmd_stats                            
00010ec1  Cmd_tasks                            
000110c3  Cmd_timesim                          
00010fad  Cmd_traza                            
20006734  CombustibleSemaphore                 
0000026d  ConfigDescAlloc                      
00000303  ConfigDescFree                       
20006738  EjesSemaphore                        
0000e7cb  GPIOADCTriggerDisable                
0000e7ad  GPIOADCTriggerEnable                 
0000e78f  GPIODMATriggerDisable                
0000e771  GPIODMATriggerEnable                 
0000dd17  GPIODirModeGet                       
0000dcbb  GPIODirModeSet                       
0000e28b  GPIOIntClear                         
0000e24f  GPIOIntDisable                       
0000e235  GPIOIntEnable                        
0000e29f  GPIOIntRegister                      
0000e269  GPIOIntStatus                        
0000de07  GPIOIntTypeGet                       
0000dd63  GPIOIntTypeSet                       
0000e2bd  GPIOIntUnregister                    
0000e0e3  GPIOPadConfigGet                     
0000dea5  GPIOPadConfigSet                     
0000e713  GPIOPinConfigure                     
0000e2d7  GPIOPinRead                          
0000e30f  GPIOPinTypeADC                       
0000e333  GPIOPinTypeCAN                       
0000e6df  GPIOPinTypeCIR                       
0000e357  GPIOPinTypeComparator                
0000e37b  GPIOPinTypeEPI                       
0000e39f  GPIOPinTypeEthernetLED               
0000e3c3  GPIOPinTypeEthernetMII               
0000e3e7  GPIOPinTypeGPIOInput                 
0000e40b  GPIOPinTypeGPIOOutput                
0000e42f  GPIOPinTypeGPIOOutputOD              
0000e453  GPIOPinTypeI2C                       
0000e477  GPIOPinTypeI2CSCL                    
0000e697  GPIOPinTypeKBColumn                  
0000e673  GPIOPinTypeKBRow                     
0000e49b  GPIOPinTypeLCD                       
0000e6bb  GPIOPinTypeLEDSeq                    
0000e4bf  GPIOPinTypeLPC                       
0000e4e3  GPIOPinTypePECIRx                    
0000e507  GPIOPinTypePECITx                    
0000e52b  GPIOPinTypePWM                       
0000e54f  GPIOPinTypeQEI                       
0000e573  GPIOPinTypeSSI                       
0000e597  GPIOPinTypeTimer                     
0000e5bb  GPIOPinTypeUART                      
0000e5df  GPIOPinTypeUSBAnalog                 
0000e603  GPIOPinTypeUSBDigital                
0000e627  GPIOPinTypeWakeHigh                  
0000e64d  GPIOPinTypeWakeLow                   
0000e703  GPIOPinWakeStatus                    
0000e2ef  GPIOPinWrite                         
000161bd  GetOverflowCounts                    
2000673c  HoraSemaphore                        
00012b69  IntDisable                           
00012af7  IntEnable                            
00012bdb  IntIsEnabled                         
000129bb  IntMasterDisable                     
000129ab  IntMasterEnable                      
00012cd1  IntPendClear                         
00012c61  IntPendSet                           
00012ad3  IntPriorityGet                       
00012a4b  IntPriorityGroupingGet               
00012a31  IntPriorityGroupingSet               
00012d2b  IntPriorityMaskGet                   
00012d1f  IntPriorityMaskSet                   
00012a83  IntPrioritySet                       
000129cb  IntRegister                          
00012d33  IntTrigger                           
00012a1d  IntUnregister                        
000023d9  InternalUSBHCDSendEvent              
00015347  InternalUSBRegisterTickHandler       
00015397  InternalUSBStartOfFrameTick          
00015301  InternalUSBTickInit                  
0001533f  InternalUSBTickReset                 
000117d7  OTGDeviceDisconnect                  
20006ac8  PilautTaskHandle                     
20006740  PilotoAutomaticoSemaphore            
0000b6d5  ProcessDataFromHost                  
0000b7e5  ProcessDataToHost                    
0000b783  ProcessNotificationToHost            
00011db9  RGBBlinkIntHandler                   
000120c5  RGBBlinkRateSet                      
00012159  RGBColorGet                          
00012001  RGBColorSet                          
00011f8b  RGBDisable                           
00011ed3  RGBEnable                            
00011de7  RGBInit                              
000120b1  RGBIntensitySet                      
00011fe9  RGBSet                               
00016141  ResetISR                             
UNDEFED   SHT$$INIT_ARRAY$$Base                
UNDEFED   SHT$$INIT_ARRAY$$Limit               
20006abc  SendSemaphore                        
0000b42b  SysCtlAltClkConfig                   
0000abf9  SysCtlClockFreqSet                   
0000b0dd  SysCtlClockGet                       
0000b40f  SysCtlClockOutConfig                 
0000af11  SysCtlClockSet                       
0000aaf9  SysCtlDeepSleep                      
0000b2b1  SysCtlDeepSleepClockConfigSet        
0000b295  SysCtlDeepSleepClockSet              
0000aad9  SysCtlDeepSleepPowerSet              
0001631b  SysCtlDelay                          
0000a685  SysCtlFlashSectorSizeGet             
0000a659  SysCtlFlashSizeGet                   
0000b387  SysCtlGPIOAHBDisable                 
0000b36b  SysCtlGPIOAHBEnable                  
0000aa6d  SysCtlIntClear                       
0000aa55  SysCtlIntDisable                     
0000aa41  SysCtlIntEnable                      
0000aa19  SysCtlIntRegister                    
0000aa7d  SysCtlIntStatus                      
0000aa31  SysCtlIntUnregister                  
0000aabf  SysCtlLDODeepSleepGet                
0000aaaf  SysCtlLDODeepSleepSet                
0000aaa9  SysCtlLDOSleepGet                    
0000aa99  SysCtlLDOSleepSet                    
0000ab2f  SysCtlMOSCConfigSet                  
0000b3fb  SysCtlNMIClear                       
0000b3f5  SysCtlNMIStatus                      
0000ab45  SysCtlPIOSCCalibrate                 
0000b355  SysCtlPWMClockGet                    
0000b33b  SysCtlPWMClockSet                    
0000a9c5  SysCtlPeripheralClockGating          
0000a97d  SysCtlPeripheralDeepSleepDisable     
0000a92d  SysCtlPeripheralDeepSleepEnable      
0000a869  SysCtlPeripheralDisable              
0000a82d  SysCtlPeripheralEnable               
0000a769  SysCtlPeripheralPowerOff             
0000a72d  SysCtlPeripheralPowerOn              
0000a6ad  SysCtlPeripheralPresent              
0000a6ed  SysCtlPeripheralReady                
0000a7a5  SysCtlPeripheralReset                
0000a8f1  SysCtlPeripheralSleepDisable         
0000a8ad  SysCtlPeripheralSleepEnable          
0000aae9  SysCtlReset                          
0000aba5  SysCtlResetBehaviorGet               
0000ab95  SysCtlResetBehaviorSet               
0000ab1b  SysCtlResetCauseClear                
0000ab15  SysCtlResetCauseGet                  
0000a64f  SysCtlSRAMSizeGet                    
0000aaf1  SysCtlSleep                          
0000aac5  SysCtlSleepPowerSet                  
0000b3b5  SysCtlUSBPLLDisable                  
0000b3a3  SysCtlUSBPLLEnable                   
0000b3e1  SysCtlVoltageEventClear              
0000b3c5  SysCtlVoltageEventConfig             
0000b3d5  SysCtlVoltageEventStatus             
20006744  TiempoSimSemaphore                   
0001087d  TimerADCEventGet                     
0001086b  TimerADCEventSet                     
00010595  TimerClockSourceGet                  
00010579  TimerClockSourceSet                  
00010357  TimerConfigure                       
00010477  TimerControlEvent                    
000103d3  TimerControlLevel                    
000104a1  TimerControlStall                    
00010409  TimerControlTrigger                  
000104d7  TimerControlWaitOnTrigger            
0001089d  TimerDMAEventGet                     
0001088b  TimerDMAEventSet                     
00010339  TimerDisable                         
0001031b  TimerEnable                          
00010847  TimerIntClear                        
00010811  TimerIntDisable                      
000107f9  TimerIntEnable                       
000107b3  TimerIntRegister                     
00010829  TimerIntStatus                       
000107db  TimerIntUnregister                   
0001065f  TimerLoadGet                         
0001069b  TimerLoadGet64                       
00010635  TimerLoadSet                         
0001067b  TimerLoadSet64                       
00010745  TimerMatchGet                        
00010781  TimerMatchGet64                      
0001071b  TimerMatchSet                        
00010761  TimerMatchSet64                      
000105cf  TimerPrescaleGet                     
00010619  TimerPrescaleMatchGet                
000105eb  TimerPrescaleMatchSet                
000105a5  TimerPrescaleSet                     
0001054d  TimerRTCDisable                      
00010537  TimerRTCEnable                       
00010859  TimerSynchronize                     
000108ab  TimerUpdateMode                      
000106cd  TimerValueGet                        
000106e9  TimerValueGet64                      
0000ca29  UARTEchoSet                          
0000c9c3  UARTFlushRx                          
0000c9eb  UARTFlushTx                          
0000c969  UARTPeek                             
0000c947  UARTRxBytesAvail                     
0000c3ad  UARTStdioConfig                      
0000ca61  UARTStdioIntHandler                  
0000c955  UARTTxBytesFree                      
0000c5bd  UARTgetc                             
0000c541  UARTgets                             
0000c923  UARTprintf                           
0000c629  UARTvprintf                          
0000c49b  UARTwrite                            
000154bf  ULPIConfigSet                        
00015561  ULPIPowerTransceiver                 
000161e1  USB0DeviceIntHandler                 
000114a9  USB0DualModeIntHandler               
000022e1  USB0HostIntHandler                   
000116f1  USB0OTGModeIntHandler                
00011c6b  USBBufferCallbackDataSet             
00011d19  USBBufferDataAvailable               
00011c51  USBBufferDataRemoved                 
00011c31  USBBufferDataWritten                 
00011d3d  USBBufferEventCallback               
00011cc9  USBBufferFlush                       
00011bff  USBBufferInfoGet                     
00011bad  USBBufferInit                        
00011cdb  USBBufferRead                        
00011d2b  USBBufferSpaceAvailable              
00011c85  USBBufferWrite                       
00011bcf  USBBufferZeroLengthPacketInsert      
00005cdb  USBClockDisable                      
00005cbf  USBClockEnable                       
00013a35  USBControlHandler                    
00005cab  USBControllerVersion                 
0000be49  USBDCDCCompositeInit                 
0000bf3f  USBDCDCInit                          
0000c0c1  USBDCDCPacketRead                    
0000c01f  USBDCDCPacketWrite                   
0000c273  USBDCDCPowerStatusSet                
0000c287  USBDCDCRemoteWakeupRequest           
0000c1b9  USBDCDCRxPacketAvailable             
0000c219  USBDCDCSerialStateChange             
0000bfc5  USBDCDCSetControlCBData              
0000bfe3  USBDCDCSetRxCBData                   
0000c001  USBDCDCSetTxCBData                   
0000bfad  USBDCDCTerm                          
0000c197  USBDCDCTxPacketAvailable             
00013869  USBDCDConfigDescGet                  
0001381b  USBDCDConfigDescGetNum               
000137e3  USBDCDConfigDescGetSize              
0001394b  USBDCDConfigGetInterface             
00013981  USBDCDConfigGetInterfaceEndpoint     
000138f7  USBDCDConfigGetNumAlternateInterfaces
000060a1  USBDCDDeviceInfoInit                 
000063fd  USBDCDFeatureSet                     
000060f1  USBDCDInit                           
00006387  USBDCDPowerStatusSet                 
000064bd  USBDCDRemoteWakeLPM                  
000064e1  USBDCDRemoteWakeupRequest            
00006311  USBDCDRequestDataEP0                 
00006337  USBDCDSendDataEP0                    
00006359  USBDCDSetDefaultConfiguration        
0000636b  USBDCDStallEP0                       
00006299  USBDCDTerm                           
00005e13  USBDMAChannelAddressGet              
00005df7  USBDMAChannelAddressSet              
00005d7d  USBDMAChannelConfigSet               
00005e47  USBDMAChannelCountGet                
00005e2b  USBDMAChannelCountSet                
00005d5d  USBDMAChannelDisable                 
00005d3d  USBDMAChannelEnable                  
00005d0d  USBDMAChannelIntDisable              
00005ced  USBDMAChannelIntEnable               
00005d2d  USBDMAChannelIntStatus               
00005dad  USBDMAChannelStatus                  
00005dcd  USBDMAChannelStatusClear             
00005e5f  USBDMANumChannels                    
000147dd  USBDescGet                           
00014901  USBDescGetInterface                  
0001492f  USBDescGetInterfaceEndpoint          
00014781  USBDescGetNum                        
00014847  USBDescGetNumAlternateInterfaces     
00005119  USBDevAddrGet                        
00005105  USBDevAddrSet                        
000050d9  USBDevConnect                        
000050ef  USBDevDisconnect                     
0000544f  USBDevEndpointConfigGet              
0000535d  USBDevEndpointConfigSet              
000057d9  USBDevEndpointDataAck                
00005003  USBDevEndpointStall                  
00005065  USBDevEndpointStallClear             
00004e7f  USBDevEndpointStatusClear            
00005fcb  USBDevLPMConfig                      
00005ff9  USBDevLPMDisable                     
00005fe1  USBDevLPMEnable                      
00005fb3  USBDevLPMRemoteWake                  
00005c13  USBDevMode                           
00004c45  USBDevSpeedGet                       
00012e2f  USBDeviceConfig                      
00013025  USBDeviceConfigAlternate             
0000660d  USBDeviceEnumHandler                 
00006759  USBDeviceEnumResetHandler            
000071a9  USBDeviceIntHandlerInternal          
00006515  USBDeviceResumeTickHandler           
000114f5  USBDualModeInit                      
00011565  USBDualModeTerm                      
00005bc5  USBEndpointDMAChannel                
0000560b  USBEndpointDMAConfigSet              
000056dd  USBEndpointDMADisable                
000056a3  USBEndpointDMAEnable                 
00005717  USBEndpointDataAvail                 
0000574f  USBEndpointDataGet                   
00005849  USBEndpointDataPut                   
000058ad  USBEndpointDataSend                  
00004f9d  USBEndpointDataToggleClear           
00005c77  USBEndpointPacketCountSet            
00004e0b  USBEndpointStatus                    
00005b9b  USBFIFOAddrGet                       
000055a5  USBFIFOConfigGet                     
0000553f  USBFIFOConfigSet                     
00005905  USBFIFOFlush                         
00005b5f  USBFrameNumberGet                    
00002911  USBHCDControlTransfer                
00002d61  USBHCDDevAddress                     
00002d95  USBHCDDevClass                       
00002d39  USBHCDDevHubPort                     
00002e29  USBHCDDevProtocol                    
00002de1  USBHCDDevSubClass                    
0000041b  USBHCDEventDisable                   
000003eb  USBHCDEventEnable                    
00002e89  USBHCDFeatureSet                     
00002a6d  USBHCDHubDeviceConnected             
00002b05  USBHCDHubDeviceDisconnected          
00001491  USBHCDInit                           
00002fd3  USBHCDLPMResume                      
00002f6b  USBHCDLPMSleep                       
00002f41  USBHCDLPMStatus                      
00002509  USBHCDMain                           
00000873  USBHCDPipeAlloc                      
000005f1  USBHCDPipeAllocSize                  
000008c1  USBHCDPipeConfig                     
00000dcb  USBHCDPipeDataAck                    
00001009  USBHCDPipeFree                       
00000dfd  USBHCDPipeRead                       
00000d81  USBHCDPipeReadNonBlocking            
00000c55  USBHCDPipeSchedule                   
00000a3b  USBHCDPipeStatus                     
000005cb  USBHCDPipeTransferSizeGet            
00000a71  USBHCDPipeWrite                      
00001437  USBHCDPowerAutomatic                 
000013a7  USBHCDPowerConfigGet                 
00001395  USBHCDPowerConfigInit                
000013c5  USBHCDPowerConfigSet                 
000015ad  USBHCDRegisterDrivers                
000016b1  USBHCDReset                          
0000170d  USBHCDResume                         
000018ed  USBHCDSetAddress                     
00001a33  USBHCDSetConfig                      
00001a7b  USBHCDSetInterface                   
0000188d  USBHCDStringDescriptorGet            
000016fb  USBHCDSuspend                        
000015e1  USBHCDTerm                           
0000fa4d  USBHHubClose                         
0000f9f1  USBHHubEnumerationComplete           
0000fa13  USBHHubEnumerationError              
0000fa61  USBHHubInit                          
0000fa8f  USBHHubLPMSleep                      
0000fa9d  USBHHubLPMStatus                     
0000f7c5  USBHHubMain                          
0000fa35  USBHHubOpen                          
00004bb3  USBHighSpeed                         
00005a15  USBHostAddrGet                       
000059dd  USBHostAddrSet                       
00001ac7  USBHostCheckPipes                    
0000512d  USBHostEndpointConfig                
00005817  USBHostEndpointDataAck               
00004f01  USBHostEndpointDataToggle            
00004fd7  USBHostEndpointPing                  
000052c7  USBHostEndpointSpeed                 
00004e37  USBHostEndpointStatusClear           
00005aa7  USBHostHubAddrGet                    
00005a43  USBHostHubAddrSet                    
00001b8d  USBHostIntHandlerInternal            
00005f77  USBHostLPMConfig                     
00005f9b  USBHostLPMResume                     
00005f2f  USBHostLPMSend                       
00005c01  USBHostMode                          
00005ad5  USBHostPwrConfig                     
00005b47  USBHostPwrDisable                    
00005b2f  USBHostPwrEnable                     
00005b17  USBHostPwrFaultDisable               
00005aff  USBHostPwrFaultEnable                
00005975  USBHostRequestIN                     
0000599d  USBHostRequestINClear                
000059cb  USBHostRequestStatus                 
00004b85  USBHostReset                         
00004be1  USBHostResume                        
00004c0f  USBHostSpeedGet                      
00004b6f  USBHostSuspend                       
00004c5d  USBIntDisableControl                 
00004d21  USBIntDisableEndpoint                
00004c9b  USBIntEnableControl                  
00004d4f  USBIntEnableEndpoint                 
00004dd3  USBIntRegister                       
00004cd5  USBIntStatusControl                  
00004d7d  USBIntStatusEndpoint                 
00004df1  USBIntUnregister                     
00006025  USBLPMEndpointGet                    
00006085  USBLPMIntDisable                     
0000606b  USBLPMIntEnable                      
0000605b  USBLPMIntStatus                      
00006011  USBLPMLinkStateGet                   
00006041  USBLPMRemoteWakeEnabled              
0000a389  USBLibDMAAddrGet                     
0000a3b9  USBLibDMAInit                        
0000a3a1  USBLibDMASizeGet                     
00005c37  USBModeConfig                        
00005bb1  USBModeGet                           
00005c97  USBNumEndpointsGet                   
00011899  USBOTGFeatureSet                     
000117fd  USBOTGMain                           
00005c25  USBOTGMode                           
000115d3  USBOTGModeInit                       
00011599  USBOTGModeTerm                       
000116c9  USBOTGPollRate                       
00005b6d  USBOTGSessionRequest                 
00005c4b  USBPHYPowerOff                       
00005c61  USBPHYPowerOn                        
00013607  USBRingBufAdvanceRead                
00013635  USBRingBufAdvanceWrite               
00013561  USBRingBufContigFree                 
00013533  USBRingBufContigUsed                 
000134a1  USBRingBufEmpty                      
000134cb  USBRingBufFlush                      
0001351d  USBRingBufFree                       
00013467  USBRingBufFull                       
000136ed  USBRingBufInit                       
000135d1  USBRingBufRead                       
000135ab  USBRingBufReadOne                    
0001359d  USBRingBufSize                       
000134eb  USBRingBufUsed                       
000136b7  USBRingBufWrite                      
00013691  USBRingBufWriteOne                   
00013b23  USBRxHandler                         
0001146d  USBStackModeSet                      
00013abf  USBTxHandler                         
00005e71  USBULPIConfig                        
00005e9f  USBULPIDisable                       
00005e87  USBULPIEnable                        
00005eb7  USBULPIRegRead                       
00005eef  USBULPIRegWrite                      
00013b79  UsbSerialInit                        
20006748  VelocidadSemaphore                   
00016085  _Dclass                              
20006870  _Denorm                              
00015587  _Dnorm                               
00015005  _Dscale                              
00015ae5  _Dunscale                            
20006880  _Eps                                 
20006b44  _Errno                               
000141bd  _Exp                                 
20006b28  _Fenv                                
000160b5  _Feraise                             
20006890  _Hugeval                             
200068a0  _Inf                                 
200068b0  _Nan                                 
200068d0  _Rteps                               
00013c9d  _Sin                                 
200068c0  _Snan                                
20006b2c  _Tls_setup__Fenv                     
200068e0  _Xbig                                
200068e8  _Zero                                
20006d54  __STACK_END                          
00000200  __STACK_SIZE                         
20006d54  __STACK_TOP                          
00017260  __TI_CINIT_Base                      
00017278  __TI_CINIT_Limit                     
00017240  __TI_Handler_Table_Base              
0001724c  __TI_Handler_Table_Limit             
000159a5  __TI_auto_init                       
20006b20  __TI_cleanup_ptr                     
00016301  __TI_decompress_none                 
00016321  __TI_decompress_rle24                
20006b24  __TI_dtors_ptr                       
00009365  __TI_printfi                         
00000000  __TI_static_base__                   
0001630f  __TI_zero_init                       
0001581d  __aeabi_cdcmpeq                      
0001581d  __aeabi_cdcmple                      
000158a3  __aeabi_cdrcmple                     
00015e3d  __aeabi_d2f                          
00015e87  __aeabi_d2iz                         
00015f15  __aeabi_d2uiz                        
0001495d  __aeabi_dadd                         
00014c7d  __aeabi_ddiv                         
00015115  __aeabi_dmul                         
00014953  __aeabi_dsub                         
00016017  __aeabi_f2d                          
00015d09  __aeabi_f2ulz                        
000160e5  __aeabi_i2d                          
0000609f  __aeabi_idiv0                        
00015929  __aeabi_memclr                       
00015929  __aeabi_memclr4                      
00015929  __aeabi_memclr8                      
000156f1  __aeabi_memcpy                       
000156f1  __aeabi_memcpy4                      
000156f1  __aeabi_memcpy8                      
0001592b  __aeabi_memset                       
0001592b  __aeabi_memset4                      
0001592b  __aeabi_memset8                      
00016227  __aeabi_ui2d                         
00015f99  __aeabi_uidiv                        
00015f99  __aeabi_uidivmod                     
000143b9  __aeabi_uldivmod                     
ffffffff  __binit__                            
ffffffff  __c_args__                           
20006b54  __stack                              
0001627d  _args_main                           
00015cb9  _c_int00                             
000167b4  _ctypes_                             
20006b18  _lock                                
000162d3  _nop                                 
000162cb  _register_lock                       
000162c5  _register_unlock                     
00016327  _system_pre_init                     
20006b1c  _unlock                              
00015ed5  abort                                
00012711  add_checksum_and_stuff               
20006700  altitud                              
20006acc  altitudTaskHandle                    
00015d59  atoi                                 
ffffffff  binit                                
200066e8  color                                
20006708  combustible                          
00008229  confADC                              
00008109  confGPIO                             
000083e7  confQueue                            
00008415  confSemaphores                       
0000802d  confSys                              
00008199  confTasks                            
000082d5  confTimer                            
0000806d  confUART                             
20006ac4  consumoTaskHandle                    
00015da5  copy_in                              
000130f1  crearSemaphoresAvion                 
00015a7d  create_checksum                      
000127d7  create_frame                         
00012783  destuff_and_check_checksum           
00003e9d  eTaskConfirmSleepModeStatus          
20006710  ejes                                 
00015edd  exit                                 
0001578d  exp                                  
00016051  feraiseexcept                        
00014b09  fmod                                 
00012671  frame_DeStuffing                     
000125d1  frame_stuffing                       
0001616d  frexp                                
20006af8  g_bUSBTimerInitialized               
200067bd  g_eOTGModeState                      
20006b04  g_iUSBMode                           
00016de4  g_pCDCCompSerConfigDescriptors       
20000000  g_pfnRAMVectors                      
200065cc  g_pfnTickHandlers                    
00000000  g_pfnVectors                         
00016de0  g_ppCDCSerConfigDescriptors          
20006750  g_ppsDevInfo                         
00017008  g_ppui8StringDescriptors             
200069f8  g_psCDCCompSerSections               
200069ec  g_psCDCSerSections                   
200068f0  g_psCmdTable                         
200064a8  g_psDCDInst                          
00016fa4  g_pui8CDCSerCommInterface            
00017020  g_pui8CDCSerDataInterface            
200069da  g_pui8CDCSerDescriptor               
200069c8  g_pui8CDCSerDeviceDescriptor         
00016de8  g_pui8ConfigString                   
00016ee4  g_pui8ControlInterfaceString         
200069e3  g_pui8IADSerDescriptor               
00017037  g_pui8LangDescriptor                 
00016f38  g_pui8ManufacturerString             
00016fc7  g_pui8ProductString                  
20006614  g_pui8RxBufferWorkspace              
0001703b  g_pui8SerialNumberString             
2000662c  g_pui8TxBufferWorkspace              
2000618c  g_pui8USBRxBuffer                    
2000628c  g_pui8USBTxBuffer                    
20006644  g_pvTickInstance                     
00016dd8  g_sCDCCompSerConfigHeader            
20006968  g_sCDCDevice                         
00016e84  g_sCDCHandlers                       
00016dc0  g_sCDCSerCommInterfaceSection        
00016dd0  g_sCDCSerConfigHeader                
00016db0  g_sCDCSerConfigSection               
00016dc8  g_sCDCSerDataInterfaceSection        
00016db8  g_sIADSerConfigSection               
00016f5c  g_sRxBuffer                          
00016f80  g_sTxBuffer                          
20006758  g_ui32CPUUsage                       
20006afc  g_ui32CurrentUSBTick                 
20006770  g_ui32PollRate                       
20006b00  g_ui32USBSOFCount                    
20006b08  g_ui32WaitTicks                      
20006780  g_ulSystemClock                      
20006aec  g_ulUARTRxCount                      
20006ae8  g_ulUARTTxCount                      
20006784  g_xRxLineSemaphore                   
00013369  getAltitud                           
00013307  getCombustible                       
0001329f  getEjes                              
0001333f  getHora                              
000133a1  getTiempoSim                         
000132db  getVelocidad                         
20006788  hora                                 
0001313b  inicializarVariables                 
00015c67  ldexp                                
00012903  logError                             
00015c11  ltoa                                 
00007fcf  main                                 
20006b4c  main_func_sp                         
00016247  memccpy                              
00016205  memcmp                               
000156f1  memcpy                               
00015931  memset                               
0000381f  pcTaskGetTaskName                    
000109fd  pcTimerGetTimerName                  
2000678c  potQueue                             
200067be  pulsacionLarga                       
000145ad  pvPortMalloc                         
0000467b  pvTaskIncrementMutexHeldCount        
00010de5  pvTimerGetTimerID                    
20006a08  pxCurrentTCB                         
00013f31  pxPortInitialiseStack                
00016113  raise                                
00015e07  rand                                 
0001285b  receive_frame                        
000128b5  send_frame                           
20006ac0  sensorTaskHandle                     
00013241  setAltitud                           
000131e3  setCombustible                       
00013171  setEjes                              
00013217  setHora                              
00013275  setTiempoSim                         
000131b7  setVelocidad                         
00015f59  signal                               
00016263  sin                                  
00015bb1  sprintf                              
00015df1  srand                                
000162ad  strchr                               
00016295  strcmp                               
000162d9  strcpy                               
000162ed  strlen                               
00016197  strncmp                              
200067a0  tiempoSim                            
00008525  timerBotonHandler                    
20006ad0  turbulenciasTaskHandle               
0000eedd  ucQueueGetQueueType                  
0001544f  ulPortSetInterruptMask               
00004699  ulTaskNotifyTake                     
0000d4b9  ulocaltime                           
0000d6b7  umktime                              
0000dc31  urand                                
0000d489  usnprintf                            
0000d457  usprintf                             
0000dc21  usrand                               
0000db99  ustrcasecmp                          
0000dc0d  ustrcmp                              
0000da9d  ustrlen                              
0000daf5  ustrncasecmp                         
0000dbad  ustrncmp                             
0000cfd5  ustrncpy                             
0000dabf  ustrstr                              
0000d865  ustrtof                              
0000d72d  ustrtoul                             
0000d02d  uvsnprintf                           
000125a7  uxEventGroupGetNumber                
00014e95  uxListRemove                         
0000eebd  uxQueueGetQueueNumber                
0000ee5f  uxQueueMessagesWaiting               
0000ee95  uxQueueMessagesWaitingFromISR        
0000ee75  uxQueueSpacesAvailable               
00003819  uxTaskGetNumberOfTasks               
00004229  uxTaskGetStackHighWaterMark          
00003841  uxTaskGetSystemState                 
00003e0b  uxTaskGetTaskNumber                  
000032d9  uxTaskPriorityGet                    
0000330d  uxTaskPriorityGetFromISR             
00004659  uxTaskResetEventItemValue            
000073c3  vApplicationIdleHook                 
000073cb  vApplicationMallocFailedHook         
00007399  vApplicationStackOverflowHook        
000073a3  vApplicationTickHook                 
00015b4d  vConfigureTimerForRunTimeStats       
00012541  vEventGroupClearBitsCallback         
000124fd  vEventGroupDelete                    
00012531  vEventGroupSetBitsCallback           
00014db3  vListInitialise                      
00014de3  vListInitialiseItem                  
00014e2f  vListInsert                          
00014df3  vListInsertEnd                       
00015465  vPortClearInterruptMask              
000154a7  vPortEnableVFP                       
00013fc5  vPortEndScheduler                    
00013fc7  vPortEnterCritical                   
00013fdf  vPortExitCritical                    
000146bb  vPortFree                            
000154b9  vPortGetIPSR                         
00014723  vPortInitialiseBlocks                
0001546b  vPortSVCHandler                      
00014161  vPortSetupTimerInterrupt             
00015489  vPortStartFirstTask                  
00014013  vPortSuppressTicksAndSleep           
0000f0ef  vQueueAddToRegistry                  
0000eea7  vQueueDelete                         
0000eecb  vQueueSetQueueNumber                 
0000f131  vQueueUnregisterQueue                
0000f16b  vQueueWaitForMessageRestricted       
00003277  vTaskDelay                           
000031cf  vTaskDelayUntil                      
00003133  vTaskDelete                          
000036b3  vTaskEndScheduler                    
00004595  vTaskGetRunTimeStats                 
0000449d  vTaskList                            
00003e03  vTaskMissedYield                     
00004a39  vTaskNotifyGiveFromISR               
00003b41  vTaskPlaceOnEventList                
00003c19  vTaskPlaceOnEventListRestricted      
00003ba9  vTaskPlaceOnUnorderedEventList       
000042f9  vTaskPriorityInherit                 
00003355  vTaskPrioritySet                     
0000355d  vTaskResume                          
00003e31  vTaskSetTaskNumber                   
00003d67  vTaskSetTimeOutState                 
0000365d  vTaskStartScheduler                  
00003905  vTaskStepTick                        
00003465  vTaskSuspend                         
000036c5  vTaskSuspendAll                      
00003a61  vTaskSwitchContext                   
00011285  vUARTTask                            
200067a8  velocidad                            
200067ac  velocidadQueue                       
200067b4  xEventGroup                          
000123c9  xEventGroupClearBits                 
000123f5  xEventGroupClearBitsFromISR          
000121ed  xEventGroupCreate                    
0001240d  xEventGroupGetBitsFromISR            
00012435  xEventGroupSetBits                   
00012587  xEventGroupSetBitsFromISR            
0001220d  xEventGroupSync                      
000122df  xEventGroupWaitBits                  
0001471d  xPortGetFreeHeapSize                 
000153f1  xPortPendSVHandler                   
00013f8f  xPortStartScheduler                  
00013ff7  xPortSysTickHandler                  
0000e9fd  xQueueCreateCountingSemaphore        
0000e901  xQueueCreateMutex                    
0000e88d  xQueueGenericCreate                  
0000ec35  xQueueGenericReceive                 
0000e7f1  xQueueGenericReset                   
0000ea1d  xQueueGenericSend                    
0000eb45  xQueueGenericSendFromISR             
0000ebc3  xQueueGiveFromISR                    
0000e977  xQueueGiveMutexRecursive             
0000f08b  xQueueIsQueueEmptyFromISR            
0000f0cd  xQueueIsQueueFullFromISR             
0000ee1b  xQueuePeekFromISR                    
0000eda3  xQueueReceiveFromISR                 
200064f8  xQueueRegistry                       
0000e9b3  xQueueTakeMutexRecursive             
00003d89  xTaskCheckForTimeOut                 
00003019  xTaskGenericCreate                   
000042b5  xTaskGetCurrentTaskHandle            
000042cd  xTaskGetSchedulerState               
000037ef  xTaskGetTickCount                    
00003805  xTaskGetTickCountFromISR             
00003935  xTaskIncrementTick                   
00004861  xTaskNotify                          
00004951  xTaskNotifyFromISR                   
00004769  xTaskNotifyWait                      
000043b3  xTaskPriorityDisinherit              
00003c61  xTaskRemoveFromEventList             
00003cf9  xTaskRemoveFromUnorderedEventList    
00003711  xTaskResumeAll                       
000035d9  xTaskResumeFromISR                   
0001093b  xTimerCreate                         
00010901  xTimerCreateTimerTask                
0001098f  xTimerGenericCommand                 
00010db9  xTimerIsTimerActive                  
00010e33  xTimerPendFunctionCall               
00010dfd  xTimerPendFunctionCallFromISR        
00013c09  xUSBSerialGetChar                    
00013c1f  xUSBSerialPutChar                    


GLOBAL SYMBOLS: SORTED BY Symbol Address 

address   name                                 
-------   ----                                 
00000000  __TI_static_base__                   
00000000  g_pfnVectors                         
00000200  __STACK_SIZE                         
0000026d  ConfigDescAlloc                      
00000303  ConfigDescFree                       
000003eb  USBHCDEventEnable                    
0000041b  USBHCDEventDisable                   
000005cb  USBHCDPipeTransferSizeGet            
000005f1  USBHCDPipeAllocSize                  
00000873  USBHCDPipeAlloc                      
000008c1  USBHCDPipeConfig                     
00000a3b  USBHCDPipeStatus                     
00000a71  USBHCDPipeWrite                      
00000c55  USBHCDPipeSchedule                   
00000d81  USBHCDPipeReadNonBlocking            
00000dcb  USBHCDPipeDataAck                    
00000dfd  USBHCDPipeRead                       
00001009  USBHCDPipeFree                       
00001395  USBHCDPowerConfigInit                
000013a7  USBHCDPowerConfigGet                 
000013c5  USBHCDPowerConfigSet                 
00001437  USBHCDPowerAutomatic                 
00001491  USBHCDInit                           
000015ad  USBHCDRegisterDrivers                
000015e1  USBHCDTerm                           
000016b1  USBHCDReset                          
000016fb  USBHCDSuspend                        
0000170d  USBHCDResume                         
0000188d  USBHCDStringDescriptorGet            
000018ed  USBHCDSetAddress                     
00001a33  USBHCDSetConfig                      
00001a7b  USBHCDSetInterface                   
00001ac7  USBHostCheckPipes                    
00001b8d  USBHostIntHandlerInternal            
000022e1  USB0HostIntHandler                   
000023d9  InternalUSBHCDSendEvent              
00002509  USBHCDMain                           
00002911  USBHCDControlTransfer                
00002a6d  USBHCDHubDeviceConnected             
00002b05  USBHCDHubDeviceDisconnected          
00002d39  USBHCDDevHubPort                     
00002d61  USBHCDDevAddress                     
00002d95  USBHCDDevClass                       
00002de1  USBHCDDevSubClass                    
00002e29  USBHCDDevProtocol                    
00002e89  USBHCDFeatureSet                     
00002f41  USBHCDLPMStatus                      
00002f6b  USBHCDLPMSleep                       
00002fd3  USBHCDLPMResume                      
00003019  xTaskGenericCreate                   
00003133  vTaskDelete                          
000031cf  vTaskDelayUntil                      
00003277  vTaskDelay                           
000032d9  uxTaskPriorityGet                    
0000330d  uxTaskPriorityGetFromISR             
00003355  vTaskPrioritySet                     
00003465  vTaskSuspend                         
0000355d  vTaskResume                          
000035d9  xTaskResumeFromISR                   
0000365d  vTaskStartScheduler                  
000036b3  vTaskEndScheduler                    
000036c5  vTaskSuspendAll                      
00003711  xTaskResumeAll                       
000037ef  xTaskGetTickCount                    
00003805  xTaskGetTickCountFromISR             
00003819  uxTaskGetNumberOfTasks               
0000381f  pcTaskGetTaskName                    
00003841  uxTaskGetSystemState                 
00003905  vTaskStepTick                        
00003935  xTaskIncrementTick                   
00003a61  vTaskSwitchContext                   
00003b41  vTaskPlaceOnEventList                
00003ba9  vTaskPlaceOnUnorderedEventList       
00003c19  vTaskPlaceOnEventListRestricted      
00003c61  xTaskRemoveFromEventList             
00003cf9  xTaskRemoveFromUnorderedEventList    
00003d67  vTaskSetTimeOutState                 
00003d89  xTaskCheckForTimeOut                 
00003e03  vTaskMissedYield                     
00003e0b  uxTaskGetTaskNumber                  
00003e31  vTaskSetTaskNumber                   
00003e9d  eTaskConfirmSleepModeStatus          
00004229  uxTaskGetStackHighWaterMark          
000042b5  xTaskGetCurrentTaskHandle            
000042cd  xTaskGetSchedulerState               
000042f9  vTaskPriorityInherit                 
000043b3  xTaskPriorityDisinherit              
0000449d  vTaskList                            
00004595  vTaskGetRunTimeStats                 
00004659  uxTaskResetEventItemValue            
0000467b  pvTaskIncrementMutexHeldCount        
00004699  ulTaskNotifyTake                     
00004769  xTaskNotifyWait                      
00004861  xTaskNotify                          
00004951  xTaskNotifyFromISR                   
00004a39  vTaskNotifyGiveFromISR               
00004b6f  USBHostSuspend                       
00004b85  USBHostReset                         
00004bb3  USBHighSpeed                         
00004be1  USBHostResume                        
00004c0f  USBHostSpeedGet                      
00004c45  USBDevSpeedGet                       
00004c5d  USBIntDisableControl                 
00004c9b  USBIntEnableControl                  
00004cd5  USBIntStatusControl                  
00004d21  USBIntDisableEndpoint                
00004d4f  USBIntEnableEndpoint                 
00004d7d  USBIntStatusEndpoint                 
00004dd3  USBIntRegister                       
00004df1  USBIntUnregister                     
00004e0b  USBEndpointStatus                    
00004e37  USBHostEndpointStatusClear           
00004e7f  USBDevEndpointStatusClear            
00004f01  USBHostEndpointDataToggle            
00004f9d  USBEndpointDataToggleClear           
00004fd7  USBHostEndpointPing                  
00005003  USBDevEndpointStall                  
00005065  USBDevEndpointStallClear             
000050d9  USBDevConnect                        
000050ef  USBDevDisconnect                     
00005105  USBDevAddrSet                        
00005119  USBDevAddrGet                        
0000512d  USBHostEndpointConfig                
000052c7  USBHostEndpointSpeed                 
0000535d  USBDevEndpointConfigSet              
0000544f  USBDevEndpointConfigGet              
0000553f  USBFIFOConfigSet                     
000055a5  USBFIFOConfigGet                     
0000560b  USBEndpointDMAConfigSet              
000056a3  USBEndpointDMAEnable                 
000056dd  USBEndpointDMADisable                
00005717  USBEndpointDataAvail                 
0000574f  USBEndpointDataGet                   
000057d9  USBDevEndpointDataAck                
00005817  USBHostEndpointDataAck               
00005849  USBEndpointDataPut                   
000058ad  USBEndpointDataSend                  
00005905  USBFIFOFlush                         
00005975  USBHostRequestIN                     
0000599d  USBHostRequestINClear                
000059cb  USBHostRequestStatus                 
000059dd  USBHostAddrSet                       
00005a15  USBHostAddrGet                       
00005a43  USBHostHubAddrSet                    
00005aa7  USBHostHubAddrGet                    
00005ad5  USBHostPwrConfig                     
00005aff  USBHostPwrFaultEnable                
00005b17  USBHostPwrFaultDisable               
00005b2f  USBHostPwrEnable                     
00005b47  USBHostPwrDisable                    
00005b5f  USBFrameNumberGet                    
00005b6d  USBOTGSessionRequest                 
00005b9b  USBFIFOAddrGet                       
00005bb1  USBModeGet                           
00005bc5  USBEndpointDMAChannel                
00005c01  USBHostMode                          
00005c13  USBDevMode                           
00005c25  USBOTGMode                           
00005c37  USBModeConfig                        
00005c4b  USBPHYPowerOff                       
00005c61  USBPHYPowerOn                        
00005c77  USBEndpointPacketCountSet            
00005c97  USBNumEndpointsGet                   
00005cab  USBControllerVersion                 
00005cbf  USBClockEnable                       
00005cdb  USBClockDisable                      
00005ced  USBDMAChannelIntEnable               
00005d0d  USBDMAChannelIntDisable              
00005d2d  USBDMAChannelIntStatus               
00005d3d  USBDMAChannelEnable                  
00005d5d  USBDMAChannelDisable                 
00005d7d  USBDMAChannelConfigSet               
00005dad  USBDMAChannelStatus                  
00005dcd  USBDMAChannelStatusClear             
00005df7  USBDMAChannelAddressSet              
00005e13  USBDMAChannelAddressGet              
00005e2b  USBDMAChannelCountSet                
00005e47  USBDMAChannelCountGet                
00005e5f  USBDMANumChannels                    
00005e71  USBULPIConfig                        
00005e87  USBULPIEnable                        
00005e9f  USBULPIDisable                       
00005eb7  USBULPIRegRead                       
00005eef  USBULPIRegWrite                      
00005f2f  USBHostLPMSend                       
00005f77  USBHostLPMConfig                     
00005f9b  USBHostLPMResume                     
00005fb3  USBDevLPMRemoteWake                  
00005fcb  USBDevLPMConfig                      
00005fe1  USBDevLPMEnable                      
00005ff9  USBDevLPMDisable                     
00006011  USBLPMLinkStateGet                   
00006025  USBLPMEndpointGet                    
00006041  USBLPMRemoteWakeEnabled              
0000605b  USBLPMIntStatus                      
0000606b  USBLPMIntEnable                      
00006085  USBLPMIntDisable                     
0000609f  __aeabi_idiv0                        
000060a1  USBDCDDeviceInfoInit                 
000060f1  USBDCDInit                           
00006299  USBDCDTerm                           
00006311  USBDCDRequestDataEP0                 
00006337  USBDCDSendDataEP0                    
00006359  USBDCDSetDefaultConfiguration        
0000636b  USBDCDStallEP0                       
00006387  USBDCDPowerStatusSet                 
000063fd  USBDCDFeatureSet                     
000064bd  USBDCDRemoteWakeLPM                  
000064e1  USBDCDRemoteWakeupRequest            
00006515  USBDeviceResumeTickHandler           
0000660d  USBDeviceEnumHandler                 
00006759  USBDeviceEnumResetHandler            
000071a9  USBDeviceIntHandlerInternal          
00007399  vApplicationStackOverflowHook        
000073a3  vApplicationTickHook                 
000073c3  vApplicationIdleHook                 
000073cb  vApplicationMallocFailedHook         
00007fcf  main                                 
0000802d  confSys                              
0000806d  confUART                             
00008109  confGPIO                             
00008199  confTasks                            
00008229  confADC                              
000082d5  confTimer                            
000083e7  confQueue                            
00008415  confSemaphores                       
00008427  ADCIntHandler                        
0000847d  ButtonHandler                        
00008525  timerBotonHandler                    
00009365  __TI_printfi                         
0000a389  USBLibDMAAddrGet                     
0000a3a1  USBLibDMASizeGet                     
0000a3b9  USBLibDMAInit                        
0000a64f  SysCtlSRAMSizeGet                    
0000a659  SysCtlFlashSizeGet                   
0000a685  SysCtlFlashSectorSizeGet             
0000a6ad  SysCtlPeripheralPresent              
0000a6ed  SysCtlPeripheralReady                
0000a72d  SysCtlPeripheralPowerOn              
0000a769  SysCtlPeripheralPowerOff             
0000a7a5  SysCtlPeripheralReset                
0000a82d  SysCtlPeripheralEnable               
0000a869  SysCtlPeripheralDisable              
0000a8ad  SysCtlPeripheralSleepEnable          
0000a8f1  SysCtlPeripheralSleepDisable         
0000a92d  SysCtlPeripheralDeepSleepEnable      
0000a97d  SysCtlPeripheralDeepSleepDisable     
0000a9c5  SysCtlPeripheralClockGating          
0000aa19  SysCtlIntRegister                    
0000aa31  SysCtlIntUnregister                  
0000aa41  SysCtlIntEnable                      
0000aa55  SysCtlIntDisable                     
0000aa6d  SysCtlIntClear                       
0000aa7d  SysCtlIntStatus                      
0000aa99  SysCtlLDOSleepSet                    
0000aaa9  SysCtlLDOSleepGet                    
0000aaaf  SysCtlLDODeepSleepSet                
0000aabf  SysCtlLDODeepSleepGet                
0000aac5  SysCtlSleepPowerSet                  
0000aad9  SysCtlDeepSleepPowerSet              
0000aae9  SysCtlReset                          
0000aaf1  SysCtlSleep                          
0000aaf9  SysCtlDeepSleep                      
0000ab15  SysCtlResetCauseGet                  
0000ab1b  SysCtlResetCauseClear                
0000ab2f  SysCtlMOSCConfigSet                  
0000ab45  SysCtlPIOSCCalibrate                 
0000ab95  SysCtlResetBehaviorSet               
0000aba5  SysCtlResetBehaviorGet               
0000abf9  SysCtlClockFreqSet                   
0000af11  SysCtlClockSet                       
0000b0dd  SysCtlClockGet                       
0000b295  SysCtlDeepSleepClockSet              
0000b2b1  SysCtlDeepSleepClockConfigSet        
0000b33b  SysCtlPWMClockSet                    
0000b355  SysCtlPWMClockGet                    
0000b36b  SysCtlGPIOAHBEnable                  
0000b387  SysCtlGPIOAHBDisable                 
0000b3a3  SysCtlUSBPLLEnable                   
0000b3b5  SysCtlUSBPLLDisable                  
0000b3c5  SysCtlVoltageEventConfig             
0000b3d5  SysCtlVoltageEventStatus             
0000b3e1  SysCtlVoltageEventClear              
0000b3f5  SysCtlNMIStatus                      
0000b3fb  SysCtlNMIClear                       
0000b40f  SysCtlClockOutConfig                 
0000b42b  SysCtlAltClkConfig                   
0000b6d5  ProcessDataFromHost                  
0000b783  ProcessNotificationToHost            
0000b7e5  ProcessDataToHost                    
0000be49  USBDCDCCompositeInit                 
0000bf3f  USBDCDCInit                          
0000bfad  USBDCDCTerm                          
0000bfc5  USBDCDCSetControlCBData              
0000bfe3  USBDCDCSetRxCBData                   
0000c001  USBDCDCSetTxCBData                   
0000c01f  USBDCDCPacketWrite                   
0000c0c1  USBDCDCPacketRead                    
0000c197  USBDCDCTxPacketAvailable             
0000c1b9  USBDCDCRxPacketAvailable             
0000c219  USBDCDCSerialStateChange             
0000c273  USBDCDCPowerStatusSet                
0000c287  USBDCDCRemoteWakeupRequest           
0000c3ad  UARTStdioConfig                      
0000c49b  UARTwrite                            
0000c541  UARTgets                             
0000c5bd  UARTgetc                             
0000c629  UARTvprintf                          
0000c923  UARTprintf                           
0000c947  UARTRxBytesAvail                     
0000c955  UARTTxBytesFree                      
0000c969  UARTPeek                             
0000c9c3  UARTFlushRx                          
0000c9eb  UARTFlushTx                          
0000ca29  UARTEchoSet                          
0000ca61  UARTStdioIntHandler                  
0000cfd5  ustrncpy                             
0000d02d  uvsnprintf                           
0000d457  usprintf                             
0000d489  usnprintf                            
0000d4b9  ulocaltime                           
0000d6b7  umktime                              
0000d72d  ustrtoul                             
0000d865  ustrtof                              
0000da9d  ustrlen                              
0000dabf  ustrstr                              
0000daf5  ustrncasecmp                         
0000db99  ustrcasecmp                          
0000dbad  ustrncmp                             
0000dc0d  ustrcmp                              
0000dc21  usrand                               
[...]
0000fe7b  ADCProcessorTrigger                  
0000fe9f  ADCSoftwareOversampleConfigure       
0000fed7  ADCSoftwareOversampleStepConfigure   
0000ff97  ADCSoftwareOversampleDataGet         
00010005  ADCHardwareOversampleConfigure       
00010037  ADCComparatorConfigure               
00010053  ADCComparatorRegionSet               
00010077  ADCComparatorReset                   
000100bd  ADCComparatorIntDisable              
000100db  ADCComparatorIntEnable               
000100f9  ADCComparatorIntStatus               
00010107  ADCComparatorIntClear                
00010119  ADCIntDisableEx                      
00010131  ADCIntEnableEx                       
0001014d  ADCIntStatusEx                       
0001017f  ADCIntClearEx                        
00010197  ADCReferenceSet                      
000101b3  ADCReferenceGet                      
000101c5  ADCPhaseDelaySet                     
000101d7  ADCPhaseDelayGet                     
000101e5  ADCSequenceDMAEnable                 
00010201  ADCSequenceDMADisable                
0001021d  ADCBusy                              
0001023b  ADCClockConfigSet                    
00010265  ADCClockConfigGet                    
0001031b  TimerEnable                          
00010339  TimerDisable                         
00010357  TimerConfigure                       
000103d3  TimerControlLevel                    
00010409  TimerControlTrigger                  
00010477  TimerControlEvent                    
000104a1  TimerControlStall                    
000104d7  TimerControlWaitOnTrigger            
00010537  TimerRTCEnable                       
0001054d  TimerRTCDisable                      
00010579  TimerClockSourceSet                  
00010595  TimerClockSourceGet                  
000105a5  TimerPrescaleSet                     
000105cf  TimerPrescaleGet                     
000105eb  TimerPrescaleMatchSet                
00010619  TimerPrescaleMatchGet                
00010635  TimerLoadSet                         
0001065f  TimerLoadGet                         
0001067b  TimerLoadSet64                       
0001069b  TimerLoadGet64                       
000106cd  TimerValueGet                        
000106e9  TimerValueGet64                      
0001071b  TimerMatchSet                        
00010745  TimerMatchGet                        
00010761  TimerMatchSet64                      
00010781  TimerMatchGet64                      
000107b3  TimerIntRegister                     
000107db  TimerIntUnregister                   
000107f9  TimerIntEnable                       
00010811  TimerIntDisable                      
00010829  TimerIntStatus                       
00010847  TimerIntClear                        
00010859  TimerSynchronize                     
0001086b  TimerADCEventSet                     
0001087d  TimerADCEventGet                     
0001088b  TimerDMAEventSet                     
0001089d  TimerDMAEventGet                     
000108ab  TimerUpdateMode                      
00010901  xTimerCreateTimerTask                
0001093b  xTimerCreate                         
0001098f  xTimerGenericCommand                 
000109fd  pcTimerGetTimerName                  
00010db9  xTimerIsTimerActive                  
00010de5  pvTimerGetTimerID                    
00010dfd  xTimerPendFunctionCallFromISR        
00010e33  xTimerPendFunctionCall               
00010e81  Cmd_cpu                              
00010eab  Cmd_free                             
00010ec1  Cmd_tasks                            
00010f3d  Cmd_stats                            
00010f75  Cmd_help                             
00010fad  Cmd_traza                            
0001101d  Cmd_radio                            
000110c3  Cmd_timesim                          
00011285  vUARTTask                            
0001146d  USBStackModeSet                      
000114a9  USB0DualModeIntHandler               
000114f5  USBDualModeInit                      
00011565  USBDualModeTerm                      
00011599  USBOTGModeTerm                       
000115d3  USBOTGModeInit                       
000116c9  USBOTGPollRate                       
000116f1  USB0OTGModeIntHandler                
000117d7  OTGDeviceDisconnect                  
000117fd  USBOTGMain                           
00011899  USBOTGFeatureSet                     
00011bad  USBBufferInit                        
00011bcf  USBBufferZeroLengthPacketInsert      
00011bff  USBBufferInfoGet                     
00011c31  USBBufferDataWritten                 
00011c51  USBBufferDataRemoved                 
00011c6b  USBBufferCallbackDataSet             
00011c85  USBBufferWrite                       
00011cc9  USBBufferFlush                       
00011cdb  USBBufferRead                        
00011d19  USBBufferDataAvailable               
00011d2b  USBBufferSpaceAvailable              
00011d3d  USBBufferEventCallback               
00011db9  RGBBlinkIntHandler                   
00011de7  RGBInit                              
00011ed3  RGBEnable                            
00011f8b  RGBDisable                           
00011fe9  RGBSet                               
00012001  RGBColorSet                          
000120b1  RGBIntensitySet                      
000120c5  RGBBlinkRateSet                      
00012159  RGBColorGet                          
000121ed  xEventGroupCreate                    
0001220d  xEventGroupSync                      
000122df  xEventGroupWaitBits                  
000123c9  xEventGroupClearBits                 
000123f5  xEventGroupClearBitsFromISR          
0001240d  xEventGroupGetBitsFromISR            
00012435  xEventGroupSetBits                   
000124fd  vEventGroupDelete                    
00012531  vEventGroupSetBitsCallback           
00012541  vEventGroupClearBitsCallback         
00012587  xEventGroupSetBitsFromISR            
000125a7  uxEventGroupGetNumber                
000125d1  frame_stuffing                       
00012671  frame_DeStuffing                     
00012711  add_checksum_and_stuff               
00012783  destuff_and_check_checksum           
000127d7  create_frame                         
0001285b  receive_frame                        
000128b5  send_frame                           
00012903  logError                             
000129ab  IntMasterEnable                      
000129bb  IntMasterDisable                     
000129cb  IntRegister                          
00012a1d  IntUnregister                        
00012a31  IntPriorityGroupingSet               
00012a4b  IntPriorityGroupingGet               
00012a83  IntPrioritySet                       
00012ad3  IntPriorityGet                       
00012af7  IntEnable                            
00012b69  IntDisable                           
00012bdb  IntIsEnabled                         
00012c61  IntPendSet                           
00012cd1  IntPendClear                         
00012d1f  IntPriorityMaskSet                   
00012d2b  IntPriorityMaskGet                   
00012d33  IntTrigger                           
00012e2f  USBDeviceConfig                      
00013025  USBDeviceConfigAlternate             
000130f1  crearSemaphoresAvion                 
0001313b  inicializarVariables                 
00013171  setEjes                              
000131b7  setVelocidad                         
000131e3  setCombustible                       
00013217  setHora                              
00013241  setAltitud                           
00013275  setTiempoSim                         
0001329f  getEjes                              
000132db  getVelocidad                         
00013307  getCombustible                       
0001333f  getHora                              
00013369  getAltitud                           
000133a1  getTiempoSim                         
00013467  USBRingBufFull                       
000134a1  USBRingBufEmpty                      
000134cb  USBRingBufFlush                      
000134eb  USBRingBufUsed                       
0001351d  USBRingBufFree                       
00013533  USBRingBufContigUsed                 
00013561  USBRingBufContigFree                 
0001359d  USBRingBufSize                       
000135ab  USBRingBufReadOne                    
000135d1  USBRingBufRead                       
00013607  USBRingBufAdvanceRead                
00013635  USBRingBufAdvanceWrite               
00013691  USBRingBufWriteOne                   
000136b7  USBRingBufWrite                      
000136ed  USBRingBufInit                       
000137e3  USBDCDConfigDescGetSize              
0001381b  USBDCDConfigDescGetNum               
00013869  USBDCDConfigDescGet                  
000138f7  USBDCDConfigGetNumAlternateInterfaces
0001394b  USBDCDConfigGetInterface             
00013981  USBDCDConfigGetInterfaceEndpoint     
00013a35  USBControlHandler                    
00013abf  USBTxHandler                         
00013b23  USBRxHandler                         
00013b79  UsbSerialInit                        
00013c09  xUSBSerialGetChar                    
00013c1f  xUSBSerialPutChar                    
00013c9d  _Sin                                 
00013f31  pxPortInitialiseStack                
00013f8f  xPortStartScheduler                  
00013fc5  vPortEndScheduler                    
00013fc7  vPortEnterCritical                   
00013fdf  vPortExitCritical                    
00013ff7  xPortSysTickHandler                  
00014013  vPortSuppressTicksAndSleep           
00014161  vPortSetupTimerInterrupt             
000141bd  _Exp                                 
000143b9  __aeabi_uldivmod                     
000145ad  pvPortMalloc                         
000146bb  vPortFree                            
0001471d  xPortGetFreeHeapSize                 
00014723  vPortInitialiseBlocks                
00014781  USBDescGetNum                        
000147dd  USBDescGet                           
00014847  USBDescGetNumAlternateInterfaces     
00014901  USBDescGetInterface                  
0001492f  USBDescGetInterfaceEndpoint          
00014953  __aeabi_dsub                         
0001495d  __aeabi_dadd                         
00014b09  fmod                                 
00014c7d  __aeabi_ddiv                         
00014db3  vListInitialise                      
00014de3  vListInitialiseItem                  
00014df3  vListInsertEnd                       
00014e2f  vListInsert                          
00014e95  uxListRemove                         
00014edd  ButtonsPoll                          
00014f83  ButtonsInit                          
00015005  _Dscale                              
00015115  __aeabi_dmul                         
00015211  CPUUsageTick                         
0001524f  CPUUsageInit                         
00015301  InternalUSBTickInit                  
0001533f  InternalUSBTickReset                 
00015347  InternalUSBRegisterTickHandler       
00015397  InternalUSBStartOfFrameTick          
000153f1  xPortPendSVHandler                   
0001544f  ulPortSetInterruptMask               
00015465  vPortClearInterruptMask              
0001546b  vPortSVCHandler                      
00015489  vPortStartFirstTask                  
000154a7  vPortEnableVFP                       
000154b9  vPortGetIPSR                         
000154bf  ULPIConfigSet                        
00015561  ULPIPowerTransceiver                 
00015587  _Dnorm                               
00015645  CmdLineProcess                       
000156f1  __aeabi_memcpy                       
000156f1  __aeabi_memcpy4                      
000156f1  __aeabi_memcpy8                      
000156f1  memcpy                               
0001578d  exp                                  
0001581d  __aeabi_cdcmpeq                      
0001581d  __aeabi_cdcmple                      
000158a3  __aeabi_cdrcmple                     
00015929  __aeabi_memclr                       
00015929  __aeabi_memclr4                      
00015929  __aeabi_memclr8                      
0001592b  __aeabi_memset                       
0001592b  __aeabi_memset4                      
0001592b  __aeabi_memset8                      
00015931  memset                               
000159a5  __TI_auto_init                       
00015a7d  create_checksum                      
00015ae5  _Dunscale                            
00015b4d  vConfigureTimerForRunTimeStats       
00015bb1  sprintf                              
00015c11  ltoa                                 
00015c67  ldexp                                
00015cb9  _c_int00                             
00015d09  __aeabi_f2ulz                        
00015d59  atoi                                 
00015da5  copy_in                              
00015df1  srand                                
00015e07  rand                                 
00015e3d  __aeabi_d2f                          
00015e87  __aeabi_d2iz                         
00015ed1  C$$EXIT                              
00015ed5  abort                                
00015edd  exit                                 
00015f15  __aeabi_d2uiz                        
00015f59  signal                               
00015f99  __aeabi_uidiv                        
00015f99  __aeabi_uidivmod                     
00015fd9  CPUcpsid                             
00015fe5  CPUprimask                           
00015fef  CPUcpsie                             
00015ffb  CPUwfi                               
00015fff  CPUbasepriSet                        
0001600d  CPUbasepriGet                        
00016017  __aeabi_f2d                          
00016051  feraiseexcept                        
00016085  _Dclass                              
000160b5  _Feraise                             
000160e5  __aeabi_i2d                          
00016113  raise                                
00016141  ResetISR                             
0001616d  frexp                                
00016197  strncmp                              
000161bd  GetOverflowCounts                    
000161e1  USB0DeviceIntHandler                 
00016205  memcmp                               
00016227  __aeabi_ui2d                         
00016247  memccpy                              
00016263  sin                                  
0001627d  _args_main                           
00016295  strcmp                               
000162ad  strchr                               
000162c5  _register_unlock                     
000162cb  _register_lock                       
000162d3  _nop                                 
000162d9  strcpy                               
000162ed  strlen                               
00016301  __TI_decompress_none                 
0001630f  __TI_zero_init                       
0001631b  SysCtlDelay                          
00016321  __TI_decompress_rle24                
00016327  _system_pre_init                     
000167b4  _ctypes_                             
00016db0  g_sCDCSerConfigSection               
00016db8  g_sIADSerConfigSection               
00016dc0  g_sCDCSerCommInterfaceSection        
00016dc8  g_sCDCSerDataInterfaceSection        
00016dd0  g_sCDCSerConfigHeader                
00016dd8  g_sCDCCompSerConfigHeader            
00016de0  g_ppCDCSerConfigDescriptors          
00016de4  g_pCDCCompSerConfigDescriptors       
00016de8  g_pui8ConfigString                   
00016e84  g_sCDCHandlers                       
00016ee4  g_pui8ControlInterfaceString         
00016f38  g_pui8ManufacturerString             
00016f5c  g_sRxBuffer                          
00016f80  g_sTxBuffer                          
00016fa4  g_pui8CDCSerCommInterface            
00016fc7  g_pui8ProductString                  
00017008  g_ppui8StringDescriptors             
00017020  g_pui8CDCSerDataInterface            
00017037  g_pui8LangDescriptor                 
0001703b  g_pui8SerialNumberString             
00017240  __TI_Handler_Table_Base              
0001724c  __TI_Handler_Table_Limit             
00017260  __TI_CINIT_Base                      
00017278  __TI_CINIT_Limit                     
20000000  g_pfnRAMVectors                      
2000618c  g_pui8USBRxBuffer                    
2000628c  g_pui8USBTxBuffer                    
200064a8  g_psDCDInst                          
200064f8  xQueueRegistry                       
200065cc  g_pfnTickHandlers                    
20006614  g_pui8RxBufferWorkspace              
2000662c  g_pui8TxBufferWorkspace              
20006644  g_pvTickInstance                     
200066e8  color                                
20006700  altitud                              
20006708  combustible                          
20006710  ejes                                 
20006730  AltitudSemaphore                     
20006734  CombustibleSemaphore                 
20006738  EjesSemaphore                        
2000673c  HoraSemaphore                        
20006740  PilotoAutomaticoSemaphore            
20006744  TiempoSimSemaphore                   
20006748  VelocidadSemaphore                   
20006750  g_ppsDevInfo                         
20006758  g_ui32CPUUsage                       
20006770  g_ui32PollRate                       
20006780  g_ulSystemClock                      
20006784  g_xRxLineSemaphore                   
20006788  hora                                 
2000678c  potQueue                             
200067a0  tiempoSim                            
200067a8  velocidad                            
200067ac  velocidadQueue                       
200067b4  xEventGroup                          
200067bd  g_eOTGModeState                      
200067be  pulsacionLarga                       
20006870  _Denorm                              
20006880  _Eps                                 
20006890  _Hugeval                             
200068a0  _Inf                                 
200068b0  _Nan                                 
200068c0  _Snan                                
200068d0  _Rteps                               
200068e0  _Xbig                                
200068e8  _Zero                                
200068f0  g_psCmdTable                         
20006968  g_sCDCDevice                         
200069c8  g_pui8CDCSerDeviceDescriptor         
200069da  g_pui8CDCSerDescriptor               
200069e3  g_pui8IADSerDescriptor               
200069ec  g_psCDCSerSections                   
200069f8  g_psCDCCompSerSections               
20006a08  pxCurrentTCB                         
20006abc  SendSemaphore                        
20006ac0  sensorTaskHandle                     
20006ac4  consumoTaskHandle                    
20006ac8  PilautTaskHandle                     
20006acc  altitudTaskHandle                    
20006ad0  turbulenciasTaskHandle               
20006ae8  g_ulUARTTxCount                      
20006aec  g_ulUARTRxCount                      
20006af8  g_bUSBTimerInitialized               
20006afc  g_ui32CurrentUSBTick                 
20006b00  g_ui32USBSOFCount                    
20006b04  g_iUSBMode                           
20006b08  g_ui32WaitTicks                      
20006b18  _lock                                
20006b1c  _unlock                              
20006b20  __TI_cleanup_ptr                     
20006b24  __TI_dtors_ptr                       
20006b28  _Fenv                                
20006b2c  _Tls_setup__Fenv                     
20006b44  _Errno                               
20006b4c  main_func_sp                         
20006b54  __stack                              
20006d54  __STACK_END                          
20006d54  __STACK_TOP                          
ffffffff  __binit__                            
ffffffff  __c_args__                           
ffffffff  binit                                
UNDEFED   SHT$$INIT_ARRAY$$Base                
UNDEFED   SHT$$INIT_ARRAY$$Limit               

[843 symbols]
