******************************************************************************
                  TI ARM Linker PC v5.2.4                      
******************************************************************************
>> Linked Sat May 09 12:02:11 2015

OUTPUT FILE NAME:   <base-practica_TIVA.out>
ENTRY POINT SYMBOL: "_c_int00"  address: 00014e85


MEMORY CONFIGURATION

         name            origin    length      used     unused   attr    fill
----------------------  --------  ---------  --------  --------  ----  --------
  FLASH                 00000000   00040000  0001634a  00029cb6  R  X
  SRAM                  20000000   00008000  00006d0a  000012f6  RW X


SEGMENT ALLOCATION MAP

run origin  load origin   length   init length attrs members
----------  ----------- ---------- ----------- ----- -------
00000000    00000000    00016350   00016350    r-x
  00000000    00000000    0000026c   0000026c    r-- .intvecs
  0000026c    0000026c    0001521a   0001521a    r-x .text
  00015488    00015488    00000d04   00000d04    r-- .const
  00016190    00016190    000001c0   000001c0    r-- .cinit
20000000    20000000    00006d0c   00000000    rw-
  20000000    20000000    0000026c   00000000    rw- .vtable
  2000026c    2000026c    00006512   00000000    rw- .bss
  20006780    20006780    0000038c   00000000    rw- .data
  20006b0c    20006b0c    00000200   00000000    rw- .stack


SECTION ALLOCATION MAP

 output                                  attributes/
section   page    origin      length       input sections
--------  ----  ----------  ----------   ----------------
.intvecs   0    00000000    0000026c     
                  00000000    0000026c     startup_ccs.obj (.intvecs)

.text      0    0000026c    0001521a     
                  0000026c    00002dac     usbhostenum.obj (.text)
                  00003018    00001acc     tasks.obj (.text)
                  00004ae4    000015ba     usb.obj (.text)
                  0000609e    00000002     rtsv7M4_T_le_v4SPD16_eabi.lib : i_div0.obj (.text)
                  000060a0    000012f8     usbdenum.obj (.text)
                  00007398    000010ba     rtsv7M4_T_le_v4SPD16_eabi.lib : _printfi.obj (.text)
                  00008452    00000002     --HOLE-- [fill = 0]
                  00008454    00000f20     usbdma.obj (.text)
                  00009374    00000f00     sysctl.obj (.text)
                  0000a274    00000e0c     usbdcdc.obj (.text)
                  0000b080    00000d3c     uartstdio.obj (.text)
                  0000bdbc    00000d30     main.obj (.text)
                  0000caec    00000c84     ustdlib.obj (.text)
                  0000d770    00000b98     gpio.obj (.text)
                  0000e308    000009cc     queue.obj (.text)
                  0000ecd4    00000924     usbhhub.obj (.text)
                  0000f5f8    000007c4     adc.obj (.text)
                  0000fdbc    0000065a     timer.obj (.text)
                  00010416    00000002     --HOLE-- [fill = 0]
                  00010418    00000580     timers.obj (.text)
                  00010998    00000510     usbmode.obj (.text)
                  00010ea8    000004ba     usbbuffer.obj (.text)
                  00011362    00000002     --HOLE-- [fill = 0]
                  00011364    00000434     rgb.obj (.text)
                  00011798    000003d0     commands.obj (.text)
                  00011b68    000003c0     interrupt.obj (.text)
                  00011f28    00000388     usbdconfig.obj (.text)
                  000122b0    00000338     protocol.obj (.text)
                  000125e8    000002f4     usbringbuf.obj (.text)
                  000128dc    000002de     usbdcdesc.obj (.text)
                  00012bba    00000002     --HOLE-- [fill = 0]
                  00012bbc    000002ac     usb_dev_serial.obj (.text)
                  00012e68    00000294     rtsv7M4_T_le_v4SPD16_eabi.lib : xsin.obj (.text)
                  000130fc    0000028c     port.obj (.text)
                  00013388    000001fc     rtsv7M4_T_le_v4SPD16_eabi.lib : xexp.obj (.text)
                  00013584    000001f4                                   : ull_div_t2.obj (.text)
                  00013778    000001d4     heap_2.obj (.text)
                  0001394c    000001d2     usbdesc.obj (.text)
                  00013b1e    000001b6     rtsv7M4_T_le_v4SPD16_eabi.lib : fd_add_t2.obj (.text)
                  00013cd4    00000174                                   : fmod.obj (.text)
                  00013e48    00000136                                   : fd_div_t2.obj (.text)
                  00013f7e    0000012a     list.obj (.text)
                  000140a8    00000128     buttons.obj (.text)
                  000141d0    00000110     rtsv7M4_T_le_v4SPD16_eabi.lib : xdscale.obj (.text)
                  000142e0    000000fc                                   : fd_mul_t2.obj (.text)
                  000143dc    000000f0     cpu_usage.obj (.text)
                  000144cc    000000ec     usbtick.obj (.text)
                  000145b8    000000d2     portasm.obj (.text)
                  0001468a    000000c8     usbulpi.obj (.text)
                  00014752    000000be     rtsv7M4_T_le_v4SPD16_eabi.lib : xdnorm.obj (.text)
                  00014810    000000ac     cmdline.obj (.text)
                  000148bc    0000009c     rtsv7M4_T_le_v4SPD16_eabi.lib : memcpy_t2.obj (.text)
                  00014958    00000090                                   : exp.obj (.text)
                  000149e8    00000086                                   : fd_cmp_t2.obj (.text:__aeabi_cdcmple)
                  00014a6e    00000086                                   : fd_cmp_t2.obj (.text:__aeabi_cdrcmple)
                  00014af4    0000007a                                   : memset_t2.obj (.text)
                  00014b6e    00000002     --HOLE-- [fill = 0]
                  00014b70    0000006c                                   : autoinit.obj (.text)
                  00014bdc    0000006a                                   : copy_decompress_rle.obj (.text)
                  00014c46    00000002     --HOLE-- [fill = 0]
                  00014c48    00000068     crc.obj (.text)
                  00014cb0    00000066     rtsv7M4_T_le_v4SPD16_eabi.lib : xdunscal.obj (.text)
                  00014d16    00000002     --HOLE-- [fill = 0]
                  00014d18    00000064     RunTimeStatsConfig.obj (.text)
                  00014d7c    00000060     rtsv7M4_T_le_v4SPD16_eabi.lib : sprintf.obj (.text)
                  00014ddc    00000056                                   : ltoa.obj (.text)
                  00014e32    00000052                                   : ldexp.obj (.text)
                  00014e84    00000050                                   : boot.obj (.text)
                  00014ed4    00000050                                   : fs_toull_t2.obj (.text)
                  00014f24    0000004c                                   : atoi.obj (.text)
                  00014f70    0000004c                                   : cpy_tbl.obj (.text)
                  00014fbc    0000004a                                   : fd_tos_t2.obj (.text)
                  00015006    00000048                                   : fd_toi_t2.obj (.text)
                  0001504e    00000002     --HOLE-- [fill = 0]
                  00015050    00000044                                   : exit.obj (.text)
                  00015094    00000044                                   : fd_tou_t2.obj (.text)
                  000150d8    00000040                                   : signal.obj (.text)
                  00015118    00000040                                   : u_divt2.obj (.text)
                  00015158    0000003e     cpu.obj (.text)
                  00015196    00000038     rtsv7M4_T_le_v4SPD16_eabi.lib : fs_tod_t2.obj (.text)
                  000151ce    00000002     --HOLE-- [fill = 0]
                  000151d0    00000034                                   : feraiseexcept.obj (.text)
                  00015204    00000030                                   : xdclass.obj (.text)
                  00015234    00000030                                   : xferaise.obj (.text)
                  00015264    0000002e                                   : i_tofd_t2.obj (.text)
                  00015292    0000002e                                   : raise.obj (.text)
                  000152c0    0000002c     startup_ccs.obj (.text)
                  000152ec    0000002a     rtsv7M4_T_le_v4SPD16_eabi.lib : frexp.obj (.text)
                  00015316    00000002     --HOLE-- [fill = 0]
                  00015318    00000024     RunTimeStatsConfig.obj (.text:GetOverflowCounts)
                  0001533c    00000024     usbdhandler.obj (.text)
                  00015360    00000022     rtsv7M4_T_le_v4SPD16_eabi.lib : memcmp.obj (.text)
                  00015382    00000020                                   : u_tofd_t2.obj (.text)
                  000153a2    0000001c                                   : memccpy.obj (.text)
                  000153be    0000001a                                   : sin.obj (.text)
                  000153d8    00000018                                   : args_main.obj (.text)
                  000153f0    00000018                                   : strcmp.obj (.text)
                  00015408    00000016                                   : strchr.obj (.text)
                  0001541e    00000002     --HOLE-- [fill = 0]
                  00015420    00000014                                   : _lock.obj (.text)
                  00015434    00000014                                   : strcpy.obj (.text)
                  00015448    00000014                                   : strlen.obj (.text)
                  0001545c    0000000e                                   : copy_decompress_none.obj (.text:decompress:none)
                  0001546a    0000000c                                   : copy_zero_init.obj (.text:decompress:ZI)
                  00015476    00000006     sysctl.obj (.text:SysCtlDelay)
                  0001547c    00000006     rtsv7M4_T_le_v4SPD16_eabi.lib : copy_decompress_rle.obj (.text:decompress:rle24)
                  00015482    00000004                                   : pre_init.obj (.text)

.const     0    00015488    00000d04     
                  00015488    00000200     crc.obj (.const:crctttab)
                  00015688    00000120     sysctl.obj (.const:g_pppui32XTALtoVCO)
                  000157a8    00000101     rtsv7M4_T_le_v4SPD16_eabi.lib : ctype.obj (.const:.string:_ctypes_)
                  000158a9    00000001     --HOLE-- [fill = 0]
                  000158aa    00000002     heap_2.obj (.const)
                  000158ac    000000f2     commands.obj (.const:.string)
                  0001599e    00000002     --HOLE-- [fill = 0]
                  000159a0    000000c0     gpio.obj (.const:g_ppui32GPIOIntMapBlizzard)
                  00015a60    000000c0     gpio.obj (.const:g_ppui32GPIOIntMapSnowflake)
                  00015b20    0000009c     interrupt.obj (.const:g_pui32Regs)
                  00015bbc    00000090     gpio.obj (.const:g_pui32GPIOBaseAddrs)
                  00015c4c    00000004     --HOLE-- [fill = 0]
                  00015c50    00000080     rtsv7M4_T_le_v4SPD16_eabi.lib : xsin.obj (.const)
                  00015cd0    00000070     interrupt.obj (.const)
                  00015d40    0000006c     sysctl.obj (.const:g_pui32Xtals)
                  00015dac    00000060     timer.obj (.const:g_ppui32TimerIntMap)
                  00015e0c    00000004     --HOLE-- [fill = 0]
                  00015e10    00000048     rtsv7M4_T_le_v4SPD16_eabi.lib : xexp.obj (.const)
                  00015e58    00000040     timer.obj (.const:g_ppui32TimerIntMapSnowflake)
                  00015e98    00000038     usbdcdc.obj (.const)
                  00015ed0    00000036     usb_serial_structs.obj (.const:.string:g_pui8ConfigString)
                  00015f06    00000002     --HOLE-- [fill = 0]
                  00015f08    00000034     usbdenum.obj (.const:g_psUSBDStdRequests)
                  00015f3c    00000030     ustdlib.obj (.const:g_psDaysToMonth)
                  00015f6c    00000030     usbdcdc.obj (.const:g_sCDCHandlers)
                  00015f9c    00000030     sysctl.obj (.const:g_sXTALtoMEMTIM)
                  00015fcc    0000002c     usb_serial_structs.obj (.const:.string:g_pui8ControlInterfaceString)
                  00015ff8    00000028     uartstdio.obj (.const)
                  00016020    00000024     usb_serial_structs.obj (.const:.string:g_pui8ManufacturerString)
                  00016044    00000024     usb_serial_structs.obj (.const:g_sRxBuffer)
                  00016068    00000024     usb_serial_structs.obj (.const:g_sTxBuffer)
                  0001608c    00000023     usbdcdc.obj (.const:.string:g_pui8CDCSerCommInterface)
                  000160af    00000022     usb_serial_structs.obj (.const:.string:g_pui8ProductString)
                  000160d1    00000003     --HOLE-- [fill = 0]
                  000160d4    0000001c     ustdlib.obj (.const)
                  000160f0    00000018     usb_serial_structs.obj (.const)
                  00016108    00000017     usbdcdc.obj (.const:.string)
                  0001611f    00000016     usb_serial_structs.obj (.const:.string)
                  00016135    00000014     tasks.obj (.const:.string)
                  00016149    00000003     --HOLE-- [fill = 0]
                  0001614c    00000012     uartstdio.obj (.const:.string)
                  0001615e    00000002     --HOLE-- [fill = 0]
                  00016160    00000012     ustdlib.obj (.const:.string)
                  00016172    00000002     --HOLE-- [fill = 0]
                  00016174    00000008     gpio.obj (.const)
                  0001617c    00000008     sysctl.obj (.const)
                  00016184    00000008     timer.obj (.const)

.cinit     0    00016190    000001c0     
                  00016190    00000189     (.cinit..data.load) [load image, compression = rle]
                  00016319    00000003     --HOLE-- [fill = 0]
                  0001631c    0000000c     (__TI_handler_table)
                  00016328    00000008     (.cinit..bss.load) [load image, compression = zero_init]
                  00016330    00000008     (.cinit..vtable.load) [load image, compression = zero_init]
                  00016338    00000018     (__TI_cinit_table)

.init_array 
*          0    00000000    00000000     UNINITIALIZED

.vtable    0    20000000    0000026c     UNINITIALIZED
                  20000000    0000026c     interrupt.obj (.vtable)

.bss       0    2000026c    00006512     UNINITIALIZED
                  2000026c    00005000     heap_2.obj (.bss:ucHeap)
                  2000526c    000006cc     usbhostenum.obj (.bss:g_sUSBHCD)
                  20005938    00000400     uartstdio.obj (.bss:g_pcUARTTxBuffer)
                  20005d38    00000200     uartstdio.obj (.bss:g_pcUARTRxHistoryBuffer)
                  20005f38    00000140     tasks.obj (.bss:pxReadyTasksLists)
                  20006078    00000110     usbdma.obj (.bss:g_psUSBDMAInst)
                  20006188    00000100     usb_serial_structs.obj (.bss:g_pui8USBRxBuffer)
                  20006288    00000100     usb_serial_structs.obj (.bss:g_pui8USBTxBuffer)
                  20006388    0000009c     usbhhub.obj (.bss:g_sRootHub)
                  20006424    00000080     uartstdio.obj (.bss:g_pcUARTRxBuffer)
                  200064a4    00000050     usbdenum.obj (.bss:g_psDCDInst)
                  200064f4    00000050     queue.obj (.bss:xQueueRegistry)
                  20006544    00000040     usbdenum.obj (.bss:g_pui8DataBufferIn)
                  20006584    00000024     cmdline.obj (.bss:g_ppcArgv)
                  200065a8    00000020     (.common:g_usUARTRxHistoryOffset)
                  200065c8    00000018     (.common:g_pfnTickHandlers)
                  200065e0    00000018     (.common:g_pi32USBHActiveDriver)
                  200065f8    00000018     (.common:g_ppvDriverInstance)
                  20006610    00000018     (.common:g_pui8RxBufferWorkspace)
                  20006628    00000018     (.common:g_pui8TxBufferWorkspace)
                  20006640    00000018     (.common:g_pvTickInstance)
                  20006658    00000014     (.common:xActiveTimerList1)
                  2000666c    00000014     (.common:xActiveTimerList2)
                  20006680    00000014     (.common:xDelayedTaskList1)
                  20006694    00000014     (.common:xDelayedTaskList2)
                  200066a8    00000014     (.common:xPendingReadyList)
                  200066bc    00000014     (.common:xSuspendedTaskList)
                  200066d0    00000014     (.common:xTasksWaitingTermination)
                  200066e4    0000000c     (.common:color)
                  200066f0    0000000c     (.common:g_ui32Colors)
                  200066fc    00000008     (.common:ejes)
                  20006704    00000008     (.common:g_pui32Alloc)
                  2000670c    00000008     (.common:xEnd)
                  20006714    00000008     (.common:xStart)
                  2000671c    00000004     (.common:g_pfnUSBModeCallback)
                  20006720    00000004     (.common:g_ppsDevInfo)
                  20006724    00000004     (.common:g_pui8OversampleFactor)
                  20006728    00000004     (.common:g_ui32CPUUsage)
                  2000672c    00000004     (.common:g_ui32CPUUsagePrevious)
                  20006730    00000004     (.common:g_ui32CPUUsageTicks)
                  20006734    00000004     (.common:g_ui32CPUUsageTimer)
                  20006738    00000004     (.common:g_ui32ChangeFlags)
                  2000673c    00000004     (.common:g_ui32HubChanges)
                  20006740    00000004     (.common:g_ui32PollRate)
                  20006744    00000004     (.common:g_ui32PortNum)
                  20006748    00000004     (.common:g_ui32ULPISupport)
                  2000674c    00000004     (.common:g_ui32ULPISupport)
                  20006750    00000004     (.common:g_ulSystemClock)
                  20006754    00000004     (.common:g_xRxLineSemaphore)
                  20006758    00000004     (.common:potQueue)
                  2000675c    00000004     (.common:pxCurrentTimerList)
                  20006760    00000004     (.common:pxDelayedTaskList)
                  20006764    00000004     (.common:pxOverflowDelayedTaskList)
                  20006768    00000004     (.common:pxOverflowTimerList)
                  2000676c    00000004     (.common:ulFlags$1)
                  20006770    00000004     (.common:velocidadQueue)
                  20006774    00000004     (.common:xCharsForTx)
                  20006778    00000004     (.common:xRxedChars)
                  2000677c    00000001     (.common:g_bDisableEcho)
                  2000677d    00000001     (.common:g_eOTGModeState)

.data      0    20006780    0000038c     UNINITIALIZED
                  20006780    000000b0     rtsv7M4_T_le_v4SPD16_eabi.lib : signal.obj (.data:sigtable)
                  20006830    00000080                                   : xvalues.obj (.data)
                  200068b0    00000060     usb_serial_structs.obj (.data:g_sCDCDevice)
                  20006910    00000054     commands.obj (.data:g_psCmdTable)
                  20006964    00000040     usbdcdc.obj (.data)
                  200069a4    00000004     rgb.obj (.data)
                  200069a8    0000003a     main.obj (.data)
                  200069e2    00000002     --HOLE--
                  200069e4    00000038     tasks.obj (.data)
                  20006a1c    00000030     cpu_usage.obj (.data)
                  20006a4c    0000002c     usbhostenum.obj (.data)
                  20006a78    0000001d     uartstdio.obj (.data)
                  20006a95    00000003     buttons.obj (.data)
                  20006a98    00000010     port.obj (.data)
                  20006aa8    00000010     usb_dev_serial.obj (.data)
                  20006ab8    0000000c     usbtick.obj (.data)
                  20006ac4    00000009     usbmode.obj (.data)
                  20006acd    00000003     --HOLE--
                  20006ad0    00000008     heap_2.obj (.data)
                  20006ad8    00000008     rtsv7M4_T_le_v4SPD16_eabi.lib : _lock.obj (.data)
                  20006ae0    00000008                                   : exit.obj (.data)
                  20006ae8    00000008                                   : feraiseexcept.obj (.data)
                  20006af0    00000008     timers.obj (.data)
                  20006af8    00000008     usbdenum.obj (.data)
                  20006b00    00000004     rtsv7M4_T_le_v4SPD16_eabi.lib : errno.obj (.data)
                  20006b04    00000004                                   : stkdepth_vars.obj (.data)
                  20006b08    00000004     ustdlib.obj (.data)

.TI.noinit 
*          0    2000026c    00000000     UNINITIALIZED

.TI.persistent 
*          0    20006780    00000000     UNINITIALIZED

.stack     0    20006b0c    00000200     UNINITIALIZED
                  20006b0c    00000200     --HOLE--


LINKER GENERATED COPY TABLES

__TI_cinit_table @ 00016338 records: 3, size/record: 8, table size: 24
	.data: load addr=00016190, load size=00000189 bytes, run addr=20006780, run size=0000038c bytes, compression=rle
	.bss: load addr=00016328, load size=00000008 bytes, run addr=2000026c, run size=00006512 bytes, compression=zero_init
	.vtable: load addr=00016330, load size=00000008 bytes, run addr=20000000, run size=0000026c bytes, compression=zero_init


LINKER GENERATED HANDLER TABLE

__TI_handler_table @ 0001631c records: 3, size/record: 4, table size: 12
	index: 0, handler: __TI_zero_init
	index: 1, handler: __TI_decompress_rle24
	index: 2, handler: __TI_decompress_none


GLOBAL SYMBOLS: SORTED ALPHABETICALLY BY Name 

address   name                                 
-------   ----                                 
0000fd35  ADCBusy                              
0000fd7d  ADCClockConfigGet                    
0000fd53  ADCClockConfigSet                    
0000fb4f  ADCComparatorConfigure               
0000fc1f  ADCComparatorIntClear                
0000fbd5  ADCComparatorIntDisable              
0000fbf3  ADCComparatorIntEnable               
0000fc11  ADCComparatorIntStatus               
0000fb6b  ADCComparatorRegionSet               
0000fb8f  ADCComparatorReset                   
0000fb1d  ADCHardwareOversampleConfigure       
0000f733  ADCIntClear                          
0000fc97  ADCIntClearEx                        
0000f699  ADCIntDisable                        
0000fc31  ADCIntDisableEx                      
0000f6b5  ADCIntEnable                         
0000fc49  ADCIntEnableEx                       
0000c999  ADCIntHandler                        
0000f653  ADCIntRegister                       
0000f6db  ADCIntStatus                         
0000fc65  ADCIntStatusEx                       
0000f67b  ADCIntUnregister                     
0000fcef  ADCPhaseDelayGet                     
0000fcdd  ADCPhaseDelaySet                     
0000f993  ADCProcessorTrigger                  
0000fccb  ADCReferenceGet                      
0000fcaf  ADCReferenceSet                      
0000f77d  ADCSequenceConfigure                 
0000fd19  ADCSequenceDMADisable                
0000fcfd  ADCSequenceDMAEnable                 
0000f951  ADCSequenceDataGet                   
0000f763  ADCSequenceDisable                   
0000f749  ADCSequenceEnable                    
0000f8f5  ADCSequenceOverflow                  
0000f90d  ADCSequenceOverflowClear             
0000f801  ADCSequenceStepConfigure             
0000f923  ADCSequenceUnderflow                 
0000f93b  ADCSequenceUnderflowClear            
0000f9b7  ADCSoftwareOversampleConfigure       
0000faaf  ADCSoftwareOversampleDataGet         
0000f9ef  ADCSoftwareOversampleStepConfigure   
0000ca21  ButtonHandler                        
0001414f  ButtonsInit                          
000140a9  ButtonsPoll                          
00015051  C$$EXIT                              
0001441b  CPUUsageInit                         
000143dd  CPUUsageTick                         
0001518d  CPUbasepriGet                        
0001517f  CPUbasepriSet                        
00015159  CPUcpsid                             
0001516f  CPUcpsie                             
00015165  CPUprimask                           
0001517b  CPUwfi                               
00014811  CmdLineProcess                       
00011799  Cmd_cpu                              
000117c3  Cmd_free                             
0001188d  Cmd_help                             
00011855  Cmd_stats                            
000117d9  Cmd_tasks                            
0000026d  ConfigDescAlloc                      
00000303  ConfigDescFree                       
200069ac  EjesSemaphore                        
0000e2e3  GPIOADCTriggerDisable                
0000e2c5  GPIOADCTriggerEnable                 
0000e2a7  GPIODMATriggerDisable                
0000e289  GPIODMATriggerEnable                 
0000d82f  GPIODirModeGet                       
0000d7d3  GPIODirModeSet                       
0000dda3  GPIOIntClear                         
0000dd67  GPIOIntDisable                       
0000dd4d  GPIOIntEnable                        
0000ddb7  GPIOIntRegister                      
0000dd81  GPIOIntStatus                        
0000d91f  GPIOIntTypeGet                       
0000d87b  GPIOIntTypeSet                       
0000ddd5  GPIOIntUnregister                    
0000dbfb  GPIOPadConfigGet                     
0000d9bd  GPIOPadConfigSet                     
0000e22b  GPIOPinConfigure                     
0000ddef  GPIOPinRead                          
0000de27  GPIOPinTypeADC                       
0000de4b  GPIOPinTypeCAN                       
0000e1f7  GPIOPinTypeCIR                       
0000de6f  GPIOPinTypeComparator                
0000de93  GPIOPinTypeEPI                       
0000deb7  GPIOPinTypeEthernetLED               
0000dedb  GPIOPinTypeEthernetMII               
0000deff  GPIOPinTypeGPIOInput                 
0000df23  GPIOPinTypeGPIOOutput                
0000df47  GPIOPinTypeGPIOOutputOD              
0000df6b  GPIOPinTypeI2C                       
0000df8f  GPIOPinTypeI2CSCL                    
0000e1af  GPIOPinTypeKBColumn                  
0000e18b  GPIOPinTypeKBRow                     
0000dfb3  GPIOPinTypeLCD                       
0000e1d3  GPIOPinTypeLEDSeq                    
0000dfd7  GPIOPinTypeLPC                       
0000dffb  GPIOPinTypePECIRx                    
0000e01f  GPIOPinTypePECITx                    
0000e043  GPIOPinTypePWM                       
0000e067  GPIOPinTypeQEI                       
0000e08b  GPIOPinTypeSSI                       
0000e0af  GPIOPinTypeTimer                     
0000e0d3  GPIOPinTypeUART                      
0000e0f7  GPIOPinTypeUSBAnalog                 
0000e11b  GPIOPinTypeUSBDigital                
0000e13f  GPIOPinTypeWakeHigh                  
0000e165  GPIOPinTypeWakeLow                   
0000e21b  GPIOPinWakeStatus                    
0000de07  GPIOPinWrite                         
00015319  GetOverflowCounts                    
00011d29  IntDisable                           
00011cb7  IntEnable                            
00011d9b  IntIsEnabled                         
00011b7b  IntMasterDisable                     
00011b6b  IntMasterEnable                      
00011e91  IntPendClear                         
00011e21  IntPendSet                           
00011c93  IntPriorityGet                       
00011c0b  IntPriorityGroupingGet               
00011bf1  IntPriorityGroupingSet               
00011eeb  IntPriorityMaskGet                   
00011edf  IntPriorityMaskSet                   
00011c43  IntPrioritySet                       
00011b8b  IntRegister                          
00011ef3  IntTrigger                           
00011bdd  IntUnregister                        
000023d9  InternalUSBHCDSendEvent              
00014513  InternalUSBRegisterTickHandler       
00014563  InternalUSBStartOfFrameTick          
000144cd  InternalUSBTickInit                  
0001450b  InternalUSBTickReset                 
00010d83  OTGDeviceDisconnect                  
200069bc  PilautTaskHandle                     
200069b0  PilotoQuitarSemaphore                
0000a4bd  ProcessDataFromHost                  
0000a5cd  ProcessDataToHost                    
0000a56b  ProcessNotificationToHost            
00011365  RGBBlinkIntHandler                   
00011671  RGBBlinkRateSet                      
00011705  RGBColorGet                          
000115ad  RGBColorSet                          
00011537  RGBDisable                           
0001147f  RGBEnable                            
00011393  RGBInit                              
0001165d  RGBIntensitySet                      
00011595  RGBSet                               
000152c1  ResetISR                             
UNDEFED   SHT$$INIT_ARRAY$$Base                
UNDEFED   SHT$$INIT_ARRAY$$Limit               
200069a8  SendSemaphore                        
0000a213  SysCtlAltClkConfig                   
000099e1  SysCtlClockFreqSet                   
00009ec5  SysCtlClockGet                       
0000a1f7  SysCtlClockOutConfig                 
00009cf9  SysCtlClockSet                       
000098e1  SysCtlDeepSleep                      
0000a099  SysCtlDeepSleepClockConfigSet        
0000a07d  SysCtlDeepSleepClockSet              
000098c1  SysCtlDeepSleepPowerSet              
00015477  SysCtlDelay                          
0000946d  SysCtlFlashSectorSizeGet             
00009441  SysCtlFlashSizeGet                   
0000a16f  SysCtlGPIOAHBDisable                 
0000a153  SysCtlGPIOAHBEnable                  
00009855  SysCtlIntClear                       
0000983d  SysCtlIntDisable                     
00009829  SysCtlIntEnable                      
00009801  SysCtlIntRegister                    
00009865  SysCtlIntStatus                      
00009819  SysCtlIntUnregister                  
000098a7  SysCtlLDODeepSleepGet                
00009897  SysCtlLDODeepSleepSet                
00009891  SysCtlLDOSleepGet                    
00009881  SysCtlLDOSleepSet                    
00009917  SysCtlMOSCConfigSet                  
0000a1e3  SysCtlNMIClear                       
0000a1dd  SysCtlNMIStatus                      
0000992d  SysCtlPIOSCCalibrate                 
0000a13d  SysCtlPWMClockGet                    
0000a123  SysCtlPWMClockSet                    
000097ad  SysCtlPeripheralClockGating          
00009765  SysCtlPeripheralDeepSleepDisable     
00009715  SysCtlPeripheralDeepSleepEnable      
00009651  SysCtlPeripheralDisable              
00009615  SysCtlPeripheralEnable               
00009551  SysCtlPeripheralPowerOff             
00009515  SysCtlPeripheralPowerOn              
00009495  SysCtlPeripheralPresent              
000094d5  SysCtlPeripheralReady                
0000958d  SysCtlPeripheralReset                
000096d9  SysCtlPeripheralSleepDisable         
00009695  SysCtlPeripheralSleepEnable          
000098d1  SysCtlReset                          
0000998d  SysCtlResetBehaviorGet               
0000997d  SysCtlResetBehaviorSet               
00009903  SysCtlResetCauseClear                
000098fd  SysCtlResetCauseGet                  
00009437  SysCtlSRAMSizeGet                    
000098d9  SysCtlSleep                          
000098ad  SysCtlSleepPowerSet                  
0000a19d  SysCtlUSBPLLDisable                  
0000a18b  SysCtlUSBPLLEnable                   
0000a1c9  SysCtlVoltageEventClear              
0000a1ad  SysCtlVoltageEventConfig             
0000a1bd  SysCtlVoltageEventStatus             
00010395  TimerADCEventGet                     
00010383  TimerADCEventSet                     
000100ad  TimerClockSourceGet                  
00010091  TimerClockSourceSet                  
0000fe6f  TimerConfigure                       
0000ff8f  TimerControlEvent                    
0000feeb  TimerControlLevel                    
0000ffb9  TimerControlStall                    
0000ff21  TimerControlTrigger                  
0000ffef  TimerControlWaitOnTrigger            
000103b5  TimerDMAEventGet                     
000103a3  TimerDMAEventSet                     
0000fe51  TimerDisable                         
0000fe33  TimerEnable                          
0001035f  TimerIntClear                        
00010329  TimerIntDisable                      
00010311  TimerIntEnable                       
000102cb  TimerIntRegister                     
00010341  TimerIntStatus                       
000102f3  TimerIntUnregister                   
00010177  TimerLoadGet                         
000101b3  TimerLoadGet64                       
0001014d  TimerLoadSet                         
00010193  TimerLoadSet64                       
0001025d  TimerMatchGet                        
00010299  TimerMatchGet64                      
00010233  TimerMatchSet                        
00010279  TimerMatchSet64                      
000100e7  TimerPrescaleGet                     
00010131  TimerPrescaleMatchGet                
00010103  TimerPrescaleMatchSet                
000100bd  TimerPrescaleSet                     
00010065  TimerRTCDisable                      
0001004f  TimerRTCEnable                       
00010371  TimerSynchronize                     
000103c3  TimerUpdateMode                      
000101e5  TimerValueGet                        
00010201  TimerValueGet64                      
0000b811  UARTEchoSet                          
0000b7ab  UARTFlushRx                          
0000b7d3  UARTFlushTx                          
0000b751  UARTPeek                             
0000b72f  UARTRxBytesAvail                     
0000b195  UARTStdioConfig                      
0000b849  UARTStdioIntHandler                  
0000b73d  UARTTxBytesFree                      
0000b3a5  UARTgetc                             
0000b329  UARTgets                             
0000b70b  UARTprintf                           
0000b411  UARTvprintf                          
0000b283  UARTwrite                            
0001468b  ULPIConfigSet                        
0001472d  ULPIPowerTransceiver                 
0001533d  USB0DeviceIntHandler                 
00010a55  USB0DualModeIntHandler               
000022e1  USB0HostIntHandler                   
00010c9d  USB0OTGModeIntHandler                
00011217  USBBufferCallbackDataSet             
000112c5  USBBufferDataAvailable               
000111fd  USBBufferDataRemoved                 
000111dd  USBBufferDataWritten                 
000112e9  USBBufferEventCallback               
00011275  USBBufferFlush                       
000111ab  USBBufferInfoGet                     
00011159  USBBufferInit                        
00011287  USBBufferRead                        
000112d7  USBBufferSpaceAvailable              
00011231  USBBufferWrite                       
0001117b  USBBufferZeroLengthPacketInsert      
00005cdb  USBClockDisable                      
00005cbf  USBClockEnable                       
00012c01  USBControlHandler                    
00005cab  USBControllerVersion                 
0000ac31  USBDCDCCompositeInit                 
0000ad27  USBDCDCInit                          
0000aea9  USBDCDCPacketRead                    
0000ae07  USBDCDCPacketWrite                   
0000b05b  USBDCDCPowerStatusSet                
0000b06f  USBDCDCRemoteWakeupRequest           
0000afa1  USBDCDCRxPacketAvailable             
0000b001  USBDCDCSerialStateChange             
0000adad  USBDCDCSetControlCBData              
0000adcb  USBDCDCSetRxCBData                   
0000ade9  USBDCDCSetTxCBData                   
0000ad95  USBDCDCTerm                          
0000af7f  USBDCDCTxPacketAvailable             
00012a35  USBDCDConfigDescGet                  
000129e7  USBDCDConfigDescGetNum               
000129af  USBDCDConfigDescGetSize              
00012b17  USBDCDConfigGetInterface             
00012b4d  USBDCDConfigGetInterfaceEndpoint     
00012ac3  USBDCDConfigGetNumAlternateInterfaces
000060a1  USBDCDDeviceInfoInit                 
000063fd  USBDCDFeatureSet                     
000060f1  USBDCDInit                           
00006387  USBDCDPowerStatusSet                 
000064bd  USBDCDRemoteWakeLPM                  
000064e1  USBDCDRemoteWakeupRequest            
00006311  USBDCDRequestDataEP0                 
00006337  USBDCDSendDataEP0                    
00006359  USBDCDSetDefaultConfiguration        
0000636b  USBDCDStallEP0                       
00006299  USBDCDTerm                           
00005e13  USBDMAChannelAddressGet              
00005df7  USBDMAChannelAddressSet              
00005d7d  USBDMAChannelConfigSet               
00005e47  USBDMAChannelCountGet                
00005e2b  USBDMAChannelCountSet                
00005d5d  USBDMAChannelDisable                 
00005d3d  USBDMAChannelEnable                  
00005d0d  USBDMAChannelIntDisable              
00005ced  USBDMAChannelIntEnable               
00005d2d  USBDMAChannelIntStatus               
00005dad  USBDMAChannelStatus                  
00005dcd  USBDMAChannelStatusClear             
00005e5f  USBDMANumChannels                    
000139a9  USBDescGet                           
00013acd  USBDescGetInterface                  
00013afb  USBDescGetInterfaceEndpoint          
0001394d  USBDescGetNum                        
00013a13  USBDescGetNumAlternateInterfaces     
00005119  USBDevAddrGet                        
00005105  USBDevAddrSet                        
000050d9  USBDevConnect                        
000050ef  USBDevDisconnect                     
0000544f  USBDevEndpointConfigGet              
0000535d  USBDevEndpointConfigSet              
000057d9  USBDevEndpointDataAck                
00005003  USBDevEndpointStall                  
00005065  USBDevEndpointStallClear             
00004e7f  USBDevEndpointStatusClear            
00005fcb  USBDevLPMConfig                      
00005ff9  USBDevLPMDisable                     
00005fe1  USBDevLPMEnable                      
00005fb3  USBDevLPMRemoteWake                  
00005c13  USBDevMode                           
00004c45  USBDevSpeedGet                       
00011fef  USBDeviceConfig                      
000121e5  USBDeviceConfigAlternate             
0000660d  USBDeviceEnumHandler                 
00006759  USBDeviceEnumResetHandler            
000071a9  USBDeviceIntHandlerInternal          
00006515  USBDeviceResumeTickHandler           
00010aa1  USBDualModeInit                      
00010b11  USBDualModeTerm                      
00005bc5  USBEndpointDMAChannel                
0000560b  USBEndpointDMAConfigSet              
000056dd  USBEndpointDMADisable                
000056a3  USBEndpointDMAEnable                 
00005717  USBEndpointDataAvail                 
0000574f  USBEndpointDataGet                   
00005849  USBEndpointDataPut                   
000058ad  USBEndpointDataSend                  
00004f9d  USBEndpointDataToggleClear           
00005c77  USBEndpointPacketCountSet            
00004e0b  USBEndpointStatus                    
00005b9b  USBFIFOAddrGet                       
000055a5  USBFIFOConfigGet                     
0000553f  USBFIFOConfigSet                     
00005905  USBFIFOFlush                         
00005b5f  USBFrameNumberGet                    
00002911  USBHCDControlTransfer                
00002d61  USBHCDDevAddress                     
00002d95  USBHCDDevClass                       
00002d39  USBHCDDevHubPort                     
00002e29  USBHCDDevProtocol                    
00002de1  USBHCDDevSubClass                    
0000041b  USBHCDEventDisable                   
000003eb  USBHCDEventEnable                    
00002e89  USBHCDFeatureSet                     
00002a6d  USBHCDHubDeviceConnected             
00002b05  USBHCDHubDeviceDisconnected          
00001491  USBHCDInit                           
00002fd3  USBHCDLPMResume                      
00002f6b  USBHCDLPMSleep                       
00002f41  USBHCDLPMStatus                      
00002509  USBHCDMain                           
00000873  USBHCDPipeAlloc                      
000005f1  USBHCDPipeAllocSize                  
000008c1  USBHCDPipeConfig                     
00000dcb  USBHCDPipeDataAck                    
00001009  USBHCDPipeFree                       
00000dfd  USBHCDPipeRead                       
00000d81  USBHCDPipeReadNonBlocking            
00000c55  USBHCDPipeSchedule                   
00000a3b  USBHCDPipeStatus                     
000005cb  USBHCDPipeTransferSizeGet            
00000a71  USBHCDPipeWrite                      
00001437  USBHCDPowerAutomatic                 
000013a7  USBHCDPowerConfigGet                 
00001395  USBHCDPowerConfigInit                
000013c5  USBHCDPowerConfigSet                 
000015ad  USBHCDRegisterDrivers                
000016b1  USBHCDReset                          
0000170d  USBHCDResume                         
000018ed  USBHCDSetAddress                     
00001a33  USBHCDSetConfig                      
00001a7b  USBHCDSetInterface                   
0000188d  USBHCDStringDescriptorGet            
000016fb  USBHCDSuspend                        
000015e1  USBHCDTerm                           
0000f565  USBHHubClose                         
0000f509  USBHHubEnumerationComplete           
0000f52b  USBHHubEnumerationError              
0000f579  USBHHubInit                          
0000f5a7  USBHHubLPMSleep                      
0000f5b5  USBHHubLPMStatus                     
0000f2dd  USBHHubMain                          
0000f54d  USBHHubOpen                          
00004bb3  USBHighSpeed                         
00005a15  USBHostAddrGet                       
000059dd  USBHostAddrSet                       
00001ac7  USBHostCheckPipes                    
0000512d  USBHostEndpointConfig                
00005817  USBHostEndpointDataAck               
00004f01  USBHostEndpointDataToggle            
00004fd7  USBHostEndpointPing                  
000052c7  USBHostEndpointSpeed                 
00004e37  USBHostEndpointStatusClear           
00005aa7  USBHostHubAddrGet                    
00005a43  USBHostHubAddrSet                    
00001b8d  USBHostIntHandlerInternal            
00005f77  USBHostLPMConfig                     
00005f9b  USBHostLPMResume                     
00005f2f  USBHostLPMSend                       
00005c01  USBHostMode                          
00005ad5  USBHostPwrConfig                     
00005b47  USBHostPwrDisable                    
00005b2f  USBHostPwrEnable                     
00005b17  USBHostPwrFaultDisable               
00005aff  USBHostPwrFaultEnable                
00005975  USBHostRequestIN                     
0000599d  USBHostRequestINClear                
000059cb  USBHostRequestStatus                 
00004b85  USBHostReset                         
00004be1  USBHostResume                        
00004c0f  USBHostSpeedGet                      
00004b6f  USBHostSuspend                       
00004c5d  USBIntDisableControl                 
00004d21  USBIntDisableEndpoint                
00004c9b  USBIntEnableControl                  
00004d4f  USBIntEnableEndpoint                 
00004dd3  USBIntRegister                       
00004cd5  USBIntStatusControl                  
00004d7d  USBIntStatusEndpoint                 
00004df1  USBIntUnregister                     
00006025  USBLPMEndpointGet                    
00006085  USBLPMIntDisable                     
0000606b  USBLPMIntEnable                      
0000605b  USBLPMIntStatus                      
00006011  USBLPMLinkStateGet                   
00006041  USBLPMRemoteWakeEnabled              
00009171  USBLibDMAAddrGet                     
000091a1  USBLibDMAInit                        
00009189  USBLibDMASizeGet                     
00005c37  USBModeConfig                        
00005bb1  USBModeGet                           
00005c97  USBNumEndpointsGet                   
00010e45  USBOTGFeatureSet                     
00010da9  USBOTGMain                           
00005c25  USBOTGMode                           
00010b7f  USBOTGModeInit                       
00010b45  USBOTGModeTerm                       
00010c75  USBOTGPollRate                       
00005b6d  USBOTGSessionRequest                 
00005c4b  USBPHYPowerOff                       
00005c61  USBPHYPowerOn                        
000127d3  USBRingBufAdvanceRead                
00012801  USBRingBufAdvanceWrite               
0001272d  USBRingBufContigFree                 
000126ff  USBRingBufContigUsed                 
0001266d  USBRingBufEmpty                      
00012697  USBRingBufFlush                      
000126e9  USBRingBufFree                       
00012633  USBRingBufFull                       
000128b9  USBRingBufInit                       
0001279d  USBRingBufRead                       
00012777  USBRingBufReadOne                    
00012769  USBRingBufSize                       
000126b7  USBRingBufUsed                       
00012883  USBRingBufWrite                      
0001285d  USBRingBufWriteOne                   
00012cef  USBRxHandler                         
00010a19  USBStackModeSet                      
00012c8b  USBTxHandler                         
00005e71  USBULPIConfig                        
00005e9f  USBULPIDisable                       
00005e87  USBULPIEnable                        
00005eb7  USBULPIRegRead                       
00005eef  USBULPIRegWrite                      
00012d45  UsbSerialInit                        
00015205  _Dclass                              
20006830  _Denorm                              
00014753  _Dnorm                               
000141d1  _Dscale                              
00014cb1  _Dunscale                            
20006840  _Eps                                 
20006b00  _Errno                               
00013389  _Exp                                 
20006ae8  _Fenv                                
00015235  _Feraise                             
20006850  _Hugeval                             
20006860  _Inf                                 
20006870  _Nan                                 
20006890  _Rteps                               
00012e69  _Sin                                 
20006880  _Snan                                
20006aec  _Tls_setup__Fenv                     
200068a0  _Xbig                                
200068a8  _Zero                                
20006d0c  __STACK_END                          
00000200  __STACK_SIZE                         
20006d0c  __STACK_TOP                          
00016338  __TI_CINIT_Base                      
00016350  __TI_CINIT_Limit                     
0001631c  __TI_Handler_Table_Base              
00016328  __TI_Handler_Table_Limit             
00014b71  __TI_auto_init                       
20006ae0  __TI_cleanup_ptr                     
0001545d  __TI_decompress_none                 
0001547d  __TI_decompress_rle24                
20006ae4  __TI_dtors_ptr                       
0000814d  __TI_printfi                         
00000000  __TI_static_base__                   
0001546b  __TI_zero_init                       
000149e9  __aeabi_cdcmpeq                      
000149e9  __aeabi_cdcmple                      
00014a6f  __aeabi_cdrcmple                     
00014fbd  __aeabi_d2f                          
00015007  __aeabi_d2iz                         
00015095  __aeabi_d2uiz                        
00013b29  __aeabi_dadd                         
00013e49  __aeabi_ddiv                         
000142e1  __aeabi_dmul                         
00013b1f  __aeabi_dsub                         
00015197  __aeabi_f2d                          
00014ed5  __aeabi_f2ulz                        
00015265  __aeabi_i2d                          
0000609f  __aeabi_idiv0                        
00014af5  __aeabi_memclr                       
00014af5  __aeabi_memclr4                      
00014af5  __aeabi_memclr8                      
000148bd  __aeabi_memcpy                       
000148bd  __aeabi_memcpy4                      
000148bd  __aeabi_memcpy8                      
00014af7  __aeabi_memset                       
00014af7  __aeabi_memset4                      
00014af7  __aeabi_memset8                      
00015383  __aeabi_ui2d                         
00015119  __aeabi_uidiv                        
00015119  __aeabi_uidivmod                     
00013585  __aeabi_uldivmod                     
ffffffff  __binit__                            
ffffffff  __c_args__                           
20006b0c  __stack                              
000153d9  _args_main                           
00014e85  _c_int00                             
000157a8  _ctypes_                             
20006ad8  _lock                                
0001542f  _nop                                 
00015427  _register_lock                       
00015421  _register_unlock                     
00015483  _system_pre_init                     
20006adc  _unlock                              
00015055  abort                                
000123f1  add_checksum_and_stuff               
200069d8  altitud                              
00014f25  atoi                                 
ffffffff  binit                                
200066e4  color                                
200069c8  combustible                          
0000c82d  confADC                              
0000c711  confGPIO                             
0000c935  confQueue                            
0000c663  confSys                              
0000c79d  confTasks                            
0000c8d9  confTimer                            
0000c693  confUART                             
200069b8  consumoTaskHandle                    
00014f71  copy_in                              
00014c49  create_checksum                      
000124b7  create_frame                         
00012463  destuff_and_check_checksum           
00003e9d  eTaskConfirmSleepModeStatus          
200066fc  ejes                                 
0001505d  exit                                 
00014959  exp                                  
000151d1  feraiseexcept                        
00013cd5  fmod                                 
00012351  frame_DeStuffing                     
000122b1  frame_stuffing                       
000152ed  frexp                                
20006ab8  g_bUSBTimerInitialized               
2000677d  g_eOTGModeState                      
20006ac4  g_iUSBMode                           
00015ecc  g_pCDCCompSerConfigDescriptors       
20000000  g_pfnRAMVectors                      
200065c8  g_pfnTickHandlers                    
00000000  g_pfnVectors                         
00015ec8  g_ppCDCSerConfigDescriptors          
20006720  g_ppsDevInfo                         
000160f0  g_ppui8StringDescriptors             
20006994  g_psCDCCompSerSections               
20006988  g_psCDCSerSections                   
20006910  g_psCmdTable                         
200064a4  g_psDCDInst                          
0001608c  g_pui8CDCSerCommInterface            
00016108  g_pui8CDCSerDataInterface            
20006976  g_pui8CDCSerDescriptor               
20006964  g_pui8CDCSerDeviceDescriptor         
00015ed0  g_pui8ConfigString                   
00015fcc  g_pui8ControlInterfaceString         
2000697f  g_pui8IADSerDescriptor               
0001611f  g_pui8LangDescriptor                 
00016020  g_pui8ManufacturerString             
000160af  g_pui8ProductString                  
20006610  g_pui8RxBufferWorkspace              
00016123  g_pui8SerialNumberString             
20006628  g_pui8TxBufferWorkspace              
20006188  g_pui8USBRxBuffer                    
20006288  g_pui8USBTxBuffer                    
20006640  g_pvTickInstance                     
00015ec0  g_sCDCCompSerConfigHeader            
200068b0  g_sCDCDevice                         
00015f6c  g_sCDCHandlers                       
00015ea8  g_sCDCSerCommInterfaceSection        
00015eb8  g_sCDCSerConfigHeader                
00015e98  g_sCDCSerConfigSection               
00015eb0  g_sCDCSerDataInterfaceSection        
00015ea0  g_sIADSerConfigSection               
00016044  g_sRxBuffer                          
00016068  g_sTxBuffer                          
20006728  g_ui32CPUUsage                       
20006abc  g_ui32CurrentUSBTick                 
20006740  g_ui32PollRate                       
20006ac0  g_ui32USBSOFCount                    
20006ac8  g_ui32WaitTicks                      
20006750  g_ulSystemClock                      
20006aac  g_ulUARTRxCount                      
20006aa8  g_ulUARTTxCount                      
20006754  g_xRxLineSemaphore                   
200069d0  hora                                 
00014e33  ldexp                                
00014ddd  ltoa                                 
0000c60d  main                                 
20006b04  main_func_sp                         
000153a3  memccpy                              
00015361  memcmp                               
000148bd  memcpy                               
00014afd  memset                               
0000381f  pcTaskGetTaskName                    
00010515  pcTimerGetTimerName                  
200069e0  pilotoAutomatico                     
20006758  potQueue                             
00013779  pvPortMalloc                         
0000467b  pvTaskIncrementMutexHeldCount        
000108fd  pvTimerGetTimerID                    
200069e4  pxCurrentTCB                         
000130fd  pxPortInitialiseStack                
00015293  raise                                
0001253b  receive_frame                        
00012595  send_frame                           
200069b4  sensorTaskHandle                     
000150d9  signal                               
000153bf  sin                                  
00014d7d  sprintf                              
00015409  strchr                               
000153f1  strcmp                               
00015435  strcpy                               
00015449  strlen                               
0000e9f5  ucQueueGetQueueType                  
0001461b  ulPortSetInterruptMask               
00004699  ulTaskNotifyTake                     
0000cfd1  ulocaltime                           
0000d1cf  umktime                              
0000d749  urand                                
0000cfa1  usnprintf                            
0000cf6f  usprintf                             
0000d739  usrand                               
0000d6b1  ustrcasecmp                          
0000d725  ustrcmp                              
0000d5b5  ustrlen                              
0000d60d  ustrncasecmp                         
0000d6c5  ustrncmp                             
0000caed  ustrncpy                             
0000d5d7  ustrstr                              
0000d37d  ustrtof                              
0000d245  ustrtoul                             
0000cb45  uvsnprintf                           
00014061  uxListRemove                         
0000e9d5  uxQueueGetQueueNumber                
0000e977  uxQueueMessagesWaiting               
0000e9ad  uxQueueMessagesWaitingFromISR        
0000e98d  uxQueueSpacesAvailable               
00003819  uxTaskGetNumberOfTasks               
00004229  uxTaskGetStackHighWaterMark          
00003841  uxTaskGetSystemState                 
00003e0b  uxTaskGetTaskNumber                  
000032d9  uxTaskPriorityGet                    
0000330d  uxTaskPriorityGetFromISR             
00004659  uxTaskResetEventItemValue            
0000bde7  vApplicationIdleHook                 
0000bdef  vApplicationMallocFailedHook         
0000bdbd  vApplicationStackOverflowHook        
0000bdc7  vApplicationTickHook                 
00014d19  vConfigureTimerForRunTimeStats       
00013f7f  vListInitialise                      
00013faf  vListInitialiseItem                  
00013ffb  vListInsert                          
00013fbf  vListInsertEnd                       
00014631  vPortClearInterruptMask              
00014673  vPortEnableVFP                       
00013191  vPortEndScheduler                    
00013193  vPortEnterCritical                   
000131ab  vPortExitCritical                    
00013887  vPortFree                            
00014685  vPortGetIPSR                         
000138ef  vPortInitialiseBlocks                
00014637  vPortSVCHandler                      
0001332d  vPortSetupTimerInterrupt             
00014655  vPortStartFirstTask                  
000131df  vPortSuppressTicksAndSleep           
0000ec07  vQueueAddToRegistry                  
0000e9bf  vQueueDelete                         
0000e9e3  vQueueSetQueueNumber                 
0000ec49  vQueueUnregisterQueue                
0000ec83  vQueueWaitForMessageRestricted       
00003277  vTaskDelay                           
000031cf  vTaskDelayUntil                      
00003133  vTaskDelete                          
000036b3  vTaskEndScheduler                    
00004595  vTaskGetRunTimeStats                 
0000449d  vTaskList                            
00003e03  vTaskMissedYield                     
00004a39  vTaskNotifyGiveFromISR               
00003b41  vTaskPlaceOnEventList                
00003c19  vTaskPlaceOnEventListRestricted      
00003ba9  vTaskPlaceOnUnorderedEventList       
000042f9  vTaskPriorityInherit                 
00003355  vTaskPrioritySet                     
0000355d  vTaskResume                          
00003e31  vTaskSetTaskNumber                   
00003d67  vTaskSetTimeOutState                 
0000365d  vTaskStartScheduler                  
00003905  vTaskStepTick                        
00003465  vTaskSuspend                         
000036c5  vTaskSuspendAll                      
00003a61  vTaskSwitchContext                   
000118d1  vUARTTask                            
200069c0  velocidad                            
20006770  velocidadQueue                       
000138e9  xPortGetFreeHeapSize                 
000145bd  xPortPendSVHandler                   
0001315b  xPortStartScheduler                  
000131c3  xPortSysTickHandler                  
0000e515  xQueueCreateCountingSemaphore        
0000e419  xQueueCreateMutex                    
0000e3a5  xQueueGenericCreate                  
0000e74d  xQueueGenericReceive                 
0000e309  xQueueGenericReset                   
0000e535  xQueueGenericSend                    
0000e65d  xQueueGenericSendFromISR             
0000e6db  xQueueGiveFromISR                    
0000e48f  xQueueGiveMutexRecursive             
0000eba3  xQueueIsQueueEmptyFromISR            
0000ebe5  xQueueIsQueueFullFromISR             
0000e933  xQueuePeekFromISR                    
0000e8bb  xQueueReceiveFromISR                 
200064f4  xQueueRegistry                       
0000e4cb  xQueueTakeMutexRecursive             
00003d89  xTaskCheckForTimeOut                 
00003019  xTaskGenericCreate                   
000042b5  xTaskGetCurrentTaskHandle            
000042cd  xTaskGetSchedulerState               
000037ef  xTaskGetTickCount                    
00003805  xTaskGetTickCountFromISR             
00003935  xTaskIncrementTick                   
00004861  xTaskNotify                          
00004951  xTaskNotifyFromISR                   
00004769  xTaskNotifyWait                      
000043b3  xTaskPriorityDisinherit              
00003c61  xTaskRemoveFromEventList             
00003cf9  xTaskRemoveFromUnorderedEventList    
00003711  xTaskResumeAll                       
000035d9  xTaskResumeFromISR                   
00010453  xTimerCreate                         
00010419  xTimerCreateTimerTask                
000104a7  xTimerGenericCommand                 
000108d1  xTimerIsTimerActive                  
0001094b  xTimerPendFunctionCall               
00010915  xTimerPendFunctionCallFromISR        
00012dd5  xUSBSerialGetChar                    
00012deb  xUSBSerialPutChar                    


GLOBAL SYMBOLS: SORTED BY Symbol Address 

address   name                                 
-------   ----                                 
00000000  __TI_static_base__                   
00000000  g_pfnVectors                         
00000200  __STACK_SIZE                         
0000026d  ConfigDescAlloc                      
00000303  ConfigDescFree                       
000003eb  USBHCDEventEnable                    
0000041b  USBHCDEventDisable                   
000005cb  USBHCDPipeTransferSizeGet            
000005f1  USBHCDPipeAllocSize                  
00000873  USBHCDPipeAlloc                      
000008c1  USBHCDPipeConfig                     
00000a3b  USBHCDPipeStatus                     
00000a71  USBHCDPipeWrite                      
00000c55  USBHCDPipeSchedule                   
00000d81  USBHCDPipeReadNonBlocking            
00000dcb  USBHCDPipeDataAck                    
00000dfd  USBHCDPipeRead                       
00001009  USBHCDPipeFree                       
00001395  USBHCDPowerConfigInit                
000013a7  USBHCDPowerConfigGet                 
000013c5  USBHCDPowerConfigSet                 
00001437  USBHCDPowerAutomatic                 
00001491  USBHCDInit                           
000015ad  USBHCDRegisterDrivers                
000015e1  USBHCDTerm                           
000016b1  USBHCDReset                          
000016fb  USBHCDSuspend                        
0000170d  USBHCDResume                         
0000188d  USBHCDStringDescriptorGet            
000018ed  USBHCDSetAddress                     
00001a33  USBHCDSetConfig                      
00001a7b  USBHCDSetInterface                   
00001ac7  USBHostCheckPipes                    
00001b8d  USBHostIntHandlerInternal            
000022e1  USB0HostIntHandler                   
000023d9  InternalUSBHCDSendEvent              
00002509  USBHCDMain                           
00002911  USBHCDControlTransfer                
00002a6d  USBHCDHubDeviceConnected             
00002b05  USBHCDHubDeviceDisconnected          
00002d39  USBHCDDevHubPort                     
00002d61  USBHCDDevAddress                     
00002d95  USBHCDDevClass                       
00002de1  USBHCDDevSubClass                    
00002e29  USBHCDDevProtocol                    
00002e89  USBHCDFeatureSet                     
00002f41  USBHCDLPMStatus                      
00002f6b  USBHCDLPMSleep                       
00002fd3  USBHCDLPMResume                      
00003019  xTaskGenericCreate                   
00003133  vTaskDelete                          
000031cf  vTaskDelayUntil                      
00003277  vTaskDelay                           
000032d9  uxTaskPriorityGet                    
0000330d  uxTaskPriorityGetFromISR             
00003355  vTaskPrioritySet                     
00003465  vTaskSuspend                         
0000355d  vTaskResume                          
000035d9  xTaskResumeFromISR                   
0000365d  vTaskStartScheduler                  
000036b3  vTaskEndScheduler                    
000036c5  vTaskSuspendAll                      
00003711  xTaskResumeAll                       
000037ef  xTaskGetTickCount                    
00003805  xTaskGetTickCountFromISR             
00003819  uxTaskGetNumberOfTasks               
0000381f  pcTaskGetTaskName                    
00003841  uxTaskGetSystemState                 
00003905  vTaskStepTick                        
00003935  xTaskIncrementTick                   
00003a61  vTaskSwitchContext                   
00003b41  vTaskPlaceOnEventList                
00003ba9  vTaskPlaceOnUnorderedEventList       
00003c19  vTaskPlaceOnEventListRestricted      
00003c61  xTaskRemoveFromEventList             
00003cf9  xTaskRemoveFromUnorderedEventList    
00003d67  vTaskSetTimeOutState                 
00003d89  xTaskCheckForTimeOut                 
00003e03  vTaskMissedYield                     
00003e0b  uxTaskGetTaskNumber                  
00003e31  vTaskSetTaskNumber                   
00003e9d  eTaskConfirmSleepModeStatus          
00004229  uxTaskGetStackHighWaterMark          
000042b5  xTaskGetCurrentTaskHandle            
000042cd  xTaskGetSchedulerState               
000042f9  vTaskPriorityInherit                 
000043b3  xTaskPriorityDisinherit              
0000449d  vTaskList                            
00004595  vTaskGetRunTimeStats                 
00004659  uxTaskResetEventItemValue            
0000467b  pvTaskIncrementMutexHeldCount        
00004699  ulTaskNotifyTake                     
00004769  xTaskNotifyWait                      
00004861  xTaskNotify                          
00004951  xTaskNotifyFromISR                   
00004a39  vTaskNotifyGiveFromISR               
00004b6f  USBHostSuspend                       
00004b85  USBHostReset                         
00004bb3  USBHighSpeed                         
00004be1  USBHostResume                        
00004c0f  USBHostSpeedGet                      
00004c45  USBDevSpeedGet                       
00004c5d  USBIntDisableControl                 
00004c9b  USBIntEnableControl                  
00004cd5  USBIntStatusControl                  
00004d21  USBIntDisableEndpoint                
00004d4f  USBIntEnableEndpoint                 
00004d7d  USBIntStatusEndpoint                 
00004dd3  USBIntRegister                       
00004df1  USBIntUnregister                     
00004e0b  USBEndpointStatus                    
00004e37  USBHostEndpointStatusClear           
00004e7f  USBDevEndpointStatusClear            
00004f01  USBHostEndpointDataToggle            
00004f9d  USBEndpointDataToggleClear           
00004fd7  USBHostEndpointPing                  
00005003  USBDevEndpointStall                  
00005065  USBDevEndpointStallClear             
000050d9  USBDevConnect                        
000050ef  USBDevDisconnect                     
00005105  USBDevAddrSet                        
00005119  USBDevAddrGet                        
0000512d  USBHostEndpointConfig                
000052c7  USBHostEndpointSpeed                 
0000535d  USBDevEndpointConfigSet              
0000544f  USBDevEndpointConfigGet              
0000553f  USBFIFOConfigSet                     
000055a5  USBFIFOConfigGet                     
0000560b  USBEndpointDMAConfigSet              
000056a3  USBEndpointDMAEnable                 
000056dd  USBEndpointDMADisable                
00005717  USBEndpointDataAvail                 
0000574f  USBEndpointDataGet                   
000057d9  USBDevEndpointDataAck                
00005817  USBHostEndpointDataAck               
00005849  USBEndpointDataPut                   
000058ad  USBEndpointDataSend                  
00005905  USBFIFOFlush                         
00005975  USBHostRequestIN                     
0000599d  USBHostRequestINClear                
000059cb  USBHostRequestStatus                 
000059dd  USBHostAddrSet                       
00005a15  USBHostAddrGet                       
00005a43  USBHostHubAddrSet                    
00005aa7  USBHostHubAddrGet                    
00005ad5  USBHostPwrConfig                     
00005aff  USBHostPwrFaultEnable                
00005b17  USBHostPwrFaultDisable               
00005b2f  USBHostPwrEnable                     
00005b47  USBHostPwrDisable                    
00005b5f  USBFrameNumberGet                    
00005b6d  USBOTGSessionRequest                 
00005b9b  USBFIFOAddrGet                       
00005bb1  USBModeGet                           
00005bc5  USBEndpointDMAChannel                
00005c01  USBHostMode                          
00005c13  USBDevMode                           
00005c25  USBOTGMode                           
00005c37  USBModeConfig                        
00005c4b  USBPHYPowerOff                       
00005c61  USBPHYPowerOn                        
00005c77  USBEndpointPacketCountSet            
00005c97  USBNumEndpointsGet                   
00005cab  USBControllerVersion                 
00005cbf  USBClockEnable                       
00005cdb  USBClockDisable                      
00005ced  USBDMAChannelIntEnable               
00005d0d  USBDMAChannelIntDisable              
00005d2d  USBDMAChannelIntStatus               
00005d3d  USBDMAChannelEnable                  
00005d5d  USBDMAChannelDisable                 
00005d7d  USBDMAChannelConfigSet               
00005dad  USBDMAChannelStatus                  
00005dcd  USBDMAChannelStatusClear             
00005df7  USBDMAChannelAddressSet              
00005e13  USBDMAChannelAddressGet              
00005e2b  USBDMAChannelCountSet                
00005e47  USBDMAChannelCountGet                
00005e5f  USBDMANumChannels                    
00005e71  USBULPIConfig                        
00005e87  USBULPIEnable                        
00005e9f  USBULPIDisable                       
00005eb7  USBULPIRegRead                       
00005eef  USBULPIRegWrite                      
00005f2f  USBHostLPMSend                       
00005f77  USBHostLPMConfig                     
00005f9b  USBHostLPMResume                     
00005fb3  USBDevLPMRemoteWake                  
00005fcb  USBDevLPMConfig                      
00005fe1  USBDevLPMEnable                      
00005ff9  USBDevLPMDisable                     
00006011  USBLPMLinkStateGet                   
00006025  USBLPMEndpointGet                    
00006041  USBLPMRemoteWakeEnabled              
0000605b  USBLPMIntStatus                      
0000606b  USBLPMIntEnable                      
00006085  USBLPMIntDisable                     
0000609f  __aeabi_idiv0                        
000060a1  USBDCDDeviceInfoInit                 
000060f1  USBDCDInit                           
00006299  USBDCDTerm                           
00006311  USBDCDRequestDataEP0                 
00006337  USBDCDSendDataEP0                    
00006359  USBDCDSetDefaultConfiguration        
0000636b  USBDCDStallEP0                       
00006387  USBDCDPowerStatusSet                 
000063fd  USBDCDFeatureSet                     
000064bd  USBDCDRemoteWakeLPM                  
000064e1  USBDCDRemoteWakeupRequest            
00006515  USBDeviceResumeTickHandler           
0000660d  USBDeviceEnumHandler                 
00006759  USBDeviceEnumResetHandler            
000071a9  USBDeviceIntHandlerInternal          
0000814d  __TI_printfi                         
00009171  USBLibDMAAddrGet                     
00009189  USBLibDMASizeGet                     
000091a1  USBLibDMAInit                        
00009437  SysCtlSRAMSizeGet                    
00009441  SysCtlFlashSizeGet                   
0000946d  SysCtlFlashSectorSizeGet             
00009495  SysCtlPeripheralPresent              
000094d5  SysCtlPeripheralReady                
00009515  SysCtlPeripheralPowerOn              
00009551  SysCtlPeripheralPowerOff             
0000958d  SysCtlPeripheralReset                
00009615  SysCtlPeripheralEnable               
00009651  SysCtlPeripheralDisable              
00009695  SysCtlPeripheralSleepEnable          
000096d9  SysCtlPeripheralSleepDisable         
00009715  SysCtlPeripheralDeepSleepEnable      
00009765  SysCtlPeripheralDeepSleepDisable     
000097ad  SysCtlPeripheralClockGating          
00009801  SysCtlIntRegister                    
00009819  SysCtlIntUnregister                  
00009829  SysCtlIntEnable                      
0000983d  SysCtlIntDisable                     
00009855  SysCtlIntClear                       
00009865  SysCtlIntStatus                      
00009881  SysCtlLDOSleepSet                    
00009891  SysCtlLDOSleepGet                    
00009897  SysCtlLDODeepSleepSet                
000098a7  SysCtlLDODeepSleepGet                
000098ad  SysCtlSleepPowerSet                  
000098c1  SysCtlDeepSleepPowerSet              
000098d1  SysCtlReset                          
000098d9  SysCtlSleep                          
000098e1  SysCtlDeepSleep                      
000098fd  SysCtlResetCauseGet                  
00009903  SysCtlResetCauseClear                
00009917  SysCtlMOSCConfigSet                  
0000992d  SysCtlPIOSCCalibrate                 
0000997d  SysCtlResetBehaviorSet               
0000998d  SysCtlResetBehaviorGet               
000099e1  SysCtlClockFreqSet                   
00009cf9  SysCtlClockSet                       
00009ec5  SysCtlClockGet                       
0000a07d  SysCtlDeepSleepClockSet              
0000a099  SysCtlDeepSleepClockConfigSet        
0000a123  SysCtlPWMClockSet                    
0000a13d  SysCtlPWMClockGet                    
0000a153  SysCtlGPIOAHBEnable                  
0000a16f  SysCtlGPIOAHBDisable                 
0000a18b  SysCtlUSBPLLEnable                   
0000a19d  SysCtlUSBPLLDisable                  
0000a1ad  SysCtlVoltageEventConfig             
0000a1bd  SysCtlVoltageEventStatus             
0000a1c9  SysCtlVoltageEventClear              
0000a1dd  SysCtlNMIStatus                      
0000a1e3  SysCtlNMIClear                       
0000a1f7  SysCtlClockOutConfig                 
0000a213  SysCtlAltClkConfig                   
0000a4bd  ProcessDataFromHost                  
0000a56b  ProcessNotificationToHost            
0000a5cd  ProcessDataToHost                    
0000ac31  USBDCDCCompositeInit                 
0000ad27  USBDCDCInit                          
0000ad95  USBDCDCTerm                          
0000adad  USBDCDCSetControlCBData              
0000adcb  USBDCDCSetRxCBData                   
0000ade9  USBDCDCSetTxCBData                   
0000ae07  USBDCDCPacketWrite                   
0000aea9  USBDCDCPacketRead                    
0000af7f  USBDCDCTxPacketAvailable             
0000afa1  USBDCDCRxPacketAvailable             
0000b001  USBDCDCSerialStateChange             
0000b05b  USBDCDCPowerStatusSet                
0000b06f  USBDCDCRemoteWakeupRequest           
0000b195  UARTStdioConfig                      
0000b283  UARTwrite                            
0000b329  UARTgets                             
0000b3a5  UARTgetc                             
0000b411  UARTvprintf                          
0000b70b  UARTprintf                           
0000b72f  UARTRxBytesAvail                     
0000b73d  UARTTxBytesFree                      
0000b751  UARTPeek                             
0000b7ab  UARTFlushRx                          
0000b7d3  UARTFlushTx                          
0000b811  UARTEchoSet                          
0000b849  UARTStdioIntHandler                  
0000bdbd  vApplicationStackOverflowHook        
0000bdc7  vApplicationTickHook                 
0000bde7  vApplicationIdleHook                 
0000bdef  vApplicationMallocFailedHook         
0000c60d  main                                 
0000c663  confSys                              
0000c693  confUART                             
0000c711  confGPIO                             
0000c79d  confTasks                            
0000c82d  confADC                              
0000c8d9  confTimer                            
0000c935  confQueue                            
0000c999  ADCIntHandler                        
0000ca21  ButtonHandler                        
0000caed  ustrncpy                             
0000cb45  uvsnprintf                           
0000cf6f  usprintf                             
0000cfa1  usnprintf                            
0000cfd1  ulocaltime                           
0000d1cf  umktime                              
0000d245  ustrtoul                             
0000d37d  ustrtof                              
0000d5b5  ustrlen                              
0000d5d7  ustrstr                              
0000d60d  ustrncasecmp                         
0000d6b1  ustrcasecmp                          
0000d6c5  ustrncmp                             
0000d725  ustrcmp                              
0000d739  usrand                               
0000d749  urand                                
0000d7d3  GPIODirModeSet                       
0000d82f  GPIODirModeGet                       
0000d87b  GPIOIntTypeSet                       
0000d91f  GPIOIntTypeGet                       
0000d9bd  GPIOPadConfigSet                     
0000dbfb  GPIOPadConfigGet                     
0000dd4d  GPIOIntEnable                        
0000dd67  GPIOIntDisable                       
0000dd81  GPIOIntStatus                        
0000dda3  GPIOIntClear                         
0000ddb7  GPIOIntRegister                      
0000ddd5  GPIOIntUnregister                    
0000ddef  GPIOPinRead                          
0000de07  GPIOPinWrite                         
0000de27  GPIOPinTypeADC                       
0000de4b  GPIOPinTypeCAN                       
0000de6f  GPIOPinTypeComparator                
0000de93  GPIOPinTypeEPI                       
0000deb7  GPIOPinTypeEthernetLED               
0000dedb  GPIOPinTypeEthernetMII               
0000deff  GPIOPinTypeGPIOInput                 
0000df23  GPIOPinTypeGPIOOutput                
0000df47  GPIOPinTypeGPIOOutputOD              
0000df6b  GPIOPinTypeI2C                       
0000df8f  GPIOPinTypeI2CSCL                    
0000dfb3  GPIOPinTypeLCD                       
0000dfd7  GPIOPinTypeLPC                       
0000dffb  GPIOPinTypePECIRx                    
0000e01f  GPIOPinTypePECITx                    
0000e043  GPIOPinTypePWM                       
0000e067  GPIOPinTypeQEI                       
0000e08b  GPIOPinTypeSSI                       
0000e0af  GPIOPinTypeTimer                     
0000e0d3  GPIOPinTypeUART                      
0000e0f7  GPIOPinTypeUSBAnalog                 
0000e11b  GPIOPinTypeUSBDigital                
0000e13f  GPIOPinTypeWakeHigh                  
0000e165  GPIOPinTypeWakeLow                   
0000e18b  GPIOPinTypeKBRow                     
0000e1af  GPIOPinTypeKBColumn                  
0000e1d3  GPIOPinTypeLEDSeq                    
0000e1f7  GPIOPinTypeCIR                       
0000e21b  GPIOPinWakeStatus                    
0000e22b  GPIOPinConfigure                     
0000e289  GPIODMATriggerEnable                 
0000e2a7  GPIODMATriggerDisable                
0000e2c5  GPIOADCTriggerEnable                 
0000e2e3  GPIOADCTriggerDisable                
0000e309  xQueueGenericReset                   
0000e3a5  xQueueGenericCreate                  
0000e419  xQueueCreateMutex                    
0000e48f  xQueueGiveMutexRecursive             
0000e4cb  xQueueTakeMutexRecursive             
0000e515  xQueueCreateCountingSemaphore        
0000e535  xQueueGenericSend                    
0000e65d  xQueueGenericSendFromISR             
0000e6db  xQueueGiveFromISR                    
0000e74d  xQueueGenericReceive                 
0000e8bb  xQueueReceiveFromISR                 
0000e933  xQueuePeekFromISR                    
0000e977  uxQueueMessagesWaiting               
0000e98d  uxQueueSpacesAvailable               
0000e9ad  uxQueueMessagesWaitingFromISR        
0000e9bf  vQueueDelete                         
0000e9d5  uxQueueGetQueueNumber                
0000e9e3  vQueueSetQueueNumber                 
0000e9f5  ucQueueGetQueueType                  
0000eba3  xQueueIsQueueEmptyFromISR            
0000ebe5  xQueueIsQueueFullFromISR             
0000ec07  vQueueAddToRegistry                  
0000ec49  vQueueUnregisterQueue                
0000ec83  vQueueWaitForMessageRestricted       
0000f2dd  USBHHubMain                          
0000f509  USBHHubEnumerationComplete           
0000f52b  USBHHubEnumerationError              
0000f54d  USBHHubOpen                          
0000f565  USBHHubClose                         
0000f579  USBHHubInit                          
0000f5a7  USBHHubLPMSleep                      
0000f5b5  USBHHubLPMStatus                     
0000f653  ADCIntRegister                       
0000f67b  ADCIntUnregister                     
0000f699  ADCIntDisable                        
0000f6b5  ADCIntEnable                         
0000f6db  ADCIntStatus                         
0000f733  ADCIntClear                          
0000f749  ADCSequenceEnable                    
0000f763  ADCSequenceDisable                   
0000f77d  ADCSequenceConfigure                 
0000f801  ADCSequenceStepConfigure             
0000f8f5  ADCSequenceOverflow                  
0000f90d  ADCSequenceOverflowClear             
0000f923  ADCSequenceUnderflow                 
0000f93b  ADCSequenceUnderflowClear            
0000f951  ADCSequenceDataGet                   
0000f993  ADCProcessorTrigger                  
0000f9b7  ADCSoftwareOversampleConfigure       
0000f9ef  ADCSoftwareOversampleStepConfigure   
0000faaf  ADCSoftwareOversampleDataGet         
0000fb1d  ADCHardwareOversampleConfigure       
0000fb4f  ADCComparatorConfigure               
0000fb6b  ADCComparatorRegionSet               
0000fb8f  ADCComparatorReset                   
0000fbd5  ADCComparatorIntDisable              
0000fbf3  ADCComparatorIntEnable               
0000fc11  ADCComparatorIntStatus               
0000fc1f  ADCComparatorIntClear                
0000fc31  ADCIntDisableEx                      
0000fc49  ADCIntEnableEx                       
0000fc65  ADCIntStatusEx                       
0000fc97  ADCIntClearEx                        
0000fcaf  ADCReferenceSet                      
0000fccb  ADCReferenceGet                      
0000fcdd  ADCPhaseDelaySet                     
0000fcef  ADCPhaseDelayGet                     
0000fcfd  ADCSequenceDMAEnable                 
0000fd19  ADCSequenceDMADisable                
0000fd35  ADCBusy                              
0000fd53  ADCClockConfigSet                    
0000fd7d  ADCClockConfigGet                    
0000fe33  TimerEnable                          
0000fe51  TimerDisable                         
0000fe6f  TimerConfigure                       
0000feeb  TimerControlLevel                    
0000ff21  TimerControlTrigger                  
0000ff8f  TimerControlEvent                    
0000ffb9  TimerControlStall                    
0000ffef  TimerControlWaitOnTrigger            
0001004f  TimerRTCEnable                       
00010065  TimerRTCDisable                      
00010091  TimerClockSourceSet                  
000100ad  TimerClockSourceGet                  
000100bd  TimerPrescaleSet                     
000100e7  TimerPrescaleGet                     
00010103  TimerPrescaleMatchSet                
00010131  TimerPrescaleMatchGet                
0001014d  TimerLoadSet                         
00010177  TimerLoadGet                         
00010193  TimerLoadSet64                       
000101b3  TimerLoadGet64                       
000101e5  TimerValueGet                        
00010201  TimerValueGet64                      
00010233  TimerMatchSet                        
0001025d  TimerMatchGet                        
00010279  TimerMatchSet64                      
00010299  TimerMatchGet64                      
000102cb  TimerIntRegister                     
000102f3  TimerIntUnregister                   
00010311  TimerIntEnable                       
00010329  TimerIntDisable                      
00010341  TimerIntStatus                       
0001035f  TimerIntClear                        
00010371  TimerSynchronize                     
00010383  TimerADCEventSet                     
00010395  TimerADCEventGet                     
000103a3  TimerDMAEventSet                     
000103b5  TimerDMAEventGet                     
000103c3  TimerUpdateMode                      
00010419  xTimerCreateTimerTask                
00010453  xTimerCreate                         
000104a7  xTimerGenericCommand                 
00010515  pcTimerGetTimerName                  
000108d1  xTimerIsTimerActive                  
000108fd  pvTimerGetTimerID                    
00010915  xTimerPendFunctionCallFromISR        
0001094b  xTimerPendFunctionCall               
00010a19  USBStackModeSet                      
00010a55  USB0DualModeIntHandler               
00010aa1  USBDualModeInit                      
00010b11  USBDualModeTerm                      
00010b45  USBOTGModeTerm                       
00010b7f  USBOTGModeInit                       
00010c75  USBOTGPollRate                       
00010c9d  USB0OTGModeIntHandler                
00010d83  OTGDeviceDisconnect                  
00010da9  USBOTGMain                           
00010e45  USBOTGFeatureSet                     
00011159  USBBufferInit                        
0001117b  USBBufferZeroLengthPacketInsert      
000111ab  USBBufferInfoGet                     
000111dd  USBBufferDataWritten                 
000111fd  USBBufferDataRemoved                 
00011217  USBBufferCallbackDataSet             
00011231  USBBufferWrite                       
00011275  USBBufferFlush                       
00011287  USBBufferRead                        
000112c5  USBBufferDataAvailable               
000112d7  USBBufferSpaceAvailable              
000112e9  USBBufferEventCallback               
00011365  RGBBlinkIntHandler                   
00011393  RGBInit                              
0001147f  RGBEnable                            
00011537  RGBDisable                           
00011595  RGBSet                               
000115ad  RGBColorSet                          
0001165d  RGBIntensitySet                      
00011671  RGBBlinkRateSet                      
00011705  RGBColorGet                          
00011799  Cmd_cpu                              
000117c3  Cmd_free                             
000117d9  Cmd_tasks                            
00011855  Cmd_stats                            
0001188d  Cmd_help                             
000118d1  vUARTTask                            
00011b6b  IntMasterEnable                      
00011b7b  IntMasterDisable                     
00011b8b  IntRegister                          
00011bdd  IntUnregister                        
00011bf1  IntPriorityGroupingSet               
00011c0b  IntPriorityGroupingGet               
00011c43  IntPrioritySet                       
00011c93  IntPriorityGet                       
00011cb7  IntEnable                            
00011d29  IntDisable                           
00011d9b  IntIsEnabled                         
00011e21  IntPendSet                           
00011e91  IntPendClear                         
00011edf  IntPriorityMaskSet                   
00011eeb  IntPriorityMaskGet                   
00011ef3  IntTrigger                           
00011fef  USBDeviceConfig                      
000121e5  USBDeviceConfigAlternate             
000122b1  frame_stuffing                       
00012351  frame_DeStuffing                     
000123f1  add_checksum_and_stuff               
00012463  destuff_and_check_checksum           
000124b7  create_frame                         
0001253b  receive_frame                        
00012595  send_frame                           
00012633  USBRingBufFull                       
0001266d  USBRingBufEmpty                      
00012697  USBRingBufFlush                      
000126b7  USBRingBufUsed                       
000126e9  USBRingBufFree                       
000126ff  USBRingBufContigUsed                 
0001272d  USBRingBufContigFree                 
00012769  USBRingBufSize                       
00012777  USBRingBufReadOne                    
0001279d  USBRingBufRead                       
000127d3  USBRingBufAdvanceRead                
00012801  USBRingBufAdvanceWrite               
0001285d  USBRingBufWriteOne                   
00012883  USBRingBufWrite                      
000128b9  USBRingBufInit                       
000129af  USBDCDConfigDescGetSize              
000129e7  USBDCDConfigDescGetNum               
00012a35  USBDCDConfigDescGet                  
00012ac3  USBDCDConfigGetNumAlternateInterfaces
00012b17  USBDCDConfigGetInterface             
00012b4d  USBDCDConfigGetInterfaceEndpoint     
00012c01  USBControlHandler                    
00012c8b  USBTxHandler                         
00012cef  USBRxHandler                         
00012d45  UsbSerialInit                        
00012dd5  xUSBSerialGetChar                    
00012deb  xUSBSerialPutChar                    
00012e69  _Sin                                 
000130fd  pxPortInitialiseStack                
0001315b  xPortStartScheduler                  
00013191  vPortEndScheduler                    
00013193  vPortEnterCritical                   
000131ab  vPortExitCritical                    
000131c3  xPortSysTickHandler                  
000131df  vPortSuppressTicksAndSleep           
0001332d  vPortSetupTimerInterrupt             
00013389  _Exp                                 
00013585  __aeabi_uldivmod                     
00013779  pvPortMalloc                         
00013887  vPortFree                            
000138e9  xPortGetFreeHeapSize                 
000138ef  vPortInitialiseBlocks                
0001394d  USBDescGetNum                        
000139a9  USBDescGet                           
00013a13  USBDescGetNumAlternateInterfaces     
00013acd  USBDescGetInterface                  
00013afb  USBDescGetInterfaceEndpoint          
00013b1f  __aeabi_dsub                         
00013b29  __aeabi_dadd                         
00013cd5  fmod                                 
00013e49  __aeabi_ddiv                         
00013f7f  vListInitialise                      
00013faf  vListInitialiseItem                  
00013fbf  vListInsertEnd                       
00013ffb  vListInsert                          
00014061  uxListRemove                         
000140a9  ButtonsPoll                          
0001414f  ButtonsInit                          
000141d1  _Dscale                              
000142e1  __aeabi_dmul                         
000143dd  CPUUsageTick                         
0001441b  CPUUsageInit                         
000144cd  InternalUSBTickInit                  
0001450b  InternalUSBTickReset                 
00014513  InternalUSBRegisterTickHandler       
00014563  InternalUSBStartOfFrameTick          
000145bd  xPortPendSVHandler                   
0001461b  ulPortSetInterruptMask               
00014631  vPortClearInterruptMask              
00014637  vPortSVCHandler                      
00014655  vPortStartFirstTask                  
00014673  vPortEnableVFP                       
00014685  vPortGetIPSR                         
0001468b  ULPIConfigSet                        
0001472d  ULPIPowerTransceiver                 
00014753  _Dnorm                               
00014811  CmdLineProcess                       
000148bd  __aeabi_memcpy                       
000148bd  __aeabi_memcpy4                      
000148bd  __aeabi_memcpy8                      
000148bd  memcpy                               
00014959  exp                                  
000149e9  __aeabi_cdcmpeq                      
000149e9  __aeabi_cdcmple                      
00014a6f  __aeabi_cdrcmple                     
00014af5  __aeabi_memclr                       
00014af5  __aeabi_memclr4                      
00014af5  __aeabi_memclr8                      
00014af7  __aeabi_memset                       
00014af7  __aeabi_memset4                      
00014af7  __aeabi_memset8                      
00014afd  memset                               
00014b71  __TI_auto_init                       
00014c49  create_checksum                      
00014cb1  _Dunscale                            
00014d19  vConfigureTimerForRunTimeStats       
00014d7d  sprintf                              
00014ddd  ltoa                                 
00014e33  ldexp                                
00014e85  _c_int00                             
00014ed5  __aeabi_f2ulz                        
00014f25  atoi                                 
00014f71  copy_in                              
00014fbd  __aeabi_d2f                          
00015007  __aeabi_d2iz                         
00015051  C$$EXIT                              
00015055  abort                                
0001505d  exit                                 
00015095  __aeabi_d2uiz                        
000150d9  signal                               
00015119  __aeabi_uidiv                        
00015119  __aeabi_uidivmod                     
00015159  CPUcpsid                             
00015165  CPUprimask                           
0001516f  CPUcpsie                             
0001517b  CPUwfi                               
0001517f  CPUbasepriSet                        
0001518d  CPUbasepriGet                        
00015197  __aeabi_f2d                          
000151d1  feraiseexcept                        
00015205  _Dclass                              
00015235  _Feraise                             
00015265  __aeabi_i2d                          
00015293  raise                                
000152c1  ResetISR                             
000152ed  frexp                                
00015319  GetOverflowCounts                    
0001533d  USB0DeviceIntHandler                 
00015361  memcmp                               
00015383  __aeabi_ui2d                         
000153a3  memccpy                              
000153bf  sin                                  
000153d9  _args_main                           
000153f1  strcmp                               
00015409  strchr                               
00015421  _register_unlock                     
00015427  _register_lock                       
0001542f  _nop                                 
00015435  strcpy                               
00015449  strlen                               
0001545d  __TI_decompress_none                 
0001546b  __TI_zero_init                       
00015477  SysCtlDelay                          
0001547d  __TI_decompress_rle24                
00015483  _system_pre_init                     
000157a8  _ctypes_                             
00015e98  g_sCDCSerConfigSection               
00015ea0  g_sIADSerConfigSection               
00015ea8  g_sCDCSerCommInterfaceSection        
00015eb0  g_sCDCSerDataInterfaceSection        
00015eb8  g_sCDCSerConfigHeader                
00015ec0  g_sCDCCompSerConfigHeader            
00015ec8  g_ppCDCSerConfigDescriptors          
00015ecc  g_pCDCCompSerConfigDescriptors       
00015ed0  g_pui8ConfigString                   
00015f6c  g_sCDCHandlers                       
00015fcc  g_pui8ControlInterfaceString         
00016020  g_pui8ManufacturerString             
00016044  g_sRxBuffer                          
00016068  g_sTxBuffer                          
0001608c  g_pui8CDCSerCommInterface            
000160af  g_pui8ProductString                  
000160f0  g_ppui8StringDescriptors             
00016108  g_pui8CDCSerDataInterface            
0001611f  g_pui8LangDescriptor                 
00016123  g_pui8SerialNumberString             
0001631c  __TI_Handler_Table_Base              
00016328  __TI_Handler_Table_Limit             
00016338  __TI_CINIT_Base                      
00016350  __TI_CINIT_Limit                     
20000000  g_pfnRAMVectors                      
20006188  g_pui8USBRxBuffer                    
20006288  g_pui8USBTxBuffer                    
200064a4  g_psDCDInst                          
200064f4  xQueueRegistry                       
200065c8  g_pfnTickHandlers                    
20006610  g_pui8RxBufferWorkspace              
20006628  g_pui8TxBufferWorkspace              
20006640  g_pvTickInstance                     
200066e4  color                                
200066fc  ejes                                 
20006720  g_ppsDevInfo                         
20006728  g_ui32CPUUsage                       
20006740  g_ui32PollRate                       
20006750  g_ulSystemClock                      
20006754  g_xRxLineSemaphore                   
20006758  potQueue                             
20006770  velocidadQueue                       
2000677d  g_eOTGModeState                      
20006830  _Denorm                              
20006840  _Eps                                 
20006850  _Hugeval                             
20006860  _Inf                                 
20006870  _Nan                                 
20006880  _Snan                                
20006890  _Rteps                               
200068a0  _Xbig                                
200068a8  _Zero                                
200068b0  g_sCDCDevice                         
20006910  g_psCmdTable                         
20006964  g_pui8CDCSerDeviceDescriptor         
20006976  g_pui8CDCSerDescriptor               
2000697f  g_pui8IADSerDescriptor               
20006988  g_psCDCSerSections                   
20006994  g_psCDCCompSerSections               
200069a8  SendSemaphore                        
200069ac  EjesSemaphore                        
200069b0  PilotoQuitarSemaphore                
200069b4  sensorTaskHandle                     
200069b8  consumoTaskHandle                    
200069bc  PilautTaskHandle                     
200069c0  velocidad                            
200069c8  combustible                          
200069d0  hora                                 
200069d8  altitud                              
200069e0  pilotoAutomatico                     
200069e4  pxCurrentTCB                         
20006aa8  g_ulUARTTxCount                      
20006aac  g_ulUARTRxCount                      
20006ab8  g_bUSBTimerInitialized               
20006abc  g_ui32CurrentUSBTick                 
20006ac0  g_ui32USBSOFCount                    
20006ac4  g_iUSBMode                           
20006ac8  g_ui32WaitTicks                      
20006ad8  _lock                                
20006adc  _unlock                              
20006ae0  __TI_cleanup_ptr                     
20006ae4  __TI_dtors_ptr                       
20006ae8  _Fenv                                
20006aec  _Tls_setup__Fenv                     
20006b00  _Errno                               
20006b04  main_func_sp                         
20006b0c  __stack                              
20006d0c  __STACK_END                          
20006d0c  __STACK_TOP                          
ffffffff  __binit__                            
ffffffff  __c_args__                           
ffffffff  binit                                
UNDEFED   SHT$$INIT_ARRAY$$Base                
UNDEFED   SHT$$INIT_ARRAY$$Limit               

[799 symbols]
