******************************************************************************
                  TI ARM Linker PC v5.2.4                      
******************************************************************************
>> Linked Sat May 09 13:28:48 2015

OUTPUT FILE NAME:   <base-practica_TIVA.out>
ENTRY POINT SYMBOL: "_c_int00"  address: 00015495


MEMORY CONFIGURATION

         name            origin    length      used     unused   attr    fill
----------------------  --------  ---------  --------  --------  ----  --------
  FLASH                 00000000   00040000  00016a16  000295ea  R  X
  SRAM                  20000000   00008000  00006d36  000012ca  RW X


SEGMENT ALLOCATION MAP

run origin  load origin   length   init length attrs members
----------  ----------- ---------- ----------- ----- -------
00000000    00000000    00016a20   00016a20    r-x
  00000000    00000000    0000026c   0000026c    r-- .intvecs
  0000026c    0000026c    0001584e   0001584e    r-x .text
  00015ac0    00015ac0    00000d74   00000d74    r-- .const
  00016838    00016838    000001e8   000001e8    r-- .cinit
20000000    20000000    00006d3c   00000000    rw-
  20000000    20000000    0000026c   00000000    rw- .vtable
  2000026c    2000026c    00006516   00000000    rw- .bss
  20006788    20006788    000003b4   00000000    rw- .data
  20006b3c    20006b3c    00000200   00000000    rw- .stack


SECTION ALLOCATION MAP

 output                                  attributes/
section   page    origin      length       input sections
--------  ----  ----------  ----------   ----------------
.intvecs   0    00000000    0000026c     
                  00000000    0000026c     startup_ccs.obj (.intvecs)

.text      0    0000026c    0001584e     
                  0000026c    00002dac     usbhostenum.obj (.text)
                  00003018    00001acc     tasks.obj (.text)
                  00004ae4    000015ba     usb.obj (.text)
                  0000609e    00000002     rtsv7M4_T_le_v4SPD16_eabi.lib : i_div0.obj (.text)
                  000060a0    000012f8     usbdenum.obj (.text)
                  00007398    000010ba     rtsv7M4_T_le_v4SPD16_eabi.lib : _printfi.obj (.text)
                  00008452    00000002     --HOLE-- [fill = 0]
                  00008454    00000f20     usbdma.obj (.text)
                  00009374    00000f00     sysctl.obj (.text)
                  0000a274    00000e0c     usbdcdc.obj (.text)
                  0000b080    00000dbc     main.obj (.text)
                  0000be3c    00000d3c     uartstdio.obj (.text)
                  0000cb78    00000c84     ustdlib.obj (.text)
                  0000d7fc    00000b98     gpio.obj (.text)
                  0000e394    000009cc     queue.obj (.text)
                  0000ed60    00000924     usbhhub.obj (.text)
                  0000f684    000007c4     adc.obj (.text)
                  0000fe48    0000065a     timer.obj (.text)
                  000104a2    00000002     --HOLE-- [fill = 0]
                  000104a4    00000580     timers.obj (.text)
                  00010a24    00000570     commands.obj (.text)
                  00010f94    00000510     usbmode.obj (.text)
                  000114a4    000004ba     usbbuffer.obj (.text)
                  0001195e    00000002     --HOLE-- [fill = 0]
                  00011960    00000434     rgb.obj (.text)
                  00011d94    000003e4     event_groups.obj (.text)
                  00012178    000003c0     interrupt.obj (.text)
                  00012538    00000388     usbdconfig.obj (.text)
                  000128c0    00000338     protocol.obj (.text)
                  00012bf8    000002f4     usbringbuf.obj (.text)
                  00012eec    000002de     usbdcdesc.obj (.text)
                  000131ca    00000002     --HOLE-- [fill = 0]
                  000131cc    000002ac     usb_dev_serial.obj (.text)
                  00013478    00000294     rtsv7M4_T_le_v4SPD16_eabi.lib : xsin.obj (.text)
                  0001370c    0000028c     port.obj (.text)
                  00013998    000001fc     rtsv7M4_T_le_v4SPD16_eabi.lib : xexp.obj (.text)
                  00013b94    000001f4                                   : ull_div_t2.obj (.text)
                  00013d88    000001d4     heap_2.obj (.text)
                  00013f5c    000001d2     usbdesc.obj (.text)
                  0001412e    000001b6     rtsv7M4_T_le_v4SPD16_eabi.lib : fd_add_t2.obj (.text)
                  000142e4    00000174                                   : fmod.obj (.text)
                  00014458    00000136                                   : fd_div_t2.obj (.text)
                  0001458e    0000012a     list.obj (.text)
                  000146b8    00000128     buttons.obj (.text)
                  000147e0    00000110     rtsv7M4_T_le_v4SPD16_eabi.lib : xdscale.obj (.text)
                  000148f0    000000fc                                   : fd_mul_t2.obj (.text)
                  000149ec    000000f0     cpu_usage.obj (.text)
                  00014adc    000000ec     usbtick.obj (.text)
                  00014bc8    000000d2     portasm.obj (.text)
                  00014c9a    000000c8     usbulpi.obj (.text)
                  00014d62    000000be     rtsv7M4_T_le_v4SPD16_eabi.lib : xdnorm.obj (.text)
                  00014e20    000000ac     cmdline.obj (.text)
                  00014ecc    0000009c     rtsv7M4_T_le_v4SPD16_eabi.lib : memcpy_t2.obj (.text)
                  00014f68    00000090                                   : exp.obj (.text)
                  00014ff8    00000086                                   : fd_cmp_t2.obj (.text:__aeabi_cdcmple)
                  0001507e    00000086                                   : fd_cmp_t2.obj (.text:__aeabi_cdrcmple)
                  00015104    0000007a                                   : memset_t2.obj (.text)
                  0001517e    00000002     --HOLE-- [fill = 0]
                  00015180    0000006c                                   : autoinit.obj (.text)
                  000151ec    0000006a                                   : copy_decompress_rle.obj (.text)
                  00015256    00000002     --HOLE-- [fill = 0]
                  00015258    00000068     crc.obj (.text)
                  000152c0    00000066     rtsv7M4_T_le_v4SPD16_eabi.lib : xdunscal.obj (.text)
                  00015326    00000002     --HOLE-- [fill = 0]
                  00015328    00000064     RunTimeStatsConfig.obj (.text)
                  0001538c    00000060     rtsv7M4_T_le_v4SPD16_eabi.lib : sprintf.obj (.text)
                  000153ec    00000056                                   : ltoa.obj (.text)
                  00015442    00000052                                   : ldexp.obj (.text)
                  00015494    00000050                                   : boot.obj (.text)
                  000154e4    00000050                                   : fs_toull_t2.obj (.text)
                  00015534    0000004c                                   : atoi.obj (.text)
                  00015580    0000004c                                   : cpy_tbl.obj (.text)
                  000155cc    0000004a                                   : fd_tos_t2.obj (.text)
                  00015616    00000048                                   : fd_toi_t2.obj (.text)
                  0001565e    00000002     --HOLE-- [fill = 0]
                  00015660    00000044                                   : exit.obj (.text)
                  000156a4    00000044                                   : fd_tou_t2.obj (.text)
                  000156e8    00000040                                   : signal.obj (.text)
                  00015728    00000040                                   : u_divt2.obj (.text)
                  00015768    0000003e     cpu.obj (.text)
                  000157a6    00000038     rtsv7M4_T_le_v4SPD16_eabi.lib : fs_tod_t2.obj (.text)
                  000157de    00000002     --HOLE-- [fill = 0]
                  000157e0    00000034                                   : feraiseexcept.obj (.text)
                  00015814    00000030                                   : xdclass.obj (.text)
                  00015844    00000030                                   : xferaise.obj (.text)
                  00015874    0000002e                                   : i_tofd_t2.obj (.text)
                  000158a2    0000002e                                   : raise.obj (.text)
                  000158d0    0000002c     startup_ccs.obj (.text)
                  000158fc    0000002a     rtsv7M4_T_le_v4SPD16_eabi.lib : frexp.obj (.text)
                  00015926    00000026                                   : strncmp.obj (.text)
                  0001594c    00000024     RunTimeStatsConfig.obj (.text:GetOverflowCounts)
                  00015970    00000024     usbdhandler.obj (.text)
                  00015994    00000022     rtsv7M4_T_le_v4SPD16_eabi.lib : memcmp.obj (.text)
                  000159b6    00000020                                   : u_tofd_t2.obj (.text)
                  000159d6    0000001c                                   : memccpy.obj (.text)
                  000159f2    0000001a                                   : sin.obj (.text)
                  00015a0c    00000018                                   : args_main.obj (.text)
                  00015a24    00000018                                   : strcmp.obj (.text)
                  00015a3c    00000016                                   : strchr.obj (.text)
                  00015a52    00000002     --HOLE-- [fill = 0]
                  00015a54    00000014                                   : _lock.obj (.text)
                  00015a68    00000014                                   : strcpy.obj (.text)
                  00015a7c    00000014                                   : strlen.obj (.text)
                  00015a90    0000000e                                   : copy_decompress_none.obj (.text:decompress:none)
                  00015a9e    0000000c                                   : copy_zero_init.obj (.text:decompress:ZI)
                  00015aaa    00000006     sysctl.obj (.text:SysCtlDelay)
                  00015ab0    00000006     rtsv7M4_T_le_v4SPD16_eabi.lib : copy_decompress_rle.obj (.text:decompress:rle24)
                  00015ab6    00000004                                   : pre_init.obj (.text)

.const     0    00015ac0    00000d74     
                  00015ac0    00000200     crc.obj (.const:crctttab)
                  00015cc0    00000162     commands.obj (.const:.string)
                  00015e22    00000002     heap_2.obj (.const)
                  00015e24    00000120     sysctl.obj (.const:g_pppui32XTALtoVCO)
                  00015f44    00000101     rtsv7M4_T_le_v4SPD16_eabi.lib : ctype.obj (.const:.string:_ctypes_)
                  00016045    00000003     --HOLE-- [fill = 0]
                  00016048    000000c0     gpio.obj (.const:g_ppui32GPIOIntMapBlizzard)
                  00016108    000000c0     gpio.obj (.const:g_ppui32GPIOIntMapSnowflake)
                  000161c8    0000009c     interrupt.obj (.const:g_pui32Regs)
                  00016264    00000090     gpio.obj (.const:g_pui32GPIOBaseAddrs)
                  000162f4    00000004     --HOLE-- [fill = 0]
                  000162f8    00000080     rtsv7M4_T_le_v4SPD16_eabi.lib : xsin.obj (.const)
                  00016378    00000070     interrupt.obj (.const)
                  000163e8    0000006c     sysctl.obj (.const:g_pui32Xtals)
                  00016454    00000060     timer.obj (.const:g_ppui32TimerIntMap)
                  000164b4    00000004     --HOLE-- [fill = 0]
                  000164b8    00000048     rtsv7M4_T_le_v4SPD16_eabi.lib : xexp.obj (.const)
                  00016500    00000040     timer.obj (.const:g_ppui32TimerIntMapSnowflake)
                  00016540    00000038     usbdcdc.obj (.const)
                  00016578    00000036     usb_serial_structs.obj (.const:.string:g_pui8ConfigString)
                  000165ae    00000002     --HOLE-- [fill = 0]
                  000165b0    00000034     usbdenum.obj (.const:g_psUSBDStdRequests)
                  000165e4    00000030     ustdlib.obj (.const:g_psDaysToMonth)
                  00016614    00000030     usbdcdc.obj (.const:g_sCDCHandlers)
                  00016644    00000030     sysctl.obj (.const:g_sXTALtoMEMTIM)
                  00016674    0000002c     usb_serial_structs.obj (.const:.string:g_pui8ControlInterfaceString)
                  000166a0    00000028     uartstdio.obj (.const)
                  000166c8    00000024     usb_serial_structs.obj (.const:.string:g_pui8ManufacturerString)
                  000166ec    00000024     usb_serial_structs.obj (.const:g_sRxBuffer)
                  00016710    00000024     usb_serial_structs.obj (.const:g_sTxBuffer)
                  00016734    00000023     usbdcdc.obj (.const:.string:g_pui8CDCSerCommInterface)
                  00016757    00000022     usb_serial_structs.obj (.const:.string:g_pui8ProductString)
                  00016779    00000003     --HOLE-- [fill = 0]
                  0001677c    0000001c     ustdlib.obj (.const)
                  00016798    00000018     usb_serial_structs.obj (.const)
                  000167b0    00000017     usbdcdc.obj (.const:.string)
                  000167c7    00000016     usb_serial_structs.obj (.const:.string)
                  000167dd    00000014     tasks.obj (.const:.string)
                  000167f1    00000003     --HOLE-- [fill = 0]
                  000167f4    00000012     uartstdio.obj (.const:.string)
                  00016806    00000002     --HOLE-- [fill = 0]
                  00016808    00000012     ustdlib.obj (.const:.string)
                  0001681a    00000002     --HOLE-- [fill = 0]
                  0001681c    00000008     gpio.obj (.const)
                  00016824    00000008     sysctl.obj (.const)
                  0001682c    00000008     timer.obj (.const)

.cinit     0    00016838    000001e8     
                  00016838    000001b3     (.cinit..data.load) [load image, compression = rle]
                  000169eb    00000001     --HOLE-- [fill = 0]
                  000169ec    0000000c     (__TI_handler_table)
                  000169f8    00000008     (.cinit..bss.load) [load image, compression = zero_init]
                  00016a00    00000008     (.cinit..vtable.load) [load image, compression = zero_init]
                  00016a08    00000018     (__TI_cinit_table)

.init_array 
*          0    00000000    00000000     UNINITIALIZED

.vtable    0    20000000    0000026c     UNINITIALIZED
                  20000000    0000026c     interrupt.obj (.vtable)

.bss       0    2000026c    00006516     UNINITIALIZED
                  2000026c    00005000     heap_2.obj (.bss:ucHeap)
                  2000526c    000006cc     usbhostenum.obj (.bss:g_sUSBHCD)
                  20005938    00000400     uartstdio.obj (.bss:g_pcUARTTxBuffer)
                  20005d38    00000200     uartstdio.obj (.bss:g_pcUARTRxHistoryBuffer)
                  20005f38    00000140     tasks.obj (.bss:pxReadyTasksLists)
                  20006078    00000110     usbdma.obj (.bss:g_psUSBDMAInst)
                  20006188    00000100     usb_serial_structs.obj (.bss:g_pui8USBRxBuffer)
                  20006288    00000100     usb_serial_structs.obj (.bss:g_pui8USBTxBuffer)
                  20006388    0000009c     usbhhub.obj (.bss:g_sRootHub)
                  20006424    00000080     uartstdio.obj (.bss:g_pcUARTRxBuffer)
                  200064a4    00000050     usbdenum.obj (.bss:g_psDCDInst)
                  200064f4    00000050     queue.obj (.bss:xQueueRegistry)
                  20006544    00000040     usbdenum.obj (.bss:g_pui8DataBufferIn)
                  20006584    00000024     cmdline.obj (.bss:g_ppcArgv)
                  200065a8    00000020     (.common:g_usUARTRxHistoryOffset)
                  200065c8    00000018     (.common:g_pfnTickHandlers)
                  200065e0    00000018     (.common:g_pi32USBHActiveDriver)
                  200065f8    00000018     (.common:g_ppvDriverInstance)
                  20006610    00000018     (.common:g_pui8RxBufferWorkspace)
                  20006628    00000018     (.common:g_pui8TxBufferWorkspace)
                  20006640    00000018     (.common:g_pvTickInstance)
                  20006658    00000014     (.common:xActiveTimerList1)
                  2000666c    00000014     (.common:xActiveTimerList2)
                  20006680    00000014     (.common:xDelayedTaskList1)
                  20006694    00000014     (.common:xDelayedTaskList2)
                  200066a8    00000014     (.common:xPendingReadyList)
                  200066bc    00000014     (.common:xSuspendedTaskList)
                  200066d0    00000014     (.common:xTasksWaitingTermination)
                  200066e4    0000000c     (.common:color)
                  200066f0    0000000c     (.common:g_ui32Colors)
                  200066fc    00000008     (.common:ejes)
                  20006704    00000008     (.common:g_pui32Alloc)
                  2000670c    00000008     (.common:xEnd)
                  20006714    00000008     (.common:xStart)
                  2000671c    00000004     (.common:g_pfnUSBModeCallback)
                  20006720    00000004     (.common:g_ppsDevInfo)
                  20006724    00000004     (.common:g_pui8OversampleFactor)
                  20006728    00000004     (.common:g_ui32CPUUsage)
                  2000672c    00000004     (.common:g_ui32CPUUsagePrevious)
                  20006730    00000004     (.common:g_ui32CPUUsageTicks)
                  20006734    00000004     (.common:g_ui32CPUUsageTimer)
                  20006738    00000004     (.common:g_ui32ChangeFlags)
                  2000673c    00000004     (.common:g_ui32HubChanges)
                  20006740    00000004     (.common:g_ui32PollRate)
                  20006744    00000004     (.common:g_ui32PortNum)
                  20006748    00000004     (.common:g_ui32ULPISupport)
                  2000674c    00000004     (.common:g_ui32ULPISupport)
                  20006750    00000004     (.common:g_ulSystemClock)
                  20006754    00000004     (.common:g_xRxLineSemaphore)
                  20006758    00000004     (.common:potQueue)
                  2000675c    00000004     (.common:pxCurrentTimerList)
                  20006760    00000004     (.common:pxDelayedTaskList)
                  20006764    00000004     (.common:pxOverflowDelayedTaskList)
                  20006768    00000004     (.common:pxOverflowTimerList)
                  2000676c    00000004     (.common:ulFlags$1)
                  20006770    00000004     (.common:velocidadQueue)
                  20006774    00000004     (.common:xCharsForTx)
                  20006778    00000004     (.common:xRxedChars)
                  2000677c    00000004     (.common:xTrazaEventGroup)
                  20006780    00000001     (.common:g_bDisableEcho)
                  20006781    00000001     (.common:g_eOTGModeState)

.data      0    20006788    000003b4     UNINITIALIZED
                  20006788    000000b0     rtsv7M4_T_le_v4SPD16_eabi.lib : signal.obj (.data:sigtable)
                  20006838    00000080                                   : xvalues.obj (.data)
                  200068b8    00000078     commands.obj (.data:g_psCmdTable)
                  20006930    00000060     usb_serial_structs.obj (.data:g_sCDCDevice)
                  20006990    00000040     usbdcdc.obj (.data)
                  200069d0    0000003e     main.obj (.data)
                  20006a0e    00000002     --HOLE--
                  20006a10    00000038     tasks.obj (.data)
                  20006a48    00000030     cpu_usage.obj (.data)
                  20006a78    0000002c     usbhostenum.obj (.data)
                  20006aa4    0000001d     uartstdio.obj (.data)
                  20006ac1    00000003     buttons.obj (.data)
                  20006ac4    00000010     port.obj (.data)
                  20006ad4    00000010     usb_dev_serial.obj (.data)
                  20006ae4    0000000c     usbtick.obj (.data)
                  20006af0    00000009     usbmode.obj (.data)
                  20006af9    00000003     --HOLE--
                  20006afc    00000008     heap_2.obj (.data)
                  20006b04    00000008     rtsv7M4_T_le_v4SPD16_eabi.lib : _lock.obj (.data)
                  20006b0c    00000008                                   : exit.obj (.data)
                  20006b14    00000008                                   : feraiseexcept.obj (.data)
                  20006b1c    00000008     timers.obj (.data)
                  20006b24    00000008     usbdenum.obj (.data)
                  20006b2c    00000004     rgb.obj (.data)
                  20006b30    00000004     rtsv7M4_T_le_v4SPD16_eabi.lib : errno.obj (.data)
                  20006b34    00000004                                   : stkdepth_vars.obj (.data)
                  20006b38    00000004     ustdlib.obj (.data)

.TI.noinit 
*          0    2000026c    00000000     UNINITIALIZED

.TI.persistent 
*          0    20006788    00000000     UNINITIALIZED

.stack     0    20006b3c    00000200     UNINITIALIZED
                  20006b3c    00000200     --HOLE--


LINKER GENERATED COPY TABLES

__TI_cinit_table @ 00016a08 records: 3, size/record: 8, table size: 24
	.data: load addr=00016838, load size=000001b3 bytes, run addr=20006788, run size=000003b4 bytes, compression=rle
	.bss: load addr=000169f8, load size=00000008 bytes, run addr=2000026c, run size=00006516 bytes, compression=zero_init
	.vtable: load addr=00016a00, load size=00000008 bytes, run addr=20000000, run size=0000026c bytes, compression=zero_init


LINKER GENERATED HANDLER TABLE

__TI_handler_table @ 000169ec records: 3, size/record: 4, table size: 12
	index: 0, handler: __TI_zero_init
	index: 1, handler: __TI_decompress_rle24
	index: 2, handler: __TI_decompress_none


GLOBAL SYMBOLS: SORTED ALPHABETICALLY BY Name 

address   name                                 
-------   ----                                 
0000fdc1  ADCBusy                              
0000fe09  ADCClockConfigGet                    
0000fddf  ADCClockConfigSet                    
0000fbdb  ADCComparatorConfigure               
0000fcab  ADCComparatorIntClear                
0000fc61  ADCComparatorIntDisable              
0000fc7f  ADCComparatorIntEnable               
0000fc9d  ADCComparatorIntStatus               
0000fbf7  ADCComparatorRegionSet               
0000fc1b  ADCComparatorReset                   
0000fba9  ADCHardwareOversampleConfigure       
0000f7bf  ADCIntClear                          
0000fd23  ADCIntClearEx                        
0000f725  ADCIntDisable                        
0000fcbd  ADCIntDisableEx                      
0000f741  ADCIntEnable                         
0000fcd5  ADCIntEnableEx                       
0000bd29  ADCIntHandler                        
0000f6df  ADCIntRegister                       
0000f767  ADCIntStatus                         
0000fcf1  ADCIntStatusEx                       
0000f707  ADCIntUnregister                     
0000fd7b  ADCPhaseDelayGet                     
0000fd69  ADCPhaseDelaySet                     
0000fa1f  ADCProcessorTrigger                  
0000fd57  ADCReferenceGet                      
0000fd3b  ADCReferenceSet                      
0000f809  ADCSequenceConfigure                 
0000fda5  ADCSequenceDMADisable                
0000fd89  ADCSequenceDMAEnable                 
0000f9dd  ADCSequenceDataGet                   
0000f7ef  ADCSequenceDisable                   
0000f7d5  ADCSequenceEnable                    
0000f981  ADCSequenceOverflow                  
0000f999  ADCSequenceOverflowClear             
0000f88d  ADCSequenceStepConfigure             
0000f9af  ADCSequenceUnderflow                 
0000f9c7  ADCSequenceUnderflowClear            
0000fa43  ADCSoftwareOversampleConfigure       
0000fb3b  ADCSoftwareOversampleDataGet         
0000fa7b  ADCSoftwareOversampleStepConfigure   
0000bd71  ButtonHandler                        
0001475f  ButtonsInit                          
000146b9  ButtonsPoll                          
00015661  C$$EXIT                              
00014a2b  CPUUsageInit                         
000149ed  CPUUsageTick                         
0001579d  CPUbasepriGet                        
0001578f  CPUbasepriSet                        
00015769  CPUcpsid                             
0001577f  CPUcpsie                             
00015775  CPUprimask                           
0001578b  CPUwfi                               
00014e21  CmdLineProcess                       
00010a25  Cmd_cpu                              
00010a4f  Cmd_free                             
00010b19  Cmd_help                             
00010bc1  Cmd_radio                            
00010ae1  Cmd_stats                            
00010a65  Cmd_tasks                            
00010c67  Cmd_timesim                          
00010b51  Cmd_traza                            
0000026d  ConfigDescAlloc                      
00000303  ConfigDescFree                       
200069d4  EjesSemaphore                        
0000e36f  GPIOADCTriggerDisable                
0000e351  GPIOADCTriggerEnable                 
0000e333  GPIODMATriggerDisable                
0000e315  GPIODMATriggerEnable                 
0000d8bb  GPIODirModeGet                       
0000d85f  GPIODirModeSet                       
0000de2f  GPIOIntClear                         
0000ddf3  GPIOIntDisable                       
0000ddd9  GPIOIntEnable                        
0000de43  GPIOIntRegister                      
0000de0d  GPIOIntStatus                        
0000d9ab  GPIOIntTypeGet                       
0000d907  GPIOIntTypeSet                       
0000de61  GPIOIntUnregister                    
0000dc87  GPIOPadConfigGet                     
0000da49  GPIOPadConfigSet                     
0000e2b7  GPIOPinConfigure                     
0000de7b  GPIOPinRead                          
0000deb3  GPIOPinTypeADC                       
0000ded7  GPIOPinTypeCAN                       
0000e283  GPIOPinTypeCIR                       
0000defb  GPIOPinTypeComparator                
0000df1f  GPIOPinTypeEPI                       
0000df43  GPIOPinTypeEthernetLED               
0000df67  GPIOPinTypeEthernetMII               
0000df8b  GPIOPinTypeGPIOInput                 
0000dfaf  GPIOPinTypeGPIOOutput                
0000dfd3  GPIOPinTypeGPIOOutputOD              
0000dff7  GPIOPinTypeI2C                       
0000e01b  GPIOPinTypeI2CSCL                    
0000e23b  GPIOPinTypeKBColumn                  
0000e217  GPIOPinTypeKBRow                     
0000e03f  GPIOPinTypeLCD                       
0000e25f  GPIOPinTypeLEDSeq                    
0000e063  GPIOPinTypeLPC                       
0000e087  GPIOPinTypePECIRx                    
0000e0ab  GPIOPinTypePECITx                    
0000e0cf  GPIOPinTypePWM                       
0000e0f3  GPIOPinTypeQEI                       
0000e117  GPIOPinTypeSSI                       
0000e13b  GPIOPinTypeTimer                     
0000e15f  GPIOPinTypeUART                      
0000e183  GPIOPinTypeUSBAnalog                 
0000e1a7  GPIOPinTypeUSBDigital                
0000e1cb  GPIOPinTypeWakeHigh                  
0000e1f1  GPIOPinTypeWakeLow                   
0000e2a7  GPIOPinWakeStatus                    
0000de93  GPIOPinWrite                         
0001594d  GetOverflowCounts                    
00012339  IntDisable                           
000122c7  IntEnable                            
000123ab  IntIsEnabled                         
0001218b  IntMasterDisable                     
0001217b  IntMasterEnable                      
000124a1  IntPendClear                         
00012431  IntPendSet                           
000122a3  IntPriorityGet                       
0001221b  IntPriorityGroupingGet               
00012201  IntPriorityGroupingSet               
000124fb  IntPriorityMaskGet                   
000124ef  IntPriorityMaskSet                   
00012253  IntPrioritySet                       
0001219b  IntRegister                          
00012503  IntTrigger                           
000121ed  IntUnregister                        
000023d9  InternalUSBHCDSendEvent              
00014b23  InternalUSBRegisterTickHandler       
00014b73  InternalUSBStartOfFrameTick          
00014add  InternalUSBTickInit                  
00014b1b  InternalUSBTickReset                 
0001137f  OTGDeviceDisconnect                  
200069e4  PilautTaskHandle                     
200069d8  PilotoQuitarSemaphore                
0000a4bd  ProcessDataFromHost                  
0000a5cd  ProcessDataToHost                    
0000a56b  ProcessNotificationToHost            
00011961  RGBBlinkIntHandler                   
00011c6d  RGBBlinkRateSet                      
00011d01  RGBColorGet                          
00011ba9  RGBColorSet                          
00011b33  RGBDisable                           
00011a7b  RGBEnable                            
0001198f  RGBInit                              
00011c59  RGBIntensitySet                      
00011b91  RGBSet                               
000158d1  ResetISR                             
UNDEFED   SHT$$INIT_ARRAY$$Base                
UNDEFED   SHT$$INIT_ARRAY$$Limit               
200069d0  SendSemaphore                        
0000a213  SysCtlAltClkConfig                   
000099e1  SysCtlClockFreqSet                   
00009ec5  SysCtlClockGet                       
0000a1f7  SysCtlClockOutConfig                 
00009cf9  SysCtlClockSet                       
000098e1  SysCtlDeepSleep                      
0000a099  SysCtlDeepSleepClockConfigSet        
0000a07d  SysCtlDeepSleepClockSet              
000098c1  SysCtlDeepSleepPowerSet              
00015aab  SysCtlDelay                          
0000946d  SysCtlFlashSectorSizeGet             
00009441  SysCtlFlashSizeGet                   
0000a16f  SysCtlGPIOAHBDisable                 
0000a153  SysCtlGPIOAHBEnable                  
00009855  SysCtlIntClear                       
0000983d  SysCtlIntDisable                     
00009829  SysCtlIntEnable                      
00009801  SysCtlIntRegister                    
00009865  SysCtlIntStatus                      
00009819  SysCtlIntUnregister                  
000098a7  SysCtlLDODeepSleepGet                
00009897  SysCtlLDODeepSleepSet                
00009891  SysCtlLDOSleepGet                    
00009881  SysCtlLDOSleepSet                    
00009917  SysCtlMOSCConfigSet                  
0000a1e3  SysCtlNMIClear                       
0000a1dd  SysCtlNMIStatus                      
0000992d  SysCtlPIOSCCalibrate                 
0000a13d  SysCtlPWMClockGet                    
0000a123  SysCtlPWMClockSet                    
000097ad  SysCtlPeripheralClockGating          
00009765  SysCtlPeripheralDeepSleepDisable     
00009715  SysCtlPeripheralDeepSleepEnable      
00009651  SysCtlPeripheralDisable              
00009615  SysCtlPeripheralEnable               
00009551  SysCtlPeripheralPowerOff             
00009515  SysCtlPeripheralPowerOn              
00009495  SysCtlPeripheralPresent              
000094d5  SysCtlPeripheralReady                
0000958d  SysCtlPeripheralReset                
000096d9  SysCtlPeripheralSleepDisable         
00009695  SysCtlPeripheralSleepEnable          
000098d1  SysCtlReset                          
0000998d  SysCtlResetBehaviorGet               
0000997d  SysCtlResetBehaviorSet               
00009903  SysCtlResetCauseClear                
000098fd  SysCtlResetCauseGet                  
00009437  SysCtlSRAMSizeGet                    
000098d9  SysCtlSleep                          
000098ad  SysCtlSleepPowerSet                  
0000a19d  SysCtlUSBPLLDisable                  
0000a18b  SysCtlUSBPLLEnable                   
0000a1c9  SysCtlVoltageEventClear              
0000a1ad  SysCtlVoltageEventConfig             
0000a1bd  SysCtlVoltageEventStatus             
00010421  TimerADCEventGet                     
0001040f  TimerADCEventSet                     
00010139  TimerClockSourceGet                  
0001011d  TimerClockSourceSet                  
0000fefb  TimerConfigure                       
0001001b  TimerControlEvent                    
0000ff77  TimerControlLevel                    
00010045  TimerControlStall                    
0000ffad  TimerControlTrigger                  
0001007b  TimerControlWaitOnTrigger            
00010441  TimerDMAEventGet                     
0001042f  TimerDMAEventSet                     
0000fedd  TimerDisable                         
0000febf  TimerEnable                          
000103eb  TimerIntClear                        
000103b5  TimerIntDisable                      
0001039d  TimerIntEnable                       
00010357  TimerIntRegister                     
000103cd  TimerIntStatus                       
0001037f  TimerIntUnregister                   
00010203  TimerLoadGet                         
0001023f  TimerLoadGet64                       
000101d9  TimerLoadSet                         
0001021f  TimerLoadSet64                       
000102e9  TimerMatchGet                        
00010325  TimerMatchGet64                      
000102bf  TimerMatchSet                        
00010305  TimerMatchSet64                      
00010173  TimerPrescaleGet                     
000101bd  TimerPrescaleMatchGet                
0001018f  TimerPrescaleMatchSet                
00010149  TimerPrescaleSet                     
000100f1  TimerRTCDisable                      
000100db  TimerRTCEnable                       
000103fd  TimerSynchronize                     
0001044f  TimerUpdateMode                      
00010271  TimerValueGet                        
0001028d  TimerValueGet64                      
0000c5cd  UARTEchoSet                          
0000c567  UARTFlushRx                          
0000c58f  UARTFlushTx                          
0000c50d  UARTPeek                             
0000c4eb  UARTRxBytesAvail                     
0000bf51  UARTStdioConfig                      
0000c605  UARTStdioIntHandler                  
0000c4f9  UARTTxBytesFree                      
0000c161  UARTgetc                             
0000c0e5  UARTgets                             
0000c4c7  UARTprintf                           
0000c1cd  UARTvprintf                          
0000c03f  UARTwrite                            
00014c9b  ULPIConfigSet                        
00014d3d  ULPIPowerTransceiver                 
00015971  USB0DeviceIntHandler                 
00011051  USB0DualModeIntHandler               
000022e1  USB0HostIntHandler                   
00011299  USB0OTGModeIntHandler                
00011813  USBBufferCallbackDataSet             
000118c1  USBBufferDataAvailable               
000117f9  USBBufferDataRemoved                 
000117d9  USBBufferDataWritten                 
000118e5  USBBufferEventCallback               
00011871  USBBufferFlush                       
000117a7  USBBufferInfoGet                     
00011755  USBBufferInit                        
00011883  USBBufferRead                        
000118d3  USBBufferSpaceAvailable              
0001182d  USBBufferWrite                       
00011777  USBBufferZeroLengthPacketInsert      
00005cdb  USBClockDisable                      
00005cbf  USBClockEnable                       
00013211  USBControlHandler                    
00005cab  USBControllerVersion                 
0000ac31  USBDCDCCompositeInit                 
0000ad27  USBDCDCInit                          
0000aea9  USBDCDCPacketRead                    
0000ae07  USBDCDCPacketWrite                   
0000b05b  USBDCDCPowerStatusSet                
0000b06f  USBDCDCRemoteWakeupRequest           
0000afa1  USBDCDCRxPacketAvailable             
0000b001  USBDCDCSerialStateChange             
0000adad  USBDCDCSetControlCBData              
0000adcb  USBDCDCSetRxCBData                   
0000ade9  USBDCDCSetTxCBData                   
0000ad95  USBDCDCTerm                          
0000af7f  USBDCDCTxPacketAvailable             
00013045  USBDCDConfigDescGet                  
00012ff7  USBDCDConfigDescGetNum               
00012fbf  USBDCDConfigDescGetSize              
00013127  USBDCDConfigGetInterface             
0001315d  USBDCDConfigGetInterfaceEndpoint     
000130d3  USBDCDConfigGetNumAlternateInterfaces
000060a1  USBDCDDeviceInfoInit                 
000063fd  USBDCDFeatureSet                     
000060f1  USBDCDInit                           
00006387  USBDCDPowerStatusSet                 
000064bd  USBDCDRemoteWakeLPM                  
000064e1  USBDCDRemoteWakeupRequest            
00006311  USBDCDRequestDataEP0                 
00006337  USBDCDSendDataEP0                    
00006359  USBDCDSetDefaultConfiguration        
0000636b  USBDCDStallEP0                       
00006299  USBDCDTerm                           
00005e13  USBDMAChannelAddressGet              
00005df7  USBDMAChannelAddressSet              
00005d7d  USBDMAChannelConfigSet               
00005e47  USBDMAChannelCountGet                
00005e2b  USBDMAChannelCountSet                
00005d5d  USBDMAChannelDisable                 
00005d3d  USBDMAChannelEnable                  
00005d0d  USBDMAChannelIntDisable              
00005ced  USBDMAChannelIntEnable               
00005d2d  USBDMAChannelIntStatus               
00005dad  USBDMAChannelStatus                  
00005dcd  USBDMAChannelStatusClear             
00005e5f  USBDMANumChannels                    
00013fb9  USBDescGet                           
000140dd  USBDescGetInterface                  
0001410b  USBDescGetInterfaceEndpoint          
00013f5d  USBDescGetNum                        
00014023  USBDescGetNumAlternateInterfaces     
00005119  USBDevAddrGet                        
00005105  USBDevAddrSet                        
000050d9  USBDevConnect                        
000050ef  USBDevDisconnect                     
0000544f  USBDevEndpointConfigGet              
0000535d  USBDevEndpointConfigSet              
000057d9  USBDevEndpointDataAck                
00005003  USBDevEndpointStall                  
00005065  USBDevEndpointStallClear             
00004e7f  USBDevEndpointStatusClear            
00005fcb  USBDevLPMConfig                      
00005ff9  USBDevLPMDisable                     
00005fe1  USBDevLPMEnable                      
00005fb3  USBDevLPMRemoteWake                  
00005c13  USBDevMode                           
00004c45  USBDevSpeedGet                       
000125ff  USBDeviceConfig                      
000127f5  USBDeviceConfigAlternate             
0000660d  USBDeviceEnumHandler                 
00006759  USBDeviceEnumResetHandler            
000071a9  USBDeviceIntHandlerInternal          
00006515  USBDeviceResumeTickHandler           
0001109d  USBDualModeInit                      
0001110d  USBDualModeTerm                      
00005bc5  USBEndpointDMAChannel                
0000560b  USBEndpointDMAConfigSet              
000056dd  USBEndpointDMADisable                
000056a3  USBEndpointDMAEnable                 
00005717  USBEndpointDataAvail                 
0000574f  USBEndpointDataGet                   
00005849  USBEndpointDataPut                   
000058ad  USBEndpointDataSend                  
00004f9d  USBEndpointDataToggleClear           
00005c77  USBEndpointPacketCountSet            
00004e0b  USBEndpointStatus                    
00005b9b  USBFIFOAddrGet                       
000055a5  USBFIFOConfigGet                     
0000553f  USBFIFOConfigSet                     
00005905  USBFIFOFlush                         
00005b5f  USBFrameNumberGet                    
00002911  USBHCDControlTransfer                
00002d61  USBHCDDevAddress                     
00002d95  USBHCDDevClass                       
00002d39  USBHCDDevHubPort                     
00002e29  USBHCDDevProtocol                    
00002de1  USBHCDDevSubClass                    
0000041b  USBHCDEventDisable                   
000003eb  USBHCDEventEnable                    
00002e89  USBHCDFeatureSet                     
00002a6d  USBHCDHubDeviceConnected             
00002b05  USBHCDHubDeviceDisconnected          
00001491  USBHCDInit                           
00002fd3  USBHCDLPMResume                      
00002f6b  USBHCDLPMSleep                       
00002f41  USBHCDLPMStatus                      
00002509  USBHCDMain                           
00000873  USBHCDPipeAlloc                      
000005f1  USBHCDPipeAllocSize                  
000008c1  USBHCDPipeConfig                     
00000dcb  USBHCDPipeDataAck                    
00001009  USBHCDPipeFree                       
00000dfd  USBHCDPipeRead                       
00000d81  USBHCDPipeReadNonBlocking            
00000c55  USBHCDPipeSchedule                   
00000a3b  USBHCDPipeStatus                     
000005cb  USBHCDPipeTransferSizeGet            
00000a71  USBHCDPipeWrite                      
00001437  USBHCDPowerAutomatic                 
000013a7  USBHCDPowerConfigGet                 
00001395  USBHCDPowerConfigInit                
000013c5  USBHCDPowerConfigSet                 
000015ad  USBHCDRegisterDrivers                
000016b1  USBHCDReset                          
0000170d  USBHCDResume                         
000018ed  USBHCDSetAddress                     
00001a33  USBHCDSetConfig                      
00001a7b  USBHCDSetInterface                   
0000188d  USBHCDStringDescriptorGet            
000016fb  USBHCDSuspend                        
000015e1  USBHCDTerm                           
0000f5f1  USBHHubClose                         
0000f595  USBHHubEnumerationComplete           
0000f5b7  USBHHubEnumerationError              
0000f605  USBHHubInit                          
0000f633  USBHHubLPMSleep                      
0000f641  USBHHubLPMStatus                     
0000f369  USBHHubMain                          
0000f5d9  USBHHubOpen                          
00004bb3  USBHighSpeed                         
00005a15  USBHostAddrGet                       
000059dd  USBHostAddrSet                       
00001ac7  USBHostCheckPipes                    
0000512d  USBHostEndpointConfig                
00005817  USBHostEndpointDataAck               
00004f01  USBHostEndpointDataToggle            
00004fd7  USBHostEndpointPing                  
000052c7  USBHostEndpointSpeed                 
00004e37  USBHostEndpointStatusClear           
00005aa7  USBHostHubAddrGet                    
00005a43  USBHostHubAddrSet                    
00001b8d  USBHostIntHandlerInternal            
00005f77  USBHostLPMConfig                     
00005f9b  USBHostLPMResume                     
00005f2f  USBHostLPMSend                       
00005c01  USBHostMode                          
00005ad5  USBHostPwrConfig                     
00005b47  USBHostPwrDisable                    
00005b2f  USBHostPwrEnable                     
00005b17  USBHostPwrFaultDisable               
00005aff  USBHostPwrFaultEnable                
00005975  USBHostRequestIN                     
0000599d  USBHostRequestINClear                
000059cb  USBHostRequestStatus                 
00004b85  USBHostReset                         
00004be1  USBHostResume                        
00004c0f  USBHostSpeedGet                      
00004b6f  USBHostSuspend                       
00004c5d  USBIntDisableControl                 
00004d21  USBIntDisableEndpoint                
00004c9b  USBIntEnableControl                  
00004d4f  USBIntEnableEndpoint                 
00004dd3  USBIntRegister                       
00004cd5  USBIntStatusControl                  
00004d7d  USBIntStatusEndpoint                 
00004df1  USBIntUnregister                     
00006025  USBLPMEndpointGet                    
00006085  USBLPMIntDisable                     
0000606b  USBLPMIntEnable                      
0000605b  USBLPMIntStatus                      
00006011  USBLPMLinkStateGet                   
00006041  USBLPMRemoteWakeEnabled              
00009171  USBLibDMAAddrGet                     
000091a1  USBLibDMAInit                        
00009189  USBLibDMASizeGet                     
00005c37  USBModeConfig                        
00005bb1  USBModeGet                           
00005c97  USBNumEndpointsGet                   
00011441  USBOTGFeatureSet                     
000113a5  USBOTGMain                           
00005c25  USBOTGMode                           
0001117b  USBOTGModeInit                       
00011141  USBOTGModeTerm                       
00011271  USBOTGPollRate                       
00005b6d  USBOTGSessionRequest                 
00005c4b  USBPHYPowerOff                       
00005c61  USBPHYPowerOn                        
00012de3  USBRingBufAdvanceRead                
00012e11  USBRingBufAdvanceWrite               
00012d3d  USBRingBufContigFree                 
00012d0f  USBRingBufContigUsed                 
00012c7d  USBRingBufEmpty                      
00012ca7  USBRingBufFlush                      
00012cf9  USBRingBufFree                       
00012c43  USBRingBufFull                       
00012ec9  USBRingBufInit                       
00012dad  USBRingBufRead                       
00012d87  USBRingBufReadOne                    
00012d79  USBRingBufSize                       
00012cc7  USBRingBufUsed                       
00012e93  USBRingBufWrite                      
00012e6d  USBRingBufWriteOne                   
000132ff  USBRxHandler                         
00011015  USBStackModeSet                      
0001329b  USBTxHandler                         
00005e71  USBULPIConfig                        
00005e9f  USBULPIDisable                       
00005e87  USBULPIEnable                        
00005eb7  USBULPIRegRead                       
00005eef  USBULPIRegWrite                      
00013355  UsbSerialInit                        
00015815  _Dclass                              
20006838  _Denorm                              
00014d63  _Dnorm                               
000147e1  _Dscale                              
000152c1  _Dunscale                            
20006848  _Eps                                 
20006b30  _Errno                               
00013999  _Exp                                 
20006b14  _Fenv                                
00015845  _Feraise                             
20006858  _Hugeval                             
20006868  _Inf                                 
20006878  _Nan                                 
20006898  _Rteps                               
00013479  _Sin                                 
20006888  _Snan                                
20006b18  _Tls_setup__Fenv                     
200068a8  _Xbig                                
200068b0  _Zero                                
20006d3c  __STACK_END                          
00000200  __STACK_SIZE                         
20006d3c  __STACK_TOP                          
00016a08  __TI_CINIT_Base                      
00016a20  __TI_CINIT_Limit                     
000169ec  __TI_Handler_Table_Base              
000169f8  __TI_Handler_Table_Limit             
00015181  __TI_auto_init                       
20006b0c  __TI_cleanup_ptr                     
00015a91  __TI_decompress_none                 
00015ab1  __TI_decompress_rle24                
20006b10  __TI_dtors_ptr                       
0000814d  __TI_printfi                         
00000000  __TI_static_base__                   
00015a9f  __TI_zero_init                       
00014ff9  __aeabi_cdcmpeq                      
00014ff9  __aeabi_cdcmple                      
0001507f  __aeabi_cdrcmple                     
000155cd  __aeabi_d2f                          
00015617  __aeabi_d2iz                         
000156a5  __aeabi_d2uiz                        
00014139  __aeabi_dadd                         
00014459  __aeabi_ddiv                         
000148f1  __aeabi_dmul                         
0001412f  __aeabi_dsub                         
000157a7  __aeabi_f2d                          
000154e5  __aeabi_f2ulz                        
00015875  __aeabi_i2d                          
0000609f  __aeabi_idiv0                        
00015105  __aeabi_memclr                       
00015105  __aeabi_memclr4                      
00015105  __aeabi_memclr8                      
00014ecd  __aeabi_memcpy                       
00014ecd  __aeabi_memcpy4                      
00014ecd  __aeabi_memcpy8                      
00015107  __aeabi_memset                       
00015107  __aeabi_memset4                      
00015107  __aeabi_memset8                      
000159b7  __aeabi_ui2d                         
00015729  __aeabi_uidiv                        
00015729  __aeabi_uidivmod                     
00013b95  __aeabi_uldivmod                     
ffffffff  __binit__                            
ffffffff  __c_args__                           
20006b3c  __stack                              
00015a0d  _args_main                           
00015495  _c_int00                             
00015f44  _ctypes_                             
20006b04  _lock                                
00015a63  _nop                                 
00015a5b  _register_lock                       
00015a55  _register_unlock                     
00015ab7  _system_pre_init                     
20006b08  _unlock                              
00015665  abort                                
00012a01  add_checksum_and_stuff               
20006a00  altitud                              
00015535  atoi                                 
ffffffff  binit                                
200066e4  color                                
200069f0  combustible                          
0000bb7d  confADC                              
0000ba71  confGPIO                             
0000bc89  confQueue                            
0000b9b1  confSys                              
0000baf9  confTasks                            
0000bc29  confTimer                            
0000b9e9  confUART                             
200069e0  consumoTaskHandle                    
00015581  copy_in                              
00015259  create_checksum                      
00012ac7  create_frame                         
00012a73  destuff_and_check_checksum           
00003e9d  eTaskConfirmSleepModeStatus          
200066fc  ejes                                 
0001566d  exit                                 
00014f69  exp                                  
000157e1  feraiseexcept                        
000142e5  fmod                                 
00012961  frame_DeStuffing                     
000128c1  frame_stuffing                       
000158fd  frexp                                
20006ae4  g_bUSBTimerInitialized               
20006781  g_eOTGModeState                      
20006af0  g_iUSBMode                           
00016574  g_pCDCCompSerConfigDescriptors       
20000000  g_pfnRAMVectors                      
200065c8  g_pfnTickHandlers                    
00000000  g_pfnVectors                         
00016570  g_ppCDCSerConfigDescriptors          
20006720  g_ppsDevInfo                         
00016798  g_ppui8StringDescriptors             
200069c0  g_psCDCCompSerSections               
200069b4  g_psCDCSerSections                   
200068b8  g_psCmdTable                         
200064a4  g_psDCDInst                          
00016734  g_pui8CDCSerCommInterface            
000167b0  g_pui8CDCSerDataInterface            
200069a2  g_pui8CDCSerDescriptor               
20006990  g_pui8CDCSerDeviceDescriptor         
00016578  g_pui8ConfigString                   
00016674  g_pui8ControlInterfaceString         
200069ab  g_pui8IADSerDescriptor               
000167c7  g_pui8LangDescriptor                 
000166c8  g_pui8ManufacturerString             
00016757  g_pui8ProductString                  
20006610  g_pui8RxBufferWorkspace              
000167cb  g_pui8SerialNumberString             
20006628  g_pui8TxBufferWorkspace              
20006188  g_pui8USBRxBuffer                    
20006288  g_pui8USBTxBuffer                    
20006640  g_pvTickInstance                     
00016568  g_sCDCCompSerConfigHeader            
20006930  g_sCDCDevice                         
00016614  g_sCDCHandlers                       
00016550  g_sCDCSerCommInterfaceSection        
00016560  g_sCDCSerConfigHeader                
00016540  g_sCDCSerConfigSection               
00016558  g_sCDCSerDataInterfaceSection        
00016548  g_sIADSerConfigSection               
000166ec  g_sRxBuffer                          
00016710  g_sTxBuffer                          
20006728  g_ui32CPUUsage                       
20006ae8  g_ui32CurrentUSBTick                 
20006740  g_ui32PollRate                       
20006aec  g_ui32USBSOFCount                    
20006af4  g_ui32WaitTicks                      
20006750  g_ulSystemClock                      
20006ad8  g_ulUARTRxCount                      
20006ad4  g_ulUARTTxCount                      
20006754  g_xRxLineSemaphore                   
200069f8  hora                                 
00015443  ldexp                                
000153ed  ltoa                                 
0000b94f  main                                 
20006b34  main_func_sp                         
000159d7  memccpy                              
00015995  memcmp                               
00014ecd  memcpy                               
0001510d  memset                               
0000381f  pcTaskGetTaskName                    
000105a1  pcTimerGetTimerName                  
20006a0c  pilotoAutomatico                     
20006758  potQueue                             
00013d89  pvPortMalloc                         
0000467b  pvTaskIncrementMutexHeldCount        
00010989  pvTimerGetTimerID                    
20006a10  pxCurrentTCB                         
0001370d  pxPortInitialiseStack                
000158a3  raise                                
00012b4b  receive_frame                        
00012ba5  send_frame                           
200069dc  sensorTaskHandle                     
000156e9  signal                               
000159f3  sin                                  
0001538d  sprintf                              
00015a3d  strchr                               
00015a25  strcmp                               
00015a69  strcpy                               
00015a7d  strlen                               
00015927  strncmp                              
20006a08  tiempoSim                            
0000ea81  ucQueueGetQueueType                  
00014c2b  ulPortSetInterruptMask               
00004699  ulTaskNotifyTake                     
0000d05d  ulocaltime                           
0000d25b  umktime                              
0000d7d5  urand                                
0000d02d  usnprintf                            
0000cffb  usprintf                             
0000d7c5  usrand                               
0000d73d  ustrcasecmp                          
0000d7b1  ustrcmp                              
0000d641  ustrlen                              
0000d699  ustrncasecmp                         
0000d751  ustrncmp                             
0000cb79  ustrncpy                             
0000d663  ustrstr                              
0000d409  ustrtof                              
0000d2d1  ustrtoul                             
0000cbd1  uvsnprintf                           
0001214f  uxEventGroupGetNumber                
00014671  uxListRemove                         
0000ea61  uxQueueGetQueueNumber                
0000ea03  uxQueueMessagesWaiting               
0000ea39  uxQueueMessagesWaitingFromISR        
0000ea19  uxQueueSpacesAvailable               
00003819  uxTaskGetNumberOfTasks               
00004229  uxTaskGetStackHighWaterMark          
00003841  uxTaskGetSystemState                 
00003e0b  uxTaskGetTaskNumber                  
000032d9  uxTaskPriorityGet                    
0000330d  uxTaskPriorityGetFromISR             
00004659  uxTaskResetEventItemValue            
0000b0ab  vApplicationIdleHook                 
0000b0b3  vApplicationMallocFailedHook         
0000b081  vApplicationStackOverflowHook        
0000b08b  vApplicationTickHook                 
00015329  vConfigureTimerForRunTimeStats       
000120e9  vEventGroupClearBitsCallback         
000120a5  vEventGroupDelete                    
000120d9  vEventGroupSetBitsCallback           
0001458f  vListInitialise                      
000145bf  vListInitialiseItem                  
0001460b  vListInsert                          
000145cf  vListInsertEnd                       
00014c41  vPortClearInterruptMask              
00014c83  vPortEnableVFP                       
000137a1  vPortEndScheduler                    
000137a3  vPortEnterCritical                   
000137bb  vPortExitCritical                    
00013e97  vPortFree                            
00014c95  vPortGetIPSR                         
00013eff  vPortInitialiseBlocks                
00014c47  vPortSVCHandler                      
0001393d  vPortSetupTimerInterrupt             
00014c65  vPortStartFirstTask                  
000137ef  vPortSuppressTicksAndSleep           
0000ec93  vQueueAddToRegistry                  
0000ea4b  vQueueDelete                         
0000ea6f  vQueueSetQueueNumber                 
0000ecd5  vQueueUnregisterQueue                
0000ed0f  vQueueWaitForMessageRestricted       
00003277  vTaskDelay                           
000031cf  vTaskDelayUntil                      
00003133  vTaskDelete                          
000036b3  vTaskEndScheduler                    
00004595  vTaskGetRunTimeStats                 
0000449d  vTaskList                            
00003e03  vTaskMissedYield                     
00004a39  vTaskNotifyGiveFromISR               
00003b41  vTaskPlaceOnEventList                
00003c19  vTaskPlaceOnEventListRestricted      
00003ba9  vTaskPlaceOnUnorderedEventList       
000042f9  vTaskPriorityInherit                 
00003355  vTaskPrioritySet                     
0000355d  vTaskResume                          
00003e31  vTaskSetTaskNumber                   
00003d67  vTaskSetTimeOutState                 
0000365d  vTaskStartScheduler                  
00003905  vTaskStepTick                        
00003465  vTaskSuspend                         
000036c5  vTaskSuspendAll                      
00003a61  vTaskSwitchContext                   
00010e29  vUARTTask                            
200069e8  velocidad                            
20006770  velocidadQueue                       
00011f71  xEventGroupClearBits                 
00011f9d  xEventGroupClearBitsFromISR          
00011d95  xEventGroupCreate                    
00011fb5  xEventGroupGetBitsFromISR            
00011fdd  xEventGroupSetBits                   
0001212f  xEventGroupSetBitsFromISR            
00011db5  xEventGroupSync                      
00011e87  xEventGroupWaitBits                  
00013ef9  xPortGetFreeHeapSize                 
00014bcd  xPortPendSVHandler                   
0001376b  xPortStartScheduler                  
000137d3  xPortSysTickHandler                  
0000e5a1  xQueueCreateCountingSemaphore        
0000e4a5  xQueueCreateMutex                    
0000e431  xQueueGenericCreate                  
0000e7d9  xQueueGenericReceive                 
0000e395  xQueueGenericReset                   
0000e5c1  xQueueGenericSend                    
0000e6e9  xQueueGenericSendFromISR             
0000e767  xQueueGiveFromISR                    
0000e51b  xQueueGiveMutexRecursive             
0000ec2f  xQueueIsQueueEmptyFromISR            
0000ec71  xQueueIsQueueFullFromISR             
0000e9bf  xQueuePeekFromISR                    
0000e947  xQueueReceiveFromISR                 
200064f4  xQueueRegistry                       
0000e557  xQueueTakeMutexRecursive             
00003d89  xTaskCheckForTimeOut                 
00003019  xTaskGenericCreate                   
000042b5  xTaskGetCurrentTaskHandle            
000042cd  xTaskGetSchedulerState               
000037ef  xTaskGetTickCount                    
00003805  xTaskGetTickCountFromISR             
00003935  xTaskIncrementTick                   
00004861  xTaskNotify                          
00004951  xTaskNotifyFromISR                   
00004769  xTaskNotifyWait                      
000043b3  xTaskPriorityDisinherit              
00003c61  xTaskRemoveFromEventList             
00003cf9  xTaskRemoveFromUnorderedEventList    
00003711  xTaskResumeAll                       
000035d9  xTaskResumeFromISR                   
000104df  xTimerCreate                         
000104a5  xTimerCreateTimerTask                
00010533  xTimerGenericCommand                 
0001095d  xTimerIsTimerActive                  
000109d7  xTimerPendFunctionCall               
000109a1  xTimerPendFunctionCallFromISR        
2000677c  xTrazaEventGroup                     
000133e5  xUSBSerialGetChar                    
000133fb  xUSBSerialPutChar                    


GLOBAL SYMBOLS: SORTED BY Symbol Address 

address   name                                 
-------   ----                                 
00000000  __TI_static_base__                   
00000000  g_pfnVectors                         
00000200  __STACK_SIZE                         
0000026d  ConfigDescAlloc                      
00000303  ConfigDescFree                       
000003eb  USBHCDEventEnable                    
0000041b  USBHCDEventDisable                   
000005cb  USBHCDPipeTransferSizeGet            
000005f1  USBHCDPipeAllocSize                  
00000873  USBHCDPipeAlloc                      
000008c1  USBHCDPipeConfig                     
00000a3b  USBHCDPipeStatus                     
00000a71  USBHCDPipeWrite                      
00000c55  USBHCDPipeSchedule                   
00000d81  USBHCDPipeReadNonBlocking            
00000dcb  USBHCDPipeDataAck                    
00000dfd  USBHCDPipeRead                       
00001009  USBHCDPipeFree                       
00001395  USBHCDPowerConfigInit                
000013a7  USBHCDPowerConfigGet                 
000013c5  USBHCDPowerConfigSet                 
00001437  USBHCDPowerAutomatic                 
00001491  USBHCDInit                           
000015ad  USBHCDRegisterDrivers                
000015e1  USBHCDTerm                           
000016b1  USBHCDReset                          
000016fb  USBHCDSuspend                        
0000170d  USBHCDResume                         
0000188d  USBHCDStringDescriptorGet            
000018ed  USBHCDSetAddress                     
00001a33  USBHCDSetConfig                      
00001a7b  USBHCDSetInterface                   
00001ac7  USBHostCheckPipes                    
00001b8d  USBHostIntHandlerInternal            
000022e1  USB0HostIntHandler                   
000023d9  InternalUSBHCDSendEvent              
00002509  USBHCDMain                           
00002911  USBHCDControlTransfer                
00002a6d  USBHCDHubDeviceConnected             
00002b05  USBHCDHubDeviceDisconnected          
00002d39  USBHCDDevHubPort                     
00002d61  USBHCDDevAddress                     
00002d95  USBHCDDevClass                       
00002de1  USBHCDDevSubClass                    
00002e29  USBHCDDevProtocol                    
00002e89  USBHCDFeatureSet                     
00002f41  USBHCDLPMStatus                      
00002f6b  USBHCDLPMSleep                       
00002fd3  USBHCDLPMResume                      
00003019  xTaskGenericCreate                   
00003133  vTaskDelete                          
000031cf  vTaskDelayUntil                      
00003277  vTaskDelay                           
000032d9  uxTaskPriorityGet                    
0000330d  uxTaskPriorityGetFromISR             
00003355  vTaskPrioritySet                     
00003465  vTaskSuspend                         
0000355d  vTaskResume                          
000035d9  xTaskResumeFromISR                   
0000365d  vTaskStartScheduler                  
000036b3  vTaskEndScheduler                    
000036c5  vTaskSuspendAll                      
00003711  xTaskResumeAll                       
000037ef  xTaskGetTickCount                    
00003805  xTaskGetTickCountFromISR             
00003819  uxTaskGetNumberOfTasks               
0000381f  pcTaskGetTaskName                    
00003841  uxTaskGetSystemState                 
00003905  vTaskStepTick                        
00003935  xTaskIncrementTick                   
00003a61  vTaskSwitchContext                   
00003b41  vTaskPlaceOnEventList                
00003ba9  vTaskPlaceOnUnorderedEventList       
00003c19  vTaskPlaceOnEventListRestricted      
00003c61  xTaskRemoveFromEventList             
00003cf9  xTaskRemoveFromUnorderedEventList    
00003d67  vTaskSetTimeOutState                 
00003d89  xTaskCheckForTimeOut                 
00003e03  vTaskMissedYield                     
00003e0b  uxTaskGetTaskNumber                  
00003e31  vTaskSetTaskNumber                   
00003e9d  eTaskConfirmSleepModeStatus          
00004229  uxTaskGetStackHighWaterMark          
000042b5  xTaskGetCurrentTaskHandle            
000042cd  xTaskGetSchedulerState               
000042f9  vTaskPriorityInherit                 
000043b3  xTaskPriorityDisinherit              
0000449d  vTaskList                            
00004595  vTaskGetRunTimeStats                 
00004659  uxTaskResetEventItemValue            
0000467b  pvTaskIncrementMutexHeldCount        
00004699  ulTaskNotifyTake                     
00004769  xTaskNotifyWait                      
00004861  xTaskNotify                          
00004951  xTaskNotifyFromISR                   
00004a39  vTaskNotifyGiveFromISR               
00004b6f  USBHostSuspend                       
00004b85  USBHostReset                         
00004bb3  USBHighSpeed                         
00004be1  USBHostResume                        
00004c0f  USBHostSpeedGet                      
00004c45  USBDevSpeedGet                       
00004c5d  USBIntDisableControl                 
00004c9b  USBIntEnableControl                  
00004cd5  USBIntStatusControl                  
00004d21  USBIntDisableEndpoint                
00004d4f  USBIntEnableEndpoint                 
00004d7d  USBIntStatusEndpoint                 
00004dd3  USBIntRegister                       
00004df1  USBIntUnregister                     
00004e0b  USBEndpointStatus                    
00004e37  USBHostEndpointStatusClear           
00004e7f  USBDevEndpointStatusClear            
00004f01  USBHostEndpointDataToggle            
00004f9d  USBEndpointDataToggleClear           
00004fd7  USBHostEndpointPing                  
00005003  USBDevEndpointStall                  
00005065  USBDevEndpointStallClear             
000050d9  USBDevConnect                        
000050ef  USBDevDisconnect                     
00005105  USBDevAddrSet                        
00005119  USBDevAddrGet                        
0000512d  USBHostEndpointConfig                
000052c7  USBHostEndpointSpeed                 
0000535d  USBDevEndpointConfigSet              
0000544f  USBDevEndpointConfigGet              
0000553f  USBFIFOConfigSet                     
000055a5  USBFIFOConfigGet                     
0000560b  USBEndpointDMAConfigSet              
000056a3  USBEndpointDMAEnable                 
000056dd  USBEndpointDMADisable                
00005717  USBEndpointDataAvail                 
0000574f  USBEndpointDataGet                   
000057d9  USBDevEndpointDataAck                
00005817  USBHostEndpointDataAck               
00005849  USBEndpointDataPut                   
000058ad  USBEndpointDataSend                  
00005905  USBFIFOFlush                         
00005975  USBHostRequestIN                     
0000599d  USBHostRequestINClear                
000059cb  USBHostRequestStatus                 
000059dd  USBHostAddrSet                       
00005a15  USBHostAddrGet                       
00005a43  USBHostHubAddrSet                    
00005aa7  USBHostHubAddrGet                    
00005ad5  USBHostPwrConfig                     
00005aff  USBHostPwrFaultEnable                
00005b17  USBHostPwrFaultDisable               
00005b2f  USBHostPwrEnable                     
00005b47  USBHostPwrDisable                    
00005b5f  USBFrameNumberGet                    
00005b6d  USBOTGSessionRequest                 
00005b9b  USBFIFOAddrGet                       
00005bb1  USBModeGet                           
00005bc5  USBEndpointDMAChannel                
00005c01  USBHostMode                          
00005c13  USBDevMode                           
00005c25  USBOTGMode                           
00005c37  USBModeConfig                        
00005c4b  USBPHYPowerOff                       
00005c61  USBPHYPowerOn                        
00005c77  USBEndpointPacketCountSet            
00005c97  USBNumEndpointsGet                   
00005cab  USBControllerVersion                 
00005cbf  USBClockEnable                       
00005cdb  USBClockDisable                      
00005ced  USBDMAChannelIntEnable               
00005d0d  USBDMAChannelIntDisable              
00005d2d  USBDMAChannelIntStatus               
00005d3d  USBDMAChannelEnable                  
00005d5d  USBDMAChannelDisable                 
00005d7d  USBDMAChannelConfigSet               
00005dad  USBDMAChannelStatus                  
00005dcd  USBDMAChannelStatusClear             
00005df7  USBDMAChannelAddressSet              
00005e13  USBDMAChannelAddressGet              
00005e2b  USBDMAChannelCountSet                
00005e47  USBDMAChannelCountGet                
00005e5f  USBDMANumChannels                    
00005e71  USBULPIConfig                        
00005e87  USBULPIEnable                        
00005e9f  USBULPIDisable                       
00005eb7  USBULPIRegRead                       
00005eef  USBULPIRegWrite                      
00005f2f  USBHostLPMSend                       
00005f77  USBHostLPMConfig                     
00005f9b  USBHostLPMResume                     
00005fb3  USBDevLPMRemoteWake                  
00005fcb  USBDevLPMConfig                      
00005fe1  USBDevLPMEnable                      
00005ff9  USBDevLPMDisable                     
00006011  USBLPMLinkStateGet                   
00006025  USBLPMEndpointGet                    
00006041  USBLPMRemoteWakeEnabled              
0000605b  USBLPMIntStatus                      
0000606b  USBLPMIntEnable                      
00006085  USBLPMIntDisable                     
0000609f  __aeabi_idiv0                        
000060a1  USBDCDDeviceInfoInit                 
000060f1  USBDCDInit                           
00006299  USBDCDTerm                           
00006311  USBDCDRequestDataEP0                 
00006337  USBDCDSendDataEP0                    
00006359  USBDCDSetDefaultConfiguration        
0000636b  USBDCDStallEP0                       
00006387  USBDCDPowerStatusSet                 
000063fd  USBDCDFeatureSet                     
000064bd  USBDCDRemoteWakeLPM                  
000064e1  USBDCDRemoteWakeupRequest            
00006515  USBDeviceResumeTickHandler           
0000660d  USBDeviceEnumHandler                 
00006759  USBDeviceEnumResetHandler            
000071a9  USBDeviceIntHandlerInternal          
0000814d  __TI_printfi                         
00009171  USBLibDMAAddrGet                     
00009189  USBLibDMASizeGet                     
000091a1  USBLibDMAInit                        
00009437  SysCtlSRAMSizeGet                    
00009441  SysCtlFlashSizeGet                   
0000946d  SysCtlFlashSectorSizeGet             
00009495  SysCtlPeripheralPresent              
000094d5  SysCtlPeripheralReady                
00009515  SysCtlPeripheralPowerOn              
00009551  SysCtlPeripheralPowerOff             
0000958d  SysCtlPeripheralReset                
00009615  SysCtlPeripheralEnable               
00009651  SysCtlPeripheralDisable              
00009695  SysCtlPeripheralSleepEnable          
000096d9  SysCtlPeripheralSleepDisable         
00009715  SysCtlPeripheralDeepSleepEnable      
00009765  SysCtlPeripheralDeepSleepDisable     
000097ad  SysCtlPeripheralClockGating          
00009801  SysCtlIntRegister                    
00009819  SysCtlIntUnregister                  
00009829  SysCtlIntEnable                      
0000983d  SysCtlIntDisable                     
00009855  SysCtlIntClear                       
00009865  SysCtlIntStatus                      
00009881  SysCtlLDOSleepSet                    
00009891  SysCtlLDOSleepGet                    
00009897  SysCtlLDODeepSleepSet                
000098a7  SysCtlLDODeepSleepGet                
000098ad  SysCtlSleepPowerSet                  
000098c1  SysCtlDeepSleepPowerSet              
000098d1  SysCtlReset                          
000098d9  SysCtlSleep                          
000098e1  SysCtlDeepSleep                      
000098fd  SysCtlResetCauseGet                  
00009903  SysCtlResetCauseClear                
00009917  SysCtlMOSCConfigSet                  
0000992d  SysCtlPIOSCCalibrate                 
0000997d  SysCtlResetBehaviorSet               
0000998d  SysCtlResetBehaviorGet               
000099e1  SysCtlClockFreqSet                   
00009cf9  SysCtlClockSet                       
00009ec5  SysCtlClockGet                       
0000a07d  SysCtlDeepSleepClockSet              
0000a099  SysCtlDeepSleepClockConfigSet        
0000a123  SysCtlPWMClockSet                    
0000a13d  SysCtlPWMClockGet                    
0000a153  SysCtlGPIOAHBEnable                  
0000a16f  SysCtlGPIOAHBDisable                 
0000a18b  SysCtlUSBPLLEnable                   
0000a19d  SysCtlUSBPLLDisable                  
0000a1ad  SysCtlVoltageEventConfig             
0000a1bd  SysCtlVoltageEventStatus             
0000a1c9  SysCtlVoltageEventClear              
0000a1dd  SysCtlNMIStatus                      
0000a1e3  SysCtlNMIClear                       
0000a1f7  SysCtlClockOutConfig                 
0000a213  SysCtlAltClkConfig                   
0000a4bd  ProcessDataFromHost                  
0000a56b  ProcessNotificationToHost            
0000a5cd  ProcessDataToHost                    
0000ac31  USBDCDCCompositeInit                 
0000ad27  USBDCDCInit                          
0000ad95  USBDCDCTerm                          
0000adad  USBDCDCSetControlCBData              
0000adcb  USBDCDCSetRxCBData                   
0000ade9  USBDCDCSetTxCBData                   
0000ae07  USBDCDCPacketWrite                   
0000aea9  USBDCDCPacketRead                    
0000af7f  USBDCDCTxPacketAvailable             
0000afa1  USBDCDCRxPacketAvailable             
0000b001  USBDCDCSerialStateChange             
0000b05b  USBDCDCPowerStatusSet                
0000b06f  USBDCDCRemoteWakeupRequest           
0000b081  vApplicationStackOverflowHook        
0000b08b  vApplicationTickHook                 
0000b0ab  vApplicationIdleHook                 
0000b0b3  vApplicationMallocFailedHook         
0000b94f  main                                 
0000b9b1  confSys                              
0000b9e9  confUART                             
0000ba71  confGPIO                             
0000baf9  confTasks                            
0000bb7d  confADC                              
0000bc29  confTimer                            
0000bc89  confQueue                            
0000bd29  ADCIntHandler                        
0000bd71  ButtonHandler                        
0000bf51  UARTStdioConfig                      
0000c03f  UARTwrite                            
0000c0e5  UARTgets                             
0000c161  UARTgetc                             
0000c1cd  UARTvprintf                          
0000c4c7  UARTprintf                           
0000c4eb  UARTRxBytesAvail                     
0000c4f9  UARTTxBytesFree                      
0000c50d  UARTPeek                             
0000c567  UARTFlushRx                          
0000c58f  UARTFlushTx                          
0000c5cd  UARTEchoSet                          
0000c605  UARTStdioIntHandler                  
0000cb79  ustrncpy                             
0000cbd1  uvsnprintf                           
0000cffb  usprintf                             
0000d02d  usnprintf                            
0000d05d  ulocaltime                           
0000d25b  umktime                              
0000d2d1  ustrtoul                             
0000d409  ustrtof                              
0000d641  ustrlen                              
0000d663  ustrstr                              
0000d699  ustrncasecmp                         
0000d73d  ustrcasecmp                          
0000d751  ustrncmp                             
0000d7b1  ustrcmp                              
0000d7c5  usrand                               
0000d7d5  urand                                
0000d85f  GPIODirModeSet                       
0000d8bb  GPIODirModeGet                       
0000d907  GPIOIntTypeSet                       
0000d9ab  GPIOIntTypeGet                       
0000da49  GPIOPadConfigSet                     
0000dc87  GPIOPadConfigGet                     
0000ddd9  GPIOIntEnable                        
0000ddf3  GPIOIntDisable                       
0000de0d  GPIOIntStatus                        
0000de2f  GPIOIntClear                         
0000de43  GPIOIntRegister                      
0000de61  GPIOIntUnregister                    
0000de7b  GPIOPinRead                          
0000de93  GPIOPinWrite                         
0000deb3  GPIOPinTypeADC                       
0000ded7  GPIOPinTypeCAN                       
0000defb  GPIOPinTypeComparator                
0000df1f  GPIOPinTypeEPI                       
0000df43  GPIOPinTypeEthernetLED               
0000df67  GPIOPinTypeEthernetMII               
0000df8b  GPIOPinTypeGPIOInput                 
0000dfaf  GPIOPinTypeGPIOOutput                
0000dfd3  GPIOPinTypeGPIOOutputOD              
0000dff7  GPIOPinTypeI2C                       
0000e01b  GPIOPinTypeI2CSCL                    
0000e03f  GPIOPinTypeLCD                       
0000e063  GPIOPinTypeLPC                       
0000e087  GPIOPinTypePECIRx                    
0000e0ab  GPIOPinTypePECITx                    
0000e0cf  GPIOPinTypePWM                       
0000e0f3  GPIOPinTypeQEI                       
0000e117  GPIOPinTypeSSI                       
0000e13b  GPIOPinTypeTimer                     
0000e15f  GPIOPinTypeUART                      
0000e183  GPIOPinTypeUSBAnalog                 
0000e1a7  GPIOPinTypeUSBDigital                
0000e1cb  GPIOPinTypeWakeHigh                  
0000e1f1  GPIOPinTypeWakeLow                   
0000e217  GPIOPinTypeKBRow                     
0000e23b  GPIOPinTypeKBColumn                  
0000e25f  GPIOPinTypeLEDSeq                    
0000e283  GPIOPinTypeCIR                       
0000e2a7  GPIOPinWakeStatus                    
0000e2b7  GPIOPinConfigure                     
0000e315  GPIODMATriggerEnable                 
0000e333  GPIODMATriggerDisable                
0000e351  GPIOADCTriggerEnable                 
0000e36f  GPIOADCTriggerDisable                
0000e395  xQueueGenericReset                   
0000e431  xQueueGenericCreate                  
0000e4a5  xQueueCreateMutex                    
[...]
0000ed0f  vQueueWaitForMessageRestricted       
0000f369  USBHHubMain                          
0000f595  USBHHubEnumerationComplete           
0000f5b7  USBHHubEnumerationError              
0000f5d9  USBHHubOpen                          
0000f5f1  USBHHubClose                         
0000f605  USBHHubInit                          
0000f633  USBHHubLPMSleep                      
0000f641  USBHHubLPMStatus                     
0000f6df  ADCIntRegister                       
0000f707  ADCIntUnregister                     
0000f725  ADCIntDisable                        
0000f741  ADCIntEnable                         
0000f767  ADCIntStatus                         
0000f7bf  ADCIntClear                          
0000f7d5  ADCSequenceEnable                    
0000f7ef  ADCSequenceDisable                   
0000f809  ADCSequenceConfigure                 
0000f88d  ADCSequenceStepConfigure             
0000f981  ADCSequenceOverflow                  
0000f999  ADCSequenceOverflowClear             
0000f9af  ADCSequenceUnderflow                 
0000f9c7  ADCSequenceUnderflowClear            
0000f9dd  ADCSequenceDataGet                   
0000fa1f  ADCProcessorTrigger                  
0000fa43  ADCSoftwareOversampleConfigure       
0000fa7b  ADCSoftwareOversampleStepConfigure   
0000fb3b  ADCSoftwareOversampleDataGet         
0000fba9  ADCHardwareOversampleConfigure       
0000fbdb  ADCComparatorConfigure               
0000fbf7  ADCComparatorRegionSet               
0000fc1b  ADCComparatorReset                   
0000fc61  ADCComparatorIntDisable              
0000fc7f  ADCComparatorIntEnable               
0000fc9d  ADCComparatorIntStatus               
0000fcab  ADCComparatorIntClear                
0000fcbd  ADCIntDisableEx                      
0000fcd5  ADCIntEnableEx                       
0000fcf1  ADCIntStatusEx                       
0000fd23  ADCIntClearEx                        
0000fd3b  ADCReferenceSet                      
0000fd57  ADCReferenceGet                      
0000fd69  ADCPhaseDelaySet                     
0000fd7b  ADCPhaseDelayGet                     
0000fd89  ADCSequenceDMAEnable                 
0000fda5  ADCSequenceDMADisable                
0000fdc1  ADCBusy                              
0000fddf  ADCClockConfigSet                    
0000fe09  ADCClockConfigGet                    
0000febf  TimerEnable                          
0000fedd  TimerDisable                         
0000fefb  TimerConfigure                       
0000ff77  TimerControlLevel                    
0000ffad  TimerControlTrigger                  
0001001b  TimerControlEvent                    
00010045  TimerControlStall                    
0001007b  TimerControlWaitOnTrigger            
000100db  TimerRTCEnable                       
000100f1  TimerRTCDisable                      
0001011d  TimerClockSourceSet                  
00010139  TimerClockSourceGet                  
00010149  TimerPrescaleSet                     
00010173  TimerPrescaleGet                     
0001018f  TimerPrescaleMatchSet                
000101bd  TimerPrescaleMatchGet                
000101d9  TimerLoadSet                         
00010203  TimerLoadGet                         
0001021f  TimerLoadSet64                       
0001023f  TimerLoadGet64                       
00010271  TimerValueGet                        
0001028d  TimerValueGet64                      
000102bf  TimerMatchSet                        
000102e9  TimerMatchGet                        
00010305  TimerMatchSet64                      
00010325  TimerMatchGet64                      
00010357  TimerIntRegister                     
0001037f  TimerIntUnregister                   
0001039d  TimerIntEnable                       
000103b5  TimerIntDisable                      
000103cd  TimerIntStatus                       
000103eb  TimerIntClear                        
000103fd  TimerSynchronize                     
0001040f  TimerADCEventSet                     
00010421  TimerADCEventGet                     
0001042f  TimerDMAEventSet                     
00010441  TimerDMAEventGet                     
0001044f  TimerUpdateMode                      
000104a5  xTimerCreateTimerTask                
000104df  xTimerCreate                         
00010533  xTimerGenericCommand                 
000105a1  pcTimerGetTimerName                  
0001095d  xTimerIsTimerActive                  
00010989  pvTimerGetTimerID                    
000109a1  xTimerPendFunctionCallFromISR        
000109d7  xTimerPendFunctionCall               
00010a25  Cmd_cpu                              
00010a4f  Cmd_free                             
00010a65  Cmd_tasks                            
00010ae1  Cmd_stats                            
00010b19  Cmd_help                             
00010b51  Cmd_traza                            
00010bc1  Cmd_radio                            
00010c67  Cmd_timesim                          
00010e29  vUARTTask                            
00011015  USBStackModeSet                      
00011051  USB0DualModeIntHandler               
0001109d  USBDualModeInit                      
0001110d  USBDualModeTerm                      
00011141  USBOTGModeTerm                       
0001117b  USBOTGModeInit                       
00011271  USBOTGPollRate                       
00011299  USB0OTGModeIntHandler                
0001137f  OTGDeviceDisconnect                  
000113a5  USBOTGMain                           
00011441  USBOTGFeatureSet                     
00011755  USBBufferInit                        
00011777  USBBufferZeroLengthPacketInsert      
000117a7  USBBufferInfoGet                     
000117d9  USBBufferDataWritten                 
000117f9  USBBufferDataRemoved                 
00011813  USBBufferCallbackDataSet             
0001182d  USBBufferWrite                       
00011871  USBBufferFlush                       
00011883  USBBufferRead                        
000118c1  USBBufferDataAvailable               
000118d3  USBBufferSpaceAvailable              
000118e5  USBBufferEventCallback               
00011961  RGBBlinkIntHandler                   
0001198f  RGBInit                              
00011a7b  RGBEnable                            
00011b33  RGBDisable                           
00011b91  RGBSet                               
00011ba9  RGBColorSet                          
00011c59  RGBIntensitySet                      
00011c6d  RGBBlinkRateSet                      
00011d01  RGBColorGet                          
00011d95  xEventGroupCreate                    
00011db5  xEventGroupSync                      
00011e87  xEventGroupWaitBits                  
00011f71  xEventGroupClearBits                 
00011f9d  xEventGroupClearBitsFromISR          
00011fb5  xEventGroupGetBitsFromISR            
00011fdd  xEventGroupSetBits                   
000120a5  vEventGroupDelete                    
000120d9  vEventGroupSetBitsCallback           
000120e9  vEventGroupClearBitsCallback         
0001212f  xEventGroupSetBitsFromISR            
0001214f  uxEventGroupGetNumber                
0001217b  IntMasterEnable                      
0001218b  IntMasterDisable                     
0001219b  IntRegister                          
000121ed  IntUnregister                        
00012201  IntPriorityGroupingSet               
0001221b  IntPriorityGroupingGet               
00012253  IntPrioritySet                       
000122a3  IntPriorityGet                       
000122c7  IntEnable                            
00012339  IntDisable                           
000123ab  IntIsEnabled                         
00012431  IntPendSet                           
000124a1  IntPendClear                         
000124ef  IntPriorityMaskSet                   
000124fb  IntPriorityMaskGet                   
00012503  IntTrigger                           
000125ff  USBDeviceConfig                      
000127f5  USBDeviceConfigAlternate             
000128c1  frame_stuffing                       
00012961  frame_DeStuffing                     
00012a01  add_checksum_and_stuff               
00012a73  destuff_and_check_checksum           
00012ac7  create_frame                         
00012b4b  receive_frame                        
00012ba5  send_frame                           
00012c43  USBRingBufFull                       
00012c7d  USBRingBufEmpty                      
00012ca7  USBRingBufFlush                      
00012cc7  USBRingBufUsed                       
00012cf9  USBRingBufFree                       
00012d0f  USBRingBufContigUsed                 
00012d3d  USBRingBufContigFree                 
00012d79  USBRingBufSize                       
00012d87  USBRingBufReadOne                    
00012dad  USBRingBufRead                       
00012de3  USBRingBufAdvanceRead                
00012e11  USBRingBufAdvanceWrite               
00012e6d  USBRingBufWriteOne                   
00012e93  USBRingBufWrite                      
00012ec9  USBRingBufInit                       
00012fbf  USBDCDConfigDescGetSize              
00012ff7  USBDCDConfigDescGetNum               
00013045  USBDCDConfigDescGet                  
000130d3  USBDCDConfigGetNumAlternateInterfaces
00013127  USBDCDConfigGetInterface             
0001315d  USBDCDConfigGetInterfaceEndpoint     
00013211  USBControlHandler                    
0001329b  USBTxHandler                         
000132ff  USBRxHandler                         
00013355  UsbSerialInit                        
000133e5  xUSBSerialGetChar                    
000133fb  xUSBSerialPutChar                    
00013479  _Sin                                 
0001370d  pxPortInitialiseStack                
0001376b  xPortStartScheduler                  
000137a1  vPortEndScheduler                    
000137a3  vPortEnterCritical                   
000137bb  vPortExitCritical                    
000137d3  xPortSysTickHandler                  
000137ef  vPortSuppressTicksAndSleep           
0001393d  vPortSetupTimerInterrupt             
00013999  _Exp                                 
00013b95  __aeabi_uldivmod                     
00013d89  pvPortMalloc                         
00013e97  vPortFree                            
00013ef9  xPortGetFreeHeapSize                 
00013eff  vPortInitialiseBlocks                
00013f5d  USBDescGetNum                        
00013fb9  USBDescGet                           
00014023  USBDescGetNumAlternateInterfaces     
000140dd  USBDescGetInterface                  
0001410b  USBDescGetInterfaceEndpoint          
0001412f  __aeabi_dsub                         
00014139  __aeabi_dadd                         
000142e5  fmod                                 
00014459  __aeabi_ddiv                         
0001458f  vListInitialise                      
000145bf  vListInitialiseItem                  
000145cf  vListInsertEnd                       
0001460b  vListInsert                          
00014671  uxListRemove                         
000146b9  ButtonsPoll                          
0001475f  ButtonsInit                          
000147e1  _Dscale                              
000148f1  __aeabi_dmul                         
000149ed  CPUUsageTick                         
00014a2b  CPUUsageInit                         
00014add  InternalUSBTickInit                  
00014b1b  InternalUSBTickReset                 
00014b23  InternalUSBRegisterTickHandler       
00014b73  InternalUSBStartOfFrameTick          
00014bcd  xPortPendSVHandler                   
00014c2b  ulPortSetInterruptMask               
00014c41  vPortClearInterruptMask              
00014c47  vPortSVCHandler                      
00014c65  vPortStartFirstTask                  
00014c83  vPortEnableVFP                       
00014c95  vPortGetIPSR                         
00014c9b  ULPIConfigSet                        
00014d3d  ULPIPowerTransceiver                 
00014d63  _Dnorm                               
00014e21  CmdLineProcess                       
00014ecd  __aeabi_memcpy                       
00014ecd  __aeabi_memcpy4                      
00014ecd  __aeabi_memcpy8                      
00014ecd  memcpy                               
00014f69  exp                                  
00014ff9  __aeabi_cdcmpeq                      
00014ff9  __aeabi_cdcmple                      
0001507f  __aeabi_cdrcmple                     
00015105  __aeabi_memclr                       
00015105  __aeabi_memclr4                      
00015105  __aeabi_memclr8                      
00015107  __aeabi_memset                       
00015107  __aeabi_memset4                      
00015107  __aeabi_memset8                      
0001510d  memset                               
00015181  __TI_auto_init                       
00015259  create_checksum                      
000152c1  _Dunscale                            
00015329  vConfigureTimerForRunTimeStats       
0001538d  sprintf                              
000153ed  ltoa                                 
00015443  ldexp                                
00015495  _c_int00                             
000154e5  __aeabi_f2ulz                        
00015535  atoi                                 
00015581  copy_in                              
000155cd  __aeabi_d2f                          
00015617  __aeabi_d2iz                         
00015661  C$$EXIT                              
00015665  abort                                
0001566d  exit                                 
000156a5  __aeabi_d2uiz                        
000156e9  signal                               
00015729  __aeabi_uidiv                        
00015729  __aeabi_uidivmod                     
00015769  CPUcpsid                             
00015775  CPUprimask                           
0001577f  CPUcpsie                             
0001578b  CPUwfi                               
0001578f  CPUbasepriSet                        
0001579d  CPUbasepriGet                        
000157a7  __aeabi_f2d                          
000157e1  feraiseexcept                        
00015815  _Dclass                              
00015845  _Feraise                             
00015875  __aeabi_i2d                          
000158a3  raise                                
000158d1  ResetISR                             
000158fd  frexp                                
00015927  strncmp                              
0001594d  GetOverflowCounts                    
00015971  USB0DeviceIntHandler                 
00015995  memcmp                               
000159b7  __aeabi_ui2d                         
000159d7  memccpy                              
000159f3  sin                                  
00015a0d  _args_main                           
00015a25  strcmp                               
00015a3d  strchr                               
00015a55  _register_unlock                     
00015a5b  _register_lock                       
00015a63  _nop                                 
00015a69  strcpy                               
00015a7d  strlen                               
00015a91  __TI_decompress_none                 
00015a9f  __TI_zero_init                       
00015aab  SysCtlDelay                          
00015ab1  __TI_decompress_rle24                
00015ab7  _system_pre_init                     
00015f44  _ctypes_                             
00016540  g_sCDCSerConfigSection               
00016548  g_sIADSerConfigSection               
00016550  g_sCDCSerCommInterfaceSection        
00016558  g_sCDCSerDataInterfaceSection        
00016560  g_sCDCSerConfigHeader                
00016568  g_sCDCCompSerConfigHeader            
00016570  g_ppCDCSerConfigDescriptors          
00016574  g_pCDCCompSerConfigDescriptors       
00016578  g_pui8ConfigString                   
00016614  g_sCDCHandlers                       
00016674  g_pui8ControlInterfaceString         
000166c8  g_pui8ManufacturerString             
000166ec  g_sRxBuffer                          
00016710  g_sTxBuffer                          
00016734  g_pui8CDCSerCommInterface            
00016757  g_pui8ProductString                  
00016798  g_ppui8StringDescriptors             
000167b0  g_pui8CDCSerDataInterface            
000167c7  g_pui8LangDescriptor                 
000167cb  g_pui8SerialNumberString             
000169ec  __TI_Handler_Table_Base              
000169f8  __TI_Handler_Table_Limit             
00016a08  __TI_CINIT_Base                      
00016a20  __TI_CINIT_Limit                     
20000000  g_pfnRAMVectors                      
20006188  g_pui8USBRxBuffer                    
20006288  g_pui8USBTxBuffer                    
200064a4  g_psDCDInst                          
200064f4  xQueueRegistry                       
200065c8  g_pfnTickHandlers                    
20006610  g_pui8RxBufferWorkspace              
20006628  g_pui8TxBufferWorkspace              
20006640  g_pvTickInstance                     
200066e4  color                                
200066fc  ejes                                 
20006720  g_ppsDevInfo                         
20006728  g_ui32CPUUsage                       
20006740  g_ui32PollRate                       
20006750  g_ulSystemClock                      
20006754  g_xRxLineSemaphore                   
20006758  potQueue                             
20006770  velocidadQueue                       
2000677c  xTrazaEventGroup                     
20006781  g_eOTGModeState                      
20006838  _Denorm                              
20006848  _Eps                                 
20006858  _Hugeval                             
20006868  _Inf                                 
20006878  _Nan                                 
20006888  _Snan                                
20006898  _Rteps                               
200068a8  _Xbig                                
200068b0  _Zero                                
200068b8  g_psCmdTable                         
20006930  g_sCDCDevice                         
20006990  g_pui8CDCSerDeviceDescriptor         
200069a2  g_pui8CDCSerDescriptor               
200069ab  g_pui8IADSerDescriptor               
200069b4  g_psCDCSerSections                   
200069c0  g_psCDCCompSerSections               
200069d0  SendSemaphore                        
200069d4  EjesSemaphore                        
200069d8  PilotoQuitarSemaphore                
200069dc  sensorTaskHandle                     
200069e0  consumoTaskHandle                    
200069e4  PilautTaskHandle                     
200069e8  velocidad                            
200069f0  combustible                          
200069f8  hora                                 
20006a00  altitud                              
20006a08  tiempoSim                            
20006a0c  pilotoAutomatico                     
20006a10  pxCurrentTCB                         
20006ad4  g_ulUARTTxCount                      
20006ad8  g_ulUARTRxCount                      
20006ae4  g_bUSBTimerInitialized               
20006ae8  g_ui32CurrentUSBTick                 
20006aec  g_ui32USBSOFCount                    
20006af0  g_iUSBMode                           
20006af4  g_ui32WaitTicks                      
20006b04  _lock                                
20006b08  _unlock                              
20006b0c  __TI_cleanup_ptr                     
20006b10  __TI_dtors_ptr                       
20006b14  _Fenv                                
20006b18  _Tls_setup__Fenv                     
20006b30  _Errno                               
20006b34  main_func_sp                         
20006b3c  __stack                              
20006d3c  __STACK_END                          
20006d3c  __STACK_TOP                          
ffffffff  __binit__                            
ffffffff  __c_args__                           
ffffffff  binit                                
UNDEFED   SHT$$INIT_ARRAY$$Base                
UNDEFED   SHT$$INIT_ARRAY$$Limit               

[817 symbols]
