******************************************************************************
                  TI ARM Linker PC v5.2.4                      
******************************************************************************
>> Linked Mon May 11 01:15:40 2015

OUTPUT FILE NAME:   <base-practica_TIVA.out>
ENTRY POINT SYMBOL: "_c_int00"  address: 000157e5


MEMORY CONFIGURATION

         name            origin    length      used     unused   attr    fill
----------------------  --------  ---------  --------  --------  ----  --------
  FLASH                 00000000   00040000  00016dba  00029246  R  X
  SRAM                  20000000   00008000  00006d3a  000012c6  RW X


SEGMENT ALLOCATION MAP

run origin  load origin   length   init length attrs members
----------  ----------- ---------- ----------- ----- -------
00000000    00000000    00016dc0   00016dc0    r-x
  00000000    00000000    0000026c   0000026c    r-- .intvecs
  0000026c    0000026c    00015bea   00015bea    r-x .text
  00015e58    00015e58    00000d74   00000d74    r-- .const
  00016bd0    00016bd0    000001f0   000001f0    r-- .cinit
20000000    20000000    00006d40   00000000    rw-
  20000000    20000000    0000026c   00000000    rw- .vtable
  2000026c    2000026c    00006516   00000000    rw- .bss
  20006788    20006788    000003b8   00000000    rw- .data
  20006b40    20006b40    00000200   00000000    rw- .stack


SECTION ALLOCATION MAP

 output                                  attributes/
section   page    origin      length       input sections
--------  ----  ----------  ----------   ----------------
.intvecs   0    00000000    0000026c     
                  00000000    0000026c     startup_ccs.obj (.intvecs)

.text      0    0000026c    00015bea     
                  0000026c    00002dac     usbhostenum.obj (.text)
                  00003018    00001acc     tasks.obj (.text)
                  00004ae4    000015ba     usb.obj (.text)
                  0000609e    00000002     rtsv7M4_T_le_v4SPD16_eabi.lib : i_div0.obj (.text)
                  000060a0    000012f8     usbdenum.obj (.text)
                  00007398    0000110c     main.obj (.text)
                  000084a4    000010ba     rtsv7M4_T_le_v4SPD16_eabi.lib : _printfi.obj (.text)
                  0000955e    00000002     --HOLE-- [fill = 0]
                  00009560    00000f20     usbdma.obj (.text)
                  0000a480    00000f00     sysctl.obj (.text)
                  0000b380    00000e0c     usbdcdc.obj (.text)
                  0000c18c    00000d3c     uartstdio.obj (.text)
                  0000cec8    00000c84     ustdlib.obj (.text)
                  0000db4c    00000b98     gpio.obj (.text)
                  0000e6e4    000009cc     queue.obj (.text)
                  0000f0b0    00000924     usbhhub.obj (.text)
                  0000f9d4    000007c4     adc.obj (.text)
                  00010198    0000065a     timer.obj (.text)
                  000107f2    00000002     --HOLE-- [fill = 0]
                  000107f4    00000580     timers.obj (.text)
                  00010d74    00000570     commands.obj (.text)
                  000112e4    00000510     usbmode.obj (.text)
                  000117f4    000004ba     usbbuffer.obj (.text)
                  00011cae    00000002     --HOLE-- [fill = 0]
                  00011cb0    00000434     rgb.obj (.text)
                  000120e4    000003e4     event_groups.obj (.text)
                  000124c8    000003c0     interrupt.obj (.text)
                  00012888    00000388     usbdconfig.obj (.text)
                  00012c10    00000338     protocol.obj (.text)
                  00012f48    000002f4     usbringbuf.obj (.text)
                  0001323c    000002de     usbdcdesc.obj (.text)
                  0001351a    00000002     --HOLE-- [fill = 0]
                  0001351c    000002ac     usb_dev_serial.obj (.text)
                  000137c8    00000294     rtsv7M4_T_le_v4SPD16_eabi.lib : xsin.obj (.text)
                  00013a5c    0000028c     port.obj (.text)
                  00013ce8    000001fc     rtsv7M4_T_le_v4SPD16_eabi.lib : xexp.obj (.text)
                  00013ee4    000001f4                                   : ull_div_t2.obj (.text)
                  000140d8    000001d4     heap_2.obj (.text)
                  000142ac    000001d2     usbdesc.obj (.text)
                  0001447e    000001b6     rtsv7M4_T_le_v4SPD16_eabi.lib : fd_add_t2.obj (.text)
                  00014634    00000174                                   : fmod.obj (.text)
                  000147a8    00000136                                   : fd_div_t2.obj (.text)
                  000148de    0000012a     list.obj (.text)
                  00014a08    00000128     buttons.obj (.text)
                  00014b30    00000110     rtsv7M4_T_le_v4SPD16_eabi.lib : xdscale.obj (.text)
                  00014c40    000000fc                                   : fd_mul_t2.obj (.text)
                  00014d3c    000000f0     cpu_usage.obj (.text)
                  00014e2c    000000ec     usbtick.obj (.text)
                  00014f18    000000d2     portasm.obj (.text)
                  00014fea    000000c8     usbulpi.obj (.text)
                  000150b2    000000be     rtsv7M4_T_le_v4SPD16_eabi.lib : xdnorm.obj (.text)
                  00015170    000000ac     cmdline.obj (.text)
                  0001521c    0000009c     rtsv7M4_T_le_v4SPD16_eabi.lib : memcpy_t2.obj (.text)
                  000152b8    00000090                                   : exp.obj (.text)
                  00015348    00000086                                   : fd_cmp_t2.obj (.text:__aeabi_cdcmple)
                  000153ce    00000086                                   : fd_cmp_t2.obj (.text:__aeabi_cdrcmple)
                  00015454    0000007a                                   : memset_t2.obj (.text)
                  000154ce    00000002     --HOLE-- [fill = 0]
                  000154d0    0000006c                                   : autoinit.obj (.text)
                  0001553c    0000006a                                   : copy_decompress_rle.obj (.text)
                  000155a6    00000002     --HOLE-- [fill = 0]
                  000155a8    00000068     crc.obj (.text)
                  00015610    00000066     rtsv7M4_T_le_v4SPD16_eabi.lib : xdunscal.obj (.text)
                  00015676    00000002     --HOLE-- [fill = 0]
                  00015678    00000064     RunTimeStatsConfig.obj (.text)
                  000156dc    00000060     rtsv7M4_T_le_v4SPD16_eabi.lib : sprintf.obj (.text)
                  0001573c    00000056                                   : ltoa.obj (.text)
                  00015792    00000052                                   : ldexp.obj (.text)
                  000157e4    00000050                                   : boot.obj (.text)
                  00015834    00000050                                   : fs_toull_t2.obj (.text)
                  00015884    0000004c                                   : atoi.obj (.text)
                  000158d0    0000004c                                   : cpy_tbl.obj (.text)
                  0001591c    0000004c                                   : rand.obj (.text)
                  00015968    0000004a                                   : fd_tos_t2.obj (.text)
                  000159b2    00000048                                   : fd_toi_t2.obj (.text)
                  000159fa    00000002     --HOLE-- [fill = 0]
                  000159fc    00000044                                   : exit.obj (.text)
                  00015a40    00000044                                   : fd_tou_t2.obj (.text)
                  00015a84    00000040                                   : signal.obj (.text)
                  00015ac4    00000040                                   : u_divt2.obj (.text)
                  00015b04    0000003e     cpu.obj (.text)
                  00015b42    00000038     rtsv7M4_T_le_v4SPD16_eabi.lib : fs_tod_t2.obj (.text)
                  00015b7a    00000002     --HOLE-- [fill = 0]
                  00015b7c    00000034                                   : feraiseexcept.obj (.text)
                  00015bb0    00000030                                   : xdclass.obj (.text)
                  00015be0    00000030                                   : xferaise.obj (.text)
                  00015c10    0000002e                                   : i_tofd_t2.obj (.text)
                  00015c3e    0000002e                                   : raise.obj (.text)
                  00015c6c    0000002c     startup_ccs.obj (.text)
                  00015c98    0000002a     rtsv7M4_T_le_v4SPD16_eabi.lib : frexp.obj (.text)
                  00015cc2    00000026                                   : strncmp.obj (.text)
                  00015ce8    00000024     RunTimeStatsConfig.obj (.text:GetOverflowCounts)
                  00015d0c    00000024     usbdhandler.obj (.text)
                  00015d30    00000022     rtsv7M4_T_le_v4SPD16_eabi.lib : memcmp.obj (.text)
                  00015d52    00000020                                   : u_tofd_t2.obj (.text)
                  00015d72    0000001c                                   : memccpy.obj (.text)
                  00015d8e    0000001a                                   : sin.obj (.text)
                  00015da8    00000018                                   : args_main.obj (.text)
                  00015dc0    00000018                                   : strcmp.obj (.text)
                  00015dd8    00000016                                   : strchr.obj (.text)
                  00015dee    00000002     --HOLE-- [fill = 0]
                  00015df0    00000014                                   : _lock.obj (.text)
                  00015e04    00000014                                   : strcpy.obj (.text)
                  00015e18    00000014                                   : strlen.obj (.text)
                  00015e2c    0000000e                                   : copy_decompress_none.obj (.text:decompress:none)
                  00015e3a    0000000c                                   : copy_zero_init.obj (.text:decompress:ZI)
                  00015e46    00000006     sysctl.obj (.text:SysCtlDelay)
                  00015e4c    00000006     rtsv7M4_T_le_v4SPD16_eabi.lib : copy_decompress_rle.obj (.text:decompress:rle24)
                  00015e52    00000004                                   : pre_init.obj (.text)

.const     0    00015e58    00000d74     
                  00015e58    00000200     crc.obj (.const:crctttab)
                  00016058    00000162     commands.obj (.const:.string)
                  000161ba    00000002     heap_2.obj (.const)
                  000161bc    00000120     sysctl.obj (.const:g_pppui32XTALtoVCO)
                  000162dc    00000101     rtsv7M4_T_le_v4SPD16_eabi.lib : ctype.obj (.const:.string:_ctypes_)
                  000163dd    00000003     --HOLE-- [fill = 0]
                  000163e0    000000c0     gpio.obj (.const:g_ppui32GPIOIntMapBlizzard)
                  000164a0    000000c0     gpio.obj (.const:g_ppui32GPIOIntMapSnowflake)
                  00016560    0000009c     interrupt.obj (.const:g_pui32Regs)
                  000165fc    00000090     gpio.obj (.const:g_pui32GPIOBaseAddrs)
                  0001668c    00000004     --HOLE-- [fill = 0]
                  00016690    00000080     rtsv7M4_T_le_v4SPD16_eabi.lib : xsin.obj (.const)
                  00016710    00000070     interrupt.obj (.const)
                  00016780    0000006c     sysctl.obj (.const:g_pui32Xtals)
                  000167ec    00000060     timer.obj (.const:g_ppui32TimerIntMap)
                  0001684c    00000004     --HOLE-- [fill = 0]
                  00016850    00000048     rtsv7M4_T_le_v4SPD16_eabi.lib : xexp.obj (.const)
                  00016898    00000040     timer.obj (.const:g_ppui32TimerIntMapSnowflake)
                  000168d8    00000038     usbdcdc.obj (.const)
                  00016910    00000036     usb_serial_structs.obj (.const:.string:g_pui8ConfigString)
                  00016946    00000002     --HOLE-- [fill = 0]
                  00016948    00000034     usbdenum.obj (.const:g_psUSBDStdRequests)
                  0001697c    00000030     ustdlib.obj (.const:g_psDaysToMonth)
                  000169ac    00000030     usbdcdc.obj (.const:g_sCDCHandlers)
                  000169dc    00000030     sysctl.obj (.const:g_sXTALtoMEMTIM)
                  00016a0c    0000002c     usb_serial_structs.obj (.const:.string:g_pui8ControlInterfaceString)
                  00016a38    00000028     uartstdio.obj (.const)
                  00016a60    00000024     usb_serial_structs.obj (.const:.string:g_pui8ManufacturerString)
                  00016a84    00000024     usb_serial_structs.obj (.const:g_sRxBuffer)
                  00016aa8    00000024     usb_serial_structs.obj (.const:g_sTxBuffer)
                  00016acc    00000023     usbdcdc.obj (.const:.string:g_pui8CDCSerCommInterface)
                  00016aef    00000022     usb_serial_structs.obj (.const:.string:g_pui8ProductString)
                  00016b11    00000003     --HOLE-- [fill = 0]
                  00016b14    0000001c     ustdlib.obj (.const)
                  00016b30    00000018     usb_serial_structs.obj (.const)
                  00016b48    00000017     usbdcdc.obj (.const:.string)
                  00016b5f    00000016     usb_serial_structs.obj (.const:.string)
                  00016b75    00000014     tasks.obj (.const:.string)
                  00016b89    00000003     --HOLE-- [fill = 0]
                  00016b8c    00000012     uartstdio.obj (.const:.string)
                  00016b9e    00000002     --HOLE-- [fill = 0]
                  00016ba0    00000012     ustdlib.obj (.const:.string)
                  00016bb2    00000002     --HOLE-- [fill = 0]
                  00016bb4    00000008     gpio.obj (.const)
                  00016bbc    00000008     sysctl.obj (.const)
                  00016bc4    00000008     timer.obj (.const)

.cinit     0    00016bd0    000001f0     
                  00016bd0    000001b7     (.cinit..data.load) [load image, compression = rle]
                  00016d87    00000001     --HOLE-- [fill = 0]
                  00016d88    0000000c     (__TI_handler_table)
                  00016d94    00000004     --HOLE-- [fill = 0]
                  00016d98    00000008     (.cinit..bss.load) [load image, compression = zero_init]
                  00016da0    00000008     (.cinit..vtable.load) [load image, compression = zero_init]
                  00016da8    00000018     (__TI_cinit_table)

.init_array 
*          0    00000000    00000000     UNINITIALIZED

.vtable    0    20000000    0000026c     UNINITIALIZED
                  20000000    0000026c     interrupt.obj (.vtable)

.bss       0    2000026c    00006516     UNINITIALIZED
                  2000026c    00005000     heap_2.obj (.bss:ucHeap)
                  2000526c    000006cc     usbhostenum.obj (.bss:g_sUSBHCD)
                  20005938    00000400     uartstdio.obj (.bss:g_pcUARTTxBuffer)
                  20005d38    00000200     uartstdio.obj (.bss:g_pcUARTRxHistoryBuffer)
                  20005f38    00000140     tasks.obj (.bss:pxReadyTasksLists)
                  20006078    00000110     usbdma.obj (.bss:g_psUSBDMAInst)
                  20006188    00000100     usb_serial_structs.obj (.bss:g_pui8USBRxBuffer)
                  20006288    00000100     usb_serial_structs.obj (.bss:g_pui8USBTxBuffer)
                  20006388    0000009c     usbhhub.obj (.bss:g_sRootHub)
                  20006424    00000080     uartstdio.obj (.bss:g_pcUARTRxBuffer)
                  200064a4    00000050     usbdenum.obj (.bss:g_psDCDInst)
                  200064f4    00000050     queue.obj (.bss:xQueueRegistry)
                  20006544    00000040     usbdenum.obj (.bss:g_pui8DataBufferIn)
                  20006584    00000024     cmdline.obj (.bss:g_ppcArgv)
                  200065a8    00000020     (.common:g_usUARTRxHistoryOffset)
                  200065c8    00000018     (.common:g_pfnTickHandlers)
                  200065e0    00000018     (.common:g_pi32USBHActiveDriver)
                  200065f8    00000018     (.common:g_ppvDriverInstance)
                  20006610    00000018     (.common:g_pui8RxBufferWorkspace)
                  20006628    00000018     (.common:g_pui8TxBufferWorkspace)
                  20006640    00000018     (.common:g_pvTickInstance)
                  20006658    00000014     (.common:xActiveTimerList1)
                  2000666c    00000014     (.common:xActiveTimerList2)
                  20006680    00000014     (.common:xDelayedTaskList1)
                  20006694    00000014     (.common:xDelayedTaskList2)
                  200066a8    00000014     (.common:xPendingReadyList)
                  200066bc    00000014     (.common:xSuspendedTaskList)
                  200066d0    00000014     (.common:xTasksWaitingTermination)
                  200066e4    0000000c     (.common:color)
                  200066f0    0000000c     (.common:g_ui32Colors)
                  200066fc    00000008     (.common:ejes)
                  20006704    00000008     (.common:g_pui32Alloc)
                  2000670c    00000008     (.common:xEnd)
                  20006714    00000008     (.common:xStart)
                  2000671c    00000004     (.common:g_pfnUSBModeCallback)
                  20006720    00000004     (.common:g_ppsDevInfo)
                  20006724    00000004     (.common:g_pui8OversampleFactor)
                  20006728    00000004     (.common:g_ui32CPUUsage)
                  2000672c    00000004     (.common:g_ui32CPUUsagePrevious)
                  20006730    00000004     (.common:g_ui32CPUUsageTicks)
                  20006734    00000004     (.common:g_ui32CPUUsageTimer)
                  20006738    00000004     (.common:g_ui32ChangeFlags)
                  2000673c    00000004     (.common:g_ui32HubChanges)
                  20006740    00000004     (.common:g_ui32PollRate)
                  20006744    00000004     (.common:g_ui32PortNum)
                  20006748    00000004     (.common:g_ui32ULPISupport)
                  2000674c    00000004     (.common:g_ui32ULPISupport)
                  20006750    00000004     (.common:g_ulSystemClock)
                  20006754    00000004     (.common:g_xRxLineSemaphore)
                  20006758    00000004     (.common:potQueue)
                  2000675c    00000004     (.common:pxCurrentTimerList)
                  20006760    00000004     (.common:pxDelayedTaskList)
                  20006764    00000004     (.common:pxOverflowDelayedTaskList)
                  20006768    00000004     (.common:pxOverflowTimerList)
                  2000676c    00000004     (.common:ulFlags$1)
                  20006770    00000004     (.common:velocidadQueue)
                  20006774    00000004     (.common:xCharsForTx)
                  20006778    00000004     (.common:xRxedChars)
                  2000677c    00000004     (.common:xTrazaEventGroup)
                  20006780    00000001     (.common:g_bDisableEcho)
                  20006781    00000001     (.common:g_eOTGModeState)

.data      0    20006788    000003b8     UNINITIALIZED
                  20006788    000000b0     rtsv7M4_T_le_v4SPD16_eabi.lib : signal.obj (.data:sigtable)
                  20006838    00000080                                   : xvalues.obj (.data)
                  200068b8    00000078     commands.obj (.data:g_psCmdTable)
                  20006930    00000060     usb_serial_structs.obj (.data:g_sCDCDevice)
                  20006990    00000040     usbdcdc.obj (.data)
                  200069d0    0000003e     main.obj (.data)
                  20006a0e    00000002     --HOLE--
                  20006a10    00000038     tasks.obj (.data)
                  20006a48    00000030     cpu_usage.obj (.data)
                  20006a78    0000002c     usbhostenum.obj (.data)
                  20006aa4    0000001d     uartstdio.obj (.data)
                  20006ac1    00000003     buttons.obj (.data)
                  20006ac4    00000010     port.obj (.data)
                  20006ad4    00000010     usb_dev_serial.obj (.data)
                  20006ae4    0000000c     usbtick.obj (.data)
                  20006af0    00000009     usbmode.obj (.data)
                  20006af9    00000003     --HOLE--
                  20006afc    00000008     heap_2.obj (.data)
                  20006b04    00000008     rtsv7M4_T_le_v4SPD16_eabi.lib : _lock.obj (.data)
                  20006b0c    00000008                                   : exit.obj (.data)
                  20006b14    00000008                                   : feraiseexcept.obj (.data)
                  20006b1c    00000008     timers.obj (.data)
                  20006b24    00000008     usbdenum.obj (.data)
                  20006b2c    00000004     rgb.obj (.data)
                  20006b30    00000004     rtsv7M4_T_le_v4SPD16_eabi.lib : errno.obj (.data)
                  20006b34    00000004                                   : rand.obj (.data)
                  20006b38    00000004                                   : stkdepth_vars.obj (.data)
                  20006b3c    00000004     ustdlib.obj (.data)

.TI.noinit 
*          0    2000026c    00000000     UNINITIALIZED

.TI.persistent 
*          0    20006788    00000000     UNINITIALIZED

.stack     0    20006b40    00000200     UNINITIALIZED
                  20006b40    00000200     --HOLE--


LINKER GENERATED COPY TABLES

__TI_cinit_table @ 00016da8 records: 3, size/record: 8, table size: 24
	.data: load addr=00016bd0, load size=000001b7 bytes, run addr=20006788, run size=000003b8 bytes, compression=rle
	.bss: load addr=00016d98, load size=00000008 bytes, run addr=2000026c, run size=00006516 bytes, compression=zero_init
	.vtable: load addr=00016da0, load size=00000008 bytes, run addr=20000000, run size=0000026c bytes, compression=zero_init


LINKER GENERATED HANDLER TABLE

__TI_handler_table @ 00016d88 records: 3, size/record: 4, table size: 12
	index: 0, handler: __TI_zero_init
	index: 1, handler: __TI_decompress_rle24
	index: 2, handler: __TI_decompress_none


GLOBAL SYMBOLS: SORTED ALPHABETICALLY BY Name 

address   name                                 
-------   ----                                 
00010111  ADCBusy                              
00010159  ADCClockConfigGet                    
0001012f  ADCClockConfigSet                    
0000ff2b  ADCComparatorConfigure               
0000fffb  ADCComparatorIntClear                
0000ffb1  ADCComparatorIntDisable              
0000ffcf  ADCComparatorIntEnable               
0000ffed  ADCComparatorIntStatus               
0000ff47  ADCComparatorRegionSet               
0000ff6b  ADCComparatorReset                   
0000fef9  ADCHardwareOversampleConfigure       
0000fb0f  ADCIntClear                          
00010073  ADCIntClearEx                        
0000fa75  ADCIntDisable                        
0001000d  ADCIntDisableEx                      
0000fa91  ADCIntEnable                         
00010025  ADCIntEnableEx                       
00008335  ADCIntHandler                        
0000fa2f  ADCIntRegister                       
0000fab7  ADCIntStatus                         
00010041  ADCIntStatusEx                       
0000fa57  ADCIntUnregister                     
000100cb  ADCPhaseDelayGet                     
000100b9  ADCPhaseDelaySet                     
0000fd6f  ADCProcessorTrigger                  
000100a7  ADCReferenceGet                      
0001008b  ADCReferenceSet                      
0000fb59  ADCSequenceConfigure                 
000100f5  ADCSequenceDMADisable                
000100d9  ADCSequenceDMAEnable                 
0000fd2d  ADCSequenceDataGet                   
0000fb3f  ADCSequenceDisable                   
0000fb25  ADCSequenceEnable                    
0000fcd1  ADCSequenceOverflow                  
0000fce9  ADCSequenceOverflowClear             
0000fbdd  ADCSequenceStepConfigure             
0000fcff  ADCSequenceUnderflow                 
0000fd17  ADCSequenceUnderflowClear            
0000fd93  ADCSoftwareOversampleConfigure       
0000fe8b  ADCSoftwareOversampleDataGet         
0000fdcb  ADCSoftwareOversampleStepConfigure   
00008385  ButtonHandler                        
00014aaf  ButtonsInit                          
00014a09  ButtonsPoll                          
000159fd  C$$EXIT                              
00014d7b  CPUUsageInit                         
00014d3d  CPUUsageTick                         
00015b39  CPUbasepriGet                        
00015b2b  CPUbasepriSet                        
00015b05  CPUcpsid                             
00015b1b  CPUcpsie                             
00015b11  CPUprimask                           
00015b27  CPUwfi                               
00015171  CmdLineProcess                       
00010d75  Cmd_cpu                              
00010d9f  Cmd_free                             
00010e69  Cmd_help                             
00010f11  Cmd_radio                            
00010e31  Cmd_stats                            
00010db5  Cmd_tasks                            
00010fb7  Cmd_timesim                          
00010ea1  Cmd_traza                            
0000026d  ConfigDescAlloc                      
00000303  ConfigDescFree                       
200069d4  EjesSemaphore                        
0000e6bf  GPIOADCTriggerDisable                
0000e6a1  GPIOADCTriggerEnable                 
0000e683  GPIODMATriggerDisable                
0000e665  GPIODMATriggerEnable                 
0000dc0b  GPIODirModeGet                       
0000dbaf  GPIODirModeSet                       
0000e17f  GPIOIntClear                         
0000e143  GPIOIntDisable                       
0000e129  GPIOIntEnable                        
0000e193  GPIOIntRegister                      
0000e15d  GPIOIntStatus                        
0000dcfb  GPIOIntTypeGet                       
0000dc57  GPIOIntTypeSet                       
0000e1b1  GPIOIntUnregister                    
0000dfd7  GPIOPadConfigGet                     
0000dd99  GPIOPadConfigSet                     
0000e607  GPIOPinConfigure                     
0000e1cb  GPIOPinRead                          
0000e203  GPIOPinTypeADC                       
0000e227  GPIOPinTypeCAN                       
0000e5d3  GPIOPinTypeCIR                       
0000e24b  GPIOPinTypeComparator                
0000e26f  GPIOPinTypeEPI                       
0000e293  GPIOPinTypeEthernetLED               
0000e2b7  GPIOPinTypeEthernetMII               
0000e2db  GPIOPinTypeGPIOInput                 
0000e2ff  GPIOPinTypeGPIOOutput                
0000e323  GPIOPinTypeGPIOOutputOD              
0000e347  GPIOPinTypeI2C                       
0000e36b  GPIOPinTypeI2CSCL                    
0000e58b  GPIOPinTypeKBColumn                  
0000e567  GPIOPinTypeKBRow                     
0000e38f  GPIOPinTypeLCD                       
0000e5af  GPIOPinTypeLEDSeq                    
0000e3b3  GPIOPinTypeLPC                       
0000e3d7  GPIOPinTypePECIRx                    
0000e3fb  GPIOPinTypePECITx                    
0000e41f  GPIOPinTypePWM                       
0000e443  GPIOPinTypeQEI                       
0000e467  GPIOPinTypeSSI                       
0000e48b  GPIOPinTypeTimer                     
0000e4af  GPIOPinTypeUART                      
0000e4d3  GPIOPinTypeUSBAnalog                 
0000e4f7  GPIOPinTypeUSBDigital                
0000e51b  GPIOPinTypeWakeHigh                  
0000e541  GPIOPinTypeWakeLow                   
0000e5f7  GPIOPinWakeStatus                    
0000e1e3  GPIOPinWrite                         
00015ce9  GetOverflowCounts                    
00012689  IntDisable                           
00012617  IntEnable                            
000126fb  IntIsEnabled                         
000124db  IntMasterDisable                     
000124cb  IntMasterEnable                      
000127f1  IntPendClear                         
00012781  IntPendSet                           
000125f3  IntPriorityGet                       
0001256b  IntPriorityGroupingGet               
00012551  IntPriorityGroupingSet               
0001284b  IntPriorityMaskGet                   
0001283f  IntPriorityMaskSet                   
000125a3  IntPrioritySet                       
000124eb  IntRegister                          
00012853  IntTrigger                           
0001253d  IntUnregister                        
000023d9  InternalUSBHCDSendEvent              
00014e73  InternalUSBRegisterTickHandler       
00014ec3  InternalUSBStartOfFrameTick          
00014e2d  InternalUSBTickInit                  
00014e6b  InternalUSBTickReset                 
000116cf  OTGDeviceDisconnect                  
200069e4  PilautTaskHandle                     
200069d8  PilotoQuitarSemaphore                
0000b5c9  ProcessDataFromHost                  
0000b6d9  ProcessDataToHost                    
0000b677  ProcessNotificationToHost            
00011cb1  RGBBlinkIntHandler                   
00011fbd  RGBBlinkRateSet                      
00012051  RGBColorGet                          
00011ef9  RGBColorSet                          
00011e83  RGBDisable                           
00011dcb  RGBEnable                            
00011cdf  RGBInit                              
00011fa9  RGBIntensitySet                      
00011ee1  RGBSet                               
00015c6d  ResetISR                             
UNDEFED   SHT$$INIT_ARRAY$$Base                
UNDEFED   SHT$$INIT_ARRAY$$Limit               
200069d0  SendSemaphore                        
0000b31f  SysCtlAltClkConfig                   
0000aaed  SysCtlClockFreqSet                   
0000afd1  SysCtlClockGet                       
0000b303  SysCtlClockOutConfig                 
0000ae05  SysCtlClockSet                       
0000a9ed  SysCtlDeepSleep                      
0000b1a5  SysCtlDeepSleepClockConfigSet        
0000b189  SysCtlDeepSleepClockSet              
0000a9cd  SysCtlDeepSleepPowerSet              
00015e47  SysCtlDelay                          
0000a579  SysCtlFlashSectorSizeGet             
0000a54d  SysCtlFlashSizeGet                   
0000b27b  SysCtlGPIOAHBDisable                 
0000b25f  SysCtlGPIOAHBEnable                  
0000a961  SysCtlIntClear                       
0000a949  SysCtlIntDisable                     
0000a935  SysCtlIntEnable                      
0000a90d  SysCtlIntRegister                    
0000a971  SysCtlIntStatus                      
0000a925  SysCtlIntUnregister                  
0000a9b3  SysCtlLDODeepSleepGet                
0000a9a3  SysCtlLDODeepSleepSet                
0000a99d  SysCtlLDOSleepGet                    
0000a98d  SysCtlLDOSleepSet                    
0000aa23  SysCtlMOSCConfigSet                  
0000b2ef  SysCtlNMIClear                       
0000b2e9  SysCtlNMIStatus                      
0000aa39  SysCtlPIOSCCalibrate                 
0000b249  SysCtlPWMClockGet                    
0000b22f  SysCtlPWMClockSet                    
0000a8b9  SysCtlPeripheralClockGating          
0000a871  SysCtlPeripheralDeepSleepDisable     
0000a821  SysCtlPeripheralDeepSleepEnable      
0000a75d  SysCtlPeripheralDisable              
0000a721  SysCtlPeripheralEnable               
0000a65d  SysCtlPeripheralPowerOff             
0000a621  SysCtlPeripheralPowerOn              
0000a5a1  SysCtlPeripheralPresent              
0000a5e1  SysCtlPeripheralReady                
0000a699  SysCtlPeripheralReset                
0000a7e5  SysCtlPeripheralSleepDisable         
0000a7a1  SysCtlPeripheralSleepEnable          
0000a9dd  SysCtlReset                          
0000aa99  SysCtlResetBehaviorGet               
0000aa89  SysCtlResetBehaviorSet               
0000aa0f  SysCtlResetCauseClear                
0000aa09  SysCtlResetCauseGet                  
0000a543  SysCtlSRAMSizeGet                    
0000a9e5  SysCtlSleep                          
0000a9b9  SysCtlSleepPowerSet                  
0000b2a9  SysCtlUSBPLLDisable                  
0000b297  SysCtlUSBPLLEnable                   
0000b2d5  SysCtlVoltageEventClear              
0000b2b9  SysCtlVoltageEventConfig             
0000b2c9  SysCtlVoltageEventStatus             
00010771  TimerADCEventGet                     
0001075f  TimerADCEventSet                     
00010489  TimerClockSourceGet                  
0001046d  TimerClockSourceSet                  
0001024b  TimerConfigure                       
0001036b  TimerControlEvent                    
000102c7  TimerControlLevel                    
00010395  TimerControlStall                    
000102fd  TimerControlTrigger                  
000103cb  TimerControlWaitOnTrigger            
00010791  TimerDMAEventGet                     
0001077f  TimerDMAEventSet                     
0001022d  TimerDisable                         
0001020f  TimerEnable                          
0001073b  TimerIntClear                        
00010705  TimerIntDisable                      
000106ed  TimerIntEnable                       
000106a7  TimerIntRegister                     
0001071d  TimerIntStatus                       
000106cf  TimerIntUnregister                   
00010553  TimerLoadGet                         
0001058f  TimerLoadGet64                       
00010529  TimerLoadSet                         
0001056f  TimerLoadSet64                       
00010639  TimerMatchGet                        
00010675  TimerMatchGet64                      
0001060f  TimerMatchSet                        
00010655  TimerMatchSet64                      
000104c3  TimerPrescaleGet                     
0001050d  TimerPrescaleMatchGet                
000104df  TimerPrescaleMatchSet                
00010499  TimerPrescaleSet                     
00010441  TimerRTCDisable                      
0001042b  TimerRTCEnable                       
0001074d  TimerSynchronize                     
0001079f  TimerUpdateMode                      
000105c1  TimerValueGet                        
000105dd  TimerValueGet64                      
0000c91d  UARTEchoSet                          
0000c8b7  UARTFlushRx                          
0000c8df  UARTFlushTx                          
0000c85d  UARTPeek                             
0000c83b  UARTRxBytesAvail                     
0000c2a1  UARTStdioConfig                      
0000c955  UARTStdioIntHandler                  
0000c849  UARTTxBytesFree                      
0000c4b1  UARTgetc                             
0000c435  UARTgets                             
0000c817  UARTprintf                           
0000c51d  UARTvprintf                          
0000c38f  UARTwrite                            
00014feb  ULPIConfigSet                        
0001508d  ULPIPowerTransceiver                 
00015d0d  USB0DeviceIntHandler                 
000113a1  USB0DualModeIntHandler               
000022e1  USB0HostIntHandler                   
000115e9  USB0OTGModeIntHandler                
00011b63  USBBufferCallbackDataSet             
00011c11  USBBufferDataAvailable               
00011b49  USBBufferDataRemoved                 
00011b29  USBBufferDataWritten                 
00011c35  USBBufferEventCallback               
00011bc1  USBBufferFlush                       
00011af7  USBBufferInfoGet                     
00011aa5  USBBufferInit                        
00011bd3  USBBufferRead                        
00011c23  USBBufferSpaceAvailable              
00011b7d  USBBufferWrite                       
00011ac7  USBBufferZeroLengthPacketInsert      
00005cdb  USBClockDisable                      
00005cbf  USBClockEnable                       
00013561  USBControlHandler                    
00005cab  USBControllerVersion                 
0000bd3d  USBDCDCCompositeInit                 
0000be33  USBDCDCInit                          
0000bfb5  USBDCDCPacketRead                    
0000bf13  USBDCDCPacketWrite                   
0000c167  USBDCDCPowerStatusSet                
0000c17b  USBDCDCRemoteWakeupRequest           
0000c0ad  USBDCDCRxPacketAvailable             
0000c10d  USBDCDCSerialStateChange             
0000beb9  USBDCDCSetControlCBData              
0000bed7  USBDCDCSetRxCBData                   
0000bef5  USBDCDCSetTxCBData                   
0000bea1  USBDCDCTerm                          
0000c08b  USBDCDCTxPacketAvailable             
00013395  USBDCDConfigDescGet                  
00013347  USBDCDConfigDescGetNum               
0001330f  USBDCDConfigDescGetSize              
00013477  USBDCDConfigGetInterface             
000134ad  USBDCDConfigGetInterfaceEndpoint     
00013423  USBDCDConfigGetNumAlternateInterfaces
000060a1  USBDCDDeviceInfoInit                 
000063fd  USBDCDFeatureSet                     
000060f1  USBDCDInit                           
00006387  USBDCDPowerStatusSet                 
000064bd  USBDCDRemoteWakeLPM                  
000064e1  USBDCDRemoteWakeupRequest            
00006311  USBDCDRequestDataEP0                 
00006337  USBDCDSendDataEP0                    
00006359  USBDCDSetDefaultConfiguration        
0000636b  USBDCDStallEP0                       
00006299  USBDCDTerm                           
00005e13  USBDMAChannelAddressGet              
00005df7  USBDMAChannelAddressSet              
00005d7d  USBDMAChannelConfigSet               
00005e47  USBDMAChannelCountGet                
00005e2b  USBDMAChannelCountSet                
00005d5d  USBDMAChannelDisable                 
00005d3d  USBDMAChannelEnable                  
00005d0d  USBDMAChannelIntDisable              
00005ced  USBDMAChannelIntEnable               
00005d2d  USBDMAChannelIntStatus               
00005dad  USBDMAChannelStatus                  
00005dcd  USBDMAChannelStatusClear             
00005e5f  USBDMANumChannels                    
00014309  USBDescGet                           
0001442d  USBDescGetInterface                  
0001445b  USBDescGetInterfaceEndpoint          
000142ad  USBDescGetNum                        
00014373  USBDescGetNumAlternateInterfaces     
00005119  USBDevAddrGet                        
00005105  USBDevAddrSet                        
000050d9  USBDevConnect                        
000050ef  USBDevDisconnect                     
0000544f  USBDevEndpointConfigGet              
0000535d  USBDevEndpointConfigSet              
000057d9  USBDevEndpointDataAck                
00005003  USBDevEndpointStall                  
00005065  USBDevEndpointStallClear             
00004e7f  USBDevEndpointStatusClear            
00005fcb  USBDevLPMConfig                      
00005ff9  USBDevLPMDisable                     
00005fe1  USBDevLPMEnable                      
00005fb3  USBDevLPMRemoteWake                  
00005c13  USBDevMode                           
00004c45  USBDevSpeedGet                       
0001294f  USBDeviceConfig                      
00012b45  USBDeviceConfigAlternate             
0000660d  USBDeviceEnumHandler                 
00006759  USBDeviceEnumResetHandler            
000071a9  USBDeviceIntHandlerInternal          
00006515  USBDeviceResumeTickHandler           
000113ed  USBDualModeInit                      
0001145d  USBDualModeTerm                      
00005bc5  USBEndpointDMAChannel                
0000560b  USBEndpointDMAConfigSet              
000056dd  USBEndpointDMADisable                
000056a3  USBEndpointDMAEnable                 
00005717  USBEndpointDataAvail                 
0000574f  USBEndpointDataGet                   
00005849  USBEndpointDataPut                   
000058ad  USBEndpointDataSend                  
00004f9d  USBEndpointDataToggleClear           
00005c77  USBEndpointPacketCountSet            
00004e0b  USBEndpointStatus                    
00005b9b  USBFIFOAddrGet                       
000055a5  USBFIFOConfigGet                     
0000553f  USBFIFOConfigSet                     
00005905  USBFIFOFlush                         
00005b5f  USBFrameNumberGet                    
00002911  USBHCDControlTransfer                
00002d61  USBHCDDevAddress                     
00002d95  USBHCDDevClass                       
00002d39  USBHCDDevHubPort                     
00002e29  USBHCDDevProtocol                    
00002de1  USBHCDDevSubClass                    
0000041b  USBHCDEventDisable                   
000003eb  USBHCDEventEnable                    
00002e89  USBHCDFeatureSet                     
00002a6d  USBHCDHubDeviceConnected             
00002b05  USBHCDHubDeviceDisconnected          
00001491  USBHCDInit                           
00002fd3  USBHCDLPMResume                      
00002f6b  USBHCDLPMSleep                       
00002f41  USBHCDLPMStatus                      
00002509  USBHCDMain                           
00000873  USBHCDPipeAlloc                      
000005f1  USBHCDPipeAllocSize                  
000008c1  USBHCDPipeConfig                     
00000dcb  USBHCDPipeDataAck                    
00001009  USBHCDPipeFree                       
00000dfd  USBHCDPipeRead                       
00000d81  USBHCDPipeReadNonBlocking            
00000c55  USBHCDPipeSchedule                   
00000a3b  USBHCDPipeStatus                     
000005cb  USBHCDPipeTransferSizeGet            
00000a71  USBHCDPipeWrite                      
00001437  USBHCDPowerAutomatic                 
000013a7  USBHCDPowerConfigGet                 
00001395  USBHCDPowerConfigInit                
000013c5  USBHCDPowerConfigSet                 
000015ad  USBHCDRegisterDrivers                
000016b1  USBHCDReset                          
0000170d  USBHCDResume                         
000018ed  USBHCDSetAddress                     
00001a33  USBHCDSetConfig                      
00001a7b  USBHCDSetInterface                   
0000188d  USBHCDStringDescriptorGet            
000016fb  USBHCDSuspend                        
000015e1  USBHCDTerm                           
0000f941  USBHHubClose                         
0000f8e5  USBHHubEnumerationComplete           
0000f907  USBHHubEnumerationError              
0000f955  USBHHubInit                          
0000f983  USBHHubLPMSleep                      
0000f991  USBHHubLPMStatus                     
0000f6b9  USBHHubMain                          
0000f929  USBHHubOpen                          
00004bb3  USBHighSpeed                         
00005a15  USBHostAddrGet                       
000059dd  USBHostAddrSet                       
00001ac7  USBHostCheckPipes                    
0000512d  USBHostEndpointConfig                
00005817  USBHostEndpointDataAck               
00004f01  USBHostEndpointDataToggle            
00004fd7  USBHostEndpointPing                  
000052c7  USBHostEndpointSpeed                 
00004e37  USBHostEndpointStatusClear           
00005aa7  USBHostHubAddrGet                    
00005a43  USBHostHubAddrSet                    
00001b8d  USBHostIntHandlerInternal            
00005f77  USBHostLPMConfig                     
00005f9b  USBHostLPMResume                     
00005f2f  USBHostLPMSend                       
00005c01  USBHostMode                          
00005ad5  USBHostPwrConfig                     
00005b47  USBHostPwrDisable                    
00005b2f  USBHostPwrEnable                     
00005b17  USBHostPwrFaultDisable               
00005aff  USBHostPwrFaultEnable                
00005975  USBHostRequestIN                     
0000599d  USBHostRequestINClear                
000059cb  USBHostRequestStatus                 
00004b85  USBHostReset                         
00004be1  USBHostResume                        
00004c0f  USBHostSpeedGet                      
00004b6f  USBHostSuspend                       
00004c5d  USBIntDisableControl                 
00004d21  USBIntDisableEndpoint                
00004c9b  USBIntEnableControl                  
00004d4f  USBIntEnableEndpoint                 
00004dd3  USBIntRegister                       
00004cd5  USBIntStatusControl                  
00004d7d  USBIntStatusEndpoint                 
00004df1  USBIntUnregister                     
00006025  USBLPMEndpointGet                    
00006085  USBLPMIntDisable                     
0000606b  USBLPMIntEnable                      
0000605b  USBLPMIntStatus                      
00006011  USBLPMLinkStateGet                   
00006041  USBLPMRemoteWakeEnabled              
0000a27d  USBLibDMAAddrGet                     
0000a2ad  USBLibDMAInit                        
0000a295  USBLibDMASizeGet                     
00005c37  USBModeConfig                        
00005bb1  USBModeGet                           
00005c97  USBNumEndpointsGet                   
00011791  USBOTGFeatureSet                     
000116f5  USBOTGMain                           
00005c25  USBOTGMode                           
000114cb  USBOTGModeInit                       
00011491  USBOTGModeTerm                       
000115c1  USBOTGPollRate                       
00005b6d  USBOTGSessionRequest                 
00005c4b  USBPHYPowerOff                       
00005c61  USBPHYPowerOn                        
00013133  USBRingBufAdvanceRead                
00013161  USBRingBufAdvanceWrite               
0001308d  USBRingBufContigFree                 
0001305f  USBRingBufContigUsed                 
00012fcd  USBRingBufEmpty                      
00012ff7  USBRingBufFlush                      
00013049  USBRingBufFree                       
00012f93  USBRingBufFull                       
00013219  USBRingBufInit                       
000130fd  USBRingBufRead                       
000130d7  USBRingBufReadOne                    
000130c9  USBRingBufSize                       
00013017  USBRingBufUsed                       
000131e3  USBRingBufWrite                      
000131bd  USBRingBufWriteOne                   
0001364f  USBRxHandler                         
00011365  USBStackModeSet                      
000135eb  USBTxHandler                         
00005e71  USBULPIConfig                        
00005e9f  USBULPIDisable                       
00005e87  USBULPIEnable                        
00005eb7  USBULPIRegRead                       
00005eef  USBULPIRegWrite                      
000136a5  UsbSerialInit                        
00015bb1  _Dclass                              
20006838  _Denorm                              
000150b3  _Dnorm                               
00014b31  _Dscale                              
00015611  _Dunscale                            
20006848  _Eps                                 
20006b30  _Errno                               
00013ce9  _Exp                                 
20006b14  _Fenv                                
00015be1  _Feraise                             
20006858  _Hugeval                             
20006868  _Inf                                 
20006878  _Nan                                 
20006898  _Rteps                               
000137c9  _Sin                                 
20006888  _Snan                                
20006b18  _Tls_setup__Fenv                     
200068a8  _Xbig                                
200068b0  _Zero                                
20006d40  __STACK_END                          
00000200  __STACK_SIZE                         
20006d40  __STACK_TOP                          
00016da8  __TI_CINIT_Base                      
00016dc0  __TI_CINIT_Limit                     
00016d88  __TI_Handler_Table_Base              
00016d94  __TI_Handler_Table_Limit             
000154d1  __TI_auto_init                       
20006b0c  __TI_cleanup_ptr                     
00015e2d  __TI_decompress_none                 
00015e4d  __TI_decompress_rle24                
20006b10  __TI_dtors_ptr                       
00009259  __TI_printfi                         
00000000  __TI_static_base__                   
00015e3b  __TI_zero_init                       
00015349  __aeabi_cdcmpeq                      
00015349  __aeabi_cdcmple                      
000153cf  __aeabi_cdrcmple                     
00015969  __aeabi_d2f                          
000159b3  __aeabi_d2iz                         
00015a41  __aeabi_d2uiz                        
00014489  __aeabi_dadd                         
000147a9  __aeabi_ddiv                         
00014c41  __aeabi_dmul                         
0001447f  __aeabi_dsub                         
00015b43  __aeabi_f2d                          
00015835  __aeabi_f2ulz                        
00015c11  __aeabi_i2d                          
0000609f  __aeabi_idiv0                        
00015455  __aeabi_memclr                       
00015455  __aeabi_memclr4                      
00015455  __aeabi_memclr8                      
0001521d  __aeabi_memcpy                       
0001521d  __aeabi_memcpy4                      
0001521d  __aeabi_memcpy8                      
00015457  __aeabi_memset                       
00015457  __aeabi_memset4                      
00015457  __aeabi_memset8                      
00015d53  __aeabi_ui2d                         
00015ac5  __aeabi_uidiv                        
00015ac5  __aeabi_uidivmod                     
00013ee5  __aeabi_uldivmod                     
ffffffff  __binit__                            
ffffffff  __c_args__                           
20006b40  __stack                              
00015da9  _args_main                           
000157e5  _c_int00                             
000162dc  _ctypes_                             
20006b04  _lock                                
00015dff  _nop                                 
00015df7  _register_lock                       
00015df1  _register_unlock                     
00015e53  _system_pre_init                     
20006b08  _unlock                              
00015a01  abort                                
00012d51  add_checksum_and_stuff               
20006a00  altitud                              
00015885  atoi                                 
ffffffff  binit                                
200066e4  color                                
200069f0  combustible                          
00008145  confADC                              
00008011  confGPIO                             
0000830d  confQueue                            
00007f49  confSys                              
000080b5  confTasks                            
00008229  confTimer                            
00007f89  confUART                             
200069e0  consumoTaskHandle                    
000158d1  copy_in                              
000155a9  create_checksum                      
00012e17  create_frame                         
00012dc3  destuff_and_check_checksum           
00003e9d  eTaskConfirmSleepModeStatus          
200066fc  ejes                                 
00015a09  exit                                 
000152b9  exp                                  
00015b7d  feraiseexcept                        
00014635  fmod                                 
00012cb1  frame_DeStuffing                     
00012c11  frame_stuffing                       
00015c99  frexp                                
20006ae4  g_bUSBTimerInitialized               
20006781  g_eOTGModeState                      
20006af0  g_iUSBMode                           
0001690c  g_pCDCCompSerConfigDescriptors       
20000000  g_pfnRAMVectors                      
200065c8  g_pfnTickHandlers                    
00000000  g_pfnVectors                         
00016908  g_ppCDCSerConfigDescriptors          
20006720  g_ppsDevInfo                         
00016b30  g_ppui8StringDescriptors             
200069c0  g_psCDCCompSerSections               
200069b4  g_psCDCSerSections                   
200068b8  g_psCmdTable                         
200064a4  g_psDCDInst                          
00016acc  g_pui8CDCSerCommInterface            
00016b48  g_pui8CDCSerDataInterface            
200069a2  g_pui8CDCSerDescriptor               
20006990  g_pui8CDCSerDeviceDescriptor         
00016910  g_pui8ConfigString                   
00016a0c  g_pui8ControlInterfaceString         
200069ab  g_pui8IADSerDescriptor               
00016b5f  g_pui8LangDescriptor                 
00016a60  g_pui8ManufacturerString             
00016aef  g_pui8ProductString                  
20006610  g_pui8RxBufferWorkspace              
00016b63  g_pui8SerialNumberString             
20006628  g_pui8TxBufferWorkspace              
20006188  g_pui8USBRxBuffer                    
20006288  g_pui8USBTxBuffer                    
20006640  g_pvTickInstance                     
00016900  g_sCDCCompSerConfigHeader            
20006930  g_sCDCDevice                         
000169ac  g_sCDCHandlers                       
000168e8  g_sCDCSerCommInterfaceSection        
000168f8  g_sCDCSerConfigHeader                
000168d8  g_sCDCSerConfigSection               
000168f0  g_sCDCSerDataInterfaceSection        
000168e0  g_sIADSerConfigSection               
00016a84  g_sRxBuffer                          
00016aa8  g_sTxBuffer                          
20006728  g_ui32CPUUsage                       
20006ae8  g_ui32CurrentUSBTick                 
20006740  g_ui32PollRate                       
20006aec  g_ui32USBSOFCount                    
20006af4  g_ui32WaitTicks                      
20006750  g_ulSystemClock                      
20006ad8  g_ulUARTRxCount                      
20006ad4  g_ulUARTTxCount                      
20006754  g_xRxLineSemaphore                   
200069f8  hora                                 
00015793  ldexp                                
0001573d  ltoa                                 
00007ee7  main                                 
20006b38  main_func_sp                         
00015d73  memccpy                              
00015d31  memcmp                               
0001521d  memcpy                               
0001545d  memset                               
0000381f  pcTaskGetTaskName                    
000108f1  pcTimerGetTimerName                  
20006a0c  pilotoAutomatico                     
20006758  potQueue                             
000140d9  pvPortMalloc                         
0000467b  pvTaskIncrementMutexHeldCount        
00010cd9  pvTimerGetTimerID                    
20006a10  pxCurrentTCB                         
00013a5d  pxPortInitialiseStack                
00015c3f  raise                                
00015933  rand                                 
00012e9b  receive_frame                        
00012ef5  send_frame                           
200069dc  sensorTaskHandle                     
00015a85  signal                               
00015d8f  sin                                  
000156dd  sprintf                              
0001591d  srand                                
00015dd9  strchr                               
00015dc1  strcmp                               
00015e05  strcpy                               
00015e19  strlen                               
00015cc3  strncmp                              
20006a08  tiempoSim                            
00008415  timerBotonHandler                    
0000edd1  ucQueueGetQueueType                  
00014f7b  ulPortSetInterruptMask               
00004699  ulTaskNotifyTake                     
0000d3ad  ulocaltime                           
0000d5ab  umktime                              
0000db25  urand                                
0000d37d  usnprintf                            
0000d34b  usprintf                             
0000db15  usrand                               
0000da8d  ustrcasecmp                          
0000db01  ustrcmp                              
0000d991  ustrlen                              
0000d9e9  ustrncasecmp                         
0000daa1  ustrncmp                             
0000cec9  ustrncpy                             
0000d9b3  ustrstr                              
0000d759  ustrtof                              
0000d621  ustrtoul                             
0000cf21  uvsnprintf                           
0001249f  uxEventGroupGetNumber                
000149c1  uxListRemove                         
0000edb1  uxQueueGetQueueNumber                
0000ed53  uxQueueMessagesWaiting               
0000ed89  uxQueueMessagesWaitingFromISR        
0000ed69  uxQueueSpacesAvailable               
00003819  uxTaskGetNumberOfTasks               
00004229  uxTaskGetStackHighWaterMark          
00003841  uxTaskGetSystemState                 
00003e0b  uxTaskGetTaskNumber                  
000032d9  uxTaskPriorityGet                    
0000330d  uxTaskPriorityGetFromISR             
00004659  uxTaskResetEventItemValue            
000073c3  vApplicationIdleHook                 
000073cb  vApplicationMallocFailedHook         
00007399  vApplicationStackOverflowHook        
000073a3  vApplicationTickHook                 
00015679  vConfigureTimerForRunTimeStats       
00012439  vEventGroupClearBitsCallback         
000123f5  vEventGroupDelete                    
00012429  vEventGroupSetBitsCallback           
000148df  vListInitialise                      
0001490f  vListInitialiseItem                  
0001495b  vListInsert                          
0001491f  vListInsertEnd                       
00014f91  vPortClearInterruptMask              
00014fd3  vPortEnableVFP                       
00013af1  vPortEndScheduler                    
00013af3  vPortEnterCritical                   
00013b0b  vPortExitCritical                    
000141e7  vPortFree                            
00014fe5  vPortGetIPSR                         
0001424f  vPortInitialiseBlocks                
00014f97  vPortSVCHandler                      
00013c8d  vPortSetupTimerInterrupt             
00014fb5  vPortStartFirstTask                  
00013b3f  vPortSuppressTicksAndSleep           
0000efe3  vQueueAddToRegistry                  
0000ed9b  vQueueDelete                         
0000edbf  vQueueSetQueueNumber                 
0000f025  vQueueUnregisterQueue                
0000f05f  vQueueWaitForMessageRestricted       
00003277  vTaskDelay                           
000031cf  vTaskDelayUntil                      
00003133  vTaskDelete                          
000036b3  vTaskEndScheduler                    
00004595  vTaskGetRunTimeStats                 
0000449d  vTaskList                            
00003e03  vTaskMissedYield                     
00004a39  vTaskNotifyGiveFromISR               
00003b41  vTaskPlaceOnEventList                
00003c19  vTaskPlaceOnEventListRestricted      
00003ba9  vTaskPlaceOnUnorderedEventList       
000042f9  vTaskPriorityInherit                 
00003355  vTaskPrioritySet                     
0000355d  vTaskResume                          
00003e31  vTaskSetTaskNumber                   
00003d67  vTaskSetTimeOutState                 
0000365d  vTaskStartScheduler                  
00003905  vTaskStepTick                        
00003465  vTaskSuspend                         
000036c5  vTaskSuspendAll                      
00003a61  vTaskSwitchContext                   
00011179  vUARTTask                            
200069e8  velocidad                            
20006770  velocidadQueue                       
000122c1  xEventGroupClearBits                 
000122ed  xEventGroupClearBitsFromISR          
000120e5  xEventGroupCreate                    
00012305  xEventGroupGetBitsFromISR            
0001232d  xEventGroupSetBits                   
0001247f  xEventGroupSetBitsFromISR            
00012105  xEventGroupSync                      
000121d7  xEventGroupWaitBits                  
00014249  xPortGetFreeHeapSize                 
00014f1d  xPortPendSVHandler                   
00013abb  xPortStartScheduler                  
00013b23  xPortSysTickHandler                  
0000e8f1  xQueueCreateCountingSemaphore        
0000e7f5  xQueueCreateMutex                    
0000e781  xQueueGenericCreate                  
0000eb29  xQueueGenericReceive                 
0000e6e5  xQueueGenericReset                   
0000e911  xQueueGenericSend                    
0000ea39  xQueueGenericSendFromISR             
0000eab7  xQueueGiveFromISR                    
0000e86b  xQueueGiveMutexRecursive             
0000ef7f  xQueueIsQueueEmptyFromISR            
0000efc1  xQueueIsQueueFullFromISR             
0000ed0f  xQueuePeekFromISR                    
0000ec97  xQueueReceiveFromISR                 
200064f4  xQueueRegistry                       
0000e8a7  xQueueTakeMutexRecursive             
00003d89  xTaskCheckForTimeOut                 
00003019  xTaskGenericCreate                   
000042b5  xTaskGetCurrentTaskHandle            
000042cd  xTaskGetSchedulerState               
000037ef  xTaskGetTickCount                    
00003805  xTaskGetTickCountFromISR             
00003935  xTaskIncrementTick                   
00004861  xTaskNotify                          
00004951  xTaskNotifyFromISR                   
00004769  xTaskNotifyWait                      
000043b3  xTaskPriorityDisinherit              
00003c61  xTaskRemoveFromEventList             
00003cf9  xTaskRemoveFromUnorderedEventList    
00003711  xTaskResumeAll                       
000035d9  xTaskResumeFromISR                   
0001082f  xTimerCreate                         
000107f5  xTimerCreateTimerTask                
00010883  xTimerGenericCommand                 
00010cad  xTimerIsTimerActive                  
00010d27  xTimerPendFunctionCall               
00010cf1  xTimerPendFunctionCallFromISR        
2000677c  xTrazaEventGroup                     
00013735  xUSBSerialGetChar                    
0001374b  xUSBSerialPutChar                    


GLOBAL SYMBOLS: SORTED BY Symbol Address 

address   name                                 
-------   ----                                 
00000000  __TI_static_base__                   
00000000  g_pfnVectors                         
00000200  __STACK_SIZE                         
0000026d  ConfigDescAlloc                      
00000303  ConfigDescFree                       
000003eb  USBHCDEventEnable                    
0000041b  USBHCDEventDisable                   
000005cb  USBHCDPipeTransferSizeGet            
000005f1  USBHCDPipeAllocSize                  
00000873  USBHCDPipeAlloc                      
000008c1  USBHCDPipeConfig                     
00000a3b  USBHCDPipeStatus                     
00000a71  USBHCDPipeWrite                      
00000c55  USBHCDPipeSchedule                   
00000d81  USBHCDPipeReadNonBlocking            
00000dcb  USBHCDPipeDataAck                    
00000dfd  USBHCDPipeRead                       
00001009  USBHCDPipeFree                       
00001395  USBHCDPowerConfigInit                
000013a7  USBHCDPowerConfigGet                 
000013c5  USBHCDPowerConfigSet                 
00001437  USBHCDPowerAutomatic                 
00001491  USBHCDInit                           
000015ad  USBHCDRegisterDrivers                
000015e1  USBHCDTerm                           
000016b1  USBHCDReset                          
000016fb  USBHCDSuspend                        
0000170d  USBHCDResume                         
0000188d  USBHCDStringDescriptorGet            
000018ed  USBHCDSetAddress                     
00001a33  USBHCDSetConfig                      
00001a7b  USBHCDSetInterface                   
00001ac7  USBHostCheckPipes                    
00001b8d  USBHostIntHandlerInternal            
000022e1  USB0HostIntHandler                   
000023d9  InternalUSBHCDSendEvent              
00002509  USBHCDMain                           
00002911  USBHCDControlTransfer                
00002a6d  USBHCDHubDeviceConnected             
00002b05  USBHCDHubDeviceDisconnected          
00002d39  USBHCDDevHubPort                     
00002d61  USBHCDDevAddress                     
00002d95  USBHCDDevClass                       
00002de1  USBHCDDevSubClass                    
00002e29  USBHCDDevProtocol                    
00002e89  USBHCDFeatureSet                     
00002f41  USBHCDLPMStatus                      
00002f6b  USBHCDLPMSleep                       
00002fd3  USBHCDLPMResume                      
00003019  xTaskGenericCreate                   
00003133  vTaskDelete                          
000031cf  vTaskDelayUntil                      
00003277  vTaskDelay                           
000032d9  uxTaskPriorityGet                    
0000330d  uxTaskPriorityGetFromISR             
00003355  vTaskPrioritySet                     
00003465  vTaskSuspend                         
0000355d  vTaskResume                          
000035d9  xTaskResumeFromISR                   
0000365d  vTaskStartScheduler                  
000036b3  vTaskEndScheduler                    
000036c5  vTaskSuspendAll                      
00003711  xTaskResumeAll                       
000037ef  xTaskGetTickCount                    
00003805  xTaskGetTickCountFromISR             
00003819  uxTaskGetNumberOfTasks               
0000381f  pcTaskGetTaskName                    
00003841  uxTaskGetSystemState                 
00003905  vTaskStepTick                        
00003935  xTaskIncrementTick                   
00003a61  vTaskSwitchContext                   
00003b41  vTaskPlaceOnEventList                
00003ba9  vTaskPlaceOnUnorderedEventList       
00003c19  vTaskPlaceOnEventListRestricted      
00003c61  xTaskRemoveFromEventList             
00003cf9  xTaskRemoveFromUnorderedEventList    
00003d67  vTaskSetTimeOutState                 
00003d89  xTaskCheckForTimeOut                 
00003e03  vTaskMissedYield                     
00003e0b  uxTaskGetTaskNumber                  
00003e31  vTaskSetTaskNumber                   
00003e9d  eTaskConfirmSleepModeStatus          
00004229  uxTaskGetStackHighWaterMark          
000042b5  xTaskGetCurrentTaskHandle            
000042cd  xTaskGetSchedulerState               
000042f9  vTaskPriorityInherit                 
000043b3  xTaskPriorityDisinherit              
0000449d  vTaskList                            
00004595  vTaskGetRunTimeStats                 
00004659  uxTaskResetEventItemValue            
0000467b  pvTaskIncrementMutexHeldCount        
00004699  ulTaskNotifyTake                     
00004769  xTaskNotifyWait                      
00004861  xTaskNotify                          
00004951  xTaskNotifyFromISR                   
00004a39  vTaskNotifyGiveFromISR               
00004b6f  USBHostSuspend                       
00004b85  USBHostReset                         
00004bb3  USBHighSpeed                         
00004be1  USBHostResume                        
00004c0f  USBHostSpeedGet                      
00004c45  USBDevSpeedGet                       
00004c5d  USBIntDisableControl                 
00004c9b  USBIntEnableControl                  
00004cd5  USBIntStatusControl                  
00004d21  USBIntDisableEndpoint                
00004d4f  USBIntEnableEndpoint                 
00004d7d  USBIntStatusEndpoint                 
00004dd3  USBIntRegister                       
00004df1  USBIntUnregister                     
00004e0b  USBEndpointStatus                    
00004e37  USBHostEndpointStatusClear           
00004e7f  USBDevEndpointStatusClear            
00004f01  USBHostEndpointDataToggle            
00004f9d  USBEndpointDataToggleClear           
00004fd7  USBHostEndpointPing                  
00005003  USBDevEndpointStall                  
00005065  USBDevEndpointStallClear             
000050d9  USBDevConnect                        
000050ef  USBDevDisconnect                     
00005105  USBDevAddrSet                        
00005119  USBDevAddrGet                        
0000512d  USBHostEndpointConfig                
000052c7  USBHostEndpointSpeed                 
0000535d  USBDevEndpointConfigSet              
0000544f  USBDevEndpointConfigGet              
0000553f  USBFIFOConfigSet                     
000055a5  USBFIFOConfigGet                     
0000560b  USBEndpointDMAConfigSet              
000056a3  USBEndpointDMAEnable                 
000056dd  USBEndpointDMADisable                
00005717  USBEndpointDataAvail                 
0000574f  USBEndpointDataGet                   
000057d9  USBDevEndpointDataAck                
00005817  USBHostEndpointDataAck               
00005849  USBEndpointDataPut                   
000058ad  USBEndpointDataSend                  
00005905  USBFIFOFlush                         
00005975  USBHostRequestIN                     
0000599d  USBHostRequestINClear                
000059cb  USBHostRequestStatus                 
000059dd  USBHostAddrSet                       
00005a15  USBHostAddrGet                       
00005a43  USBHostHubAddrSet                    
00005aa7  USBHostHubAddrGet                    
00005ad5  USBHostPwrConfig                     
00005aff  USBHostPwrFaultEnable                
00005b17  USBHostPwrFaultDisable               
00005b2f  USBHostPwrEnable                     
00005b47  USBHostPwrDisable                    
00005b5f  USBFrameNumberGet                    
00005b6d  USBOTGSessionRequest                 
00005b9b  USBFIFOAddrGet                       
00005bb1  USBModeGet                           
00005bc5  USBEndpointDMAChannel                
00005c01  USBHostMode                          
00005c13  USBDevMode                           
00005c25  USBOTGMode                           
00005c37  USBModeConfig                        
00005c4b  USBPHYPowerOff                       
00005c61  USBPHYPowerOn                        
00005c77  USBEndpointPacketCountSet            
00005c97  USBNumEndpointsGet                   
00005cab  USBControllerVersion                 
00005cbf  USBClockEnable                       
00005cdb  USBClockDisable                      
00005ced  USBDMAChannelIntEnable               
00005d0d  USBDMAChannelIntDisable              
00005d2d  USBDMAChannelIntStatus               
00005d3d  USBDMAChannelEnable                  
00005d5d  USBDMAChannelDisable                 
00005d7d  USBDMAChannelConfigSet               
00005dad  USBDMAChannelStatus                  
00005dcd  USBDMAChannelStatusClear             
00005df7  USBDMAChannelAddressSet              
00005e13  USBDMAChannelAddressGet              
00005e2b  USBDMAChannelCountSet                
00005e47  USBDMAChannelCountGet                
00005e5f  USBDMANumChannels                    
00005e71  USBULPIConfig                        
00005e87  USBULPIEnable                        
00005e9f  USBULPIDisable                       
00005eb7  USBULPIRegRead                       
00005eef  USBULPIRegWrite                      
00005f2f  USBHostLPMSend                       
00005f77  USBHostLPMConfig                     
00005f9b  USBHostLPMResume                     
00005fb3  USBDevLPMRemoteWake                  
00005fcb  USBDevLPMConfig                      
00005fe1  USBDevLPMEnable                      
00005ff9  USBDevLPMDisable                     
00006011  USBLPMLinkStateGet                   
00006025  USBLPMEndpointGet                    
00006041  USBLPMRemoteWakeEnabled              
0000605b  USBLPMIntStatus                      
0000606b  USBLPMIntEnable                      
00006085  USBLPMIntDisable                     
0000609f  __aeabi_idiv0                        
000060a1  USBDCDDeviceInfoInit                 
000060f1  USBDCDInit                           
00006299  USBDCDTerm                           
00006311  USBDCDRequestDataEP0                 
00006337  USBDCDSendDataEP0                    
00006359  USBDCDSetDefaultConfiguration        
0000636b  USBDCDStallEP0                       
00006387  USBDCDPowerStatusSet                 
000063fd  USBDCDFeatureSet                     
000064bd  USBDCDRemoteWakeLPM                  
000064e1  USBDCDRemoteWakeupRequest            
00006515  USBDeviceResumeTickHandler           
0000660d  USBDeviceEnumHandler                 
00006759  USBDeviceEnumResetHandler            
000071a9  USBDeviceIntHandlerInternal          
00007399  vApplicationStackOverflowHook        
000073a3  vApplicationTickHook                 
000073c3  vApplicationIdleHook                 
000073cb  vApplicationMallocFailedHook         
00007ee7  main                                 
00007f49  confSys                              
00007f89  confUART                             
00008011  confGPIO                             
000080b5  confTasks                            
00008145  confADC                              
00008229  confTimer                            
0000830d  confQueue                            
00008335  ADCIntHandler                        
00008385  ButtonHandler                        
00008415  timerBotonHandler                    
00009259  __TI_printfi                         
0000a27d  USBLibDMAAddrGet                     
0000a295  USBLibDMASizeGet                     
0000a2ad  USBLibDMAInit                        
0000a543  SysCtlSRAMSizeGet                    
0000a54d  SysCtlFlashSizeGet                   
0000a579  SysCtlFlashSectorSizeGet             
0000a5a1  SysCtlPeripheralPresent              
0000a5e1  SysCtlPeripheralReady                
0000a621  SysCtlPeripheralPowerOn              
0000a65d  SysCtlPeripheralPowerOff             
0000a699  SysCtlPeripheralReset                
0000a721  SysCtlPeripheralEnable               
0000a75d  SysCtlPeripheralDisable              
0000a7a1  SysCtlPeripheralSleepEnable          
0000a7e5  SysCtlPeripheralSleepDisable         
0000a821  SysCtlPeripheralDeepSleepEnable      
0000a871  SysCtlPeripheralDeepSleepDisable     
0000a8b9  SysCtlPeripheralClockGating          
0000a90d  SysCtlIntRegister                    
0000a925  SysCtlIntUnregister                  
0000a935  SysCtlIntEnable                      
0000a949  SysCtlIntDisable                     
0000a961  SysCtlIntClear                       
0000a971  SysCtlIntStatus                      
0000a98d  SysCtlLDOSleepSet                    
0000a99d  SysCtlLDOSleepGet                    
0000a9a3  SysCtlLDODeepSleepSet                
0000a9b3  SysCtlLDODeepSleepGet                
0000a9b9  SysCtlSleepPowerSet                  
0000a9cd  SysCtlDeepSleepPowerSet              
0000a9dd  SysCtlReset                          
0000a9e5  SysCtlSleep                          
0000a9ed  SysCtlDeepSleep                      
0000aa09  SysCtlResetCauseGet                  
0000aa0f  SysCtlResetCauseClear                
0000aa23  SysCtlMOSCConfigSet                  
0000aa39  SysCtlPIOSCCalibrate                 
0000aa89  SysCtlResetBehaviorSet               
0000aa99  SysCtlResetBehaviorGet               
0000aaed  SysCtlClockFreqSet                   
0000ae05  SysCtlClockSet                       
0000afd1  SysCtlClockGet                       
0000b189  SysCtlDeepSleepClockSet              
0000b1a5  SysCtlDeepSleepClockConfigSet        
0000b22f  SysCtlPWMClockSet                    
0000b249  SysCtlPWMClockGet                    
0000b25f  SysCtlGPIOAHBEnable                  
0000b27b  SysCtlGPIOAHBDisable                 
0000b297  SysCtlUSBPLLEnable                   
0000b2a9  SysCtlUSBPLLDisable                  
0000b2b9  SysCtlVoltageEventConfig             
0000b2c9  SysCtlVoltageEventStatus             
0000b2d5  SysCtlVoltageEventClear              
0000b2e9  SysCtlNMIStatus                      
0000b2ef  SysCtlNMIClear                       
0000b303  SysCtlClockOutConfig                 
0000b31f  SysCtlAltClkConfig                   
0000b5c9  ProcessDataFromHost                  
0000b677  ProcessNotificationToHost            
0000b6d9  ProcessDataToHost                    
0000bd3d  USBDCDCCompositeInit                 
0000be33  USBDCDCInit                          
0000bea1  USBDCDCTerm                          
0000beb9  USBDCDCSetControlCBData              
0000bed7  USBDCDCSetRxCBData                   
0000bef5  USBDCDCSetTxCBData                   
0000bf13  USBDCDCPacketWrite                   
0000bfb5  USBDCDCPacketRead                    
0000c08b  USBDCDCTxPacketAvailable             
0000c0ad  USBDCDCRxPacketAvailable             
0000c10d  USBDCDCSerialStateChange             
0000c167  USBDCDCPowerStatusSet                
0000c17b  USBDCDCRemoteWakeupRequest           
0000c2a1  UARTStdioConfig                      
0000c38f  UARTwrite                            
0000c435  UARTgets                             
0000c4b1  UARTgetc                             
0000c51d  UARTvprintf                          
0000c817  UARTprintf                           
0000c83b  UARTRxBytesAvail                     
0000c849  UARTTxBytesFree                      
0000c85d  UARTPeek                             
0000c8b7  UARTFlushRx                          
0000c8df  UARTFlushTx                          
0000c91d  UARTEchoSet                          
0000c955  UARTStdioIntHandler                  
0000cec9  ustrncpy                             
0000cf21  uvsnprintf                           
0000d34b  usprintf                             
0000d37d  usnprintf                            
0000d3ad  ulocaltime                           
0000d5ab  umktime                              
0000d621  ustrtoul                             
0000d759  ustrtof                              
0000d991  ustrlen                              
0000d9b3  ustrstr                              
0000d9e9  ustrncasecmp                         
0000da8d  ustrcasecmp                          
0000daa1  ustrncmp                             
0000db01  ustrcmp                              
0000db15  usrand                               
0000db25  urand                                
0000dbaf  GPIODirModeSet                       
0000dc0b  GPIODirModeGet                       
0000dc57  GPIOIntTypeSet                       
0000dcfb  GPIOIntTypeGet                       
0000dd99  GPIOPadConfigSet                     
0000dfd7  GPIOPadConfigGet                     
0000e129  GPIOIntEnable                        
0000e143  GPIOIntDisable                       
0000e15d  GPIOIntStatus                        
0000e17f  GPIOIntClear                         
0000e193  GPIOIntRegister                      
0000e1b1  GPIOIntUnregister                    
0000e1cb  GPIOPinRead                          
0000e1e3  GPIOPinWrite                         
0000e203  GPIOPinTypeADC                       
0000e227  GPIOPinTypeCAN                       
0000e24b  GPIOPinTypeComparator                
0000e26f  GPIOPinTypeEPI                       
0000e293  GPIOPinTypeEthernetLED               
0000e2b7  GPIOPinTypeEthernetMII               
0000e2db  GPIOPinTypeGPIOInput                 
0000e2ff  GPIOPinTypeGPIOOutput                
0000e323  GPIOPinTypeGPIOOutputOD              
0000e347  GPIOPinTypeI2C                       
0000e36b  GPIOPinTypeI2CSCL                    
0000e38f  GPIOPinTypeLCD                       
0000e3b3  GPIOPinTypeLPC                       
0000e3d7  GPIOPinTypePECIRx                    
0000e3fb  GPIOPinTypePECITx                    
0000e41f  GPIOPinTypePWM                       
0000e443  GPIOPinTypeQEI                       
0000e467  GPIOPinTypeSSI                       
0000e48b  GPIOPinTypeTimer                     
0000e4af  GPIOPinTypeUART                      
0000e4d3  GPIOPinTypeUSBAnalog                 
0000e4f7  GPIOPinTypeUSBDigital                
0000e51b  GPIOPinTypeWakeHigh                  
0000e541  GPIOPinTypeWakeLow                   
0000e567  GPIOPinTypeKBRow                     
0000e58b  GPIOPinTypeKBColumn                  
0000e5af  GPIOPinTypeLEDSeq                    
0000e5d3  GPIOPinTypeCIR                       
[...]
0000f8e5  USBHHubEnumerationComplete           
0000f907  USBHHubEnumerationError              
0000f929  USBHHubOpen                          
0000f941  USBHHubClose                         
0000f955  USBHHubInit                          
0000f983  USBHHubLPMSleep                      
0000f991  USBHHubLPMStatus                     
0000fa2f  ADCIntRegister                       
0000fa57  ADCIntUnregister                     
0000fa75  ADCIntDisable                        
0000fa91  ADCIntEnable                         
0000fab7  ADCIntStatus                         
0000fb0f  ADCIntClear                          
0000fb25  ADCSequenceEnable                    
0000fb3f  ADCSequenceDisable                   
0000fb59  ADCSequenceConfigure                 
0000fbdd  ADCSequenceStepConfigure             
0000fcd1  ADCSequenceOverflow                  
0000fce9  ADCSequenceOverflowClear             
0000fcff  ADCSequenceUnderflow                 
0000fd17  ADCSequenceUnderflowClear            
0000fd2d  ADCSequenceDataGet                   
0000fd6f  ADCProcessorTrigger                  
0000fd93  ADCSoftwareOversampleConfigure       
0000fdcb  ADCSoftwareOversampleStepConfigure   
0000fe8b  ADCSoftwareOversampleDataGet         
0000fef9  ADCHardwareOversampleConfigure       
0000ff2b  ADCComparatorConfigure               
0000ff47  ADCComparatorRegionSet               
0000ff6b  ADCComparatorReset                   
0000ffb1  ADCComparatorIntDisable              
0000ffcf  ADCComparatorIntEnable               
0000ffed  ADCComparatorIntStatus               
0000fffb  ADCComparatorIntClear                
0001000d  ADCIntDisableEx                      
00010025  ADCIntEnableEx                       
00010041  ADCIntStatusEx                       
00010073  ADCIntClearEx                        
0001008b  ADCReferenceSet                      
000100a7  ADCReferenceGet                      
000100b9  ADCPhaseDelaySet                     
000100cb  ADCPhaseDelayGet                     
000100d9  ADCSequenceDMAEnable                 
000100f5  ADCSequenceDMADisable                
00010111  ADCBusy                              
0001012f  ADCClockConfigSet                    
00010159  ADCClockConfigGet                    
0001020f  TimerEnable                          
0001022d  TimerDisable                         
0001024b  TimerConfigure                       
000102c7  TimerControlLevel                    
000102fd  TimerControlTrigger                  
0001036b  TimerControlEvent                    
00010395  TimerControlStall                    
000103cb  TimerControlWaitOnTrigger            
0001042b  TimerRTCEnable                       
00010441  TimerRTCDisable                      
0001046d  TimerClockSourceSet                  
00010489  TimerClockSourceGet                  
00010499  TimerPrescaleSet                     
000104c3  TimerPrescaleGet                     
000104df  TimerPrescaleMatchSet                
0001050d  TimerPrescaleMatchGet                
00010529  TimerLoadSet                         
00010553  TimerLoadGet                         
0001056f  TimerLoadSet64                       
0001058f  TimerLoadGet64                       
000105c1  TimerValueGet                        
000105dd  TimerValueGet64                      
0001060f  TimerMatchSet                        
00010639  TimerMatchGet                        
00010655  TimerMatchSet64                      
00010675  TimerMatchGet64                      
000106a7  TimerIntRegister                     
000106cf  TimerIntUnregister                   
000106ed  TimerIntEnable                       
00010705  TimerIntDisable                      
0001071d  TimerIntStatus                       
0001073b  TimerIntClear                        
0001074d  TimerSynchronize                     
0001075f  TimerADCEventSet                     
00010771  TimerADCEventGet                     
0001077f  TimerDMAEventSet                     
00010791  TimerDMAEventGet                     
0001079f  TimerUpdateMode                      
000107f5  xTimerCreateTimerTask                
0001082f  xTimerCreate                         
00010883  xTimerGenericCommand                 
000108f1  pcTimerGetTimerName                  
00010cad  xTimerIsTimerActive                  
00010cd9  pvTimerGetTimerID                    
00010cf1  xTimerPendFunctionCallFromISR        
00010d27  xTimerPendFunctionCall               
00010d75  Cmd_cpu                              
00010d9f  Cmd_free                             
00010db5  Cmd_tasks                            
00010e31  Cmd_stats                            
00010e69  Cmd_help                             
00010ea1  Cmd_traza                            
00010f11  Cmd_radio                            
00010fb7  Cmd_timesim                          
00011179  vUARTTask                            
00011365  USBStackModeSet                      
000113a1  USB0DualModeIntHandler               
000113ed  USBDualModeInit                      
0001145d  USBDualModeTerm                      
00011491  USBOTGModeTerm                       
000114cb  USBOTGModeInit                       
000115c1  USBOTGPollRate                       
000115e9  USB0OTGModeIntHandler                
000116cf  OTGDeviceDisconnect                  
000116f5  USBOTGMain                           
00011791  USBOTGFeatureSet                     
00011aa5  USBBufferInit                        
00011ac7  USBBufferZeroLengthPacketInsert      
00011af7  USBBufferInfoGet                     
00011b29  USBBufferDataWritten                 
00011b49  USBBufferDataRemoved                 
00011b63  USBBufferCallbackDataSet             
00011b7d  USBBufferWrite                       
00011bc1  USBBufferFlush                       
00011bd3  USBBufferRead                        
00011c11  USBBufferDataAvailable               
00011c23  USBBufferSpaceAvailable              
00011c35  USBBufferEventCallback               
00011cb1  RGBBlinkIntHandler                   
00011cdf  RGBInit                              
00011dcb  RGBEnable                            
00011e83  RGBDisable                           
00011ee1  RGBSet                               
00011ef9  RGBColorSet                          
00011fa9  RGBIntensitySet                      
00011fbd  RGBBlinkRateSet                      
00012051  RGBColorGet                          
000120e5  xEventGroupCreate                    
00012105  xEventGroupSync                      
000121d7  xEventGroupWaitBits                  
000122c1  xEventGroupClearBits                 
000122ed  xEventGroupClearBitsFromISR          
00012305  xEventGroupGetBitsFromISR            
0001232d  xEventGroupSetBits                   
000123f5  vEventGroupDelete                    
00012429  vEventGroupSetBitsCallback           
00012439  vEventGroupClearBitsCallback         
0001247f  xEventGroupSetBitsFromISR            
0001249f  uxEventGroupGetNumber                
000124cb  IntMasterEnable                      
000124db  IntMasterDisable                     
000124eb  IntRegister                          
0001253d  IntUnregister                        
00012551  IntPriorityGroupingSet               
0001256b  IntPriorityGroupingGet               
000125a3  IntPrioritySet                       
000125f3  IntPriorityGet                       
00012617  IntEnable                            
00012689  IntDisable                           
000126fb  IntIsEnabled                         
00012781  IntPendSet                           
000127f1  IntPendClear                         
0001283f  IntPriorityMaskSet                   
0001284b  IntPriorityMaskGet                   
00012853  IntTrigger                           
0001294f  USBDeviceConfig                      
00012b45  USBDeviceConfigAlternate             
00012c11  frame_stuffing                       
00012cb1  frame_DeStuffing                     
00012d51  add_checksum_and_stuff               
00012dc3  destuff_and_check_checksum           
00012e17  create_frame                         
00012e9b  receive_frame                        
00012ef5  send_frame                           
00012f93  USBRingBufFull                       
00012fcd  USBRingBufEmpty                      
00012ff7  USBRingBufFlush                      
00013017  USBRingBufUsed                       
00013049  USBRingBufFree                       
0001305f  USBRingBufContigUsed                 
0001308d  USBRingBufContigFree                 
000130c9  USBRingBufSize                       
000130d7  USBRingBufReadOne                    
000130fd  USBRingBufRead                       
00013133  USBRingBufAdvanceRead                
00013161  USBRingBufAdvanceWrite               
000131bd  USBRingBufWriteOne                   
000131e3  USBRingBufWrite                      
00013219  USBRingBufInit                       
0001330f  USBDCDConfigDescGetSize              
00013347  USBDCDConfigDescGetNum               
00013395  USBDCDConfigDescGet                  
00013423  USBDCDConfigGetNumAlternateInterfaces
00013477  USBDCDConfigGetInterface             
000134ad  USBDCDConfigGetInterfaceEndpoint     
00013561  USBControlHandler                    
000135eb  USBTxHandler                         
0001364f  USBRxHandler                         
000136a5  UsbSerialInit                        
00013735  xUSBSerialGetChar                    
0001374b  xUSBSerialPutChar                    
000137c9  _Sin                                 
00013a5d  pxPortInitialiseStack                
00013abb  xPortStartScheduler                  
00013af1  vPortEndScheduler                    
00013af3  vPortEnterCritical                   
00013b0b  vPortExitCritical                    
00013b23  xPortSysTickHandler                  
00013b3f  vPortSuppressTicksAndSleep           
00013c8d  vPortSetupTimerInterrupt             
00013ce9  _Exp                                 
00013ee5  __aeabi_uldivmod                     
000140d9  pvPortMalloc                         
000141e7  vPortFree                            
00014249  xPortGetFreeHeapSize                 
0001424f  vPortInitialiseBlocks                
000142ad  USBDescGetNum                        
00014309  USBDescGet                           
00014373  USBDescGetNumAlternateInterfaces     
0001442d  USBDescGetInterface                  
0001445b  USBDescGetInterfaceEndpoint          
0001447f  __aeabi_dsub                         
00014489  __aeabi_dadd                         
00014635  fmod                                 
000147a9  __aeabi_ddiv                         
000148df  vListInitialise                      
0001490f  vListInitialiseItem                  
0001491f  vListInsertEnd                       
0001495b  vListInsert                          
000149c1  uxListRemove                         
00014a09  ButtonsPoll                          
00014aaf  ButtonsInit                          
00014b31  _Dscale                              
00014c41  __aeabi_dmul                         
00014d3d  CPUUsageTick                         
00014d7b  CPUUsageInit                         
00014e2d  InternalUSBTickInit                  
00014e6b  InternalUSBTickReset                 
00014e73  InternalUSBRegisterTickHandler       
00014ec3  InternalUSBStartOfFrameTick          
00014f1d  xPortPendSVHandler                   
00014f7b  ulPortSetInterruptMask               
00014f91  vPortClearInterruptMask              
00014f97  vPortSVCHandler                      
00014fb5  vPortStartFirstTask                  
00014fd3  vPortEnableVFP                       
00014fe5  vPortGetIPSR                         
00014feb  ULPIConfigSet                        
0001508d  ULPIPowerTransceiver                 
000150b3  _Dnorm                               
00015171  CmdLineProcess                       
0001521d  __aeabi_memcpy                       
0001521d  __aeabi_memcpy4                      
0001521d  __aeabi_memcpy8                      
0001521d  memcpy                               
000152b9  exp                                  
00015349  __aeabi_cdcmpeq                      
00015349  __aeabi_cdcmple                      
000153cf  __aeabi_cdrcmple                     
00015455  __aeabi_memclr                       
00015455  __aeabi_memclr4                      
00015455  __aeabi_memclr8                      
00015457  __aeabi_memset                       
00015457  __aeabi_memset4                      
00015457  __aeabi_memset8                      
0001545d  memset                               
000154d1  __TI_auto_init                       
000155a9  create_checksum                      
00015611  _Dunscale                            
00015679  vConfigureTimerForRunTimeStats       
000156dd  sprintf                              
0001573d  ltoa                                 
00015793  ldexp                                
000157e5  _c_int00                             
00015835  __aeabi_f2ulz                        
00015885  atoi                                 
000158d1  copy_in                              
0001591d  srand                                
00015933  rand                                 
00015969  __aeabi_d2f                          
000159b3  __aeabi_d2iz                         
000159fd  C$$EXIT                              
00015a01  abort                                
00015a09  exit                                 
00015a41  __aeabi_d2uiz                        
00015a85  signal                               
00015ac5  __aeabi_uidiv                        
00015ac5  __aeabi_uidivmod                     
00015b05  CPUcpsid                             
00015b11  CPUprimask                           
00015b1b  CPUcpsie                             
00015b27  CPUwfi                               
00015b2b  CPUbasepriSet                        
00015b39  CPUbasepriGet                        
00015b43  __aeabi_f2d                          
00015b7d  feraiseexcept                        
00015bb1  _Dclass                              
00015be1  _Feraise                             
00015c11  __aeabi_i2d                          
00015c3f  raise                                
00015c6d  ResetISR                             
00015c99  frexp                                
00015cc3  strncmp                              
00015ce9  GetOverflowCounts                    
00015d0d  USB0DeviceIntHandler                 
00015d31  memcmp                               
00015d53  __aeabi_ui2d                         
00015d73  memccpy                              
00015d8f  sin                                  
00015da9  _args_main                           
00015dc1  strcmp                               
00015dd9  strchr                               
00015df1  _register_unlock                     
00015df7  _register_lock                       
00015dff  _nop                                 
00015e05  strcpy                               
00015e19  strlen                               
00015e2d  __TI_decompress_none                 
00015e3b  __TI_zero_init                       
00015e47  SysCtlDelay                          
00015e4d  __TI_decompress_rle24                
00015e53  _system_pre_init                     
000162dc  _ctypes_                             
000168d8  g_sCDCSerConfigSection               
000168e0  g_sIADSerConfigSection               
000168e8  g_sCDCSerCommInterfaceSection        
000168f0  g_sCDCSerDataInterfaceSection        
000168f8  g_sCDCSerConfigHeader                
00016900  g_sCDCCompSerConfigHeader            
00016908  g_ppCDCSerConfigDescriptors          
0001690c  g_pCDCCompSerConfigDescriptors       
00016910  g_pui8ConfigString                   
000169ac  g_sCDCHandlers                       
00016a0c  g_pui8ControlInterfaceString         
00016a60  g_pui8ManufacturerString             
00016a84  g_sRxBuffer                          
00016aa8  g_sTxBuffer                          
00016acc  g_pui8CDCSerCommInterface            
00016aef  g_pui8ProductString                  
00016b30  g_ppui8StringDescriptors             
00016b48  g_pui8CDCSerDataInterface            
00016b5f  g_pui8LangDescriptor                 
00016b63  g_pui8SerialNumberString             
00016d88  __TI_Handler_Table_Base              
00016d94  __TI_Handler_Table_Limit             
00016da8  __TI_CINIT_Base                      
00016dc0  __TI_CINIT_Limit                     
20000000  g_pfnRAMVectors                      
20006188  g_pui8USBRxBuffer                    
20006288  g_pui8USBTxBuffer                    
200064a4  g_psDCDInst                          
200064f4  xQueueRegistry                       
200065c8  g_pfnTickHandlers                    
20006610  g_pui8RxBufferWorkspace              
20006628  g_pui8TxBufferWorkspace              
20006640  g_pvTickInstance                     
200066e4  color                                
200066fc  ejes                                 
20006720  g_ppsDevInfo                         
20006728  g_ui32CPUUsage                       
20006740  g_ui32PollRate                       
20006750  g_ulSystemClock                      
20006754  g_xRxLineSemaphore                   
20006758  potQueue                             
20006770  velocidadQueue                       
2000677c  xTrazaEventGroup                     
20006781  g_eOTGModeState                      
20006838  _Denorm                              
20006848  _Eps                                 
20006858  _Hugeval                             
20006868  _Inf                                 
20006878  _Nan                                 
20006888  _Snan                                
20006898  _Rteps                               
200068a8  _Xbig                                
200068b0  _Zero                                
200068b8  g_psCmdTable                         
20006930  g_sCDCDevice                         
20006990  g_pui8CDCSerDeviceDescriptor         
200069a2  g_pui8CDCSerDescriptor               
200069ab  g_pui8IADSerDescriptor               
200069b4  g_psCDCSerSections                   
200069c0  g_psCDCCompSerSections               
200069d0  SendSemaphore                        
200069d4  EjesSemaphore                        
200069d8  PilotoQuitarSemaphore                
200069dc  sensorTaskHandle                     
200069e0  consumoTaskHandle                    
200069e4  PilautTaskHandle                     
200069e8  velocidad                            
200069f0  combustible                          
200069f8  hora                                 
20006a00  altitud                              
20006a08  tiempoSim                            
20006a0c  pilotoAutomatico                     
20006a10  pxCurrentTCB                         
20006ad4  g_ulUARTTxCount                      
20006ad8  g_ulUARTRxCount                      
20006ae4  g_bUSBTimerInitialized               
20006ae8  g_ui32CurrentUSBTick                 
20006aec  g_ui32USBSOFCount                    
20006af0  g_iUSBMode                           
20006af4  g_ui32WaitTicks                      
20006b04  _lock                                
20006b08  _unlock                              
20006b0c  __TI_cleanup_ptr                     
20006b10  __TI_dtors_ptr                       
20006b14  _Fenv                                
20006b18  _Tls_setup__Fenv                     
20006b30  _Errno                               
20006b38  main_func_sp                         
20006b40  __stack                              
20006d40  __STACK_END                          
20006d40  __STACK_TOP                          
ffffffff  __binit__                            
ffffffff  __c_args__                           
ffffffff  binit                                
UNDEFED   SHT$$INIT_ARRAY$$Base                
UNDEFED   SHT$$INIT_ARRAY$$Limit               

[820 symbols]
