<?xml version="1.0"?>
<link_info>
   <banner>TI ARM Linker PC v5.2.4</banner>
   <copyright>Copyright (c) 1996-2015 Texas Instruments Incorporated</copyright>
   <link_time>0x553dfb88</link_time>
   <link_errors>0x0</link_errors>
   <output_file>base-practica_TIVA.out</output_file>
   <entry_point>
      <name>_c_int00</name>
      <address>0x13acd</address>
   </entry_point>
   <input_file_list>
      <input_file id="fl-2">
         <path>.\</path>
         <kind>object</kind>
         <file>commands.obj</file>
         <name>commands.obj</name>
      </input_file>
      <input_file id="fl-3">
         <path>.\</path>
         <kind>object</kind>
         <file>crc.obj</file>
         <name>crc.obj</name>
      </input_file>
      <input_file id="fl-4">
         <path>.\</path>
         <kind>object</kind>
         <file>main.obj</file>
         <name>main.obj</name>
      </input_file>
      <input_file id="fl-5">
         <path>.\</path>
         <kind>object</kind>
         <file>protocol.obj</file>
         <name>protocol.obj</name>
      </input_file>
      <input_file id="fl-6">
         <path>.\</path>
         <kind>object</kind>
         <file>startup_ccs.obj</file>
         <name>startup_ccs.obj</name>
      </input_file>
      <input_file id="fl-7">
         <path>.\</path>
         <kind>object</kind>
         <file>usb_dev_serial.obj</file>
         <name>usb_dev_serial.obj</name>
      </input_file>
      <input_file id="fl-8">
         <path>.\</path>
         <kind>object</kind>
         <file>usb_serial_structs.obj</file>
         <name>usb_serial_structs.obj</name>
      </input_file>
      <input_file id="fl-9">
         <path>.\utils\</path>
         <kind>object</kind>
         <file>RunTimeStatsConfig.obj</file>
         <name>RunTimeStatsConfig.obj</name>
      </input_file>
      <input_file id="fl-a">
         <path>.\utils\</path>
         <kind>object</kind>
         <file>cmdline.obj</file>
         <name>cmdline.obj</name>
      </input_file>
      <input_file id="fl-b">
         <path>.\utils\</path>
         <kind>object</kind>
         <file>cpu_usage.obj</file>
         <name>cpu_usage.obj</name>
      </input_file>
      <input_file id="fl-c">
         <path>.\utils\</path>
         <kind>object</kind>
         <file>uartstdio.obj</file>
         <name>uartstdio.obj</name>
      </input_file>
      <input_file id="fl-d">
         <path>.\utils\</path>
         <kind>object</kind>
         <file>ustdlib.obj</file>
         <name>ustdlib.obj</name>
      </input_file>
      <input_file id="fl-e">
         <path>.\usblib\</path>
         <kind>object</kind>
         <file>usbbuffer.obj</file>
         <name>usbbuffer.obj</name>
      </input_file>
      <input_file id="fl-f">
         <path>.\usblib\</path>
         <kind>object</kind>
         <file>usbdesc.obj</file>
         <name>usbdesc.obj</name>
      </input_file>
      <input_file id="fl-10">
         <path>.\usblib\</path>
         <kind>object</kind>
         <file>usbdma.obj</file>
         <name>usbdma.obj</name>
      </input_file>
      <input_file id="fl-11">
         <path>.\usblib\</path>
         <kind>object</kind>
         <file>usbkeyboardmap.obj</file>
         <name>usbkeyboardmap.obj</name>
      </input_file>
      <input_file id="fl-12">
         <path>.\usblib\</path>
         <kind>object</kind>
         <file>usbmode.obj</file>
         <name>usbmode.obj</name>
      </input_file>
      <input_file id="fl-13">
         <path>.\usblib\</path>
         <kind>object</kind>
         <file>usbringbuf.obj</file>
         <name>usbringbuf.obj</name>
      </input_file>
      <input_file id="fl-14">
         <path>.\usblib\</path>
         <kind>object</kind>
         <file>usbtick.obj</file>
         <name>usbtick.obj</name>
      </input_file>
      <input_file id="fl-15">
         <path>.\usblib\</path>
         <kind>object</kind>
         <file>usbulpi.obj</file>
         <name>usbulpi.obj</name>
      </input_file>
      <input_file id="fl-16">
         <path>.\usblib\host\</path>
         <kind>object</kind>
         <file>usbhaudio.obj</file>
         <name>usbhaudio.obj</name>
      </input_file>
      <input_file id="fl-17">
         <path>.\usblib\host\</path>
         <kind>object</kind>
         <file>usbhhid.obj</file>
         <name>usbhhid.obj</name>
      </input_file>
      <input_file id="fl-18">
         <path>.\usblib\host\</path>
         <kind>object</kind>
         <file>usbhhidkeyboard.obj</file>
         <name>usbhhidkeyboard.obj</name>
      </input_file>
      <input_file id="fl-19">
         <path>.\usblib\host\</path>
         <kind>object</kind>
         <file>usbhhidmouse.obj</file>
         <name>usbhhidmouse.obj</name>
      </input_file>
      <input_file id="fl-1a">
         <path>.\usblib\host\</path>
         <kind>object</kind>
         <file>usbhhub.obj</file>
         <name>usbhhub.obj</name>
      </input_file>
      <input_file id="fl-1b">
         <path>.\usblib\host\</path>
         <kind>object</kind>
         <file>usbhmsc.obj</file>
         <name>usbhmsc.obj</name>
      </input_file>
      <input_file id="fl-1c">
         <path>.\usblib\host\</path>
         <kind>object</kind>
         <file>usbhostenum.obj</file>
         <name>usbhostenum.obj</name>
      </input_file>
      <input_file id="fl-1d">
         <path>.\usblib\host\</path>
         <kind>object</kind>
         <file>usbhscsi.obj</file>
         <name>usbhscsi.obj</name>
      </input_file>
      <input_file id="fl-1e">
         <path>.\usblib\device\</path>
         <kind>object</kind>
         <file>usbdaudio.obj</file>
         <name>usbdaudio.obj</name>
      </input_file>
      <input_file id="fl-1f">
         <path>.\usblib\device\</path>
         <kind>object</kind>
         <file>usbdbulk.obj</file>
         <name>usbdbulk.obj</name>
      </input_file>
      <input_file id="fl-20">
         <path>.\usblib\device\</path>
         <kind>object</kind>
         <file>usbdcdc.obj</file>
         <name>usbdcdc.obj</name>
      </input_file>
      <input_file id="fl-21">
         <path>.\usblib\device\</path>
         <kind>object</kind>
         <file>usbdcdesc.obj</file>
         <name>usbdcdesc.obj</name>
      </input_file>
      <input_file id="fl-22">
         <path>.\usblib\device\</path>
         <kind>object</kind>
         <file>usbdcomp.obj</file>
         <name>usbdcomp.obj</name>
      </input_file>
      <input_file id="fl-23">
         <path>.\usblib\device\</path>
         <kind>object</kind>
         <file>usbdconfig.obj</file>
         <name>usbdconfig.obj</name>
      </input_file>
      <input_file id="fl-24">
         <path>.\usblib\device\</path>
         <kind>object</kind>
         <file>usbddfu-rt.obj</file>
         <name>usbddfu-rt.obj</name>
      </input_file>
      <input_file id="fl-25">
         <path>.\usblib\device\</path>
         <kind>object</kind>
         <file>usbdenum.obj</file>
         <name>usbdenum.obj</name>
      </input_file>
      <input_file id="fl-26">
         <path>.\usblib\device\</path>
         <kind>object</kind>
         <file>usbdhandler.obj</file>
         <name>usbdhandler.obj</name>
      </input_file>
      <input_file id="fl-27">
         <path>.\usblib\device\</path>
         <kind>object</kind>
         <file>usbdhid.obj</file>
         <name>usbdhid.obj</name>
      </input_file>
      <input_file id="fl-28">
         <path>.\usblib\device\</path>
         <kind>object</kind>
         <file>usbdhidgamepad.obj</file>
         <name>usbdhidgamepad.obj</name>
      </input_file>
      <input_file id="fl-29">
         <path>.\usblib\device\</path>
         <kind>object</kind>
         <file>usbdhidkeyb.obj</file>
         <name>usbdhidkeyb.obj</name>
      </input_file>
      <input_file id="fl-2a">
         <path>.\usblib\device\</path>
         <kind>object</kind>
         <file>usbdhidmouse.obj</file>
         <name>usbdhidmouse.obj</name>
      </input_file>
      <input_file id="fl-2b">
         <path>.\usblib\device\</path>
         <kind>object</kind>
         <file>usbdmsc.obj</file>
         <name>usbdmsc.obj</name>
      </input_file>
      <input_file id="fl-2c">
         <path>.\drivers\</path>
         <kind>object</kind>
         <file>buttons.obj</file>
         <name>buttons.obj</name>
      </input_file>
      <input_file id="fl-2d">
         <path>.\drivers\</path>
         <kind>object</kind>
         <file>rgb.obj</file>
         <name>rgb.obj</name>
      </input_file>
      <input_file id="fl-2e">
         <path>.\driverlib\</path>
         <kind>object</kind>
         <file>adc.obj</file>
         <name>adc.obj</name>
      </input_file>
      <input_file id="fl-2f">
         <path>.\driverlib\</path>
         <kind>object</kind>
         <file>aes.obj</file>
         <name>aes.obj</name>
      </input_file>
      <input_file id="fl-30">
         <path>.\driverlib\</path>
         <kind>object</kind>
         <file>can.obj</file>
         <name>can.obj</name>
      </input_file>
      <input_file id="fl-31">
         <path>.\driverlib\</path>
         <kind>object</kind>
         <file>comp.obj</file>
         <name>comp.obj</name>
      </input_file>
      <input_file id="fl-32">
         <path>.\driverlib\</path>
         <kind>object</kind>
         <file>cpu.obj</file>
         <name>cpu.obj</name>
      </input_file>
      <input_file id="fl-33">
         <path>.\driverlib\</path>
         <kind>object</kind>
         <file>crc.obj</file>
         <name>crc.obj</name>
      </input_file>
      <input_file id="fl-34">
         <path>.\driverlib\</path>
         <kind>object</kind>
         <file>des.obj</file>
         <name>des.obj</name>
      </input_file>
      <input_file id="fl-35">
         <path>.\driverlib\</path>
         <kind>object</kind>
         <file>eeprom.obj</file>
         <name>eeprom.obj</name>
      </input_file>
      <input_file id="fl-36">
         <path>.\driverlib\</path>
         <kind>object</kind>
         <file>emac.obj</file>
         <name>emac.obj</name>
      </input_file>
      <input_file id="fl-37">
         <path>.\driverlib\</path>
         <kind>object</kind>
         <file>epi.obj</file>
         <name>epi.obj</name>
      </input_file>
      <input_file id="fl-38">
         <path>.\driverlib\</path>
         <kind>object</kind>
         <file>epi_workaround_ccs.obj</file>
         <name>epi_workaround_ccs.obj</name>
      </input_file>
      <input_file id="fl-39">
         <path>.\driverlib\</path>
         <kind>object</kind>
         <file>flash.obj</file>
         <name>flash.obj</name>
      </input_file>
      <input_file id="fl-3a">
         <path>.\driverlib\</path>
         <kind>object</kind>
         <file>fpu.obj</file>
         <name>fpu.obj</name>
      </input_file>
      <input_file id="fl-3b">
         <path>.\driverlib\</path>
         <kind>object</kind>
         <file>gpio.obj</file>
         <name>gpio.obj</name>
      </input_file>
      <input_file id="fl-3c">
         <path>.\driverlib\</path>
         <kind>object</kind>
         <file>hibernate.obj</file>
         <name>hibernate.obj</name>
      </input_file>
      <input_file id="fl-3d">
         <path>.\driverlib\</path>
         <kind>object</kind>
         <file>i2c.obj</file>
         <name>i2c.obj</name>
      </input_file>
      <input_file id="fl-3e">
         <path>.\driverlib\</path>
         <kind>object</kind>
         <file>interrupt.obj</file>
         <name>interrupt.obj</name>
      </input_file>
      <input_file id="fl-3f">
         <path>.\driverlib\</path>
         <kind>object</kind>
         <file>lcd.obj</file>
         <name>lcd.obj</name>
      </input_file>
      <input_file id="fl-40">
         <path>.\driverlib\</path>
         <kind>object</kind>
         <file>mpu.obj</file>
         <name>mpu.obj</name>
      </input_file>
      <input_file id="fl-41">
         <path>.\driverlib\</path>
         <kind>object</kind>
         <file>pwm.obj</file>
         <name>pwm.obj</name>
      </input_file>
      <input_file id="fl-42">
         <path>.\driverlib\</path>
         <kind>object</kind>
         <file>qei.obj</file>
         <name>qei.obj</name>
      </input_file>
      <input_file id="fl-43">
         <path>.\driverlib\</path>
         <kind>object</kind>
         <file>shamd5.obj</file>
         <name>shamd5.obj</name>
      </input_file>
      <input_file id="fl-44">
         <path>.\driverlib\</path>
         <kind>object</kind>
         <file>ssi.obj</file>
         <name>ssi.obj</name>
      </input_file>
      <input_file id="fl-45">
         <path>.\driverlib\</path>
         <kind>object</kind>
         <file>sw_crc.obj</file>
         <name>sw_crc.obj</name>
      </input_file>
      <input_file id="fl-46">
         <path>.\driverlib\</path>
         <kind>object</kind>
         <file>sysctl.obj</file>
         <name>sysctl.obj</name>
      </input_file>
      <input_file id="fl-47">
         <path>.\driverlib\</path>
         <kind>object</kind>
         <file>sysexc.obj</file>
         <name>sysexc.obj</name>
      </input_file>
      <input_file id="fl-48">
         <path>.\driverlib\</path>
         <kind>object</kind>
         <file>systick.obj</file>
         <name>systick.obj</name>
      </input_file>
      <input_file id="fl-49">
         <path>.\driverlib\</path>
         <kind>object</kind>
         <file>timer.obj</file>
         <name>timer.obj</name>
      </input_file>
      <input_file id="fl-4a">
         <path>.\driverlib\</path>
         <kind>object</kind>
         <file>uart.obj</file>
         <name>uart.obj</name>
      </input_file>
      <input_file id="fl-4b">
         <path>.\driverlib\</path>
         <kind>object</kind>
         <file>udma.obj</file>
         <name>udma.obj</name>
      </input_file>
      <input_file id="fl-4c">
         <path>.\driverlib\</path>
         <kind>object</kind>
         <file>usb.obj</file>
         <name>usb.obj</name>
      </input_file>
      <input_file id="fl-4d">
         <path>.\driverlib\</path>
         <kind>object</kind>
         <file>watchdog.obj</file>
         <name>watchdog.obj</name>
      </input_file>
      <input_file id="fl-4e">
         <path>.\FreeRTOS\Source\</path>
         <kind>object</kind>
         <file>croutine.obj</file>
         <name>croutine.obj</name>
      </input_file>
      <input_file id="fl-4f">
         <path>.\FreeRTOS\Source\</path>
         <kind>object</kind>
         <file>event_groups.obj</file>
         <name>event_groups.obj</name>
      </input_file>
      <input_file id="fl-50">
         <path>.\FreeRTOS\Source\</path>
         <kind>object</kind>
         <file>list.obj</file>
         <name>list.obj</name>
      </input_file>
      <input_file id="fl-51">
         <path>.\FreeRTOS\Source\</path>
         <kind>object</kind>
         <file>queue.obj</file>
         <name>queue.obj</name>
      </input_file>
      <input_file id="fl-52">
         <path>.\FreeRTOS\Source\</path>
         <kind>object</kind>
         <file>tasks.obj</file>
         <name>tasks.obj</name>
      </input_file>
      <input_file id="fl-53">
         <path>.\FreeRTOS\Source\</path>
         <kind>object</kind>
         <file>timers.obj</file>
         <name>timers.obj</name>
      </input_file>
      <input_file id="fl-54">
         <path>.\FreeRTOS\Source\portable\CCS\ARM_CM4F\</path>
         <kind>object</kind>
         <file>port.obj</file>
         <name>port.obj</name>
      </input_file>
      <input_file id="fl-55">
         <path>.\FreeRTOS\Source\portable\CCS\ARM_CM4F\</path>
         <kind>object</kind>
         <file>portasm.obj</file>
         <name>portasm.obj</name>
      </input_file>
      <input_file id="fl-56">
         <path>.\FreeRTOS\Source\MemMang\</path>
         <kind>object</kind>
         <file>heap_2.obj</file>
         <name>heap_2.obj</name>
      </input_file>
      <input_file id="fl-17c">
         <path>C:\ti\ccsv6\tools\compiler\ti-cgt-arm_5.2.4\lib\</path>
         <kind>archive</kind>
         <file>rtsv7M4_T_le_v4SPD16_eabi.lib</file>
         <name>boot.obj</name>
      </input_file>
      <input_file id="fl-17d">
         <path>C:\ti\ccsv6\tools\compiler\ti-cgt-arm_5.2.4\lib\</path>
         <kind>archive</kind>
         <file>rtsv7M4_T_le_v4SPD16_eabi.lib</file>
         <name>copy_decompress_none.obj</name>
      </input_file>
      <input_file id="fl-17e">
         <path>C:\ti\ccsv6\tools\compiler\ti-cgt-arm_5.2.4\lib\</path>
         <kind>archive</kind>
         <file>rtsv7M4_T_le_v4SPD16_eabi.lib</file>
         <name>copy_decompress_rle.obj</name>
      </input_file>
      <input_file id="fl-17f">
         <path>C:\ti\ccsv6\tools\compiler\ti-cgt-arm_5.2.4\lib\</path>
         <kind>archive</kind>
         <file>rtsv7M4_T_le_v4SPD16_eabi.lib</file>
         <name>copy_zero_init.obj</name>
      </input_file>
      <input_file id="fl-180">
         <path>C:\ti\ccsv6\tools\compiler\ti-cgt-arm_5.2.4\lib\</path>
         <kind>archive</kind>
         <file>rtsv7M4_T_le_v4SPD16_eabi.lib</file>
         <name>exit.obj</name>
      </input_file>
      <input_file id="fl-181">
         <path>C:\ti\ccsv6\tools\compiler\ti-cgt-arm_5.2.4\lib\</path>
         <kind>archive</kind>
         <file>rtsv7M4_T_le_v4SPD16_eabi.lib</file>
         <name>fd_mul_t2.obj</name>
      </input_file>
      <input_file id="fl-182">
         <path>C:\ti\ccsv6\tools\compiler\ti-cgt-arm_5.2.4\lib\</path>
         <kind>archive</kind>
         <file>rtsv7M4_T_le_v4SPD16_eabi.lib</file>
         <name>fd_tou_t2.obj</name>
      </input_file>
      <input_file id="fl-183">
         <path>C:\ti\ccsv6\tools\compiler\ti-cgt-arm_5.2.4\lib\</path>
         <kind>archive</kind>
         <file>rtsv7M4_T_le_v4SPD16_eabi.lib</file>
         <name>fs_toull_t2.obj</name>
      </input_file>
      <input_file id="fl-184">
         <path>C:\ti\ccsv6\tools\compiler\ti-cgt-arm_5.2.4\lib\</path>
         <kind>archive</kind>
         <file>rtsv7M4_T_le_v4SPD16_eabi.lib</file>
         <name>memcmp.obj</name>
      </input_file>
      <input_file id="fl-185">
         <path>C:\ti\ccsv6\tools\compiler\ti-cgt-arm_5.2.4\lib\</path>
         <kind>archive</kind>
         <file>rtsv7M4_T_le_v4SPD16_eabi.lib</file>
         <name>memcpy_t2.obj</name>
      </input_file>
      <input_file id="fl-186">
         <path>C:\ti\ccsv6\tools\compiler\ti-cgt-arm_5.2.4\lib\</path>
         <kind>archive</kind>
         <file>rtsv7M4_T_le_v4SPD16_eabi.lib</file>
         <name>memset_t2.obj</name>
      </input_file>
      <input_file id="fl-187">
         <path>C:\ti\ccsv6\tools\compiler\ti-cgt-arm_5.2.4\lib\</path>
         <kind>archive</kind>
         <file>rtsv7M4_T_le_v4SPD16_eabi.lib</file>
         <name>pre_init.obj</name>
      </input_file>
      <input_file id="fl-188">
         <path>C:\ti\ccsv6\tools\compiler\ti-cgt-arm_5.2.4\lib\</path>
         <kind>archive</kind>
         <file>rtsv7M4_T_le_v4SPD16_eabi.lib</file>
         <name>sprintf.obj</name>
      </input_file>
      <input_file id="fl-189">
         <path>C:\ti\ccsv6\tools\compiler\ti-cgt-arm_5.2.4\lib\</path>
         <kind>archive</kind>
         <file>rtsv7M4_T_le_v4SPD16_eabi.lib</file>
         <name>stkdepth_vars.obj</name>
      </input_file>
      <input_file id="fl-18a">
         <path>C:\ti\ccsv6\tools\compiler\ti-cgt-arm_5.2.4\lib\</path>
         <kind>archive</kind>
         <file>rtsv7M4_T_le_v4SPD16_eabi.lib</file>
         <name>strcmp.obj</name>
      </input_file>
      <input_file id="fl-18b">
         <path>C:\ti\ccsv6\tools\compiler\ti-cgt-arm_5.2.4\lib\</path>
         <kind>archive</kind>
         <file>rtsv7M4_T_le_v4SPD16_eabi.lib</file>
         <name>strcpy.obj</name>
      </input_file>
      <input_file id="fl-18c">
         <path>C:\ti\ccsv6\tools\compiler\ti-cgt-arm_5.2.4\lib\</path>
         <kind>archive</kind>
         <file>rtsv7M4_T_le_v4SPD16_eabi.lib</file>
         <name>strlen.obj</name>
      </input_file>
      <input_file id="fl-18d">
         <path>C:\ti\ccsv6\tools\compiler\ti-cgt-arm_5.2.4\lib\</path>
         <kind>archive</kind>
         <file>rtsv7M4_T_le_v4SPD16_eabi.lib</file>
         <name>u_divt2.obj</name>
      </input_file>
      <input_file id="fl-18e">
         <path>C:\ti\ccsv6\tools\compiler\ti-cgt-arm_5.2.4\lib\</path>
         <kind>archive</kind>
         <file>rtsv7M4_T_le_v4SPD16_eabi.lib</file>
         <name>u_tofd_t2.obj</name>
      </input_file>
      <input_file id="fl-18f">
         <path>C:\ti\ccsv6\tools\compiler\ti-cgt-arm_5.2.4\lib\</path>
         <kind>archive</kind>
         <file>rtsv7M4_T_le_v4SPD16_eabi.lib</file>
         <name>_lock.obj</name>
      </input_file>
      <input_file id="fl-190">
         <path>C:\ti\ccsv6\tools\compiler\ti-cgt-arm_5.2.4\lib\</path>
         <kind>archive</kind>
         <file>rtsv7M4_T_le_v4SPD16_eabi.lib</file>
         <name>_printfi.obj</name>
      </input_file>
      <input_file id="fl-191">
         <path>C:\ti\ccsv6\tools\compiler\ti-cgt-arm_5.2.4\lib\</path>
         <kind>archive</kind>
         <file>rtsv7M4_T_le_v4SPD16_eabi.lib</file>
         <name>args_main.obj</name>
      </input_file>
      <input_file id="fl-192">
         <path>C:\ti\ccsv6\tools\compiler\ti-cgt-arm_5.2.4\lib\</path>
         <kind>archive</kind>
         <file>rtsv7M4_T_le_v4SPD16_eabi.lib</file>
         <name>atoi.obj</name>
      </input_file>
      <input_file id="fl-193">
         <path>C:\ti\ccsv6\tools\compiler\ti-cgt-arm_5.2.4\lib\</path>
         <kind>archive</kind>
         <file>rtsv7M4_T_le_v4SPD16_eabi.lib</file>
         <name>autoinit.obj</name>
      </input_file>
      <input_file id="fl-194">
         <path>C:\ti\ccsv6\tools\compiler\ti-cgt-arm_5.2.4\lib\</path>
         <kind>archive</kind>
         <file>rtsv7M4_T_le_v4SPD16_eabi.lib</file>
         <name>cpy_tbl.obj</name>
      </input_file>
      <input_file id="fl-195">
         <path>C:\ti\ccsv6\tools\compiler\ti-cgt-arm_5.2.4\lib\</path>
         <kind>archive</kind>
         <file>rtsv7M4_T_le_v4SPD16_eabi.lib</file>
         <name>ctype.obj</name>
      </input_file>
      <input_file id="fl-196">
         <path>C:\ti\ccsv6\tools\compiler\ti-cgt-arm_5.2.4\lib\</path>
         <kind>archive</kind>
         <file>rtsv7M4_T_le_v4SPD16_eabi.lib</file>
         <name>fd_add_t2.obj</name>
      </input_file>
      <input_file id="fl-197">
         <path>C:\ti\ccsv6\tools\compiler\ti-cgt-arm_5.2.4\lib\</path>
         <kind>archive</kind>
         <file>rtsv7M4_T_le_v4SPD16_eabi.lib</file>
         <name>fd_cmp_t2.obj</name>
      </input_file>
      <input_file id="fl-198">
         <path>C:\ti\ccsv6\tools\compiler\ti-cgt-arm_5.2.4\lib\</path>
         <kind>archive</kind>
         <file>rtsv7M4_T_le_v4SPD16_eabi.lib</file>
         <name>fd_div_t2.obj</name>
      </input_file>
      <input_file id="fl-199">
         <path>C:\ti\ccsv6\tools\compiler\ti-cgt-arm_5.2.4\lib\</path>
         <kind>archive</kind>
         <file>rtsv7M4_T_le_v4SPD16_eabi.lib</file>
         <name>fd_toi_t2.obj</name>
      </input_file>
      <input_file id="fl-19a">
         <path>C:\ti\ccsv6\tools\compiler\ti-cgt-arm_5.2.4\lib\</path>
         <kind>archive</kind>
         <file>rtsv7M4_T_le_v4SPD16_eabi.lib</file>
         <name>frexp.obj</name>
      </input_file>
      <input_file id="fl-19b">
         <path>C:\ti\ccsv6\tools\compiler\ti-cgt-arm_5.2.4\lib\</path>
         <kind>archive</kind>
         <file>rtsv7M4_T_le_v4SPD16_eabi.lib</file>
         <name>i_div0.obj</name>
      </input_file>
      <input_file id="fl-19c">
         <path>C:\ti\ccsv6\tools\compiler\ti-cgt-arm_5.2.4\lib\</path>
         <kind>archive</kind>
         <file>rtsv7M4_T_le_v4SPD16_eabi.lib</file>
         <name>i_tofd_t2.obj</name>
      </input_file>
      <input_file id="fl-19d">
         <path>C:\ti\ccsv6\tools\compiler\ti-cgt-arm_5.2.4\lib\</path>
         <kind>archive</kind>
         <file>rtsv7M4_T_le_v4SPD16_eabi.lib</file>
         <name>ldexp.obj</name>
      </input_file>
      <input_file id="fl-19e">
         <path>C:\ti\ccsv6\tools\compiler\ti-cgt-arm_5.2.4\lib\</path>
         <kind>archive</kind>
         <file>rtsv7M4_T_le_v4SPD16_eabi.lib</file>
         <name>ltoa.obj</name>
      </input_file>
      <input_file id="fl-19f">
         <path>C:\ti\ccsv6\tools\compiler\ti-cgt-arm_5.2.4\lib\</path>
         <kind>archive</kind>
         <file>rtsv7M4_T_le_v4SPD16_eabi.lib</file>
         <name>memccpy.obj</name>
      </input_file>
      <input_file id="fl-1a0">
         <path>C:\ti\ccsv6\tools\compiler\ti-cgt-arm_5.2.4\lib\</path>
         <kind>archive</kind>
         <file>rtsv7M4_T_le_v4SPD16_eabi.lib</file>
         <name>strchr.obj</name>
      </input_file>
      <input_file id="fl-1a1">
         <path>C:\ti\ccsv6\tools\compiler\ti-cgt-arm_5.2.4\lib\</path>
         <kind>archive</kind>
         <file>rtsv7M4_T_le_v4SPD16_eabi.lib</file>
         <name>ull_div_t2.obj</name>
      </input_file>
      <input_file id="fl-1a2">
         <path>C:\ti\ccsv6\tools\compiler\ti-cgt-arm_5.2.4\lib\</path>
         <kind>archive</kind>
         <file>rtsv7M4_T_le_v4SPD16_eabi.lib</file>
         <name>xdclass.obj</name>
      </input_file>
      <input_file id="fl-1a3">
         <path>C:\ti\ccsv6\tools\compiler\ti-cgt-arm_5.2.4\lib\</path>
         <kind>archive</kind>
         <file>rtsv7M4_T_le_v4SPD16_eabi.lib</file>
         <name>xdscale.obj</name>
      </input_file>
      <input_file id="fl-1a4">
         <path>C:\ti\ccsv6\tools\compiler\ti-cgt-arm_5.2.4\lib\</path>
         <kind>archive</kind>
         <file>rtsv7M4_T_le_v4SPD16_eabi.lib</file>
         <name>xdunscal.obj</name>
      </input_file>
      <input_file id="fl-1a5">
         <path>C:\ti\ccsv6\tools\compiler\ti-cgt-arm_5.2.4\lib\</path>
         <kind>archive</kind>
         <file>rtsv7M4_T_le_v4SPD16_eabi.lib</file>
         <name>xferaise.obj</name>
      </input_file>
      <input_file id="fl-1a6">
         <path>C:\ti\ccsv6\tools\compiler\ti-cgt-arm_5.2.4\lib\</path>
         <kind>archive</kind>
         <file>rtsv7M4_T_le_v4SPD16_eabi.lib</file>
         <name>xvalues.obj</name>
      </input_file>
      <input_file id="fl-1a7">
         <path>C:\ti\ccsv6\tools\compiler\ti-cgt-arm_5.2.4\lib\</path>
         <kind>archive</kind>
         <file>rtsv7M4_T_le_v4SPD16_eabi.lib</file>
         <name>errno.obj</name>
      </input_file>
      <input_file id="fl-1a8">
         <path>C:\ti\ccsv6\tools\compiler\ti-cgt-arm_5.2.4\lib\</path>
         <kind>archive</kind>
         <file>rtsv7M4_T_le_v4SPD16_eabi.lib</file>
         <name>feraiseexcept.obj</name>
      </input_file>
      <input_file id="fl-1a9">
         <path>C:\ti\ccsv6\tools\compiler\ti-cgt-arm_5.2.4\lib\</path>
         <kind>archive</kind>
         <file>rtsv7M4_T_le_v4SPD16_eabi.lib</file>
         <name>raise.obj</name>
      </input_file>
      <input_file id="fl-1aa">
         <path>C:\ti\ccsv6\tools\compiler\ti-cgt-arm_5.2.4\lib\</path>
         <kind>archive</kind>
         <file>rtsv7M4_T_le_v4SPD16_eabi.lib</file>
         <name>signal.obj</name>
      </input_file>
      <input_file id="fl-1ab">
         <path>C:\ti\ccsv6\tools\compiler\ti-cgt-arm_5.2.4\lib\</path>
         <kind>archive</kind>
         <file>rtsv7M4_T_le_v4SPD16_eabi.lib</file>
         <name>xdnorm.obj</name>
      </input_file>
   </input_file_list>
   <object_component_list>
      <object_component id="oc-f">
         <name>.intvecs</name>
         <load_address>0x0</load_address>
         <run_address>0x0</run_address>
         <size>0x26c</size>
         <input_file_ref idref="fl-6"/>
      </object_component>
      <object_component id="oc-43b">
         <name>.text</name>
         <load_address>0x26c</load_address>
         <run_address>0x26c</run_address>
         <size>0x2dac</size>
         <input_file_ref idref="fl-1c"/>
      </object_component>
      <object_component id="oc-8f">
         <name>.text</name>
         <load_address>0x3018</load_address>
         <run_address>0x3018</run_address>
         <size>0x1acc</size>
         <input_file_ref idref="fl-52"/>
      </object_component>
      <object_component id="oc-19c">
         <name>.text</name>
         <load_address>0x4ae4</load_address>
         <run_address>0x4ae4</run_address>
         <size>0x15ba</size>
         <input_file_ref idref="fl-4c"/>
      </object_component>
      <object_component id="oc-193">
         <name>.text</name>
         <load_address>0x609e</load_address>
         <run_address>0x609e</run_address>
         <size>0x2</size>
         <input_file_ref idref="fl-19b"/>
      </object_component>
      <object_component id="oc-db">
         <name>.text</name>
         <load_address>0x60a0</load_address>
         <run_address>0x60a0</run_address>
         <size>0x12f8</size>
         <input_file_ref idref="fl-25"/>
      </object_component>
      <object_component id="oc-280">
         <name>.text</name>
         <load_address>0x7398</load_address>
         <run_address>0x7398</run_address>
         <size>0x10ba</size>
         <input_file_ref idref="fl-190"/>
      </object_component>
      <object_component id="oc-1a8">
         <name>.text</name>
         <load_address>0x8454</load_address>
         <run_address>0x8454</run_address>
         <size>0xf20</size>
         <input_file_ref idref="fl-10"/>
      </object_component>
      <object_component id="oc-1f0">
         <name>.text</name>
         <load_address>0x9374</load_address>
         <run_address>0x9374</run_address>
         <size>0xf00</size>
         <input_file_ref idref="fl-46"/>
      </object_component>
      <object_component id="oc-314">
         <name>.text</name>
         <load_address>0xa274</load_address>
         <run_address>0xa274</run_address>
         <size>0xe0c</size>
         <input_file_ref idref="fl-20"/>
      </object_component>
      <object_component id="oc-3b">
         <name>.text</name>
         <load_address>0xb080</load_address>
         <run_address>0xb080</run_address>
         <size>0xd3c</size>
         <input_file_ref idref="fl-c"/>
      </object_component>
      <object_component id="oc-348">
         <name>.text</name>
         <load_address>0xbdbc</load_address>
         <run_address>0xbdbc</run_address>
         <size>0xc84</size>
         <input_file_ref idref="fl-d"/>
      </object_component>
      <object_component id="oc-201">
         <name>.text</name>
         <load_address>0xca40</load_address>
         <run_address>0xca40</run_address>
         <size>0xb98</size>
         <input_file_ref idref="fl-3b"/>
      </object_component>
      <object_component id="oc-b0">
         <name>.text</name>
         <load_address>0xd5d8</load_address>
         <run_address>0xd5d8</run_address>
         <size>0x9cc</size>
         <input_file_ref idref="fl-51"/>
      </object_component>
      <object_component id="oc-4f2">
         <name>.text</name>
         <load_address>0xdfa4</load_address>
         <run_address>0xdfa4</run_address>
         <size>0x924</size>
         <input_file_ref idref="fl-1a"/>
      </object_component>
      <object_component id="oc-20d">
         <name>.text</name>
         <load_address>0xe8c8</load_address>
         <run_address>0xe8c8</run_address>
         <size>0x7c4</size>
         <input_file_ref idref="fl-2e"/>
      </object_component>
      <object_component id="oc-219">
         <name>.text</name>
         <load_address>0xf08c</load_address>
         <run_address>0xf08c</run_address>
         <size>0x65a</size>
         <input_file_ref idref="fl-49"/>
      </object_component>
      <object_component id="oc-126">
         <name>.text</name>
         <load_address>0xf6e8</load_address>
         <run_address>0xf6e8</run_address>
         <size>0x580</size>
         <input_file_ref idref="fl-53"/>
      </object_component>
      <object_component id="oc-105">
         <name>.text</name>
         <load_address>0xfc68</load_address>
         <run_address>0xfc68</run_address>
         <size>0x568</size>
         <input_file_ref idref="fl-4"/>
      </object_component>
      <object_component id="oc-30e">
         <name>.text</name>
         <load_address>0x101d0</load_address>
         <run_address>0x101d0</run_address>
         <size>0x510</size>
         <input_file_ref idref="fl-12"/>
      </object_component>
      <object_component id="oc-308">
         <name>.text</name>
         <load_address>0x106e0</load_address>
         <run_address>0x106e0</run_address>
         <size>0x4ba</size>
         <input_file_ref idref="fl-e"/>
      </object_component>
      <object_component id="oc-230">
         <name>.text</name>
         <load_address>0x10b9c</load_address>
         <run_address>0x10b9c</run_address>
         <size>0x3d0</size>
         <input_file_ref idref="fl-2"/>
      </object_component>
      <object_component id="oc-213">
         <name>.text</name>
         <load_address>0x10f6c</load_address>
         <run_address>0x10f6c</run_address>
         <size>0x3c0</size>
         <input_file_ref idref="fl-3e"/>
      </object_component>
      <object_component id="oc-1cd">
         <name>.text</name>
         <load_address>0x1132c</load_address>
         <run_address>0x1132c</run_address>
         <size>0x388</size>
         <input_file_ref idref="fl-23"/>
      </object_component>
      <object_component id="oc-1f6">
         <name>.text</name>
         <load_address>0x116b4</load_address>
         <run_address>0x116b4</run_address>
         <size>0x338</size>
         <input_file_ref idref="fl-5"/>
      </object_component>
      <object_component id="oc-434">
         <name>.text</name>
         <load_address>0x119ec</load_address>
         <run_address>0x119ec</run_address>
         <size>0x2f4</size>
         <input_file_ref idref="fl-13"/>
      </object_component>
      <object_component id="oc-1c7">
         <name>.text</name>
         <load_address>0x11ce0</load_address>
         <run_address>0x11ce0</run_address>
         <size>0x2de</size>
         <input_file_ref idref="fl-21"/>
      </object_component>
      <object_component id="oc-207">
         <name>.text</name>
         <load_address>0x11fc0</load_address>
         <run_address>0x11fc0</run_address>
         <size>0x2ac</size>
         <input_file_ref idref="fl-7"/>
      </object_component>
      <object_component id="oc-35">
         <name>.text</name>
         <load_address>0x1226c</load_address>
         <run_address>0x1226c</run_address>
         <size>0x28c</size>
         <input_file_ref idref="fl-54"/>
      </object_component>
      <object_component id="oc-374">
         <name>.text</name>
         <load_address>0x124f8</load_address>
         <run_address>0x124f8</run_address>
         <size>0x1f4</size>
         <input_file_ref idref="fl-1a1"/>
      </object_component>
      <object_component id="oc-144">
         <name>.text</name>
         <load_address>0x126ec</load_address>
         <run_address>0x126ec</run_address>
         <size>0x1d4</size>
         <input_file_ref idref="fl-56"/>
      </object_component>
      <object_component id="oc-2c4">
         <name>.text</name>
         <load_address>0x128c0</load_address>
         <run_address>0x128c0</run_address>
         <size>0x1d2</size>
         <input_file_ref idref="fl-f"/>
      </object_component>
      <object_component id="oc-398">
         <name>.text</name>
         <load_address>0x12a92</load_address>
         <run_address>0x12a92</run_address>
         <size>0x1b6</size>
         <input_file_ref idref="fl-196"/>
      </object_component>
      <object_component id="oc-37e">
         <name>.text</name>
         <load_address>0x12c48</load_address>
         <run_address>0x12c48</run_address>
         <size>0x136</size>
         <input_file_ref idref="fl-198"/>
      </object_component>
      <object_component id="oc-11c">
         <name>.text</name>
         <load_address>0x12d7e</load_address>
         <run_address>0x12d7e</run_address>
         <size>0x12a</size>
         <input_file_ref idref="fl-50"/>
      </object_component>
      <object_component id="oc-4bc">
         <name>.text</name>
         <load_address>0x12ea8</load_address>
         <run_address>0x12ea8</run_address>
         <size>0x110</size>
         <input_file_ref idref="fl-1a3"/>
      </object_component>
      <object_component id="oc-224">
         <name>.text</name>
         <load_address>0x12fb8</load_address>
         <run_address>0x12fb8</run_address>
         <size>0xfc</size>
         <input_file_ref idref="fl-181"/>
      </object_component>
      <object_component id="oc-1ea">
         <name>.text</name>
         <load_address>0x130b4</load_address>
         <run_address>0x130b4</run_address>
         <size>0xf0</size>
         <input_file_ref idref="fl-b"/>
      </object_component>
      <object_component id="oc-1ae">
         <name>.text</name>
         <load_address>0x131a4</load_address>
         <run_address>0x131a4</run_address>
         <size>0xec</size>
         <input_file_ref idref="fl-14"/>
      </object_component>
      <object_component id="oc-30">
         <name>.text</name>
         <load_address>0x13290</load_address>
         <run_address>0x13290</run_address>
         <size>0xd2</size>
         <input_file_ref idref="fl-55"/>
      </object_component>
      <object_component id="oc-1a2">
         <name>.text</name>
         <load_address>0x13362</load_address>
         <run_address>0x13362</run_address>
         <size>0xc8</size>
         <input_file_ref idref="fl-15"/>
      </object_component>
      <object_component id="oc-537">
         <name>.text</name>
         <load_address>0x1342a</load_address>
         <run_address>0x1342a</run_address>
         <size>0xbe</size>
         <input_file_ref idref="fl-1ab"/>
      </object_component>
      <object_component id="oc-34e">
         <name>.text</name>
         <load_address>0x134e8</load_address>
         <run_address>0x134e8</run_address>
         <size>0xac</size>
         <input_file_ref idref="fl-a"/>
      </object_component>
      <object_component id="oc-4a">
         <name>.text</name>
         <load_address>0x13594</load_address>
         <run_address>0x13594</run_address>
         <size>0x9c</size>
         <input_file_ref idref="fl-185"/>
      </object_component>
      <object_component id="oc-379">
         <name>.text:__aeabi_cdcmple</name>
         <load_address>0x13630</load_address>
         <run_address>0x13630</run_address>
         <size>0x86</size>
         <input_file_ref idref="fl-197"/>
      </object_component>
      <object_component id="oc-383">
         <name>.text:__aeabi_cdrcmple</name>
         <load_address>0x136b6</load_address>
         <run_address>0x136b6</run_address>
         <size>0x86</size>
         <input_file_ref idref="fl-197"/>
      </object_component>
      <object_component id="oc-63">
         <name>.text</name>
         <load_address>0x1373c</load_address>
         <run_address>0x1373c</run_address>
         <size>0x7a</size>
         <input_file_ref idref="fl-186"/>
      </object_component>
      <object_component id="oc-75">
         <name>.text</name>
         <load_address>0x137b8</load_address>
         <run_address>0x137b8</run_address>
         <size>0x6c</size>
         <input_file_ref idref="fl-193"/>
      </object_component>
      <object_component id="oc-56">
         <name>.text</name>
         <load_address>0x13824</load_address>
         <run_address>0x13824</run_address>
         <size>0x6a</size>
         <input_file_ref idref="fl-17e"/>
      </object_component>
      <object_component id="oc-2f0">
         <name>.text</name>
         <load_address>0x13890</load_address>
         <run_address>0x13890</run_address>
         <size>0x68</size>
         <input_file_ref idref="fl-3"/>
      </object_component>
      <object_component id="oc-4b4">
         <name>.text</name>
         <load_address>0x138f8</load_address>
         <run_address>0x138f8</run_address>
         <size>0x66</size>
         <input_file_ref idref="fl-1a4"/>
      </object_component>
      <object_component id="oc-12c">
         <name>.text</name>
         <load_address>0x13960</load_address>
         <run_address>0x13960</run_address>
         <size>0x64</size>
         <input_file_ref idref="fl-9"/>
      </object_component>
      <object_component id="oc-158">
         <name>.text</name>
         <load_address>0x139c4</load_address>
         <run_address>0x139c4</run_address>
         <size>0x60</size>
         <input_file_ref idref="fl-188"/>
      </object_component>
      <object_component id="oc-38d">
         <name>.text</name>
         <load_address>0x13a24</load_address>
         <run_address>0x13a24</run_address>
         <size>0x56</size>
         <input_file_ref idref="fl-19e"/>
      </object_component>
      <object_component id="oc-3a3">
         <name>.text</name>
         <load_address>0x13a7a</load_address>
         <run_address>0x13a7a</run_address>
         <size>0x52</size>
         <input_file_ref idref="fl-19d"/>
      </object_component>
      <object_component id="oc-24">
         <name>.text</name>
         <load_address>0x13acc</load_address>
         <run_address>0x13acc</run_address>
         <size>0x50</size>
         <input_file_ref idref="fl-17c"/>
      </object_component>
      <object_component id="oc-3bb">
         <name>.text</name>
         <load_address>0x13b1c</load_address>
         <run_address>0x13b1c</run_address>
         <size>0x4c</size>
         <input_file_ref idref="fl-192"/>
      </object_component>
      <object_component id="oc-fd">
         <name>.text</name>
         <load_address>0x13b68</load_address>
         <run_address>0x13b68</run_address>
         <size>0x4c</size>
         <input_file_ref idref="fl-194"/>
      </object_component>
      <object_component id="oc-388">
         <name>.text</name>
         <load_address>0x13bb4</load_address>
         <run_address>0x13bb4</run_address>
         <size>0x48</size>
         <input_file_ref idref="fl-199"/>
      </object_component>
      <object_component id="oc-81">
         <name>.text</name>
         <load_address>0x13bfc</load_address>
         <run_address>0x13bfc</run_address>
         <size>0x44</size>
         <input_file_ref idref="fl-180"/>
      </object_component>
      <object_component id="oc-229">
         <name>.text</name>
         <load_address>0x13c40</load_address>
         <run_address>0x13c40</run_address>
         <size>0x44</size>
         <input_file_ref idref="fl-182"/>
      </object_component>
      <object_component id="oc-5ad">
         <name>.text</name>
         <load_address>0x13c84</load_address>
         <run_address>0x13c84</run_address>
         <size>0x40</size>
         <input_file_ref idref="fl-1aa"/>
      </object_component>
      <object_component id="oc-c6">
         <name>.text</name>
         <load_address>0x13cc4</load_address>
         <run_address>0x13cc4</run_address>
         <size>0x40</size>
         <input_file_ref idref="fl-18d"/>
      </object_component>
      <object_component id="oc-96">
         <name>.text</name>
         <load_address>0x13d04</load_address>
         <run_address>0x13d04</run_address>
         <size>0x3e</size>
         <input_file_ref idref="fl-32"/>
      </object_component>
      <object_component id="oc-546">
         <name>.text</name>
         <load_address>0x13d44</load_address>
         <run_address>0x13d44</run_address>
         <size>0x34</size>
         <input_file_ref idref="fl-1a8"/>
      </object_component>
      <object_component id="oc-3af">
         <name>.text</name>
         <load_address>0x13d78</load_address>
         <run_address>0x13d78</run_address>
         <size>0x30</size>
         <input_file_ref idref="fl-1a2"/>
      </object_component>
      <object_component id="oc-4c2">
         <name>.text</name>
         <load_address>0x13da8</load_address>
         <run_address>0x13da8</run_address>
         <size>0x30</size>
         <input_file_ref idref="fl-1a5"/>
      </object_component>
      <object_component id="oc-393">
         <name>.text</name>
         <load_address>0x13dd8</load_address>
         <run_address>0x13dd8</run_address>
         <size>0x2e</size>
         <input_file_ref idref="fl-19c"/>
      </object_component>
      <object_component id="oc-599">
         <name>.text</name>
         <load_address>0x13e06</load_address>
         <run_address>0x13e06</run_address>
         <size>0x2e</size>
         <input_file_ref idref="fl-1a9"/>
      </object_component>
      <object_component id="oc-2a">
         <name>.text</name>
         <load_address>0x13e34</load_address>
         <run_address>0x13e34</run_address>
         <size>0x2c</size>
         <input_file_ref idref="fl-6"/>
      </object_component>
      <object_component id="oc-39d">
         <name>.text</name>
         <load_address>0x13e60</load_address>
         <run_address>0x13e60</run_address>
         <size>0x2a</size>
         <input_file_ref idref="fl-19a"/>
      </object_component>
      <object_component id="oc-134">
         <name>.text:GetOverflowCounts</name>
         <load_address>0x13e8c</load_address>
         <run_address>0x13e8c</run_address>
         <size>0x24</size>
         <input_file_ref idref="fl-9"/>
      </object_component>
      <object_component id="oc-41">
         <name>.text</name>
         <load_address>0x13eb0</load_address>
         <run_address>0x13eb0</run_address>
         <size>0x24</size>
         <input_file_ref idref="fl-26"/>
      </object_component>
      <object_component id="oc-13b">
         <name>.text</name>
         <load_address>0x13ed4</load_address>
         <run_address>0x13ed4</run_address>
         <size>0x22</size>
         <input_file_ref idref="fl-184"/>
      </object_component>
      <object_component id="oc-21f">
         <name>.text</name>
         <load_address>0x13ef6</load_address>
         <run_address>0x13ef6</run_address>
         <size>0x20</size>
         <input_file_ref idref="fl-18e"/>
      </object_component>
      <object_component id="oc-3b5">
         <name>.text</name>
         <load_address>0x13f16</load_address>
         <run_address>0x13f16</run_address>
         <size>0x1c</size>
         <input_file_ref idref="fl-19f"/>
      </object_component>
      <object_component id="oc-7b">
         <name>.text</name>
         <load_address>0x13f34</load_address>
         <run_address>0x13f34</run_address>
         <size>0x18</size>
         <input_file_ref idref="fl-191"/>
      </object_component>
      <object_component id="oc-49d">
         <name>.text</name>
         <load_address>0x13f4c</load_address>
         <run_address>0x13f4c</run_address>
         <size>0x18</size>
         <input_file_ref idref="fl-18a"/>
      </object_component>
      <object_component id="oc-3a9">
         <name>.text</name>
         <load_address>0x13f64</load_address>
         <run_address>0x13f64</run_address>
         <size>0x16</size>
         <input_file_ref idref="fl-1a0"/>
      </object_component>
      <object_component id="oc-243">
         <name>.text</name>
         <load_address>0x13f7c</load_address>
         <run_address>0x13f7c</run_address>
         <size>0x14</size>
         <input_file_ref idref="fl-18f"/>
      </object_component>
      <object_component id="oc-14c">
         <name>.text</name>
         <load_address>0x13f90</load_address>
         <run_address>0x13f90</run_address>
         <size>0x14</size>
         <input_file_ref idref="fl-18b"/>
      </object_component>
      <object_component id="oc-152">
         <name>.text</name>
         <load_address>0x13fa4</load_address>
         <run_address>0x13fa4</run_address>
         <size>0x14</size>
         <input_file_ref idref="fl-18c"/>
      </object_component>
      <object_component id="oc-12">
         <name>.text:decompress:none</name>
         <load_address>0x13fb8</load_address>
         <run_address>0x13fb8</run_address>
         <size>0xe</size>
         <input_file_ref idref="fl-17d"/>
      </object_component>
      <object_component id="oc-1e">
         <name>.text:decompress:ZI</name>
         <load_address>0x13fc6</load_address>
         <run_address>0x13fc6</run_address>
         <size>0xc</size>
         <input_file_ref idref="fl-17f"/>
      </object_component>
      <object_component id="oc-2ed">
         <name>.text:SysCtlDelay</name>
         <load_address>0x13fd2</load_address>
         <run_address>0x13fd2</run_address>
         <size>0x6</size>
         <input_file_ref idref="fl-46"/>
      </object_component>
      <object_component id="oc-18">
         <name>.text:decompress:rle24</name>
         <load_address>0x13fd8</load_address>
         <run_address>0x13fd8</run_address>
         <size>0x6</size>
         <input_file_ref idref="fl-17e"/>
      </object_component>
      <object_component id="oc-6f">
         <name>.text</name>
         <load_address>0x13fde</load_address>
         <run_address>0x13fde</run_address>
         <size>0x4</size>
         <input_file_ref idref="fl-187"/>
      </object_component>
      <object_component id="oc-41e">
         <name>.const:crctttab</name>
         <load_address>0x13fe4</load_address>
         <run_address>0x13fe4</run_address>
         <size>0x200</size>
         <input_file_ref idref="fl-3"/>
      </object_component>
      <object_component id="oc-2e7">
         <name>.const:g_pppui32XTALtoVCO</name>
         <load_address>0x141e4</load_address>
         <run_address>0x141e4</run_address>
         <size>0x120</size>
         <input_file_ref idref="fl-46"/>
      </object_component>
      <object_component id="oc-4d0">
         <name>.const:.string:_ctypes_</name>
         <load_address>0x14304</load_address>
         <run_address>0x14304</run_address>
         <size>0x101</size>
         <input_file_ref idref="fl-195"/>
      </object_component>
      <object_component id="oc-271">
         <name>.const</name>
         <load_address>0x14406</load_address>
         <run_address>0x14406</run_address>
         <size>0x2</size>
         <input_file_ref idref="fl-56"/>
      </object_component>
      <object_component id="oc-4a8">
         <name>.const:.string</name>
         <load_address>0x14408</load_address>
         <run_address>0x14408</run_address>
         <size>0xf2</size>
         <input_file_ref idref="fl-2"/>
      </object_component>
      <object_component id="oc-2fa">
         <name>.const:g_ppui32GPIOIntMapBlizzard</name>
         <load_address>0x144fc</load_address>
         <run_address>0x144fc</run_address>
         <size>0xc0</size>
         <input_file_ref idref="fl-3b"/>
      </object_component>
      <object_component id="oc-300">
         <name>.const:g_ppui32GPIOIntMapSnowflake</name>
         <load_address>0x145bc</load_address>
         <run_address>0x145bc</run_address>
         <size>0xc0</size>
         <input_file_ref idref="fl-3b"/>
      </object_component>
      <object_component id="oc-335">
         <name>.const:g_pui32Regs</name>
         <load_address>0x1467c</load_address>
         <run_address>0x1467c</run_address>
         <size>0x9c</size>
         <input_file_ref idref="fl-3e"/>
      </object_component>
      <object_component id="oc-303">
         <name>.const:g_pui32GPIOBaseAddrs</name>
         <load_address>0x14718</load_address>
         <run_address>0x14718</run_address>
         <size>0x90</size>
         <input_file_ref idref="fl-3b"/>
      </object_component>
      <object_component id="oc-332">
         <name>.const</name>
         <load_address>0x147a8</load_address>
         <run_address>0x147a8</run_address>
         <size>0x70</size>
         <input_file_ref idref="fl-3e"/>
      </object_component>
      <object_component id="oc-2e4">
         <name>.const:g_pui32Xtals</name>
         <load_address>0x14818</load_address>
         <run_address>0x14818</run_address>
         <size>0x6c</size>
         <input_file_ref idref="fl-46"/>
      </object_component>
      <object_component id="oc-33a">
         <name>.const:g_ppui32TimerIntMap</name>
         <load_address>0x14884</load_address>
         <run_address>0x14884</run_address>
         <size>0x60</size>
         <input_file_ref idref="fl-49"/>
      </object_component>
      <object_component id="oc-340">
         <name>.const:g_ppui32TimerIntMapSnowflake</name>
         <load_address>0x148e4</load_address>
         <run_address>0x148e4</run_address>
         <size>0x40</size>
         <input_file_ref idref="fl-49"/>
      </object_component>
      <object_component id="oc-44b">
         <name>.const</name>
         <load_address>0x14924</load_address>
         <run_address>0x14924</run_address>
         <size>0x38</size>
         <input_file_ref idref="fl-20"/>
      </object_component>
      <object_component id="oc-521">
         <name>.const:.string:g_pui8ConfigString</name>
         <load_address>0x1495c</load_address>
         <run_address>0x1495c</run_address>
         <size>0x36</size>
         <input_file_ref idref="fl-8"/>
      </object_component>
      <object_component id="oc-1c4">
         <name>.const:g_psUSBDStdRequests</name>
         <load_address>0x14994</load_address>
         <run_address>0x14994</run_address>
         <size>0x34</size>
         <input_file_ref idref="fl-25"/>
      </object_component>
      <object_component id="oc-490">
         <name>.const:g_psDaysToMonth</name>
         <load_address>0x149c8</load_address>
         <run_address>0x149c8</run_address>
         <size>0x30</size>
         <input_file_ref idref="fl-d"/>
      </object_component>
      <object_component id="oc-445">
         <name>.const:g_sCDCHandlers</name>
         <load_address>0x149f8</load_address>
         <run_address>0x149f8</run_address>
         <size>0x30</size>
         <input_file_ref idref="fl-20"/>
      </object_component>
      <object_component id="oc-2e1">
         <name>.const:g_sXTALtoMEMTIM</name>
         <load_address>0x14a28</load_address>
         <run_address>0x14a28</run_address>
         <size>0x30</size>
         <input_file_ref idref="fl-46"/>
      </object_component>
      <object_component id="oc-51e">
         <name>.const:.string:g_pui8ControlInterfaceString</name>
         <load_address>0x14a58</load_address>
         <run_address>0x14a58</run_address>
         <size>0x2c</size>
         <input_file_ref idref="fl-8"/>
      </object_component>
      <object_component id="oc-b9">
         <name>.const</name>
         <load_address>0x14a84</load_address>
         <run_address>0x14a84</run_address>
         <size>0x28</size>
         <input_file_ref idref="fl-c"/>
      </object_component>
      <object_component id="oc-518">
         <name>.const:.string:g_pui8ManufacturerString</name>
         <load_address>0x14aac</load_address>
         <run_address>0x14aac</run_address>
         <size>0x24</size>
         <input_file_ref idref="fl-8"/>
      </object_component>
      <object_component id="oc-31a">
         <name>.const:g_sRxBuffer</name>
         <load_address>0x14ad0</load_address>
         <run_address>0x14ad0</run_address>
         <size>0x24</size>
         <input_file_ref idref="fl-8"/>
      </object_component>
      <object_component id="oc-323">
         <name>.const:g_sTxBuffer</name>
         <load_address>0x14af4</load_address>
         <run_address>0x14af4</run_address>
         <size>0x24</size>
         <input_file_ref idref="fl-8"/>
      </object_component>
      <object_component id="oc-505">
         <name>.const:.string:g_pui8CDCSerCommInterface</name>
         <load_address>0x14b18</load_address>
         <run_address>0x14b18</run_address>
         <size>0x23</size>
         <input_file_ref idref="fl-20"/>
      </object_component>
      <object_component id="oc-51b">
         <name>.const:.string:g_pui8ProductString</name>
         <load_address>0x14b3b</load_address>
         <run_address>0x14b3b</run_address>
         <size>0x22</size>
         <input_file_ref idref="fl-8"/>
      </object_component>
      <object_component id="oc-48d">
         <name>.const</name>
         <load_address>0x14b60</load_address>
         <run_address>0x14b60</run_address>
         <size>0x1c</size>
         <input_file_ref idref="fl-d"/>
      </object_component>
      <object_component id="oc-476">
         <name>.const</name>
         <load_address>0x14b7c</load_address>
         <run_address>0x14b7c</run_address>
         <size>0x18</size>
         <input_file_ref idref="fl-8"/>
      </object_component>
      <object_component id="oc-508">
         <name>.const:.string</name>
         <load_address>0x14b94</load_address>
         <run_address>0x14b94</run_address>
         <size>0x17</size>
         <input_file_ref idref="fl-20"/>
      </object_component>
      <object_component id="oc-515">
         <name>.const:.string</name>
         <load_address>0x14bab</load_address>
         <run_address>0x14bab</run_address>
         <size>0x16</size>
         <input_file_ref idref="fl-8"/>
      </object_component>
      <object_component id="oc-143">
         <name>.const:.string</name>
         <load_address>0x14bc1</load_address>
         <run_address>0x14bc1</run_address>
         <size>0x14</size>
         <input_file_ref idref="fl-52"/>
      </object_component>
      <object_component id="oc-185">
         <name>.const:.string</name>
         <load_address>0x14bd8</load_address>
         <run_address>0x14bd8</run_address>
         <size>0x12</size>
         <input_file_ref idref="fl-c"/>
      </object_component>
      <object_component id="oc-526">
         <name>.const:.string</name>
         <load_address>0x14bec</load_address>
         <run_address>0x14bec</run_address>
         <size>0x12</size>
         <input_file_ref idref="fl-d"/>
      </object_component>
      <object_component id="oc-2fd">
         <name>.const</name>
         <load_address>0x14c00</load_address>
         <run_address>0x14c00</run_address>
         <size>0x8</size>
         <input_file_ref idref="fl-3b"/>
      </object_component>
      <object_component id="oc-2ea">
         <name>.const</name>
         <load_address>0x14c08</load_address>
         <run_address>0x14c08</run_address>
         <size>0x8</size>
         <input_file_ref idref="fl-46"/>
      </object_component>
      <object_component id="oc-33d">
         <name>.const</name>
         <load_address>0x14c10</load_address>
         <run_address>0x14c10</run_address>
         <size>0x8</size>
         <input_file_ref idref="fl-49"/>
      </object_component>
      <object_component id="oc-5f4">
         <name>.cinit..data.load</name>
         <load_address>0x14c18</load_address>
         <run_address>0x14c18</run_address>
         <size>0x165</size>
      </object_component>
      <object_component id="oc-5f1">
         <name>__TI_handler_table</name>
         <load_address>0x14d80</load_address>
         <run_address>0x14d80</run_address>
         <size>0xc</size>
      </object_component>
      <object_component id="oc-5f5">
         <name>.cinit..bss.load</name>
         <load_address>0x14d90</load_address>
         <run_address>0x14d90</run_address>
         <size>0x8</size>
      </object_component>
      <object_component id="oc-5f3">
         <name>.cinit..vtable.load</name>
         <load_address>0x14d98</load_address>
         <run_address>0x14d98</run_address>
         <size>0x8</size>
      </object_component>
      <object_component id="oc-5f2">
         <name>__TI_cinit_table</name>
         <load_address>0x14da0</load_address>
         <run_address>0x14da0</run_address>
         <size>0x18</size>
      </object_component>
      <object_component id="oc-32f">
         <name>.vtable</name>
         <uninitialized>true</uninitialized>
         <run_address>0x20000000</run_address>
         <size>0x26c</size>
         <input_file_ref idref="fl-3e"/>
      </object_component>
      <object_component id="oc-29">
         <name>.stack</name>
         <uninitialized>true</uninitialized>
         <run_address>0x20006aac</run_address>
         <size>0x0</size>
         <input_file_ref idref="fl-17c"/>
      </object_component>
      <object_component id="oc-5f6">
         <name>.stack</name>
         <uninitialized>true</uninitialized>
         <run_address>0x20006aac</run_address>
         <size>0x0</size>
      </object_component>
      <object_component id="oc-455">
         <name>.bss:g_pui8USBRxBuffer</name>
         <uninitialized>true</uninitialized>
         <run_address>0x20006188</run_address>
         <size>0x100</size>
         <input_file_ref idref="fl-8"/>
      </object_component>
      <object_component id="oc-470">
         <name>.bss:g_pui8USBTxBuffer</name>
         <uninitialized>true</uninitialized>
         <run_address>0x20006288</run_address>
         <size>0x100</size>
         <input_file_ref idref="fl-8"/>
      </object_component>
      <object_component id="oc-4a3">
         <name>.bss:g_ppcArgv</name>
         <uninitialized>true</uninitialized>
         <run_address>0x20006584</run_address>
         <size>0x24</size>
         <input_file_ref idref="fl-a"/>
      </object_component>
      <object_component id="oc-bf">
         <name>.bss:g_pcUARTTxBuffer</name>
         <uninitialized>true</uninitialized>
         <run_address>0x20005938</run_address>
         <size>0x400</size>
         <input_file_ref idref="fl-c"/>
      </object_component>
      <object_component id="oc-c3">
         <name>.bss:g_pcUARTRxBuffer</name>
         <uninitialized>true</uninitialized>
         <run_address>0x20006424</run_address>
         <size>0x80</size>
         <input_file_ref idref="fl-c"/>
      </object_component>
      <object_component id="oc-cd">
         <name>.bss:g_pcUARTRxHistoryBuffer</name>
         <uninitialized>true</uninitialized>
         <run_address>0x20005d38</run_address>
         <size>0x200</size>
         <input_file_ref idref="fl-c"/>
      </object_component>
      <object_component id="oc-2a2">
         <name>.bss:g_psUSBDMAInst</name>
         <uninitialized>true</uninitialized>
         <run_address>0x20006078</run_address>
         <size>0x110</size>
         <input_file_ref idref="fl-10"/>
      </object_component>
      <object_component id="oc-56a">
         <name>.bss:g_sRootHub</name>
         <uninitialized>true</uninitialized>
         <run_address>0x20006388</run_address>
         <size>0x9c</size>
         <input_file_ref idref="fl-1a"/>
      </object_component>
      <object_component id="oc-4e9">
         <name>.bss:g_sUSBHCD</name>
         <uninitialized>true</uninitialized>
         <run_address>0x2000526c</run_address>
         <size>0x6cc</size>
         <input_file_ref idref="fl-1c"/>
      </object_component>
      <object_component id="oc-1c1">
         <name>.bss:g_pui8DataBufferIn</name>
         <uninitialized>true</uninitialized>
         <run_address>0x20006544</run_address>
         <size>0x40</size>
         <input_file_ref idref="fl-25"/>
      </object_component>
      <object_component id="oc-1b4">
         <name>.bss:g_psDCDInst</name>
         <uninitialized>true</uninitialized>
         <run_address>0x200064a4</run_address>
         <size>0x50</size>
         <input_file_ref idref="fl-25"/>
      </object_component>
      <object_component id="oc-174">
         <name>.bss:xQueueRegistry</name>
         <uninitialized>true</uninitialized>
         <run_address>0x200064f4</run_address>
         <size>0x50</size>
         <input_file_ref idref="fl-51"/>
      </object_component>
      <object_component id="oc-122">
         <name>.bss:pxReadyTasksLists</name>
         <uninitialized>true</uninitialized>
         <run_address>0x20005f38</run_address>
         <size>0x140</size>
         <input_file_ref idref="fl-52"/>
      </object_component>
      <object_component id="oc-278">
         <name>.bss:ucHeap</name>
         <uninitialized>true</uninitialized>
         <run_address>0x2000026c</run_address>
         <size>0x5000</size>
         <input_file_ref idref="fl-56"/>
      </object_component>
      <object_component id="oc-1fd">
         <name>.common:g_ui32CPUUsage</name>
         <uninitialized>true</uninitialized>
         <run_address>0x2000670c</run_address>
         <size>0x4</size>
      </object_component>
      <object_component id="oc-22f">
         <name>.common:g_ulSystemClock</name>
         <uninitialized>true</uninitialized>
         <run_address>0x20006734</run_address>
         <size>0x4</size>
      </object_component>
      <object_component id="oc-200">
         <name>.common:potQueue</name>
         <uninitialized>true</uninitialized>
         <run_address>0x2000673c</run_address>
         <size>0x4</size>
      </object_component>
      <object_component id="oc-22e">
         <name>.common:SendSemaphore</name>
         <uninitialized>true</uninitialized>
         <run_address>0x200066fc</run_address>
         <size>0x4</size>
      </object_component>
      <object_component id="oc-31d">
         <name>.common:xRxedChars</name>
         <uninitialized>true</uninitialized>
         <run_address>0x20006754</run_address>
         <size>0x4</size>
      </object_component>
      <object_component id="oc-326">
         <name>.common:xCharsForTx</name>
         <uninitialized>true</uninitialized>
         <run_address>0x20006750</run_address>
         <size>0x4</size>
      </object_component>
      <object_component id="oc-458">
         <name>.common:g_pui8RxBufferWorkspace</name>
         <uninitialized>true</uninitialized>
         <run_address>0x20006610</run_address>
         <size>0x18</size>
      </object_component>
      <object_component id="oc-473">
         <name>.common:g_pui8TxBufferWorkspace</name>
         <uninitialized>true</uninitialized>
         <run_address>0x20006628</run_address>
         <size>0x18</size>
      </object_component>
      <object_component id="oc-2db">
         <name>.common:g_ui32CPUUsageTimer</name>
         <uninitialized>true</uninitialized>
         <run_address>0x20006718</run_address>
         <size>0x4</size>
      </object_component>
      <object_component id="oc-2df">
         <name>.common:g_ui32CPUUsageTicks</name>
         <uninitialized>true</uninitialized>
         <run_address>0x20006714</run_address>
         <size>0x4</size>
      </object_component>
      <object_component id="oc-2de">
         <name>.common:g_ui32CPUUsagePrevious</name>
         <uninitialized>true</uninitialized>
         <run_address>0x20006710</run_address>
         <size>0x4</size>
      </object_component>
      <object_component id="oc-cb">
         <name>.common:g_bDisableEcho</name>
         <uninitialized>true</uninitialized>
         <run_address>0x20006758</run_address>
         <size>0x1</size>
      </object_component>
      <object_component id="oc-cc">
         <name>.common:g_usUARTRxHistoryOffset</name>
         <uninitialized>true</uninitialized>
         <run_address>0x200065a8</run_address>
         <size>0x20</size>
      </object_component>
      <object_component id="oc-bc">
         <name>.common:g_ui32PortNum</name>
         <uninitialized>true</uninitialized>
         <run_address>0x20006728</run_address>
         <size>0x4</size>
      </object_component>
      <object_component id="oc-c2">
         <name>.common:g_xRxLineSemaphore</name>
         <uninitialized>true</uninitialized>
         <run_address>0x20006738</run_address>
         <size>0x4</size>
      </object_component>
      <object_component id="oc-442">
         <name>.common:g_pfnUSBModeCallback</name>
         <uninitialized>true</uninitialized>
         <run_address>0x20006700</run_address>
         <size>0x4</size>
      </object_component>
      <object_component id="oc-441">
         <name>.common:g_ui32PollRate</name>
         <uninitialized>true</uninitialized>
         <run_address>0x20006724</run_address>
         <size>0x4</size>
      </object_component>
      <object_component id="oc-443">
         <name>.common:g_eOTGModeState</name>
         <uninitialized>true</uninitialized>
         <run_address>0x20006759</run_address>
         <size>0x1</size>
      </object_component>
      <object_component id="oc-2a7">
         <name>.common:g_pfnTickHandlers</name>
         <uninitialized>true</uninitialized>
         <run_address>0x200065c8</run_address>
         <size>0x18</size>
      </object_component>
      <object_component id="oc-2aa">
         <name>.common:g_pvTickInstance</name>
         <uninitialized>true</uninitialized>
         <run_address>0x20006640</run_address>
         <size>0x18</size>
      </object_component>
      <object_component id="oc-570">
         <name>.common:g_ui32ChangeFlags</name>
         <uninitialized>true</uninitialized>
         <run_address>0x2000671c</run_address>
         <size>0x4</size>
      </object_component>
      <object_component id="oc-56d">
         <name>.common:g_ui32HubChanges</name>
         <uninitialized>true</uninitialized>
         <run_address>0x20006720</run_address>
         <size>0x4</size>
      </object_component>
      <object_component id="oc-4f9">
         <name>.common:g_ui32ULPISupport</name>
         <uninitialized>true</uninitialized>
         <run_address>0x20006730</run_address>
         <size>0x4</size>
      </object_component>
      <object_component id="oc-4f8">
         <name>.common:g_pi32USBHActiveDriver</name>
         <uninitialized>true</uninitialized>
         <run_address>0x200065e0</run_address>
         <size>0x18</size>
      </object_component>
      <object_component id="oc-4fa">
         <name>.common:g_ppvDriverInstance</name>
         <uninitialized>true</uninitialized>
         <run_address>0x200065f8</run_address>
         <size>0x18</size>
      </object_component>
      <object_component id="oc-4ec">
         <name>.common:g_pui32Alloc</name>
         <uninitialized>true</uninitialized>
         <run_address>0x200066e4</run_address>
         <size>0x8</size>
      </object_component>
      <object_component id="oc-1c0">
         <name>.common:g_ui32ULPISupport</name>
         <uninitialized>true</uninitialized>
         <run_address>0x2000672c</run_address>
         <size>0x4</size>
      </object_component>
      <object_component id="oc-1b7">
         <name>.common:g_ppsDevInfo</name>
         <uninitialized>true</uninitialized>
         <run_address>0x20006704</run_address>
         <size>0x4</size>
      </object_component>
      <object_component id="oc-32b">
         <name>.common:g_pui8OversampleFactor</name>
         <uninitialized>true</uninitialized>
         <run_address>0x20006708</run_address>
         <size>0x4</size>
      </object_component>
      <object_component id="oc-14a">
         <name>.common:xDelayedTaskList1</name>
         <uninitialized>true</uninitialized>
         <run_address>0x20006680</run_address>
         <size>0x14</size>
      </object_component>
      <object_component id="oc-14b">
         <name>.common:xDelayedTaskList2</name>
         <uninitialized>true</uninitialized>
         <run_address>0x20006694</run_address>
         <size>0x14</size>
      </object_component>
      <object_component id="oc-141">
         <name>.common:pxDelayedTaskList</name>
         <uninitialized>true</uninitialized>
         <run_address>0x20006744</run_address>
         <size>0x4</size>
      </object_component>
      <object_component id="oc-142">
         <name>.common:pxOverflowDelayedTaskList</name>
         <uninitialized>true</uninitialized>
         <run_address>0x20006748</run_address>
         <size>0x4</size>
      </object_component>
      <object_component id="oc-133">
         <name>.common:xPendingReadyList</name>
         <uninitialized>true</uninitialized>
         <run_address>0x200066a8</run_address>
         <size>0x14</size>
      </object_component>
      <object_component id="oc-125">
         <name>.common:xTasksWaitingTermination</name>
         <uninitialized>true</uninitialized>
         <run_address>0x200066d0</run_address>
         <size>0x14</size>
      </object_component>
      <object_component id="oc-132">
         <name>.common:xSuspendedTaskList</name>
         <uninitialized>true</uninitialized>
         <run_address>0x200066bc</run_address>
         <size>0x14</size>
      </object_component>
      <object_component id="oc-263">
         <name>.common:xActiveTimerList1</name>
         <uninitialized>true</uninitialized>
         <run_address>0x20006658</run_address>
         <size>0x14</size>
      </object_component>
      <object_component id="oc-264">
         <name>.common:xActiveTimerList2</name>
         <uninitialized>true</uninitialized>
         <run_address>0x2000666c</run_address>
         <size>0x14</size>
      </object_component>
      <object_component id="oc-25f">
         <name>.common:pxCurrentTimerList</name>
         <uninitialized>true</uninitialized>
         <run_address>0x20006740</run_address>
         <size>0x4</size>
      </object_component>
      <object_component id="oc-262">
         <name>.common:pxOverflowTimerList</name>
         <uninitialized>true</uninitialized>
         <run_address>0x2000674c</run_address>
         <size>0x4</size>
      </object_component>
      <object_component id="oc-274">
         <name>.common:xStart</name>
         <uninitialized>true</uninitialized>
         <run_address>0x200066f4</run_address>
         <size>0x8</size>
      </object_component>
      <object_component id="oc-277">
         <name>.common:xEnd</name>
         <uninitialized>true</uninitialized>
         <run_address>0x200066ec</run_address>
         <size>0x8</size>
      </object_component>
      <object_component id="oc-354">
         <name>.data:g_psCmdTable</name>
         <load_address>0x200068f0</load_address>
         <run_address>0x200068f0</run_address>
         <size>0x54</size>
         <input_file_ref idref="fl-2"/>
      </object_component>
      <object_component id="oc-1fc">
         <name>.data</name>
         <load_address>0x20006a35</load_address>
         <run_address>0x20006a35</run_address>
         <size>0x1</size>
         <input_file_ref idref="fl-4"/>
      </object_component>
      <object_component id="oc-320">
         <name>.data</name>
         <load_address>0x20006a48</load_address>
         <run_address>0x20006a48</run_address>
         <size>0x10</size>
         <input_file_ref idref="fl-7"/>
      </object_component>
      <object_component id="oc-327">
         <name>.data:g_sCDCDevice</name>
         <load_address>0x20006890</load_address>
         <run_address>0x20006890</run_address>
         <size>0x60</size>
         <input_file_ref idref="fl-8"/>
      </object_component>
      <object_component id="oc-2d8">
         <name>.data</name>
         <load_address>0x200069bc</load_address>
         <run_address>0x200069bc</run_address>
         <size>0x30</size>
         <input_file_ref idref="fl-b"/>
      </object_component>
      <object_component id="oc-b6">
         <name>.data</name>
         <load_address>0x20006a18</load_address>
         <run_address>0x20006a18</run_address>
         <size>0x1d</size>
         <input_file_ref idref="fl-c"/>
      </object_component>
      <object_component id="oc-493">
         <name>.data</name>
         <load_address>0x20006aa8</load_address>
         <run_address>0x20006aa8</run_address>
         <size>0x4</size>
         <input_file_ref idref="fl-d"/>
      </object_component>
      <object_component id="oc-1ba">
         <name>.data</name>
         <load_address>0x20006a64</load_address>
         <run_address>0x20006a64</run_address>
         <size>0x9</size>
         <input_file_ref idref="fl-12"/>
      </object_component>
      <object_component id="oc-1d3">
         <name>.data</name>
         <load_address>0x20006a58</load_address>
         <run_address>0x20006a58</run_address>
         <size>0xc</size>
         <input_file_ref idref="fl-14"/>
      </object_component>
      <object_component id="oc-4ef">
         <name>.data</name>
         <load_address>0x200069ec</load_address>
         <run_address>0x200069ec</run_address>
         <size>0x2c</size>
         <input_file_ref idref="fl-1c"/>
      </object_component>
      <object_component id="oc-448">
         <name>.data</name>
         <load_address>0x20006944</load_address>
         <run_address>0x20006944</run_address>
         <size>0x40</size>
         <input_file_ref idref="fl-20"/>
      </object_component>
      <object_component id="oc-1bd">
         <name>.data</name>
         <load_address>0x20006a98</load_address>
         <run_address>0x20006a98</run_address>
         <size>0x8</size>
         <input_file_ref idref="fl-25"/>
      </object_component>
      <object_component id="oc-8c">
         <name>.data</name>
         <load_address>0x20006984</load_address>
         <run_address>0x20006984</run_address>
         <size>0x38</size>
         <input_file_ref idref="fl-52"/>
      </object_component>
      <object_component id="oc-25c">
         <name>.data</name>
         <load_address>0x20006a90</load_address>
         <run_address>0x20006a90</run_address>
         <size>0x8</size>
         <input_file_ref idref="fl-53"/>
      </object_component>
      <object_component id="oc-9c">
         <name>.data</name>
         <load_address>0x20006a38</load_address>
         <run_address>0x20006a38</run_address>
         <size>0x10</size>
         <input_file_ref idref="fl-54"/>
      </object_component>
      <object_component id="oc-26e">
         <name>.data</name>
         <load_address>0x20006a70</load_address>
[...]
         <value>0x4951</value>
         <object_component_ref idref="oc-8f"/>
      </symbol>
      <symbol id="sm-16bf">
         <name>vTaskResume</name>
         <value>0x355d</value>
         <object_component_ref idref="oc-8f"/>
      </symbol>
      <symbol id="sm-16c0">
         <name>vTaskPlaceOnEventListRestricted</name>
         <value>0x3c19</value>
         <object_component_ref idref="oc-8f"/>
      </symbol>
      <symbol id="sm-16c1">
         <name>vTaskSetTimeOutState</name>
         <value>0x3d67</value>
         <object_component_ref idref="oc-8f"/>
      </symbol>
      <symbol id="sm-16c2">
         <name>xTaskIncrementTick</name>
         <value>0x3935</value>
         <object_component_ref idref="oc-8f"/>
      </symbol>
      <symbol id="sm-16c3">
         <name>vTaskSwitchContext</name>
         <value>0x3a61</value>
         <object_component_ref idref="oc-8f"/>
      </symbol>
      <symbol id="sm-16c4">
         <name>uxTaskResetEventItemValue</name>
         <value>0x4659</value>
         <object_component_ref idref="oc-8f"/>
      </symbol>
      <symbol id="sm-16c5">
         <name>xTaskGetSchedulerState</name>
         <value>0x42cd</value>
         <object_component_ref idref="oc-8f"/>
      </symbol>
      <symbol id="sm-16c6">
         <name>xTaskResumeFromISR</name>
         <value>0x35d9</value>
         <object_component_ref idref="oc-8f"/>
      </symbol>
      <symbol id="sm-16c7">
         <name>xTaskGetCurrentTaskHandle</name>
         <value>0x42b5</value>
         <object_component_ref idref="oc-8f"/>
      </symbol>
      <symbol id="sm-16c8">
         <name>vTaskPlaceOnUnorderedEventList</name>
         <value>0x3ba9</value>
         <object_component_ref idref="oc-8f"/>
      </symbol>
      <symbol id="sm-16c9">
         <name>xTaskRemoveFromEventList</name>
         <value>0x3c61</value>
         <object_component_ref idref="oc-8f"/>
      </symbol>
      <symbol id="sm-16ca">
         <name>eTaskConfirmSleepModeStatus</name>
         <value>0x3e9d</value>
         <object_component_ref idref="oc-8f"/>
      </symbol>
      <symbol id="sm-173f">
         <name>xTimerCreateTimerTask</name>
         <value>0xf6e9</value>
         <object_component_ref idref="oc-126"/>
      </symbol>
      <symbol id="sm-1740">
         <name>pcTimerGetTimerName</name>
         <value>0xf7e5</value>
         <object_component_ref idref="oc-126"/>
      </symbol>
      <symbol id="sm-1741">
         <name>xTimerIsTimerActive</name>
         <value>0xfba1</value>
         <object_component_ref idref="oc-126"/>
      </symbol>
      <symbol id="sm-1742">
         <name>xTimerCreate</name>
         <value>0xf723</value>
         <object_component_ref idref="oc-126"/>
      </symbol>
      <symbol id="sm-1743">
         <name>xTimerGenericCommand</name>
         <value>0xf777</value>
         <object_component_ref idref="oc-126"/>
      </symbol>
      <symbol id="sm-1744">
         <name>pvTimerGetTimerID</name>
         <value>0xfbcd</value>
         <object_component_ref idref="oc-126"/>
      </symbol>
      <symbol id="sm-1745">
         <name>xTimerPendFunctionCallFromISR</name>
         <value>0xfbe5</value>
         <object_component_ref idref="oc-126"/>
      </symbol>
      <symbol id="sm-1746">
         <name>xTimerPendFunctionCall</name>
         <value>0xfc1b</value>
         <object_component_ref idref="oc-126"/>
      </symbol>
      <symbol id="sm-1782">
         <name>vPortSetupTimerInterrupt</name>
         <value>0x1249d</value>
         <object_component_ref idref="oc-35"/>
      </symbol>
      <symbol id="sm-1783">
         <name>vPortEndScheduler</name>
         <value>0x12301</value>
         <object_component_ref idref="oc-35"/>
      </symbol>
      <symbol id="sm-1784">
         <name>vPortSuppressTicksAndSleep</name>
         <value>0x1234f</value>
         <object_component_ref idref="oc-35"/>
      </symbol>
      <symbol id="sm-1785">
         <name>xPortSysTickHandler</name>
         <value>0x12333</value>
         <object_component_ref idref="oc-35"/>
      </symbol>
      <symbol id="sm-1786">
         <name>pxPortInitialiseStack</name>
         <value>0x1226d</value>
         <object_component_ref idref="oc-35"/>
      </symbol>
      <symbol id="sm-1787">
         <name>vPortExitCritical</name>
         <value>0x1231b</value>
         <object_component_ref idref="oc-35"/>
      </symbol>
      <symbol id="sm-1788">
         <name>xPortStartScheduler</name>
         <value>0x122cb</value>
         <object_component_ref idref="oc-35"/>
      </symbol>
      <symbol id="sm-1789">
         <name>vPortEnterCritical</name>
         <value>0x12303</value>
         <object_component_ref idref="oc-35"/>
      </symbol>
      <symbol id="sm-1796">
         <name>vPortStartFirstTask</name>
         <value>0x1332d</value>
         <object_component_ref idref="oc-30"/>
      </symbol>
      <symbol id="sm-1797">
         <name>vPortGetIPSR</name>
         <value>0x1335d</value>
         <object_component_ref idref="oc-30"/>
      </symbol>
      <symbol id="sm-1798">
         <name>vPortEnableVFP</name>
         <value>0x1334b</value>
         <object_component_ref idref="oc-30"/>
      </symbol>
      <symbol id="sm-1799">
         <name>xPortPendSVHandler</name>
         <value>0x13295</value>
         <object_component_ref idref="oc-30"/>
      </symbol>
      <symbol id="sm-179a">
         <name>vPortClearInterruptMask</name>
         <value>0x13309</value>
         <object_component_ref idref="oc-30"/>
      </symbol>
      <symbol id="sm-179b">
         <name>ulPortSetInterruptMask</name>
         <value>0x132f3</value>
         <object_component_ref idref="oc-30"/>
      </symbol>
      <symbol id="sm-179c">
         <name>vPortSVCHandler</name>
         <value>0x1330f</value>
         <object_component_ref idref="oc-30"/>
      </symbol>
      <symbol id="sm-17e2">
         <name>vPortInitialiseBlocks</name>
         <value>0x12863</value>
         <object_component_ref idref="oc-144"/>
      </symbol>
      <symbol id="sm-17e3">
         <name>xPortGetFreeHeapSize</name>
         <value>0x1285d</value>
         <object_component_ref idref="oc-144"/>
      </symbol>
      <symbol id="sm-17e4">
         <name>pvPortMalloc</name>
         <value>0x126ed</value>
         <object_component_ref idref="oc-144"/>
      </symbol>
      <symbol id="sm-17e5">
         <name>vPortFree</name>
         <value>0x127fb</value>
         <object_component_ref idref="oc-144"/>
      </symbol>
      <symbol id="sm-17f7">
         <name>_c_int00</name>
         <value>0x13acd</value>
         <object_component_ref idref="oc-24"/>
      </symbol>
      <symbol id="sm-17f8">
         <name>__stack</name>
         <value>0x20006aac</value>
         <object_component_ref idref="oc-29"/>
      </symbol>
      <symbol id="sm-180f">
         <name>__TI_decompress_none</name>
         <value>0x13fb9</value>
         <object_component_ref idref="oc-12"/>
      </symbol>
      <symbol id="sm-1832">
         <name>__TI_decompress_rle24</name>
         <value>0x13fd9</value>
         <object_component_ref idref="oc-18"/>
      </symbol>
      <symbol id="sm-1844">
         <name>__TI_zero_init</name>
         <value>0x13fc7</value>
         <object_component_ref idref="oc-1e"/>
      </symbol>
      <symbol id="sm-1863">
         <name>C$$EXIT</name>
         <value>0x13bfd</value>
         <object_component_ref idref="oc-81"/>
      </symbol>
      <symbol id="sm-1864">
         <name>abort</name>
         <value>0x13c01</value>
         <object_component_ref idref="oc-81"/>
      </symbol>
      <symbol id="sm-1865">
         <name>exit</name>
         <value>0x13c09</value>
         <object_component_ref idref="oc-81"/>
      </symbol>
      <symbol id="sm-1866">
         <name>__TI_dtors_ptr</name>
         <value>0x20006a84</value>
         <object_component_ref idref="oc-110"/>
      </symbol>
      <symbol id="sm-1867">
         <name>__TI_cleanup_ptr</name>
         <value>0x20006a80</value>
         <object_component_ref idref="oc-110"/>
      </symbol>
      <symbol id="sm-187e">
         <name>__aeabi_dmul</name>
         <value>0x12fb9</value>
         <object_component_ref idref="oc-224"/>
      </symbol>
      <symbol id="sm-188b">
         <name>__aeabi_d2uiz</name>
         <value>0x13c41</value>
         <object_component_ref idref="oc-229"/>
      </symbol>
      <symbol id="sm-189e">
         <name>memcmp</name>
         <value>0x13ed5</value>
         <object_component_ref idref="oc-13b"/>
      </symbol>
      <symbol id="sm-18b9">
         <name>memcpy</name>
         <value>0x13595</value>
         <object_component_ref idref="oc-4a"/>
      </symbol>
      <symbol id="sm-18ba">
         <name>__aeabi_memcpy</name>
         <value>0x13595</value>
         <object_component_ref idref="oc-4a"/>
      </symbol>
      <symbol id="sm-18bb">
         <name>__aeabi_memcpy8</name>
         <value>0x13595</value>
         <object_component_ref idref="oc-4a"/>
      </symbol>
      <symbol id="sm-18bc">
         <name>__aeabi_memcpy4</name>
         <value>0x13595</value>
         <object_component_ref idref="oc-4a"/>
      </symbol>
      <symbol id="sm-18cb">
         <name>__aeabi_memset</name>
         <value>0x1373f</value>
         <object_component_ref idref="oc-63"/>
      </symbol>
      <symbol id="sm-18cc">
         <name>memset</name>
         <value>0x13745</value>
         <object_component_ref idref="oc-63"/>
      </symbol>
      <symbol id="sm-18cd">
         <name>__aeabi_memset8</name>
         <value>0x1373f</value>
         <object_component_ref idref="oc-63"/>
      </symbol>
      <symbol id="sm-18ce">
         <name>__aeabi_memset4</name>
         <value>0x1373f</value>
         <object_component_ref idref="oc-63"/>
      </symbol>
      <symbol id="sm-18cf">
         <name>__aeabi_memclr8</name>
         <value>0x1373d</value>
         <object_component_ref idref="oc-63"/>
      </symbol>
      <symbol id="sm-18d0">
         <name>__aeabi_memclr4</name>
         <value>0x1373d</value>
         <object_component_ref idref="oc-63"/>
      </symbol>
      <symbol id="sm-18d1">
         <name>__aeabi_memclr</name>
         <value>0x1373d</value>
         <object_component_ref idref="oc-63"/>
      </symbol>
      <symbol id="sm-18db">
         <name>_system_pre_init</name>
         <value>0x13fdf</value>
         <object_component_ref idref="oc-6f"/>
      </symbol>
      <symbol id="sm-18f4">
         <name>sprintf</name>
         <value>0x139c5</value>
         <object_component_ref idref="oc-158"/>
      </symbol>
      <symbol id="sm-18fc">
         <name>main_func_sp</name>
         <value>0x20006aa4</value>
         <object_component_ref idref="oc-87"/>
      </symbol>
      <symbol id="sm-190b">
         <name>strcmp</name>
         <value>0x13f4d</value>
         <object_component_ref idref="oc-49d"/>
      </symbol>
      <symbol id="sm-1919">
         <name>strcpy</name>
         <value>0x13f91</value>
         <object_component_ref idref="oc-14c"/>
      </symbol>
      <symbol id="sm-1927">
         <name>strlen</name>
         <value>0x13fa5</value>
         <object_component_ref idref="oc-152"/>
      </symbol>
      <symbol id="sm-1939">
         <name>__aeabi_uidivmod</name>
         <value>0x13cc5</value>
         <object_component_ref idref="oc-c6"/>
      </symbol>
      <symbol id="sm-193a">
         <name>__aeabi_uidiv</name>
         <value>0x13cc5</value>
         <object_component_ref idref="oc-c6"/>
      </symbol>
      <symbol id="sm-1946">
         <name>__aeabi_ui2d</name>
         <value>0x13ef7</value>
         <object_component_ref idref="oc-21f"/>
      </symbol>
      <symbol id="sm-195f">
         <name>_nop</name>
         <value>0x13f8b</value>
         <object_component_ref idref="oc-243"/>
      </symbol>
      <symbol id="sm-1960">
         <name>_lock</name>
         <value>0x20006a78</value>
         <object_component_ref idref="oc-10d"/>
      </symbol>
      <symbol id="sm-1961">
         <name>_unlock</name>
         <value>0x20006a7c</value>
         <object_component_ref idref="oc-10d"/>
      </symbol>
      <symbol id="sm-1962">
         <name>_register_lock</name>
         <value>0x13f83</value>
         <object_component_ref idref="oc-243"/>
      </symbol>
      <symbol id="sm-1963">
         <name>_register_unlock</name>
         <value>0x13f7d</value>
         <object_component_ref idref="oc-243"/>
      </symbol>
      <symbol id="sm-1a68">
         <name>__TI_printfi</name>
         <value>0x814d</value>
         <object_component_ref idref="oc-280"/>
      </symbol>
      <symbol id="sm-1a7d">
         <name>_args_main</name>
         <value>0x13f35</value>
         <object_component_ref idref="oc-7b"/>
      </symbol>
      <symbol id="sm-1a93">
         <name>atoi</name>
         <value>0x13b1d</value>
         <object_component_ref idref="oc-3bb"/>
      </symbol>
      <symbol id="sm-1ab9">
         <name>__TI_auto_init</name>
         <value>0x137b9</value>
         <object_component_ref idref="oc-75"/>
      </symbol>
      <symbol id="sm-1ad3">
         <name>copy_in</name>
         <value>0x13b69</value>
         <object_component_ref idref="oc-fd"/>
      </symbol>
      <symbol id="sm-1ade">
         <name>_ctypes_</name>
         <value>0x14304</value>
         <object_component_ref idref="oc-4d0"/>
      </symbol>
      <symbol id="sm-1b02">
         <name>__aeabi_dsub</name>
         <value>0x12a93</value>
         <object_component_ref idref="oc-398"/>
      </symbol>
      <symbol id="sm-1b03">
         <name>__aeabi_dadd</name>
         <value>0x12a9d</value>
         <object_component_ref idref="oc-398"/>
      </symbol>
      <symbol id="sm-1b2a">
         <name>__aeabi_cdcmpeq</name>
         <value>0x13631</value>
         <object_component_ref idref="oc-379"/>
      </symbol>
      <symbol id="sm-1b2b">
         <name>__aeabi_cdcmple</name>
         <value>0x13631</value>
         <object_component_ref idref="oc-379"/>
      </symbol>
      <symbol id="sm-1b2c">
         <name>__aeabi_cdrcmple</name>
         <value>0x136b7</value>
         <object_component_ref idref="oc-383"/>
      </symbol>
      <symbol id="sm-1b4c">
         <name>__aeabi_ddiv</name>
         <value>0x12c49</value>
         <object_component_ref idref="oc-37e"/>
      </symbol>
      <symbol id="sm-1b5a">
         <name>__aeabi_d2iz</name>
         <value>0x13bb5</value>
         <object_component_ref idref="oc-388"/>
      </symbol>
      <symbol id="sm-1b67">
         <name>frexp</name>
         <value>0x13e61</value>
         <object_component_ref idref="oc-39d"/>
      </symbol>
      <symbol id="sm-1b71">
         <name>__aeabi_idiv0</name>
         <value>0x609f</value>
         <object_component_ref idref="oc-193"/>
      </symbol>
      <symbol id="sm-1b7d">
         <name>__aeabi_i2d</name>
         <value>0x13dd9</value>
         <object_component_ref idref="oc-393"/>
      </symbol>
      <symbol id="sm-1b8e">
         <name>ldexp</name>
         <value>0x13a7b</value>
         <object_component_ref idref="oc-3a3"/>
      </symbol>
      <symbol id="sm-1b9d">
         <name>ltoa</name>
         <value>0x13a25</value>
         <object_component_ref idref="oc-38d"/>
      </symbol>
      <symbol id="sm-1bad">
         <name>memccpy</name>
         <value>0x13f17</value>
         <object_component_ref idref="oc-3b5"/>
      </symbol>
      <symbol id="sm-1bbd">
         <name>strchr</name>
         <value>0x13f65</value>
         <object_component_ref idref="oc-3a9"/>
      </symbol>
      <symbol id="sm-1be7">
         <name>__aeabi_uldivmod</name>
         <value>0x124f9</value>
         <object_component_ref idref="oc-374"/>
      </symbol>
      <symbol id="sm-1bf5">
         <name>_Dclass</name>
         <value>0x13d79</value>
         <object_component_ref idref="oc-3af"/>
      </symbol>
      <symbol id="sm-1c16">
         <name>_Dscale</name>
         <value>0x12ea9</value>
         <object_component_ref idref="oc-4bc"/>
      </symbol>
      <symbol id="sm-1c2a">
         <name>_Dunscale</name>
         <value>0x138f9</value>
         <object_component_ref idref="oc-4b4"/>
      </symbol>
      <symbol id="sm-1c39">
         <name>_Feraise</name>
         <value>0x13da9</value>
         <object_component_ref idref="oc-4c2"/>
      </symbol>
      <symbol id="sm-1c49">
         <name>_Rteps</name>
         <value>0x20006870</value>
         <object_component_ref idref="oc-541"/>
      </symbol>
      <symbol id="sm-1c4a">
         <name>_Zero</name>
         <value>0x20006888</value>
         <object_component_ref idref="oc-541"/>
      </symbol>
      <symbol id="sm-1c4b">
         <name>_Hugeval</name>
         <value>0x20006830</value>
         <object_component_ref idref="oc-541"/>
      </symbol>
      <symbol id="sm-1c4c">
         <name>_Snan</name>
         <value>0x20006860</value>
         <object_component_ref idref="oc-541"/>
      </symbol>
      <symbol id="sm-1c4d">
         <name>_Nan</name>
         <value>0x20006850</value>
         <object_component_ref idref="oc-541"/>
      </symbol>
      <symbol id="sm-1c4e">
         <name>_Inf</name>
         <value>0x20006840</value>
         <object_component_ref idref="oc-541"/>
      </symbol>
      <symbol id="sm-1c4f">
         <name>_Xbig</name>
         <value>0x20006880</value>
         <object_component_ref idref="oc-541"/>
      </symbol>
      <symbol id="sm-1c50">
         <name>_Eps</name>
         <value>0x20006820</value>
         <object_component_ref idref="oc-541"/>
      </symbol>
      <symbol id="sm-1c51">
         <name>_Denorm</name>
         <value>0x20006810</value>
         <object_component_ref idref="oc-541"/>
      </symbol>
      <symbol id="sm-1c59">
         <name>_Errno</name>
         <value>0x20006aa0</value>
         <object_component_ref idref="oc-54c"/>
      </symbol>
      <symbol id="sm-1c77">
         <name>feraiseexcept</name>
         <value>0x13d45</value>
         <object_component_ref idref="oc-546"/>
      </symbol>
      <symbol id="sm-1c78">
         <name>_Tls_setup__Fenv</name>
         <value>0x20006a8c</value>
         <object_component_ref idref="oc-59f"/>
      </symbol>
      <symbol id="sm-1c79">
         <name>_Fenv</name>
         <value>0x20006a88</value>
         <object_component_ref idref="oc-59f"/>
      </symbol>
      <symbol id="sm-1c8d">
         <name>raise</name>
         <value>0x13e07</value>
         <object_component_ref idref="oc-599"/>
      </symbol>
      <symbol id="sm-1ca7">
         <name>signal</name>
         <value>0x13c85</value>
         <object_component_ref idref="oc-5ad"/>
      </symbol>
      <symbol id="sm-1cbc">
         <name>_Dnorm</name>
         <value>0x1342b</value>
         <object_component_ref idref="oc-537"/>
      </symbol>
      <symbol id="sm-1cbd">
         <name>__TI_static_base__</name>
         <value>0x0</value>
      </symbol>
      <symbol id="sm-1cc0">
         <name>SHT$$INIT_ARRAY$$Limit</name>
         <value>0x0</value>
      </symbol>
      <symbol id="sm-1cc1">
         <name>SHT$$INIT_ARRAY$$Base</name>
         <value>0x0</value>
      </symbol>
   </symbol_table>
   <title>Link successful</title>
</link_info>
