******************************************************************************
                  TI ARM Linker PC v5.2.4                      
******************************************************************************
>> Linked Thu Apr 30 18:34:08 2015

OUTPUT FILE NAME:   <base-practica_TIVA.out>
ENTRY POINT SYMBOL: "_c_int00"  address: 000144ad


MEMORY CONFIGURATION

         name            origin    length      used     unused   attr    fill
----------------------  --------  ---------  --------  --------  ----  --------
  FLASH                 00000000   00040000  00015836  0002a7ca  R  X
  SRAM                  20000000   00008000  00006cda  00001326  RW X


SEGMENT ALLOCATION MAP

run origin  load origin   length   init length attrs members
----------  ----------- ---------- ----------- ----- -------
00000000    00000000    00015840   00015840    r-x
  00000000    00000000    0000026c   0000026c    r-- .intvecs
  0000026c    0000026c    000147a6   000147a6    r-x .text
  00014a18    00014a18    00000c7c   00000c7c    r-- .const
  00015698    00015698    000001a8   000001a8    r-- .cinit
20000000    20000000    00006cdc   00000000    rw-
  20000000    20000000    0000026c   00000000    rw- .vtable
  2000026c    2000026c    0000650a   00000000    rw- .bss
  20006778    20006778    00000364   00000000    rw- .data
  20006adc    20006adc    00000200   00000000    rw- .stack


SECTION ALLOCATION MAP

 output                                  attributes/
section   page    origin      length       input sections
--------  ----  ----------  ----------   ----------------
.intvecs   0    00000000    0000026c     
                  00000000    0000026c     startup_ccs.obj (.intvecs)

.text      0    0000026c    000147a6     
                  0000026c    00002dac     usbhostenum.obj (.text)
                  00003018    00001acc     tasks.obj (.text)
                  00004ae4    000015ba     usb.obj (.text)
                  0000609e    00000002     rtsv7M4_T_le_v4SPD16_eabi.lib : i_div0.obj (.text)
                  000060a0    000012f8     usbdenum.obj (.text)
                  00007398    000010ba     rtsv7M4_T_le_v4SPD16_eabi.lib : _printfi.obj (.text)
                  00008452    00000002     --HOLE-- [fill = 0]
                  00008454    00000f20     usbdma.obj (.text)
                  00009374    00000f00     sysctl.obj (.text)
                  0000a274    00000e0c     usbdcdc.obj (.text)
                  0000b080    00000d3c     uartstdio.obj (.text)
                  0000bdbc    00000c84     ustdlib.obj (.text)
                  0000ca40    00000b98     gpio.obj (.text)
                  0000d5d8    000009cc     queue.obj (.text)
                  0000dfa4    00000924     usbhhub.obj (.text)
                  0000e8c8    00000888     main.obj (.text)
                  0000f150    000007c4     adc.obj (.text)
                  0000f914    0000065a     timer.obj (.text)
                  0000ff6e    00000002     --HOLE-- [fill = 0]
                  0000ff70    00000580     timers.obj (.text)
                  000104f0    00000510     usbmode.obj (.text)
                  00010a00    000004ba     usbbuffer.obj (.text)
                  00010eba    00000002     --HOLE-- [fill = 0]
                  00010ebc    00000434     rgb.obj (.text)
                  000112f0    000003d0     commands.obj (.text)
                  000116c0    000003c0     interrupt.obj (.text)
                  00011a80    00000388     usbdconfig.obj (.text)
                  00011e08    00000338     protocol.obj (.text)
                  00012140    000002f4     usbringbuf.obj (.text)
                  00012434    000002de     usbdcdesc.obj (.text)
                  00012712    00000002     --HOLE-- [fill = 0]
                  00012714    000002ac     usb_dev_serial.obj (.text)
                  000129c0    0000028c     port.obj (.text)
                  00012c4c    000001fc     rtsv7M4_T_le_v4SPD16_eabi.lib : xexp.obj (.text)
                  00012e48    000001f4                                   : ull_div_t2.obj (.text)
                  0001303c    000001d4     heap_2.obj (.text)
                  00013210    000001d2     usbdesc.obj (.text)
                  000133e2    000001b6     rtsv7M4_T_le_v4SPD16_eabi.lib : fd_add_t2.obj (.text)
                  00013598    00000136                                   : fd_div_t2.obj (.text)
                  000136ce    0000012a     list.obj (.text)
                  000137f8    00000110     rtsv7M4_T_le_v4SPD16_eabi.lib : xdscale.obj (.text)
                  00013908    000000fc                                   : fd_mul_t2.obj (.text)
                  00013a04    000000f0     cpu_usage.obj (.text)
                  00013af4    000000ec     usbtick.obj (.text)
                  00013be0    000000d2     portasm.obj (.text)
                  00013cb2    000000c8     usbulpi.obj (.text)
                  00013d7a    000000be     rtsv7M4_T_le_v4SPD16_eabi.lib : xdnorm.obj (.text)
                  00013e38    000000ac     cmdline.obj (.text)
                  00013ee4    0000009c     rtsv7M4_T_le_v4SPD16_eabi.lib : memcpy_t2.obj (.text)
                  00013f80    00000090                                   : exp.obj (.text)
                  00014010    00000086                                   : fd_cmp_t2.obj (.text:__aeabi_cdcmple)
                  00014096    00000086                                   : fd_cmp_t2.obj (.text:__aeabi_cdrcmple)
                  0001411c    0000007a                                   : memset_t2.obj (.text)
                  00014196    00000002     --HOLE-- [fill = 0]
                  00014198    0000006c                                   : autoinit.obj (.text)
                  00014204    0000006a                                   : copy_decompress_rle.obj (.text)
                  0001426e    00000002     --HOLE-- [fill = 0]
                  00014270    00000068     crc.obj (.text)
                  000142d8    00000066     rtsv7M4_T_le_v4SPD16_eabi.lib : xdunscal.obj (.text)
                  0001433e    00000002     --HOLE-- [fill = 0]
                  00014340    00000064     RunTimeStatsConfig.obj (.text)
                  000143a4    00000060     rtsv7M4_T_le_v4SPD16_eabi.lib : sprintf.obj (.text)
                  00014404    00000056                                   : ltoa.obj (.text)
                  0001445a    00000052                                   : ldexp.obj (.text)
                  000144ac    00000050                                   : boot.obj (.text)
                  000144fc    00000050                                   : fs_toull_t2.obj (.text)
                  0001454c    0000004c                                   : atoi.obj (.text)
                  00014598    0000004c                                   : cpy_tbl.obj (.text)
                  000145e4    00000048                                   : fd_toi_t2.obj (.text)
                  0001462c    00000044                                   : exit.obj (.text)
                  00014670    00000044                                   : fd_tou_t2.obj (.text)
                  000146b4    00000040                                   : signal.obj (.text)
                  000146f4    00000040                                   : u_divt2.obj (.text)
                  00014734    0000003e     cpu.obj (.text)
                  00014772    00000002     --HOLE-- [fill = 0]
                  00014774    00000034     rtsv7M4_T_le_v4SPD16_eabi.lib : feraiseexcept.obj (.text)
                  000147a8    00000030                                   : xdclass.obj (.text)
                  000147d8    00000030                                   : xferaise.obj (.text)
                  00014808    0000002e                                   : i_tofd_t2.obj (.text)
                  00014836    0000002e                                   : raise.obj (.text)
                  00014864    0000002c     startup_ccs.obj (.text)
                  00014890    0000002a     rtsv7M4_T_le_v4SPD16_eabi.lib : frexp.obj (.text)
                  000148ba    00000002     --HOLE-- [fill = 0]
                  000148bc    00000024     RunTimeStatsConfig.obj (.text:GetOverflowCounts)
                  000148e0    00000024     usbdhandler.obj (.text)
                  00014904    00000022     rtsv7M4_T_le_v4SPD16_eabi.lib : memcmp.obj (.text)
                  00014926    00000020                                   : u_tofd_t2.obj (.text)
                  00014946    0000001c                                   : memccpy.obj (.text)
                  00014962    00000002     --HOLE-- [fill = 0]
                  00014964    00000018                                   : args_main.obj (.text)
                  0001497c    00000018                                   : strcmp.obj (.text)
                  00014994    00000016                                   : strchr.obj (.text)
                  000149aa    00000002     --HOLE-- [fill = 0]
                  000149ac    00000014                                   : _lock.obj (.text)
                  000149c0    00000014                                   : strcpy.obj (.text)
                  000149d4    00000014                                   : strlen.obj (.text)
                  000149e8    0000000e                                   : copy_decompress_none.obj (.text:decompress:none)
                  000149f6    0000000c                                   : copy_zero_init.obj (.text:decompress:ZI)
                  00014a02    00000006     sysctl.obj (.text:SysCtlDelay)
                  00014a08    00000006     rtsv7M4_T_le_v4SPD16_eabi.lib : copy_decompress_rle.obj (.text:decompress:rle24)
                  00014a0e    00000004                                   : pre_init.obj (.text)

.const     0    00014a18    00000c7c     
                  00014a18    00000200     crc.obj (.const:crctttab)
                  00014c18    00000120     sysctl.obj (.const:g_pppui32XTALtoVCO)
                  00014d38    00000101     rtsv7M4_T_le_v4SPD16_eabi.lib : ctype.obj (.const:.string:_ctypes_)
                  00014e39    00000001     --HOLE-- [fill = 0]
                  00014e3a    00000002     heap_2.obj (.const)
                  00014e3c    000000f2     commands.obj (.const:.string)
                  00014f2e    00000002     --HOLE-- [fill = 0]
                  00014f30    000000c0     gpio.obj (.const:g_ppui32GPIOIntMapBlizzard)
                  00014ff0    000000c0     gpio.obj (.const:g_ppui32GPIOIntMapSnowflake)
                  000150b0    0000009c     interrupt.obj (.const:g_pui32Regs)
                  0001514c    00000090     gpio.obj (.const:g_pui32GPIOBaseAddrs)
                  000151dc    00000070     interrupt.obj (.const)
                  0001524c    0000006c     sysctl.obj (.const:g_pui32Xtals)
                  000152b8    00000060     timer.obj (.const:g_ppui32TimerIntMap)
                  00015318    00000048     rtsv7M4_T_le_v4SPD16_eabi.lib : xexp.obj (.const)
                  00015360    00000040     timer.obj (.const:g_ppui32TimerIntMapSnowflake)
                  000153a0    00000038     usbdcdc.obj (.const)
                  000153d8    00000036     usb_serial_structs.obj (.const:.string:g_pui8ConfigString)
                  0001540e    00000002     --HOLE-- [fill = 0]
                  00015410    00000034     usbdenum.obj (.const:g_psUSBDStdRequests)
                  00015444    00000030     ustdlib.obj (.const:g_psDaysToMonth)
                  00015474    00000030     usbdcdc.obj (.const:g_sCDCHandlers)
                  000154a4    00000030     sysctl.obj (.const:g_sXTALtoMEMTIM)
                  000154d4    0000002c     usb_serial_structs.obj (.const:.string:g_pui8ControlInterfaceString)
                  00015500    00000028     uartstdio.obj (.const)
                  00015528    00000024     usb_serial_structs.obj (.const:.string:g_pui8ManufacturerString)
                  0001554c    00000024     usb_serial_structs.obj (.const:g_sRxBuffer)
                  00015570    00000024     usb_serial_structs.obj (.const:g_sTxBuffer)
                  00015594    00000023     usbdcdc.obj (.const:.string:g_pui8CDCSerCommInterface)
                  000155b7    00000022     usb_serial_structs.obj (.const:.string:g_pui8ProductString)
                  000155d9    00000003     --HOLE-- [fill = 0]
                  000155dc    0000001c     ustdlib.obj (.const)
                  000155f8    00000018     usb_serial_structs.obj (.const)
                  00015610    00000017     usbdcdc.obj (.const:.string)
                  00015627    00000016     usb_serial_structs.obj (.const:.string)
                  0001563d    00000014     tasks.obj (.const:.string)
                  00015651    00000003     --HOLE-- [fill = 0]
                  00015654    00000012     uartstdio.obj (.const:.string)
                  00015666    00000002     --HOLE-- [fill = 0]
                  00015668    00000012     ustdlib.obj (.const:.string)
                  0001567a    00000002     --HOLE-- [fill = 0]
                  0001567c    00000008     gpio.obj (.const)
                  00015684    00000008     sysctl.obj (.const)
                  0001568c    00000008     timer.obj (.const)

.cinit     0    00015698    000001a8     
                  00015698    00000174     (.cinit..data.load) [load image, compression = rle]
                  0001580c    0000000c     (__TI_handler_table)
                  00015818    00000008     (.cinit..bss.load) [load image, compression = zero_init]
                  00015820    00000008     (.cinit..vtable.load) [load image, compression = zero_init]
                  00015828    00000018     (__TI_cinit_table)

.init_array 
*          0    00000000    00000000     UNINITIALIZED

.vtable    0    20000000    0000026c     UNINITIALIZED
                  20000000    0000026c     interrupt.obj (.vtable)

.bss       0    2000026c    0000650a     UNINITIALIZED
                  2000026c    00005000     heap_2.obj (.bss:ucHeap)
                  2000526c    000006cc     usbhostenum.obj (.bss:g_sUSBHCD)
                  20005938    00000400     uartstdio.obj (.bss:g_pcUARTTxBuffer)
                  20005d38    00000200     uartstdio.obj (.bss:g_pcUARTRxHistoryBuffer)
                  20005f38    00000140     tasks.obj (.bss:pxReadyTasksLists)
                  20006078    00000110     usbdma.obj (.bss:g_psUSBDMAInst)
                  20006188    00000100     usb_serial_structs.obj (.bss:g_pui8USBRxBuffer)
                  20006288    00000100     usb_serial_structs.obj (.bss:g_pui8USBTxBuffer)
                  20006388    0000009c     usbhhub.obj (.bss:g_sRootHub)
                  20006424    00000080     uartstdio.obj (.bss:g_pcUARTRxBuffer)
                  200064a4    00000050     usbdenum.obj (.bss:g_psDCDInst)
                  200064f4    00000050     queue.obj (.bss:xQueueRegistry)
                  20006544    00000040     usbdenum.obj (.bss:g_pui8DataBufferIn)
                  20006584    00000024     cmdline.obj (.bss:g_ppcArgv)
                  200065a8    00000020     (.common:g_usUARTRxHistoryOffset)
                  200065c8    00000018     (.common:g_pfnTickHandlers)
                  200065e0    00000018     (.common:g_pi32USBHActiveDriver)
                  200065f8    00000018     (.common:g_ppvDriverInstance)
                  20006610    00000018     (.common:g_pui8RxBufferWorkspace)
                  20006628    00000018     (.common:g_pui8TxBufferWorkspace)
                  20006640    00000018     (.common:g_pvTickInstance)
                  20006658    00000014     (.common:xActiveTimerList1)
                  2000666c    00000014     (.common:xActiveTimerList2)
                  20006680    00000014     (.common:xDelayedTaskList1)
                  20006694    00000014     (.common:xDelayedTaskList2)
                  200066a8    00000014     (.common:xPendingReadyList)
                  200066bc    00000014     (.common:xSuspendedTaskList)
                  200066d0    00000014     (.common:xTasksWaitingTermination)
                  200066e4    0000000c     (.common:g_ui32Colors)
                  200066f0    00000008     (.common:ejes)
                  200066f8    00000008     (.common:g_pui32Alloc)
                  20006700    00000008     (.common:xEnd)
                  20006708    00000008     (.common:xStart)
                  20006710    00000004     (.common:SendSemaphore)
                  20006714    00000004     (.common:g_pfnUSBModeCallback)
                  20006718    00000004     (.common:g_ppsDevInfo)
                  2000671c    00000004     (.common:g_pui8OversampleFactor)
                  20006720    00000004     (.common:g_ui32CPUUsage)
                  20006724    00000004     (.common:g_ui32CPUUsagePrevious)
                  20006728    00000004     (.common:g_ui32CPUUsageTicks)
                  2000672c    00000004     (.common:g_ui32CPUUsageTimer)
                  20006730    00000004     (.common:g_ui32ChangeFlags)
                  20006734    00000004     (.common:g_ui32HubChanges)
                  20006738    00000004     (.common:g_ui32PollRate)
                  2000673c    00000004     (.common:g_ui32PortNum)
                  20006740    00000004     (.common:g_ui32ULPISupport)
                  20006744    00000004     (.common:g_ui32ULPISupport)
                  20006748    00000004     (.common:g_ulSystemClock)
                  2000674c    00000004     (.common:g_xRxLineSemaphore)
                  20006750    00000004     (.common:potQueue)
                  20006754    00000004     (.common:pxCurrentTimerList)
                  20006758    00000004     (.common:pxDelayedTaskList)
                  2000675c    00000004     (.common:pxOverflowDelayedTaskList)
                  20006760    00000004     (.common:pxOverflowTimerList)
                  20006764    00000004     (.common:ulFlags$1)
                  20006768    00000004     (.common:velocidadQueue)
                  2000676c    00000004     (.common:xCharsForTx)
                  20006770    00000004     (.common:xRxedChars)
                  20006774    00000001     (.common:g_bDisableEcho)
                  20006775    00000001     (.common:g_eOTGModeState)

.data      0    20006778    00000364     UNINITIALIZED
                  20006778    000000b0     rtsv7M4_T_le_v4SPD16_eabi.lib : signal.obj (.data:sigtable)
                  20006828    00000080                                   : xvalues.obj (.data)
                  200068a8    00000060     usb_serial_structs.obj (.data:g_sCDCDevice)
                  20006908    00000054     commands.obj (.data:g_psCmdTable)
                  2000695c    00000040     usbdcdc.obj (.data)
                  2000699c    00000038     tasks.obj (.data)
                  200069d4    00000030     cpu_usage.obj (.data)
                  20006a04    0000002c     usbhostenum.obj (.data)
                  20006a30    0000001d     uartstdio.obj (.data)
                  20006a4d    00000003     --HOLE--
                  20006a50    00000011     main.obj (.data)
                  20006a61    00000003     --HOLE--
                  20006a64    00000010     port.obj (.data)
                  20006a74    00000010     usb_dev_serial.obj (.data)
                  20006a84    0000000c     usbtick.obj (.data)
                  20006a90    00000009     usbmode.obj (.data)
                  20006a99    00000003     --HOLE--
                  20006a9c    00000008     heap_2.obj (.data)
                  20006aa4    00000008     rtsv7M4_T_le_v4SPD16_eabi.lib : _lock.obj (.data)
                  20006aac    00000008                                   : exit.obj (.data)
                  20006ab4    00000008                                   : feraiseexcept.obj (.data)
                  20006abc    00000008     timers.obj (.data)
                  20006ac4    00000008     usbdenum.obj (.data)
                  20006acc    00000004     rgb.obj (.data)
                  20006ad0    00000004     rtsv7M4_T_le_v4SPD16_eabi.lib : errno.obj (.data)
                  20006ad4    00000004                                   : stkdepth_vars.obj (.data)
                  20006ad8    00000004     ustdlib.obj (.data)

.TI.noinit 
*          0    2000026c    00000000     UNINITIALIZED

.TI.persistent 
*          0    20006778    00000000     UNINITIALIZED

.stack     0    20006adc    00000200     UNINITIALIZED
                  20006adc    00000200     --HOLE--


LINKER GENERATED COPY TABLES

__TI_cinit_table @ 00015828 records: 3, size/record: 8, table size: 24
	.data: load addr=00015698, load size=00000174 bytes, run addr=20006778, run size=00000364 bytes, compression=rle
	.bss: load addr=00015818, load size=00000008 bytes, run addr=2000026c, run size=0000650a bytes, compression=zero_init
	.vtable: load addr=00015820, load size=00000008 bytes, run addr=20000000, run size=0000026c bytes, compression=zero_init


LINKER GENERATED HANDLER TABLE

__TI_handler_table @ 0001580c records: 3, size/record: 4, table size: 12
	index: 0, handler: __TI_zero_init
	index: 1, handler: __TI_decompress_rle24
	index: 2, handler: __TI_decompress_none


GLOBAL SYMBOLS: SORTED ALPHABETICALLY BY Name 

address   name                                 
-------   ----                                 
0000f88d  ADCBusy                              
0000f8d5  ADCClockConfigGet                    
0000f8ab  ADCClockConfigSet                    
0000f6a7  ADCComparatorConfigure               
0000f777  ADCComparatorIntClear                
0000f72d  ADCComparatorIntDisable              
0000f74b  ADCComparatorIntEnable               
0000f769  ADCComparatorIntStatus               
0000f6c3  ADCComparatorRegionSet               
0000f6e7  ADCComparatorReset                   
0000f675  ADCHardwareOversampleConfigure       
0000f28b  ADCIntClear                          
0000f7ef  ADCIntClearEx                        
0000f1f1  ADCIntDisable                        
0000f789  ADCIntDisableEx                      
0000f20d  ADCIntEnable                         
0000f7a1  ADCIntEnableEx                       
0000f033  ADCIntHandler                        
0000f1ab  ADCIntRegister                       
0000f233  ADCIntStatus                         
0000f7bd  ADCIntStatusEx                       
0000f1d3  ADCIntUnregister                     
0000f847  ADCPhaseDelayGet                     
0000f835  ADCPhaseDelaySet                     
0000f4eb  ADCProcessorTrigger                  
0000f823  ADCReferenceGet                      
0000f807  ADCReferenceSet                      
0000f2d5  ADCSequenceConfigure                 
0000f871  ADCSequenceDMADisable                
0000f855  ADCSequenceDMAEnable                 
0000f4a9  ADCSequenceDataGet                   
0000f2bb  ADCSequenceDisable                   
0000f2a1  ADCSequenceEnable                    
0000f44d  ADCSequenceOverflow                  
0000f465  ADCSequenceOverflowClear             
0000f359  ADCSequenceStepConfigure             
0000f47b  ADCSequenceUnderflow                 
0000f493  ADCSequenceUnderflowClear            
0000f50f  ADCSoftwareOversampleConfigure       
0000f607  ADCSoftwareOversampleDataGet         
0000f547  ADCSoftwareOversampleStepConfigure   
0001462d  C$$EXIT                              
00013a43  CPUUsageInit                         
00013a05  CPUUsageTick                         
00014769  CPUbasepriGet                        
0001475b  CPUbasepriSet                        
00014735  CPUcpsid                             
0001474b  CPUcpsie                             
00014741  CPUprimask                           
00014757  CPUwfi                               
00013e39  CmdLineProcess                       
000112f1  Cmd_cpu                              
0001131b  Cmd_free                             
000113e5  Cmd_help                             
000113ad  Cmd_stats                            
00011331  Cmd_tasks                            
0000026d  ConfigDescAlloc                      
00000303  ConfigDescFree                       
0000d5b3  GPIOADCTriggerDisable                
0000d595  GPIOADCTriggerEnable                 
0000d577  GPIODMATriggerDisable                
0000d559  GPIODMATriggerEnable                 
0000caff  GPIODirModeGet                       
0000caa3  GPIODirModeSet                       
0000d073  GPIOIntClear                         
0000d037  GPIOIntDisable                       
0000d01d  GPIOIntEnable                        
0000d087  GPIOIntRegister                      
0000d051  GPIOIntStatus                        
0000cbef  GPIOIntTypeGet                       
0000cb4b  GPIOIntTypeSet                       
0000d0a5  GPIOIntUnregister                    
0000cecb  GPIOPadConfigGet                     
0000cc8d  GPIOPadConfigSet                     
0000d4fb  GPIOPinConfigure                     
0000d0bf  GPIOPinRead                          
0000d0f7  GPIOPinTypeADC                       
0000d11b  GPIOPinTypeCAN                       
0000d4c7  GPIOPinTypeCIR                       
0000d13f  GPIOPinTypeComparator                
0000d163  GPIOPinTypeEPI                       
0000d187  GPIOPinTypeEthernetLED               
0000d1ab  GPIOPinTypeEthernetMII               
0000d1cf  GPIOPinTypeGPIOInput                 
0000d1f3  GPIOPinTypeGPIOOutput                
0000d217  GPIOPinTypeGPIOOutputOD              
0000d23b  GPIOPinTypeI2C                       
0000d25f  GPIOPinTypeI2CSCL                    
0000d47f  GPIOPinTypeKBColumn                  
0000d45b  GPIOPinTypeKBRow                     
0000d283  GPIOPinTypeLCD                       
0000d4a3  GPIOPinTypeLEDSeq                    
0000d2a7  GPIOPinTypeLPC                       
0000d2cb  GPIOPinTypePECIRx                    
0000d2ef  GPIOPinTypePECITx                    
0000d313  GPIOPinTypePWM                       
0000d337  GPIOPinTypeQEI                       
0000d35b  GPIOPinTypeSSI                       
0000d37f  GPIOPinTypeTimer                     
0000d3a3  GPIOPinTypeUART                      
0000d3c7  GPIOPinTypeUSBAnalog                 
0000d3eb  GPIOPinTypeUSBDigital                
0000d40f  GPIOPinTypeWakeHigh                  
0000d435  GPIOPinTypeWakeLow                   
0000d4eb  GPIOPinWakeStatus                    
0000d0d7  GPIOPinWrite                         
000148bd  GetOverflowCounts                    
00011881  IntDisable                           
0001180f  IntEnable                            
000118f3  IntIsEnabled                         
000116d3  IntMasterDisable                     
000116c3  IntMasterEnable                      
000119e9  IntPendClear                         
00011979  IntPendSet                           
000117eb  IntPriorityGet                       
00011763  IntPriorityGroupingGet               
00011749  IntPriorityGroupingSet               
00011a43  IntPriorityMaskGet                   
00011a37  IntPriorityMaskSet                   
0001179b  IntPrioritySet                       
000116e3  IntRegister                          
00011a4b  IntTrigger                           
00011735  IntUnregister                        
000023d9  InternalUSBHCDSendEvent              
00013b3b  InternalUSBRegisterTickHandler       
00013b8b  InternalUSBStartOfFrameTick          
00013af5  InternalUSBTickInit                  
00013b33  InternalUSBTickReset                 
000108db  OTGDeviceDisconnect                  
0000a4bd  ProcessDataFromHost                  
0000a5cd  ProcessDataToHost                    
0000a56b  ProcessNotificationToHost            
00010ebd  RGBBlinkIntHandler                   
000111c9  RGBBlinkRateSet                      
0001125d  RGBColorGet                          
00011105  RGBColorSet                          
0001108f  RGBDisable                           
00010fd7  RGBEnable                            
00010eeb  RGBInit                              
000111b5  RGBIntensitySet                      
000110ed  RGBSet                               
00014865  ResetISR                             
UNDEFED   SHT$$INIT_ARRAY$$Base                
UNDEFED   SHT$$INIT_ARRAY$$Limit               
20006710  SendSemaphore                        
0000a213  SysCtlAltClkConfig                   
000099e1  SysCtlClockFreqSet                   
00009ec5  SysCtlClockGet                       
0000a1f7  SysCtlClockOutConfig                 
00009cf9  SysCtlClockSet                       
000098e1  SysCtlDeepSleep                      
0000a099  SysCtlDeepSleepClockConfigSet        
0000a07d  SysCtlDeepSleepClockSet              
000098c1  SysCtlDeepSleepPowerSet              
00014a03  SysCtlDelay                          
0000946d  SysCtlFlashSectorSizeGet             
00009441  SysCtlFlashSizeGet                   
0000a16f  SysCtlGPIOAHBDisable                 
0000a153  SysCtlGPIOAHBEnable                  
00009855  SysCtlIntClear                       
0000983d  SysCtlIntDisable                     
00009829  SysCtlIntEnable                      
00009801  SysCtlIntRegister                    
00009865  SysCtlIntStatus                      
00009819  SysCtlIntUnregister                  
000098a7  SysCtlLDODeepSleepGet                
00009897  SysCtlLDODeepSleepSet                
00009891  SysCtlLDOSleepGet                    
00009881  SysCtlLDOSleepSet                    
00009917  SysCtlMOSCConfigSet                  
0000a1e3  SysCtlNMIClear                       
0000a1dd  SysCtlNMIStatus                      
0000992d  SysCtlPIOSCCalibrate                 
0000a13d  SysCtlPWMClockGet                    
0000a123  SysCtlPWMClockSet                    
000097ad  SysCtlPeripheralClockGating          
00009765  SysCtlPeripheralDeepSleepDisable     
00009715  SysCtlPeripheralDeepSleepEnable      
00009651  SysCtlPeripheralDisable              
00009615  SysCtlPeripheralEnable               
00009551  SysCtlPeripheralPowerOff             
00009515  SysCtlPeripheralPowerOn              
00009495  SysCtlPeripheralPresent              
000094d5  SysCtlPeripheralReady                
0000958d  SysCtlPeripheralReset                
000096d9  SysCtlPeripheralSleepDisable         
00009695  SysCtlPeripheralSleepEnable          
000098d1  SysCtlReset                          
0000998d  SysCtlResetBehaviorGet               
0000997d  SysCtlResetBehaviorSet               
00009903  SysCtlResetCauseClear                
000098fd  SysCtlResetCauseGet                  
00009437  SysCtlSRAMSizeGet                    
000098d9  SysCtlSleep                          
000098ad  SysCtlSleepPowerSet                  
0000a19d  SysCtlUSBPLLDisable                  
0000a18b  SysCtlUSBPLLEnable                   
0000a1c9  SysCtlVoltageEventClear              
0000a1ad  SysCtlVoltageEventConfig             
0000a1bd  SysCtlVoltageEventStatus             
0000feed  TimerADCEventGet                     
0000fedb  TimerADCEventSet                     
0000fc05  TimerClockSourceGet                  
0000fbe9  TimerClockSourceSet                  
0000f9c7  TimerConfigure                       
0000fae7  TimerControlEvent                    
0000fa43  TimerControlLevel                    
0000fb11  TimerControlStall                    
0000fa79  TimerControlTrigger                  
0000fb47  TimerControlWaitOnTrigger            
0000ff0d  TimerDMAEventGet                     
0000fefb  TimerDMAEventSet                     
0000f9a9  TimerDisable                         
0000f98b  TimerEnable                          
0000feb7  TimerIntClear                        
0000fe81  TimerIntDisable                      
0000fe69  TimerIntEnable                       
0000fe23  TimerIntRegister                     
0000fe99  TimerIntStatus                       
0000fe4b  TimerIntUnregister                   
0000fccf  TimerLoadGet                         
0000fd0b  TimerLoadGet64                       
0000fca5  TimerLoadSet                         
0000fceb  TimerLoadSet64                       
0000fdb5  TimerMatchGet                        
0000fdf1  TimerMatchGet64                      
0000fd8b  TimerMatchSet                        
0000fdd1  TimerMatchSet64                      
0000fc3f  TimerPrescaleGet                     
0000fc89  TimerPrescaleMatchGet                
0000fc5b  TimerPrescaleMatchSet                
0000fc15  TimerPrescaleSet                     
0000fbbd  TimerRTCDisable                      
0000fba7  TimerRTCEnable                       
0000fec9  TimerSynchronize                     
0000ff1b  TimerUpdateMode                      
0000fd3d  TimerValueGet                        
0000fd59  TimerValueGet64                      
0000b811  UARTEchoSet                          
0000b7ab  UARTFlushRx                          
0000b7d3  UARTFlushTx                          
0000b751  UARTPeek                             
0000b72f  UARTRxBytesAvail                     
0000b195  UARTStdioConfig                      
0000b849  UARTStdioIntHandler                  
0000b73d  UARTTxBytesFree                      
0000b3a5  UARTgetc                             
0000b329  UARTgets                             
0000b70b  UARTprintf                           
0000b411  UARTvprintf                          
0000b283  UARTwrite                            
00013cb3  ULPIConfigSet                        
00013d55  ULPIPowerTransceiver                 
000148e1  USB0DeviceIntHandler                 
000105ad  USB0DualModeIntHandler               
000022e1  USB0HostIntHandler                   
000107f5  USB0OTGModeIntHandler                
00010d6f  USBBufferCallbackDataSet             
00010e1d  USBBufferDataAvailable               
00010d55  USBBufferDataRemoved                 
00010d35  USBBufferDataWritten                 
00010e41  USBBufferEventCallback               
00010dcd  USBBufferFlush                       
00010d03  USBBufferInfoGet                     
00010cb1  USBBufferInit                        
00010ddf  USBBufferRead                        
00010e2f  USBBufferSpaceAvailable              
00010d89  USBBufferWrite                       
00010cd3  USBBufferZeroLengthPacketInsert      
00005cdb  USBClockDisable                      
00005cbf  USBClockEnable                       
00012759  USBControlHandler                    
00005cab  USBControllerVersion                 
0000ac31  USBDCDCCompositeInit                 
0000ad27  USBDCDCInit                          
0000aea9  USBDCDCPacketRead                    
0000ae07  USBDCDCPacketWrite                   
0000b05b  USBDCDCPowerStatusSet                
0000b06f  USBDCDCRemoteWakeupRequest           
0000afa1  USBDCDCRxPacketAvailable             
0000b001  USBDCDCSerialStateChange             
0000adad  USBDCDCSetControlCBData              
0000adcb  USBDCDCSetRxCBData                   
0000ade9  USBDCDCSetTxCBData                   
0000ad95  USBDCDCTerm                          
0000af7f  USBDCDCTxPacketAvailable             
0001258d  USBDCDConfigDescGet                  
0001253f  USBDCDConfigDescGetNum               
00012507  USBDCDConfigDescGetSize              
0001266f  USBDCDConfigGetInterface             
000126a5  USBDCDConfigGetInterfaceEndpoint     
0001261b  USBDCDConfigGetNumAlternateInterfaces
000060a1  USBDCDDeviceInfoInit                 
000063fd  USBDCDFeatureSet                     
000060f1  USBDCDInit                           
00006387  USBDCDPowerStatusSet                 
000064bd  USBDCDRemoteWakeLPM                  
000064e1  USBDCDRemoteWakeupRequest            
00006311  USBDCDRequestDataEP0                 
00006337  USBDCDSendDataEP0                    
00006359  USBDCDSetDefaultConfiguration        
0000636b  USBDCDStallEP0                       
00006299  USBDCDTerm                           
00005e13  USBDMAChannelAddressGet              
00005df7  USBDMAChannelAddressSet              
00005d7d  USBDMAChannelConfigSet               
00005e47  USBDMAChannelCountGet                
00005e2b  USBDMAChannelCountSet                
00005d5d  USBDMAChannelDisable                 
00005d3d  USBDMAChannelEnable                  
00005d0d  USBDMAChannelIntDisable              
00005ced  USBDMAChannelIntEnable               
00005d2d  USBDMAChannelIntStatus               
00005dad  USBDMAChannelStatus                  
00005dcd  USBDMAChannelStatusClear             
00005e5f  USBDMANumChannels                    
0001326d  USBDescGet                           
00013391  USBDescGetInterface                  
000133bf  USBDescGetInterfaceEndpoint          
00013211  USBDescGetNum                        
000132d7  USBDescGetNumAlternateInterfaces     
00005119  USBDevAddrGet                        
00005105  USBDevAddrSet                        
000050d9  USBDevConnect                        
000050ef  USBDevDisconnect                     
0000544f  USBDevEndpointConfigGet              
0000535d  USBDevEndpointConfigSet              
000057d9  USBDevEndpointDataAck                
00005003  USBDevEndpointStall                  
00005065  USBDevEndpointStallClear             
00004e7f  USBDevEndpointStatusClear            
00005fcb  USBDevLPMConfig                      
00005ff9  USBDevLPMDisable                     
00005fe1  USBDevLPMEnable                      
00005fb3  USBDevLPMRemoteWake                  
00005c13  USBDevMode                           
00004c45  USBDevSpeedGet                       
00011b47  USBDeviceConfig                      
00011d3d  USBDeviceConfigAlternate             
0000660d  USBDeviceEnumHandler                 
00006759  USBDeviceEnumResetHandler            
000071a9  USBDeviceIntHandlerInternal          
00006515  USBDeviceResumeTickHandler           
000105f9  USBDualModeInit                      
00010669  USBDualModeTerm                      
00005bc5  USBEndpointDMAChannel                
0000560b  USBEndpointDMAConfigSet              
000056dd  USBEndpointDMADisable                
000056a3  USBEndpointDMAEnable                 
00005717  USBEndpointDataAvail                 
0000574f  USBEndpointDataGet                   
00005849  USBEndpointDataPut                   
000058ad  USBEndpointDataSend                  
00004f9d  USBEndpointDataToggleClear           
00005c77  USBEndpointPacketCountSet            
00004e0b  USBEndpointStatus                    
00005b9b  USBFIFOAddrGet                       
000055a5  USBFIFOConfigGet                     
0000553f  USBFIFOConfigSet                     
00005905  USBFIFOFlush                         
00005b5f  USBFrameNumberGet                    
00002911  USBHCDControlTransfer                
00002d61  USBHCDDevAddress                     
00002d95  USBHCDDevClass                       
00002d39  USBHCDDevHubPort                     
00002e29  USBHCDDevProtocol                    
00002de1  USBHCDDevSubClass                    
0000041b  USBHCDEventDisable                   
000003eb  USBHCDEventEnable                    
00002e89  USBHCDFeatureSet                     
00002a6d  USBHCDHubDeviceConnected             
00002b05  USBHCDHubDeviceDisconnected          
00001491  USBHCDInit                           
00002fd3  USBHCDLPMResume                      
00002f6b  USBHCDLPMSleep                       
00002f41  USBHCDLPMStatus                      
00002509  USBHCDMain                           
00000873  USBHCDPipeAlloc                      
000005f1  USBHCDPipeAllocSize                  
000008c1  USBHCDPipeConfig                     
00000dcb  USBHCDPipeDataAck                    
00001009  USBHCDPipeFree                       
00000dfd  USBHCDPipeRead                       
00000d81  USBHCDPipeReadNonBlocking            
00000c55  USBHCDPipeSchedule                   
00000a3b  USBHCDPipeStatus                     
000005cb  USBHCDPipeTransferSizeGet            
00000a71  USBHCDPipeWrite                      
00001437  USBHCDPowerAutomatic                 
000013a7  USBHCDPowerConfigGet                 
00001395  USBHCDPowerConfigInit                
000013c5  USBHCDPowerConfigSet                 
000015ad  USBHCDRegisterDrivers                
000016b1  USBHCDReset                          
0000170d  USBHCDResume                         
000018ed  USBHCDSetAddress                     
00001a33  USBHCDSetConfig                      
00001a7b  USBHCDSetInterface                   
0000188d  USBHCDStringDescriptorGet            
000016fb  USBHCDSuspend                        
000015e1  USBHCDTerm                           
0000e835  USBHHubClose                         
0000e7d9  USBHHubEnumerationComplete           
0000e7fb  USBHHubEnumerationError              
0000e849  USBHHubInit                          
0000e877  USBHHubLPMSleep                      
0000e885  USBHHubLPMStatus                     
0000e5ad  USBHHubMain                          
0000e81d  USBHHubOpen                          
00004bb3  USBHighSpeed                         
00005a15  USBHostAddrGet                       
000059dd  USBHostAddrSet                       
00001ac7  USBHostCheckPipes                    
0000512d  USBHostEndpointConfig                
00005817  USBHostEndpointDataAck               
00004f01  USBHostEndpointDataToggle            
00004fd7  USBHostEndpointPing                  
000052c7  USBHostEndpointSpeed                 
00004e37  USBHostEndpointStatusClear           
00005aa7  USBHostHubAddrGet                    
00005a43  USBHostHubAddrSet                    
00001b8d  USBHostIntHandlerInternal            
00005f77  USBHostLPMConfig                     
00005f9b  USBHostLPMResume                     
00005f2f  USBHostLPMSend                       
00005c01  USBHostMode                          
00005ad5  USBHostPwrConfig                     
00005b47  USBHostPwrDisable                    
00005b2f  USBHostPwrEnable                     
00005b17  USBHostPwrFaultDisable               
00005aff  USBHostPwrFaultEnable                
00005975  USBHostRequestIN                     
0000599d  USBHostRequestINClear                
000059cb  USBHostRequestStatus                 
00004b85  USBHostReset                         
00004be1  USBHostResume                        
00004c0f  USBHostSpeedGet                      
00004b6f  USBHostSuspend                       
00004c5d  USBIntDisableControl                 
00004d21  USBIntDisableEndpoint                
00004c9b  USBIntEnableControl                  
00004d4f  USBIntEnableEndpoint                 
00004dd3  USBIntRegister                       
00004cd5  USBIntStatusControl                  
00004d7d  USBIntStatusEndpoint                 
00004df1  USBIntUnregister                     
00006025  USBLPMEndpointGet                    
00006085  USBLPMIntDisable                     
0000606b  USBLPMIntEnable                      
0000605b  USBLPMIntStatus                      
00006011  USBLPMLinkStateGet                   
00006041  USBLPMRemoteWakeEnabled              
00009171  USBLibDMAAddrGet                     
000091a1  USBLibDMAInit                        
00009189  USBLibDMASizeGet                     
00005c37  USBModeConfig                        
00005bb1  USBModeGet                           
00005c97  USBNumEndpointsGet                   
0001099d  USBOTGFeatureSet                     
00010901  USBOTGMain                           
00005c25  USBOTGMode                           
000106d7  USBOTGModeInit                       
0001069d  USBOTGModeTerm                       
000107cd  USBOTGPollRate                       
00005b6d  USBOTGSessionRequest                 
00005c4b  USBPHYPowerOff                       
00005c61  USBPHYPowerOn                        
0001232b  USBRingBufAdvanceRead                
00012359  USBRingBufAdvanceWrite               
00012285  USBRingBufContigFree                 
00012257  USBRingBufContigUsed                 
000121c5  USBRingBufEmpty                      
000121ef  USBRingBufFlush                      
00012241  USBRingBufFree                       
0001218b  USBRingBufFull                       
00012411  USBRingBufInit                       
000122f5  USBRingBufRead                       
000122cf  USBRingBufReadOne                    
000122c1  USBRingBufSize                       
0001220f  USBRingBufUsed                       
000123db  USBRingBufWrite                      
000123b5  USBRingBufWriteOne                   
00012847  USBRxHandler                         
00010571  USBStackModeSet                      
000127e3  USBTxHandler                         
00005e71  USBULPIConfig                        
00005e9f  USBULPIDisable                       
00005e87  USBULPIEnable                        
00005eb7  USBULPIRegRead                       
00005eef  USBULPIRegWrite                      
0001289d  UsbSerialInit                        
000147a9  _Dclass                              
20006828  _Denorm                              
00013d7b  _Dnorm                               
000137f9  _Dscale                              
000142d9  _Dunscale                            
20006838  _Eps                                 
20006ad0  _Errno                               
00012c4d  _Exp                                 
20006ab4  _Fenv                                
000147d9  _Feraise                             
20006848  _Hugeval                             
20006858  _Inf                                 
20006868  _Nan                                 
20006888  _Rteps                               
20006878  _Snan                                
20006ab8  _Tls_setup__Fenv                     
20006898  _Xbig                                
200068a0  _Zero                                
20006cdc  __STACK_END                          
00000200  __STACK_SIZE                         
20006cdc  __STACK_TOP                          
00015828  __TI_CINIT_Base                      
00015840  __TI_CINIT_Limit                     
0001580c  __TI_Handler_Table_Base              
00015818  __TI_Handler_Table_Limit             
00014199  __TI_auto_init                       
20006aac  __TI_cleanup_ptr                     
000149e9  __TI_decompress_none                 
00014a09  __TI_decompress_rle24                
20006ab0  __TI_dtors_ptr                       
0000814d  __TI_printfi                         
00000000  __TI_static_base__                   
000149f7  __TI_zero_init                       
00014011  __aeabi_cdcmpeq                      
00014011  __aeabi_cdcmple                      
00014097  __aeabi_cdrcmple                     
000145e5  __aeabi_d2iz                         
00014671  __aeabi_d2uiz                        
000133ed  __aeabi_dadd                         
00013599  __aeabi_ddiv                         
00013909  __aeabi_dmul                         
000133e3  __aeabi_dsub                         
000144fd  __aeabi_f2ulz                        
00014809  __aeabi_i2d                          
0000609f  __aeabi_idiv0                        
0001411d  __aeabi_memclr                       
0001411d  __aeabi_memclr4                      
0001411d  __aeabi_memclr8                      
00013ee5  __aeabi_memcpy                       
00013ee5  __aeabi_memcpy4                      
00013ee5  __aeabi_memcpy8                      
0001411f  __aeabi_memset                       
0001411f  __aeabi_memset4                      
0001411f  __aeabi_memset8                      
00014927  __aeabi_ui2d                         
000146f5  __aeabi_uidiv                        
000146f5  __aeabi_uidivmod                     
00012e49  __aeabi_uldivmod                     
ffffffff  __binit__                            
ffffffff  __c_args__                           
20006adc  __stack                              
00014965  _args_main                           
000144ad  _c_int00                             
00014d38  _ctypes_                             
20006aa4  _lock                                
000149bb  _nop                                 
000149b3  _register_lock                       
000149ad  _register_unlock                     
00014a0f  _system_pre_init                     
20006aa8  _unlock                              
00014631  abort                                
00011f49  add_checksum_and_stuff               
0001454d  atoi                                 
ffffffff  binit                                
20006a5c  combustible                          
0000ef01  confADC                              
0000ee55  confGPIO                             
0000f005  confQueue                            
0000edb7  confSys                              
0000ee89  confTasks                            
0000ef95  confTimer                            
0000ede7  confUART                             
20006a54  consumoTaskHandle                    
00014599  copy_in                              
00014271  create_checksum                      
0001200f  create_frame                         
00011fbb  destuff_and_check_checksum           
00003e9d  eTaskConfirmSleepModeStatus          
200066f0  ejes                                 
00014639  exit                                 
00013f81  exp                                  
00014775  feraiseexcept                        
00011ea9  frame_DeStuffing                     
00011e09  frame_stuffing                       
00014891  frexp                                
20006a84  g_bUSBTimerInitialized               
20006775  g_eOTGModeState                      
20006a90  g_iUSBMode                           
000153d4  g_pCDCCompSerConfigDescriptors       
20000000  g_pfnRAMVectors                      
200065c8  g_pfnTickHandlers                    
00000000  g_pfnVectors                         
000153d0  g_ppCDCSerConfigDescriptors          
20006718  g_ppsDevInfo                         
000155f8  g_ppui8StringDescriptors             
2000698c  g_psCDCCompSerSections               
20006980  g_psCDCSerSections                   
20006908  g_psCmdTable                         
200064a4  g_psDCDInst                          
00015594  g_pui8CDCSerCommInterface            
00015610  g_pui8CDCSerDataInterface            
2000696e  g_pui8CDCSerDescriptor               
2000695c  g_pui8CDCSerDeviceDescriptor         
000153d8  g_pui8ConfigString                   
000154d4  g_pui8ControlInterfaceString         
20006977  g_pui8IADSerDescriptor               
00015627  g_pui8LangDescriptor                 
00015528  g_pui8ManufacturerString             
000155b7  g_pui8ProductString                  
20006610  g_pui8RxBufferWorkspace              
0001562b  g_pui8SerialNumberString             
20006628  g_pui8TxBufferWorkspace              
20006188  g_pui8USBRxBuffer                    
20006288  g_pui8USBTxBuffer                    
20006640  g_pvTickInstance                     
000153c8  g_sCDCCompSerConfigHeader            
200068a8  g_sCDCDevice                         
00015474  g_sCDCHandlers                       
000153b0  g_sCDCSerCommInterfaceSection        
000153c0  g_sCDCSerConfigHeader                
000153a0  g_sCDCSerConfigSection               
000153b8  g_sCDCSerDataInterfaceSection        
000153a8  g_sIADSerConfigSection               
0001554c  g_sRxBuffer                          
00015570  g_sTxBuffer                          
20006720  g_ui32CPUUsage                       
20006a88  g_ui32CurrentUSBTick                 
20006738  g_ui32PollRate                       
20006a8c  g_ui32USBSOFCount                    
20006a94  g_ui32WaitTicks                      
20006748  g_ulSystemClock                      
20006a78  g_ulUARTRxCount                      
20006a74  g_ulUARTTxCount                      
2000674c  g_xRxLineSemaphore                   
0001445b  ldexp                                
00014405  ltoa                                 
0000ed7d  main                                 
20006ad4  main_func_sp                         
00014947  memccpy                              
00014905  memcmp                               
00013ee5  memcpy                               
00014125  memset                               
0000381f  pcTaskGetTaskName                    
0001006d  pcTimerGetTimerName                  
20006750  potQueue                             
0001303d  pvPortMalloc                         
0000467b  pvTaskIncrementMutexHeldCount        
00010455  pvTimerGetTimerID                    
2000699c  pxCurrentTCB                         
000129c1  pxPortInitialiseStack                
00014837  raise                                
00012093  receive_frame                        
000120ed  send_frame                           
20006a50  sensorTaskHandle                     
000146b5  signal                               
000143a5  sprintf                              
00014995  strchr                               
0001497d  strcmp                               
000149c1  strcpy                               
000149d5  strlen                               
0000dcc5  ucQueueGetQueueType                  
00013c43  ulPortSetInterruptMask               
00004699  ulTaskNotifyTake                     
0000c2a1  ulocaltime                           
0000c49f  umktime                              
0000ca19  urand                                
0000c271  usnprintf                            
0000c23f  usprintf                             
0000ca09  usrand                               
0000c981  ustrcasecmp                          
0000c9f5  ustrcmp                              
0000c885  ustrlen                              
0000c8dd  ustrncasecmp                         
0000c995  ustrncmp                             
0000bdbd  ustrncpy                             
0000c8a7  ustrstr                              
0000c64d  ustrtof                              
0000c515  ustrtoul                             
0000be15  uvsnprintf                           
000137b1  uxListRemove                         
0000dca5  uxQueueGetQueueNumber                
0000dc47  uxQueueMessagesWaiting               
0000dc7d  uxQueueMessagesWaitingFromISR        
0000dc5d  uxQueueSpacesAvailable               
00003819  uxTaskGetNumberOfTasks               
00004229  uxTaskGetStackHighWaterMark          
00003841  uxTaskGetSystemState                 
00003e0b  uxTaskGetTaskNumber                  
000032d9  uxTaskPriorityGet                    
0000330d  uxTaskPriorityGetFromISR             
00004659  uxTaskResetEventItemValue            
0000e8f3  vApplicationIdleHook                 
0000e8fb  vApplicationMallocFailedHook         
0000e8c9  vApplicationStackOverflowHook        
0000e8d3  vApplicationTickHook                 
00014341  vConfigureTimerForRunTimeStats       
000136cf  vListInitialise                      
000136ff  vListInitialiseItem                  
0001374b  vListInsert                          
0001370f  vListInsertEnd                       
00013c59  vPortClearInterruptMask              
00013c9b  vPortEnableVFP                       
00012a55  vPortEndScheduler                    
00012a57  vPortEnterCritical                   
00012a6f  vPortExitCritical                    
0001314b  vPortFree                            
00013cad  vPortGetIPSR                         
000131b3  vPortInitialiseBlocks                
00013c5f  vPortSVCHandler                      
00012bf1  vPortSetupTimerInterrupt             
00013c7d  vPortStartFirstTask                  
00012aa3  vPortSuppressTicksAndSleep           
0000ded7  vQueueAddToRegistry                  
0000dc8f  vQueueDelete                         
0000dcb3  vQueueSetQueueNumber                 
0000df19  vQueueUnregisterQueue                
0000df53  vQueueWaitForMessageRestricted       
00003277  vTaskDelay                           
000031cf  vTaskDelayUntil                      
00003133  vTaskDelete                          
000036b3  vTaskEndScheduler                    
00004595  vTaskGetRunTimeStats                 
0000449d  vTaskList                            
00003e03  vTaskMissedYield                     
00004a39  vTaskNotifyGiveFromISR               
00003b41  vTaskPlaceOnEventList                
00003c19  vTaskPlaceOnEventListRestricted      
00003ba9  vTaskPlaceOnUnorderedEventList       
000042f9  vTaskPriorityInherit                 
00003355  vTaskPrioritySet                     
0000355d  vTaskResume                          
00003e31  vTaskSetTaskNumber                   
00003d67  vTaskSetTimeOutState                 
0000365d  vTaskStartScheduler                  
00003905  vTaskStepTick                        
00003465  vTaskSuspend                         
000036c5  vTaskSuspendAll                      
00003a61  vTaskSwitchContext                   
00011429  vUARTTask                            
20006a58  velocidad                            
20006768  velocidadQueue                       
000131ad  xPortGetFreeHeapSize                 
00013be5  xPortPendSVHandler                   
00012a1f  xPortStartScheduler                  
00012a87  xPortSysTickHandler                  
0000d7e5  xQueueCreateCountingSemaphore        
0000d6e9  xQueueCreateMutex                    
0000d675  xQueueGenericCreate                  
0000da1d  xQueueGenericReceive                 
0000d5d9  xQueueGenericReset                   
0000d805  xQueueGenericSend                    
0000d92d  xQueueGenericSendFromISR             
0000d9ab  xQueueGiveFromISR                    
0000d75f  xQueueGiveMutexRecursive             
0000de73  xQueueIsQueueEmptyFromISR            
0000deb5  xQueueIsQueueFullFromISR             
0000dc03  xQueuePeekFromISR                    
0000db8b  xQueueReceiveFromISR                 
200064f4  xQueueRegistry                       
0000d79b  xQueueTakeMutexRecursive             
00003d89  xTaskCheckForTimeOut                 
00003019  xTaskGenericCreate                   
000042b5  xTaskGetCurrentTaskHandle            
000042cd  xTaskGetSchedulerState               
000037ef  xTaskGetTickCount                    
00003805  xTaskGetTickCountFromISR             
00003935  xTaskIncrementTick                   
00004861  xTaskNotify                          
00004951  xTaskNotifyFromISR                   
00004769  xTaskNotifyWait                      
000043b3  xTaskPriorityDisinherit              
00003c61  xTaskRemoveFromEventList             
00003cf9  xTaskRemoveFromUnorderedEventList    
00003711  xTaskResumeAll                       
000035d9  xTaskResumeFromISR                   
0000ffab  xTimerCreate                         
0000ff71  xTimerCreateTimerTask                
0000ffff  xTimerGenericCommand                 
00010429  xTimerIsTimerActive                  
000104a3  xTimerPendFunctionCall               
0001046d  xTimerPendFunctionCallFromISR        
0001292d  xUSBSerialGetChar                    
00012943  xUSBSerialPutChar                    


GLOBAL SYMBOLS: SORTED BY Symbol Address 

address   name                                 
-------   ----                                 
00000000  __TI_static_base__                   
00000000  g_pfnVectors                         
00000200  __STACK_SIZE                         
0000026d  ConfigDescAlloc                      
00000303  ConfigDescFree                       
000003eb  USBHCDEventEnable                    
0000041b  USBHCDEventDisable                   
000005cb  USBHCDPipeTransferSizeGet            
000005f1  USBHCDPipeAllocSize                  
00000873  USBHCDPipeAlloc                      
000008c1  USBHCDPipeConfig                     
00000a3b  USBHCDPipeStatus                     
00000a71  USBHCDPipeWrite                      
00000c55  USBHCDPipeSchedule                   
00000d81  USBHCDPipeReadNonBlocking            
00000dcb  USBHCDPipeDataAck                    
00000dfd  USBHCDPipeRead                       
00001009  USBHCDPipeFree                       
00001395  USBHCDPowerConfigInit                
000013a7  USBHCDPowerConfigGet                 
000013c5  USBHCDPowerConfigSet                 
00001437  USBHCDPowerAutomatic                 
00001491  USBHCDInit                           
000015ad  USBHCDRegisterDrivers                
000015e1  USBHCDTerm                           
000016b1  USBHCDReset                          
000016fb  USBHCDSuspend                        
0000170d  USBHCDResume                         
0000188d  USBHCDStringDescriptorGet            
000018ed  USBHCDSetAddress                     
00001a33  USBHCDSetConfig                      
00001a7b  USBHCDSetInterface                   
00001ac7  USBHostCheckPipes                    
00001b8d  USBHostIntHandlerInternal            
000022e1  USB0HostIntHandler                   
000023d9  InternalUSBHCDSendEvent              
00002509  USBHCDMain                           
00002911  USBHCDControlTransfer                
00002a6d  USBHCDHubDeviceConnected             
00002b05  USBHCDHubDeviceDisconnected          
00002d39  USBHCDDevHubPort                     
00002d61  USBHCDDevAddress                     
00002d95  USBHCDDevClass                       
00002de1  USBHCDDevSubClass                    
00002e29  USBHCDDevProtocol                    
00002e89  USBHCDFeatureSet                     
00002f41  USBHCDLPMStatus                      
00002f6b  USBHCDLPMSleep                       
00002fd3  USBHCDLPMResume                      
00003019  xTaskGenericCreate                   
00003133  vTaskDelete                          
000031cf  vTaskDelayUntil                      
00003277  vTaskDelay                           
000032d9  uxTaskPriorityGet                    
0000330d  uxTaskPriorityGetFromISR             
00003355  vTaskPrioritySet                     
00003465  vTaskSuspend                         
0000355d  vTaskResume                          
000035d9  xTaskResumeFromISR                   
0000365d  vTaskStartScheduler                  
000036b3  vTaskEndScheduler                    
000036c5  vTaskSuspendAll                      
00003711  xTaskResumeAll                       
000037ef  xTaskGetTickCount                    
00003805  xTaskGetTickCountFromISR             
00003819  uxTaskGetNumberOfTasks               
0000381f  pcTaskGetTaskName                    
00003841  uxTaskGetSystemState                 
00003905  vTaskStepTick                        
00003935  xTaskIncrementTick                   
00003a61  vTaskSwitchContext                   
00003b41  vTaskPlaceOnEventList                
00003ba9  vTaskPlaceOnUnorderedEventList       
00003c19  vTaskPlaceOnEventListRestricted      
00003c61  xTaskRemoveFromEventList             
00003cf9  xTaskRemoveFromUnorderedEventList    
00003d67  vTaskSetTimeOutState                 
00003d89  xTaskCheckForTimeOut                 
00003e03  vTaskMissedYield                     
00003e0b  uxTaskGetTaskNumber                  
00003e31  vTaskSetTaskNumber                   
00003e9d  eTaskConfirmSleepModeStatus          
00004229  uxTaskGetStackHighWaterMark          
000042b5  xTaskGetCurrentTaskHandle            
000042cd  xTaskGetSchedulerState               
000042f9  vTaskPriorityInherit                 
000043b3  xTaskPriorityDisinherit              
0000449d  vTaskList                            
00004595  vTaskGetRunTimeStats                 
00004659  uxTaskResetEventItemValue            
0000467b  pvTaskIncrementMutexHeldCount        
00004699  ulTaskNotifyTake                     
00004769  xTaskNotifyWait                      
00004861  xTaskNotify                          
00004951  xTaskNotifyFromISR                   
00004a39  vTaskNotifyGiveFromISR               
00004b6f  USBHostSuspend                       
00004b85  USBHostReset                         
00004bb3  USBHighSpeed                         
00004be1  USBHostResume                        
00004c0f  USBHostSpeedGet                      
00004c45  USBDevSpeedGet                       
00004c5d  USBIntDisableControl                 
00004c9b  USBIntEnableControl                  
00004cd5  USBIntStatusControl                  
00004d21  USBIntDisableEndpoint                
00004d4f  USBIntEnableEndpoint                 
00004d7d  USBIntStatusEndpoint                 
00004dd3  USBIntRegister                       
00004df1  USBIntUnregister                     
00004e0b  USBEndpointStatus                    
00004e37  USBHostEndpointStatusClear           
00004e7f  USBDevEndpointStatusClear            
00004f01  USBHostEndpointDataToggle            
00004f9d  USBEndpointDataToggleClear           
00004fd7  USBHostEndpointPing                  
00005003  USBDevEndpointStall                  
00005065  USBDevEndpointStallClear             
000050d9  USBDevConnect                        
000050ef  USBDevDisconnect                     
00005105  USBDevAddrSet                        
00005119  USBDevAddrGet                        
0000512d  USBHostEndpointConfig                
000052c7  USBHostEndpointSpeed                 
0000535d  USBDevEndpointConfigSet              
0000544f  USBDevEndpointConfigGet              
0000553f  USBFIFOConfigSet                     
000055a5  USBFIFOConfigGet                     
0000560b  USBEndpointDMAConfigSet              
000056a3  USBEndpointDMAEnable                 
000056dd  USBEndpointDMADisable                
00005717  USBEndpointDataAvail                 
0000574f  USBEndpointDataGet                   
000057d9  USBDevEndpointDataAck                
00005817  USBHostEndpointDataAck               
00005849  USBEndpointDataPut                   
000058ad  USBEndpointDataSend                  
00005905  USBFIFOFlush                         
00005975  USBHostRequestIN                     
0000599d  USBHostRequestINClear                
000059cb  USBHostRequestStatus                 
000059dd  USBHostAddrSet                       
00005a15  USBHostAddrGet                       
00005a43  USBHostHubAddrSet                    
00005aa7  USBHostHubAddrGet                    
00005ad5  USBHostPwrConfig                     
00005aff  USBHostPwrFaultEnable                
00005b17  USBHostPwrFaultDisable               
00005b2f  USBHostPwrEnable                     
00005b47  USBHostPwrDisable                    
00005b5f  USBFrameNumberGet                    
00005b6d  USBOTGSessionRequest                 
00005b9b  USBFIFOAddrGet                       
00005bb1  USBModeGet                           
00005bc5  USBEndpointDMAChannel                
00005c01  USBHostMode                          
00005c13  USBDevMode                           
00005c25  USBOTGMode                           
00005c37  USBModeConfig                        
00005c4b  USBPHYPowerOff                       
00005c61  USBPHYPowerOn                        
00005c77  USBEndpointPacketCountSet            
00005c97  USBNumEndpointsGet                   
00005cab  USBControllerVersion                 
00005cbf  USBClockEnable                       
00005cdb  USBClockDisable                      
00005ced  USBDMAChannelIntEnable               
00005d0d  USBDMAChannelIntDisable              
00005d2d  USBDMAChannelIntStatus               
00005d3d  USBDMAChannelEnable                  
00005d5d  USBDMAChannelDisable                 
00005d7d  USBDMAChannelConfigSet               
00005dad  USBDMAChannelStatus                  
00005dcd  USBDMAChannelStatusClear             
00005df7  USBDMAChannelAddressSet              
00005e13  USBDMAChannelAddressGet              
00005e2b  USBDMAChannelCountSet                
00005e47  USBDMAChannelCountGet                
00005e5f  USBDMANumChannels                    
00005e71  USBULPIConfig                        
00005e87  USBULPIEnable                        
00005e9f  USBULPIDisable                       
00005eb7  USBULPIRegRead                       
00005eef  USBULPIRegWrite                      
00005f2f  USBHostLPMSend                       
00005f77  USBHostLPMConfig                     
00005f9b  USBHostLPMResume                     
00005fb3  USBDevLPMRemoteWake                  
00005fcb  USBDevLPMConfig                      
00005fe1  USBDevLPMEnable                      
00005ff9  USBDevLPMDisable                     
00006011  USBLPMLinkStateGet                   
00006025  USBLPMEndpointGet                    
00006041  USBLPMRemoteWakeEnabled              
0000605b  USBLPMIntStatus                      
0000606b  USBLPMIntEnable                      
00006085  USBLPMIntDisable                     
0000609f  __aeabi_idiv0                        
000060a1  USBDCDDeviceInfoInit                 
000060f1  USBDCDInit                           
00006299  USBDCDTerm                           
00006311  USBDCDRequestDataEP0                 
00006337  USBDCDSendDataEP0                    
00006359  USBDCDSetDefaultConfiguration        
0000636b  USBDCDStallEP0                       
00006387  USBDCDPowerStatusSet                 
000063fd  USBDCDFeatureSet                     
000064bd  USBDCDRemoteWakeLPM                  
000064e1  USBDCDRemoteWakeupRequest            
00006515  USBDeviceResumeTickHandler           
0000660d  USBDeviceEnumHandler                 
00006759  USBDeviceEnumResetHandler            
000071a9  USBDeviceIntHandlerInternal          
0000814d  __TI_printfi                         
00009171  USBLibDMAAddrGet                     
00009189  USBLibDMASizeGet                     
000091a1  USBLibDMAInit                        
00009437  SysCtlSRAMSizeGet                    
00009441  SysCtlFlashSizeGet                   
0000946d  SysCtlFlashSectorSizeGet             
00009495  SysCtlPeripheralPresent              
000094d5  SysCtlPeripheralReady                
00009515  SysCtlPeripheralPowerOn              
00009551  SysCtlPeripheralPowerOff             
0000958d  SysCtlPeripheralReset                
00009615  SysCtlPeripheralEnable               
00009651  SysCtlPeripheralDisable              
00009695  SysCtlPeripheralSleepEnable          
000096d9  SysCtlPeripheralSleepDisable         
00009715  SysCtlPeripheralDeepSleepEnable      
00009765  SysCtlPeripheralDeepSleepDisable     
000097ad  SysCtlPeripheralClockGating          
00009801  SysCtlIntRegister                    
00009819  SysCtlIntUnregister                  
00009829  SysCtlIntEnable                      
0000983d  SysCtlIntDisable                     
00009855  SysCtlIntClear                       
00009865  SysCtlIntStatus                      
00009881  SysCtlLDOSleepSet                    
00009891  SysCtlLDOSleepGet                    
00009897  SysCtlLDODeepSleepSet                
000098a7  SysCtlLDODeepSleepGet                
000098ad  SysCtlSleepPowerSet                  
000098c1  SysCtlDeepSleepPowerSet              
000098d1  SysCtlReset                          
000098d9  SysCtlSleep                          
000098e1  SysCtlDeepSleep                      
000098fd  SysCtlResetCauseGet                  
00009903  SysCtlResetCauseClear                
00009917  SysCtlMOSCConfigSet                  
0000992d  SysCtlPIOSCCalibrate                 
0000997d  SysCtlResetBehaviorSet               
0000998d  SysCtlResetBehaviorGet               
000099e1  SysCtlClockFreqSet                   
00009cf9  SysCtlClockSet                       
00009ec5  SysCtlClockGet                       
0000a07d  SysCtlDeepSleepClockSet              
0000a099  SysCtlDeepSleepClockConfigSet        
0000a123  SysCtlPWMClockSet                    
0000a13d  SysCtlPWMClockGet                    
0000a153  SysCtlGPIOAHBEnable                  
0000a16f  SysCtlGPIOAHBDisable                 
0000a18b  SysCtlUSBPLLEnable                   
0000a19d  SysCtlUSBPLLDisable                  
0000a1ad  SysCtlVoltageEventConfig             
0000a1bd  SysCtlVoltageEventStatus             
0000a1c9  SysCtlVoltageEventClear              
0000a1dd  SysCtlNMIStatus                      
0000a1e3  SysCtlNMIClear                       
0000a1f7  SysCtlClockOutConfig                 
0000a213  SysCtlAltClkConfig                   
0000a4bd  ProcessDataFromHost                  
0000a56b  ProcessNotificationToHost            
0000a5cd  ProcessDataToHost                    
0000ac31  USBDCDCCompositeInit                 
0000ad27  USBDCDCInit                          
0000ad95  USBDCDCTerm                          
0000adad  USBDCDCSetControlCBData              
0000adcb  USBDCDCSetRxCBData                   
0000ade9  USBDCDCSetTxCBData                   
0000ae07  USBDCDCPacketWrite                   
0000aea9  USBDCDCPacketRead                    
0000af7f  USBDCDCTxPacketAvailable             
0000afa1  USBDCDCRxPacketAvailable             
0000b001  USBDCDCSerialStateChange             
0000b05b  USBDCDCPowerStatusSet                
0000b06f  USBDCDCRemoteWakeupRequest           
0000b195  UARTStdioConfig                      
0000b283  UARTwrite                            
0000b329  UARTgets                             
0000b3a5  UARTgetc                             
0000b411  UARTvprintf                          
0000b70b  UARTprintf                           
0000b72f  UARTRxBytesAvail                     
0000b73d  UARTTxBytesFree                      
0000b751  UARTPeek                             
0000b7ab  UARTFlushRx                          
0000b7d3  UARTFlushTx                          
0000b811  UARTEchoSet                          
0000b849  UARTStdioIntHandler                  
0000bdbd  ustrncpy                             
0000be15  uvsnprintf                           
0000c23f  usprintf                             
0000c271  usnprintf                            
0000c2a1  ulocaltime                           
0000c49f  umktime                              
0000c515  ustrtoul                             
0000c64d  ustrtof                              
0000c885  ustrlen                              
0000c8a7  ustrstr                              
0000c8dd  ustrncasecmp                         
0000c981  ustrcasecmp                          
0000c995  ustrncmp                             
0000c9f5  ustrcmp                              
0000ca09  usrand                               
0000ca19  urand                                
0000caa3  GPIODirModeSet                       
0000caff  GPIODirModeGet                       
0000cb4b  GPIOIntTypeSet                       
0000cbef  GPIOIntTypeGet                       
0000cc8d  GPIOPadConfigSet                     
0000cecb  GPIOPadConfigGet                     
0000d01d  GPIOIntEnable                        
0000d037  GPIOIntDisable                       
0000d051  GPIOIntStatus                        
0000d073  GPIOIntClear                         
0000d087  GPIOIntRegister                      
0000d0a5  GPIOIntUnregister                    
0000d0bf  GPIOPinRead                          
0000d0d7  GPIOPinWrite                         
0000d0f7  GPIOPinTypeADC                       
0000d11b  GPIOPinTypeCAN                       
0000d13f  GPIOPinTypeComparator                
0000d163  GPIOPinTypeEPI                       
0000d187  GPIOPinTypeEthernetLED               
0000d1ab  GPIOPinTypeEthernetMII               
0000d1cf  GPIOPinTypeGPIOInput                 
0000d1f3  GPIOPinTypeGPIOOutput                
0000d217  GPIOPinTypeGPIOOutputOD              
0000d23b  GPIOPinTypeI2C                       
0000d25f  GPIOPinTypeI2CSCL                    
0000d283  GPIOPinTypeLCD                       
0000d2a7  GPIOPinTypeLPC                       
0000d2cb  GPIOPinTypePECIRx                    
0000d2ef  GPIOPinTypePECITx                    
0000d313  GPIOPinTypePWM                       
0000d337  GPIOPinTypeQEI                       
0000d35b  GPIOPinTypeSSI                       
0000d37f  GPIOPinTypeTimer                     
0000d3a3  GPIOPinTypeUART                      
0000d3c7  GPIOPinTypeUSBAnalog                 
0000d3eb  GPIOPinTypeUSBDigital                
0000d40f  GPIOPinTypeWakeHigh                  
0000d435  GPIOPinTypeWakeLow                   
0000d45b  GPIOPinTypeKBRow                     
0000d47f  GPIOPinTypeKBColumn                  
0000d4a3  GPIOPinTypeLEDSeq                    
0000d4c7  GPIOPinTypeCIR                       
0000d4eb  GPIOPinWakeStatus                    
0000d4fb  GPIOPinConfigure                     
0000d559  GPIODMATriggerEnable                 
0000d577  GPIODMATriggerDisable                
0000d595  GPIOADCTriggerEnable                 
0000d5b3  GPIOADCTriggerDisable                
0000d5d9  xQueueGenericReset                   
0000d675  xQueueGenericCreate                  
0000d6e9  xQueueCreateMutex                    
0000d75f  xQueueGiveMutexRecursive             
0000d79b  xQueueTakeMutexRecursive             
0000d7e5  xQueueCreateCountingSemaphore        
0000d805  xQueueGenericSend                    
0000d92d  xQueueGenericSendFromISR             
0000d9ab  xQueueGiveFromISR                    
0000da1d  xQueueGenericReceive                 
0000db8b  xQueueReceiveFromISR                 
0000dc03  xQueuePeekFromISR                    
0000dc47  uxQueueMessagesWaiting               
0000dc5d  uxQueueSpacesAvailable               
0000dc7d  uxQueueMessagesWaitingFromISR        
0000dc8f  vQueueDelete                         
0000dca5  uxQueueGetQueueNumber                
0000dcb3  vQueueSetQueueNumber                 
0000dcc5  ucQueueGetQueueType                  
0000de73  xQueueIsQueueEmptyFromISR            
0000deb5  xQueueIsQueueFullFromISR             
0000ded7  vQueueAddToRegistry                  
0000df19  vQueueUnregisterQueue                
0000df53  vQueueWaitForMessageRestricted       
0000e5ad  USBHHubMain                          
0000e7d9  USBHHubEnumerationComplete           
0000e7fb  USBHHubEnumerationError              
0000e81d  USBHHubOpen                          
0000e835  USBHHubClose                         
0000e849  USBHHubInit                          
0000e877  USBHHubLPMSleep                      
0000e885  USBHHubLPMStatus                     
0000e8c9  vApplicationStackOverflowHook        
0000e8d3  vApplicationTickHook                 
0000e8f3  vApplicationIdleHook                 
0000e8fb  vApplicationMallocFailedHook         
0000ed7d  main                                 
0000edb7  confSys                              
0000ede7  confUART                             
0000ee55  confGPIO                             
0000ee89  confTasks                            
0000ef01  confADC                              
0000ef95  confTimer                            
0000f005  confQueue                            
0000f033  ADCIntHandler                        
0000f1ab  ADCIntRegister                       
0000f1d3  ADCIntUnregister                     
0000f1f1  ADCIntDisable                        
0000f20d  ADCIntEnable                         
0000f233  ADCIntStatus                         
0000f28b  ADCIntClear                          
0000f2a1  ADCSequenceEnable                    
0000f2bb  ADCSequenceDisable                   
0000f2d5  ADCSequenceConfigure                 
0000f359  ADCSequenceStepConfigure             
0000f44d  ADCSequenceOverflow                  
0000f465  ADCSequenceOverflowClear             
0000f47b  ADCSequenceUnderflow                 
0000f493  ADCSequenceUnderflowClear            
0000f4a9  ADCSequenceDataGet                   
0000f4eb  ADCProcessorTrigger                  
0000f50f  ADCSoftwareOversampleConfigure       
0000f547  ADCSoftwareOversampleStepConfigure   
0000f607  ADCSoftwareOversampleDataGet         
0000f675  ADCHardwareOversampleConfigure       
0000f6a7  ADCComparatorConfigure               
0000f6c3  ADCComparatorRegionSet               
0000f6e7  ADCComparatorReset                   
0000f72d  ADCComparatorIntDisable              
0000f74b  ADCComparatorIntEnable               
0000f769  ADCComparatorIntStatus               
0000f777  ADCComparatorIntClear                
0000f789  ADCIntDisableEx                      
0000f7a1  ADCIntEnableEx                       
0000f7bd  ADCIntStatusEx                       
0000f7ef  ADCIntClearEx                        
0000f807  ADCReferenceSet                      
0000f823  ADCReferenceGet                      
0000f835  ADCPhaseDelaySet                     
0000f847  ADCPhaseDelayGet                     
0000f855  ADCSequenceDMAEnable                 
0000f871  ADCSequenceDMADisable                
0000f88d  ADCBusy                              
0000f8ab  ADCClockConfigSet                    
0000f8d5  ADCClockConfigGet                    
0000f98b  TimerEnable                          
0000f9a9  TimerDisable                         
0000f9c7  TimerConfigure                       
0000fa43  TimerControlLevel                    
0000fa79  TimerControlTrigger                  
0000fae7  TimerControlEvent                    
0000fb11  TimerControlStall                    
0000fb47  TimerControlWaitOnTrigger            
0000fba7  TimerRTCEnable                       
0000fbbd  TimerRTCDisable                      
0000fbe9  TimerClockSourceSet                  
0000fc05  TimerClockSourceGet                  
0000fc15  TimerPrescaleSet                     
0000fc3f  TimerPrescaleGet                     
0000fc5b  TimerPrescaleMatchSet                
0000fc89  TimerPrescaleMatchGet                
0000fca5  TimerLoadSet                         
0000fccf  TimerLoadGet                         
0000fceb  TimerLoadSet64                       
0000fd0b  TimerLoadGet64                       
0000fd3d  TimerValueGet                        
0000fd59  TimerValueGet64                      
0000fd8b  TimerMatchSet                        
0000fdb5  TimerMatchGet                        
0000fdd1  TimerMatchSet64                      
0000fdf1  TimerMatchGet64                      
0000fe23  TimerIntRegister                     
0000fe4b  TimerIntUnregister                   
0000fe69  TimerIntEnable                       
0000fe81  TimerIntDisable                      
0000fe99  TimerIntStatus                       
0000feb7  TimerIntClear                        
0000fec9  TimerSynchronize                     
0000fedb  TimerADCEventSet                     
0000feed  TimerADCEventGet                     
0000fefb  TimerDMAEventSet                     
0000ff0d  TimerDMAEventGet                     
0000ff1b  TimerUpdateMode                      
0000ff71  xTimerCreateTimerTask                
0000ffab  xTimerCreate                         
0000ffff  xTimerGenericCommand                 
0001006d  pcTimerGetTimerName                  
00010429  xTimerIsTimerActive                  
00010455  pvTimerGetTimerID                    
0001046d  xTimerPendFunctionCallFromISR        
000104a3  xTimerPendFunctionCall               
00010571  USBStackModeSet                      
000105ad  USB0DualModeIntHandler               
000105f9  USBDualModeInit                      
00010669  USBDualModeTerm                      
0001069d  USBOTGModeTerm                       
000106d7  USBOTGModeInit                       
000107cd  USBOTGPollRate                       
000107f5  USB0OTGModeIntHandler                
000108db  OTGDeviceDisconnect                  
00010901  USBOTGMain                           
0001099d  USBOTGFeatureSet                     
00010cb1  USBBufferInit                        
00010cd3  USBBufferZeroLengthPacketInsert      
00010d03  USBBufferInfoGet                     
00010d35  USBBufferDataWritten                 
00010d55  USBBufferDataRemoved                 
00010d6f  USBBufferCallbackDataSet             
00010d89  USBBufferWrite                       
00010dcd  USBBufferFlush                       
00010ddf  USBBufferRead                        
00010e1d  USBBufferDataAvailable               
00010e2f  USBBufferSpaceAvailable              
00010e41  USBBufferEventCallback               
00010ebd  RGBBlinkIntHandler                   
00010eeb  RGBInit                              
00010fd7  RGBEnable                            
0001108f  RGBDisable                           
000110ed  RGBSet                               
00011105  RGBColorSet                          
000111b5  RGBIntensitySet                      
000111c9  RGBBlinkRateSet                      
0001125d  RGBColorGet                          
000112f1  Cmd_cpu                              
0001131b  Cmd_free                             
00011331  Cmd_tasks                            
000113ad  Cmd_stats                            
000113e5  Cmd_help                             
00011429  vUARTTask                            
000116c3  IntMasterEnable                      
000116d3  IntMasterDisable                     
000116e3  IntRegister                          
00011735  IntUnregister                        
00011749  IntPriorityGroupingSet               
00011763  IntPriorityGroupingGet               
0001179b  IntPrioritySet                       
000117eb  IntPriorityGet                       
0001180f  IntEnable                            
00011881  IntDisable                           
000118f3  IntIsEnabled                         
00011979  IntPendSet                           
000119e9  IntPendClear                         
00011a37  IntPriorityMaskSet                   
00011a43  IntPriorityMaskGet                   
00011a4b  IntTrigger                           
00011b47  USBDeviceConfig                      
00011d3d  USBDeviceConfigAlternate             
00011e09  frame_stuffing                       
00011ea9  frame_DeStuffing                     
00011f49  add_checksum_and_stuff               
00011fbb  destuff_and_check_checksum           
0001200f  create_frame                         
00012093  receive_frame                        
000120ed  send_frame                           
0001218b  USBRingBufFull                       
000121c5  USBRingBufEmpty                      
000121ef  USBRingBufFlush                      
0001220f  USBRingBufUsed                       
00012241  USBRingBufFree                       
00012257  USBRingBufContigUsed                 
00012285  USBRingBufContigFree                 
000122c1  USBRingBufSize                       
000122cf  USBRingBufReadOne                    
000122f5  USBRingBufRead                       
0001232b  USBRingBufAdvanceRead                
00012359  USBRingBufAdvanceWrite               
000123b5  USBRingBufWriteOne                   
000123db  USBRingBufWrite                      
00012411  USBRingBufInit                       
00012507  USBDCDConfigDescGetSize              
0001253f  USBDCDConfigDescGetNum               
0001258d  USBDCDConfigDescGet                  
0001261b  USBDCDConfigGetNumAlternateInterfaces
0001266f  USBDCDConfigGetInterface             
000126a5  USBDCDConfigGetInterfaceEndpoint     
00012759  USBControlHandler                    
000127e3  USBTxHandler                         
00012847  USBRxHandler                         
0001289d  UsbSerialInit                        
0001292d  xUSBSerialGetChar                    
00012943  xUSBSerialPutChar                    
000129c1  pxPortInitialiseStack                
00012a1f  xPortStartScheduler                  
00012a55  vPortEndScheduler                    
00012a57  vPortEnterCritical                   
00012a6f  vPortExitCritical                    
00012a87  xPortSysTickHandler                  
00012aa3  vPortSuppressTicksAndSleep           
00012bf1  vPortSetupTimerInterrupt             
00012c4d  _Exp                                 
00012e49  __aeabi_uldivmod                     
0001303d  pvPortMalloc                         
0001314b  vPortFree                            
000131ad  xPortGetFreeHeapSize                 
000131b3  vPortInitialiseBlocks                
00013211  USBDescGetNum                        
0001326d  USBDescGet                           
000132d7  USBDescGetNumAlternateInterfaces     
00013391  USBDescGetInterface                  
000133bf  USBDescGetInterfaceEndpoint          
000133e3  __aeabi_dsub                         
000133ed  __aeabi_dadd                         
00013599  __aeabi_ddiv                         
000136cf  vListInitialise                      
000136ff  vListInitialiseItem                  
0001370f  vListInsertEnd                       
0001374b  vListInsert                          
000137b1  uxListRemove                         
000137f9  _Dscale                              
00013909  __aeabi_dmul                         
00013a05  CPUUsageTick                         
00013a43  CPUUsageInit                         
00013af5  InternalUSBTickInit                  
00013b33  InternalUSBTickReset                 
00013b3b  InternalUSBRegisterTickHandler       
00013b8b  InternalUSBStartOfFrameTick          
00013be5  xPortPendSVHandler                   
00013c43  ulPortSetInterruptMask               
00013c59  vPortClearInterruptMask              
00013c5f  vPortSVCHandler                      
00013c7d  vPortStartFirstTask                  
00013c9b  vPortEnableVFP                       
00013cad  vPortGetIPSR                         
00013cb3  ULPIConfigSet                        
00013d55  ULPIPowerTransceiver                 
00013d7b  _Dnorm                               
00013e39  CmdLineProcess                       
00013ee5  __aeabi_memcpy                       
00013ee5  __aeabi_memcpy4                      
00013ee5  __aeabi_memcpy8                      
00013ee5  memcpy                               
00013f81  exp                                  
00014011  __aeabi_cdcmpeq                      
00014011  __aeabi_cdcmple                      
00014097  __aeabi_cdrcmple                     
0001411d  __aeabi_memclr                       
0001411d  __aeabi_memclr4                      
0001411d  __aeabi_memclr8                      
0001411f  __aeabi_memset                       
0001411f  __aeabi_memset4                      
0001411f  __aeabi_memset8                      
00014125  memset                               
00014199  __TI_auto_init                       
00014271  create_checksum                      
000142d9  _Dunscale                            
00014341  vConfigureTimerForRunTimeStats       
000143a5  sprintf                              
00014405  ltoa                                 
0001445b  ldexp                                
000144ad  _c_int00                             
000144fd  __aeabi_f2ulz                        
0001454d  atoi                                 
00014599  copy_in                              
000145e5  __aeabi_d2iz                         
0001462d  C$$EXIT                              
00014631  abort                                
00014639  exit                                 
00014671  __aeabi_d2uiz                        
000146b5  signal                               
000146f5  __aeabi_uidiv                        
000146f5  __aeabi_uidivmod                     
00014735  CPUcpsid                             
00014741  CPUprimask                           
0001474b  CPUcpsie                             
00014757  CPUwfi                               
0001475b  CPUbasepriSet                        
00014769  CPUbasepriGet                        
00014775  feraiseexcept                        
000147a9  _Dclass                              
000147d9  _Feraise                             
00014809  __aeabi_i2d                          
00014837  raise                                
00014865  ResetISR                             
00014891  frexp                                
000148bd  GetOverflowCounts                    
000148e1  USB0DeviceIntHandler                 
00014905  memcmp                               
00014927  __aeabi_ui2d                         
00014947  memccpy                              
00014965  _args_main                           
0001497d  strcmp                               
00014995  strchr                               
000149ad  _register_unlock                     
000149b3  _register_lock                       
000149bb  _nop                                 
000149c1  strcpy                               
000149d5  strlen                               
000149e9  __TI_decompress_none                 
000149f7  __TI_zero_init                       
00014a03  SysCtlDelay                          
00014a09  __TI_decompress_rle24                
00014a0f  _system_pre_init                     
00014d38  _ctypes_                             
000153a0  g_sCDCSerConfigSection               
000153a8  g_sIADSerConfigSection               
000153b0  g_sCDCSerCommInterfaceSection        
000153b8  g_sCDCSerDataInterfaceSection        
000153c0  g_sCDCSerConfigHeader                
000153c8  g_sCDCCompSerConfigHeader            
000153d0  g_ppCDCSerConfigDescriptors          
000153d4  g_pCDCCompSerConfigDescriptors       
000153d8  g_pui8ConfigString                   
00015474  g_sCDCHandlers                       
000154d4  g_pui8ControlInterfaceString         
00015528  g_pui8ManufacturerString             
0001554c  g_sRxBuffer                          
00015570  g_sTxBuffer                          
00015594  g_pui8CDCSerCommInterface            
000155b7  g_pui8ProductString                  
000155f8  g_ppui8StringDescriptors             
00015610  g_pui8CDCSerDataInterface            
00015627  g_pui8LangDescriptor                 
0001562b  g_pui8SerialNumberString             
0001580c  __TI_Handler_Table_Base              
00015818  __TI_Handler_Table_Limit             
00015828  __TI_CINIT_Base                      
00015840  __TI_CINIT_Limit                     
20000000  g_pfnRAMVectors                      
20006188  g_pui8USBRxBuffer                    
20006288  g_pui8USBTxBuffer                    
200064a4  g_psDCDInst                          
200064f4  xQueueRegistry                       
200065c8  g_pfnTickHandlers                    
20006610  g_pui8RxBufferWorkspace              
20006628  g_pui8TxBufferWorkspace              
20006640  g_pvTickInstance                     
200066f0  ejes                                 
20006710  SendSemaphore                        
20006718  g_ppsDevInfo                         
20006720  g_ui32CPUUsage                       
20006738  g_ui32PollRate                       
20006748  g_ulSystemClock                      
2000674c  g_xRxLineSemaphore                   
20006750  potQueue                             
20006768  velocidadQueue                       
20006775  g_eOTGModeState                      
20006828  _Denorm                              
20006838  _Eps                                 
20006848  _Hugeval                             
20006858  _Inf                                 
20006868  _Nan                                 
20006878  _Snan                                
20006888  _Rteps                               
20006898  _Xbig                                
200068a0  _Zero                                
200068a8  g_sCDCDevice                         
20006908  g_psCmdTable                         
2000695c  g_pui8CDCSerDeviceDescriptor         
2000696e  g_pui8CDCSerDescriptor               
20006977  g_pui8IADSerDescriptor               
20006980  g_psCDCSerSections                   
2000698c  g_psCDCCompSerSections               
2000699c  pxCurrentTCB                         
20006a50  sensorTaskHandle                     
20006a54  consumoTaskHandle                    
20006a58  velocidad                            
20006a5c  combustible                          
20006a74  g_ulUARTTxCount                      
20006a78  g_ulUARTRxCount                      
20006a84  g_bUSBTimerInitialized               
20006a88  g_ui32CurrentUSBTick                 
20006a8c  g_ui32USBSOFCount                    
20006a90  g_iUSBMode                           
20006a94  g_ui32WaitTicks                      
20006aa4  _lock                                
20006aa8  _unlock                              
20006aac  __TI_cleanup_ptr                     
20006ab0  __TI_dtors_ptr                       
20006ab4  _Fenv                                
20006ab8  _Tls_setup__Fenv                     
20006ad0  _Errno                               
20006ad4  main_func_sp                         
20006adc  __stack                              
20006cdc  __STACK_END                          
20006cdc  __STACK_TOP                          
ffffffff  __binit__                            
ffffffff  __c_args__                           
ffffffff  binit                                
UNDEFED   SHT$$INIT_ARRAY$$Base                
UNDEFED   SHT$$INIT_ARRAY$$Limit               

[784 symbols]
