******************************************************************************
                  TI ARM Linker PC v5.2.4                      
******************************************************************************
>> Linked Sat May 09 11:02:35 2015

OUTPUT FILE NAME:   <base-practica_TIVA.out>
ENTRY POINT SYMBOL: "_c_int00"  address: 00014b7d


MEMORY CONFIGURATION

         name            origin    length      used     unused   attr    fill
----------------------  --------  ---------  --------  --------  ----  --------
  FLASH                 00000000   00040000  00016042  00029fbe  R  X
  SRAM                  20000000   00008000  00006d02  000012fe  RW X


SEGMENT ALLOCATION MAP

run origin  load origin   length   init length attrs members
----------  ----------- ---------- ----------- ----- -------
00000000    00000000    00016048   00016048    r-x
  00000000    00000000    0000026c   0000026c    r-- .intvecs
  0000026c    0000026c    00014f12   00014f12    r-x .text
  00015180    00015180    00000d04   00000d04    r-- .const
  00015e88    00015e88    000001c0   000001c0    r-- .cinit
20000000    20000000    00006d04   00000000    rw-
  20000000    20000000    0000026c   00000000    rw- .vtable
  2000026c    2000026c    0000651a   00000000    rw- .bss
  20006788    20006788    0000037c   00000000    rw- .data
  20006b04    20006b04    00000200   00000000    rw- .stack


SECTION ALLOCATION MAP

 output                                  attributes/
section   page    origin      length       input sections
--------  ----  ----------  ----------   ----------------
.intvecs   0    00000000    0000026c     
                  00000000    0000026c     startup_ccs.obj (.intvecs)

.text      0    0000026c    00014f12     
                  0000026c    00002dac     usbhostenum.obj (.text)
                  00003018    00001acc     tasks.obj (.text)
                  00004ae4    000015ba     usb.obj (.text)
                  0000609e    00000002     rtsv7M4_T_le_v4SPD16_eabi.lib : i_div0.obj (.text)
                  000060a0    000012f8     usbdenum.obj (.text)
                  00007398    000010ba     rtsv7M4_T_le_v4SPD16_eabi.lib : _printfi.obj (.text)
                  00008452    00000002     --HOLE-- [fill = 0]
                  00008454    00000f20     usbdma.obj (.text)
                  00009374    00000f00     sysctl.obj (.text)
                  0000a274    00000e0c     usbdcdc.obj (.text)
                  0000b080    00000d3c     uartstdio.obj (.text)
                  0000bdbc    00000c84     ustdlib.obj (.text)
                  0000ca40    00000b98     gpio.obj (.text)
                  0000d5d8    00000b50     main.obj (.text)
                  0000e128    000009cc     queue.obj (.text)
                  0000eaf4    00000924     usbhhub.obj (.text)
                  0000f418    000007c4     adc.obj (.text)
                  0000fbdc    0000065a     timer.obj (.text)
                  00010236    00000002     --HOLE-- [fill = 0]
                  00010238    00000580     timers.obj (.text)
                  000107b8    00000510     usbmode.obj (.text)
                  00010cc8    000004ba     usbbuffer.obj (.text)
                  00011182    00000002     --HOLE-- [fill = 0]
                  00011184    00000434     rgb.obj (.text)
                  000115b8    000003d0     commands.obj (.text)
                  00011988    000003c0     interrupt.obj (.text)
                  00011d48    00000388     usbdconfig.obj (.text)
                  000120d0    00000338     protocol.obj (.text)
                  00012408    000002f4     usbringbuf.obj (.text)
                  000126fc    000002de     usbdcdesc.obj (.text)
                  000129da    00000002     --HOLE-- [fill = 0]
                  000129dc    000002ac     usb_dev_serial.obj (.text)
                  00012c88    00000294     rtsv7M4_T_le_v4SPD16_eabi.lib : xsin.obj (.text)
                  00012f1c    0000028c     port.obj (.text)
                  000131a8    000001fc     rtsv7M4_T_le_v4SPD16_eabi.lib : xexp.obj (.text)
                  000133a4    000001f4                                   : ull_div_t2.obj (.text)
                  00013598    000001d4     heap_2.obj (.text)
                  0001376c    000001d2     usbdesc.obj (.text)
                  0001393e    000001b6     rtsv7M4_T_le_v4SPD16_eabi.lib : fd_add_t2.obj (.text)
                  00013af4    00000174                                   : fmod.obj (.text)
                  00013c68    00000136                                   : fd_div_t2.obj (.text)
                  00013d9e    0000012a     list.obj (.text)
                  00013ec8    00000110     rtsv7M4_T_le_v4SPD16_eabi.lib : xdscale.obj (.text)
                  00013fd8    000000fc                                   : fd_mul_t2.obj (.text)
                  000140d4    000000f0     cpu_usage.obj (.text)
                  000141c4    000000ec     usbtick.obj (.text)
                  000142b0    000000d2     portasm.obj (.text)
                  00014382    000000c8     usbulpi.obj (.text)
                  0001444a    000000be     rtsv7M4_T_le_v4SPD16_eabi.lib : xdnorm.obj (.text)
                  00014508    000000ac     cmdline.obj (.text)
                  000145b4    0000009c     rtsv7M4_T_le_v4SPD16_eabi.lib : memcpy_t2.obj (.text)
                  00014650    00000090                                   : exp.obj (.text)
                  000146e0    00000086                                   : fd_cmp_t2.obj (.text:__aeabi_cdcmple)
                  00014766    00000086                                   : fd_cmp_t2.obj (.text:__aeabi_cdrcmple)
                  000147ec    0000007a                                   : memset_t2.obj (.text)
                  00014866    00000002     --HOLE-- [fill = 0]
                  00014868    0000006c                                   : autoinit.obj (.text)
                  000148d4    0000006a                                   : copy_decompress_rle.obj (.text)
                  0001493e    00000002     --HOLE-- [fill = 0]
                  00014940    00000068     crc.obj (.text)
                  000149a8    00000066     rtsv7M4_T_le_v4SPD16_eabi.lib : xdunscal.obj (.text)
                  00014a0e    00000002     --HOLE-- [fill = 0]
                  00014a10    00000064     RunTimeStatsConfig.obj (.text)
                  00014a74    00000060     rtsv7M4_T_le_v4SPD16_eabi.lib : sprintf.obj (.text)
                  00014ad4    00000056                                   : ltoa.obj (.text)
                  00014b2a    00000052                                   : ldexp.obj (.text)
                  00014b7c    00000050                                   : boot.obj (.text)
                  00014bcc    00000050                                   : fs_toull_t2.obj (.text)
                  00014c1c    0000004c                                   : atoi.obj (.text)
                  00014c68    0000004c                                   : cpy_tbl.obj (.text)
                  00014cb4    0000004a                                   : fd_tos_t2.obj (.text)
                  00014cfe    00000048                                   : fd_toi_t2.obj (.text)
                  00014d46    00000002     --HOLE-- [fill = 0]
                  00014d48    00000044                                   : exit.obj (.text)
                  00014d8c    00000044                                   : fd_tou_t2.obj (.text)
                  00014dd0    00000040                                   : signal.obj (.text)
                  00014e10    00000040                                   : u_divt2.obj (.text)
                  00014e50    0000003e     cpu.obj (.text)
                  00014e8e    00000038     rtsv7M4_T_le_v4SPD16_eabi.lib : fs_tod_t2.obj (.text)
                  00014ec6    00000002     --HOLE-- [fill = 0]
                  00014ec8    00000034                                   : feraiseexcept.obj (.text)
                  00014efc    00000030                                   : xdclass.obj (.text)
                  00014f2c    00000030                                   : xferaise.obj (.text)
                  00014f5c    0000002e                                   : i_tofd_t2.obj (.text)
                  00014f8a    0000002e                                   : raise.obj (.text)
                  00014fb8    0000002c     startup_ccs.obj (.text)
                  00014fe4    0000002a     rtsv7M4_T_le_v4SPD16_eabi.lib : frexp.obj (.text)
                  0001500e    00000002     --HOLE-- [fill = 0]
                  00015010    00000024     RunTimeStatsConfig.obj (.text:GetOverflowCounts)
                  00015034    00000024     usbdhandler.obj (.text)
                  00015058    00000022     rtsv7M4_T_le_v4SPD16_eabi.lib : memcmp.obj (.text)
                  0001507a    00000020                                   : u_tofd_t2.obj (.text)
                  0001509a    0000001c                                   : memccpy.obj (.text)
                  000150b6    0000001a                                   : sin.obj (.text)
                  000150d0    00000018                                   : args_main.obj (.text)
                  000150e8    00000018                                   : strcmp.obj (.text)
                  00015100    00000016                                   : strchr.obj (.text)
                  00015116    00000002     --HOLE-- [fill = 0]
                  00015118    00000014                                   : _lock.obj (.text)
                  0001512c    00000014                                   : strcpy.obj (.text)
                  00015140    00000014                                   : strlen.obj (.text)
                  00015154    0000000e                                   : copy_decompress_none.obj (.text:decompress:none)
                  00015162    0000000c                                   : copy_zero_init.obj (.text:decompress:ZI)
                  0001516e    00000006     sysctl.obj (.text:SysCtlDelay)
                  00015174    00000006     rtsv7M4_T_le_v4SPD16_eabi.lib : copy_decompress_rle.obj (.text:decompress:rle24)
                  0001517a    00000004                                   : pre_init.obj (.text)

.const     0    00015180    00000d04     
                  00015180    00000200     crc.obj (.const:crctttab)
                  00015380    00000120     sysctl.obj (.const:g_pppui32XTALtoVCO)
                  000154a0    00000101     rtsv7M4_T_le_v4SPD16_eabi.lib : ctype.obj (.const:.string:_ctypes_)
                  000155a1    00000001     --HOLE-- [fill = 0]
                  000155a2    00000002     heap_2.obj (.const)
                  000155a4    000000f2     commands.obj (.const:.string)
                  00015696    00000002     --HOLE-- [fill = 0]
                  00015698    000000c0     gpio.obj (.const:g_ppui32GPIOIntMapBlizzard)
                  00015758    000000c0     gpio.obj (.const:g_ppui32GPIOIntMapSnowflake)
                  00015818    0000009c     interrupt.obj (.const:g_pui32Regs)
                  000158b4    00000090     gpio.obj (.const:g_pui32GPIOBaseAddrs)
                  00015944    00000004     --HOLE-- [fill = 0]
                  00015948    00000080     rtsv7M4_T_le_v4SPD16_eabi.lib : xsin.obj (.const)
                  000159c8    00000070     interrupt.obj (.const)
                  00015a38    0000006c     sysctl.obj (.const:g_pui32Xtals)
                  00015aa4    00000060     timer.obj (.const:g_ppui32TimerIntMap)
                  00015b04    00000004     --HOLE-- [fill = 0]
                  00015b08    00000048     rtsv7M4_T_le_v4SPD16_eabi.lib : xexp.obj (.const)
                  00015b50    00000040     timer.obj (.const:g_ppui32TimerIntMapSnowflake)
                  00015b90    00000038     usbdcdc.obj (.const)
                  00015bc8    00000036     usb_serial_structs.obj (.const:.string:g_pui8ConfigString)
                  00015bfe    00000002     --HOLE-- [fill = 0]
                  00015c00    00000034     usbdenum.obj (.const:g_psUSBDStdRequests)
                  00015c34    00000030     ustdlib.obj (.const:g_psDaysToMonth)
                  00015c64    00000030     usbdcdc.obj (.const:g_sCDCHandlers)
                  00015c94    00000030     sysctl.obj (.const:g_sXTALtoMEMTIM)
                  00015cc4    0000002c     usb_serial_structs.obj (.const:.string:g_pui8ControlInterfaceString)
                  00015cf0    00000028     uartstdio.obj (.const)
                  00015d18    00000024     usb_serial_structs.obj (.const:.string:g_pui8ManufacturerString)
                  00015d3c    00000024     usb_serial_structs.obj (.const:g_sRxBuffer)
                  00015d60    00000024     usb_serial_structs.obj (.const:g_sTxBuffer)
                  00015d84    00000023     usbdcdc.obj (.const:.string:g_pui8CDCSerCommInterface)
                  00015da7    00000022     usb_serial_structs.obj (.const:.string:g_pui8ProductString)
                  00015dc9    00000003     --HOLE-- [fill = 0]
                  00015dcc    0000001c     ustdlib.obj (.const)
                  00015de8    00000018     usb_serial_structs.obj (.const)
                  00015e00    00000017     usbdcdc.obj (.const:.string)
                  00015e17    00000016     usb_serial_structs.obj (.const:.string)
                  00015e2d    00000014     tasks.obj (.const:.string)
                  00015e41    00000003     --HOLE-- [fill = 0]
                  00015e44    00000012     uartstdio.obj (.const:.string)
                  00015e56    00000002     --HOLE-- [fill = 0]
                  00015e58    00000012     ustdlib.obj (.const:.string)
                  00015e6a    00000002     --HOLE-- [fill = 0]
                  00015e6c    00000008     gpio.obj (.const)
                  00015e74    00000008     sysctl.obj (.const)
                  00015e7c    00000008     timer.obj (.const)

.cinit     0    00015e88    000001c0     
                  00015e88    00000187     (.cinit..data.load) [load image, compression = rle]
                  0001600f    00000001     --HOLE-- [fill = 0]
                  00016010    0000000c     (__TI_handler_table)
                  0001601c    00000004     --HOLE-- [fill = 0]
                  00016020    00000008     (.cinit..bss.load) [load image, compression = zero_init]
                  00016028    00000008     (.cinit..vtable.load) [load image, compression = zero_init]
                  00016030    00000018     (__TI_cinit_table)

.init_array 
*          0    00000000    00000000     UNINITIALIZED

.vtable    0    20000000    0000026c     UNINITIALIZED
                  20000000    0000026c     interrupt.obj (.vtable)

.bss       0    2000026c    0000651a     UNINITIALIZED
                  2000026c    00005000     heap_2.obj (.bss:ucHeap)
                  2000526c    000006cc     usbhostenum.obj (.bss:g_sUSBHCD)
                  20005938    00000400     uartstdio.obj (.bss:g_pcUARTTxBuffer)
                  20005d38    00000200     uartstdio.obj (.bss:g_pcUARTRxHistoryBuffer)
                  20005f38    00000140     tasks.obj (.bss:pxReadyTasksLists)
                  20006078    00000110     usbdma.obj (.bss:g_psUSBDMAInst)
                  20006188    00000100     usb_serial_structs.obj (.bss:g_pui8USBRxBuffer)
                  20006288    00000100     usb_serial_structs.obj (.bss:g_pui8USBTxBuffer)
                  20006388    0000009c     usbhhub.obj (.bss:g_sRootHub)
                  20006424    00000080     uartstdio.obj (.bss:g_pcUARTRxBuffer)
                  200064a4    00000050     usbdenum.obj (.bss:g_psDCDInst)
                  200064f4    00000050     queue.obj (.bss:xQueueRegistry)
                  20006544    00000040     usbdenum.obj (.bss:g_pui8DataBufferIn)
                  20006584    00000024     cmdline.obj (.bss:g_ppcArgv)
                  200065a8    00000020     (.common:g_usUARTRxHistoryOffset)
                  200065c8    00000018     (.common:g_pfnTickHandlers)
                  200065e0    00000018     (.common:g_pi32USBHActiveDriver)
                  200065f8    00000018     (.common:g_ppvDriverInstance)
                  20006610    00000018     (.common:g_pui8RxBufferWorkspace)
                  20006628    00000018     (.common:g_pui8TxBufferWorkspace)
                  20006640    00000018     (.common:g_pvTickInstance)
                  20006658    00000014     (.common:xActiveTimerList1)
                  2000666c    00000014     (.common:xActiveTimerList2)
                  20006680    00000014     (.common:xDelayedTaskList1)
                  20006694    00000014     (.common:xDelayedTaskList2)
                  200066a8    00000014     (.common:xPendingReadyList)
                  200066bc    00000014     (.common:xSuspendedTaskList)
                  200066d0    00000014     (.common:xTasksWaitingTermination)
                  200066e4    0000000c     (.common:color)
                  200066f0    0000000c     (.common:g_ui32Colors)
                  200066fc    00000008     (.common:ejes)
                  20006704    00000008     (.common:g_pui32Alloc)
                  2000670c    00000008     (.common:xEnd)
                  20006714    00000008     (.common:xStart)
                  2000671c    00000004     (.common:EjesSemaphore)
                  20006720    00000004     (.common:SendSemaphore)
                  20006724    00000004     (.common:g_pfnUSBModeCallback)
                  20006728    00000004     (.common:g_ppsDevInfo)
                  2000672c    00000004     (.common:g_pui8OversampleFactor)
                  20006730    00000004     (.common:g_ui32CPUUsage)
                  20006734    00000004     (.common:g_ui32CPUUsagePrevious)
                  20006738    00000004     (.common:g_ui32CPUUsageTicks)
                  2000673c    00000004     (.common:g_ui32CPUUsageTimer)
                  20006740    00000004     (.common:g_ui32ChangeFlags)
                  20006744    00000004     (.common:g_ui32HubChanges)
                  20006748    00000004     (.common:g_ui32PollRate)
                  2000674c    00000004     (.common:g_ui32PortNum)
                  20006750    00000004     (.common:g_ui32ULPISupport)
                  20006754    00000004     (.common:g_ui32ULPISupport)
                  20006758    00000004     (.common:g_ulSystemClock)
                  2000675c    00000004     (.common:g_xRxLineSemaphore)
                  20006760    00000004     (.common:potQueue)
                  20006764    00000004     (.common:pxCurrentTimerList)
                  20006768    00000004     (.common:pxDelayedTaskList)
                  2000676c    00000004     (.common:pxOverflowDelayedTaskList)
                  20006770    00000004     (.common:pxOverflowTimerList)
                  20006774    00000004     (.common:ulFlags$1)
                  20006778    00000004     (.common:velocidadQueue)
                  2000677c    00000004     (.common:xCharsForTx)
                  20006780    00000004     (.common:xRxedChars)
                  20006784    00000001     (.common:g_bDisableEcho)
                  20006785    00000001     (.common:g_eOTGModeState)

.data      0    20006788    0000037c     UNINITIALIZED
                  20006788    000000b0     rtsv7M4_T_le_v4SPD16_eabi.lib : signal.obj (.data:sigtable)
                  20006838    00000080                                   : xvalues.obj (.data)
                  200068b8    00000060     usb_serial_structs.obj (.data:g_sCDCDevice)
                  20006918    00000054     commands.obj (.data:g_psCmdTable)
                  2000696c    00000040     usbdcdc.obj (.data)
                  200069ac    00000038     tasks.obj (.data)
                  200069e4    00000030     cpu_usage.obj (.data)
                  20006a14    0000002c     usbhostenum.obj (.data)
                  20006a40    00000029     main.obj (.data)
                  20006a69    00000003     --HOLE--
                  20006a6c    0000001d     uartstdio.obj (.data)
                  20006a89    00000003     --HOLE--
                  20006a8c    00000010     port.obj (.data)
                  20006a9c    00000010     usb_dev_serial.obj (.data)
                  20006aac    0000000c     usbtick.obj (.data)
                  20006ab8    00000009     usbmode.obj (.data)
                  20006ac1    00000003     --HOLE--
                  20006ac4    00000008     heap_2.obj (.data)
                  20006acc    00000008     rtsv7M4_T_le_v4SPD16_eabi.lib : _lock.obj (.data)
                  20006ad4    00000008                                   : exit.obj (.data)
                  20006adc    00000008                                   : feraiseexcept.obj (.data)
                  20006ae4    00000008     timers.obj (.data)
                  20006aec    00000008     usbdenum.obj (.data)
                  20006af4    00000004     rgb.obj (.data)
                  20006af8    00000004     rtsv7M4_T_le_v4SPD16_eabi.lib : errno.obj (.data)
                  20006afc    00000004                                   : stkdepth_vars.obj (.data)
                  20006b00    00000004     ustdlib.obj (.data)

.TI.noinit 
*          0    2000026c    00000000     UNINITIALIZED

.TI.persistent 
*          0    20006788    00000000     UNINITIALIZED

.stack     0    20006b04    00000200     UNINITIALIZED
                  20006b04    00000200     --HOLE--


LINKER GENERATED COPY TABLES

__TI_cinit_table @ 00016030 records: 3, size/record: 8, table size: 24
	.data: load addr=00015e88, load size=00000187 bytes, run addr=20006788, run size=0000037c bytes, compression=rle
	.bss: load addr=00016020, load size=00000008 bytes, run addr=2000026c, run size=0000651a bytes, compression=zero_init
	.vtable: load addr=00016028, load size=00000008 bytes, run addr=20000000, run size=0000026c bytes, compression=zero_init


LINKER GENERATED HANDLER TABLE

__TI_handler_table @ 00016010 records: 3, size/record: 4, table size: 12
	index: 0, handler: __TI_zero_init
	index: 1, handler: __TI_decompress_rle24
	index: 2, handler: __TI_decompress_none


GLOBAL SYMBOLS: SORTED ALPHABETICALLY BY Name 

address   name                                 
-------   ----                                 
0000fb55  ADCBusy                              
0000fb9d  ADCClockConfigGet                    
0000fb73  ADCClockConfigSet                    
0000f96f  ADCComparatorConfigure               
0000fa3f  ADCComparatorIntClear                
0000f9f5  ADCComparatorIntDisable              
0000fa13  ADCComparatorIntEnable               
0000fa31  ADCComparatorIntStatus               
0000f98b  ADCComparatorRegionSet               
0000f9af  ADCComparatorReset                   
0000f93d  ADCHardwareOversampleConfigure       
0000f553  ADCIntClear                          
0000fab7  ADCIntClearEx                        
0000f4b9  ADCIntDisable                        
0000fa51  ADCIntDisableEx                      
0000f4d5  ADCIntEnable                         
0000fa69  ADCIntEnableEx                       
0000e011  ADCIntHandler                        
0000f473  ADCIntRegister                       
0000f4fb  ADCIntStatus                         
0000fa85  ADCIntStatusEx                       
0000f49b  ADCIntUnregister                     
0000fb0f  ADCPhaseDelayGet                     
0000fafd  ADCPhaseDelaySet                     
0000f7b3  ADCProcessorTrigger                  
0000faeb  ADCReferenceGet                      
0000facf  ADCReferenceSet                      
0000f59d  ADCSequenceConfigure                 
0000fb39  ADCSequenceDMADisable                
0000fb1d  ADCSequenceDMAEnable                 
0000f771  ADCSequenceDataGet                   
0000f583  ADCSequenceDisable                   
0000f569  ADCSequenceEnable                    
0000f715  ADCSequenceOverflow                  
0000f72d  ADCSequenceOverflowClear             
0000f621  ADCSequenceStepConfigure             
0000f743  ADCSequenceUnderflow                 
0000f75b  ADCSequenceUnderflowClear            
0000f7d7  ADCSoftwareOversampleConfigure       
0000f8cf  ADCSoftwareOversampleDataGet         
0000f80f  ADCSoftwareOversampleStepConfigure   
00014d49  C$$EXIT                              
00014113  CPUUsageInit                         
000140d5  CPUUsageTick                         
00014e85  CPUbasepriGet                        
00014e77  CPUbasepriSet                        
00014e51  CPUcpsid                             
00014e67  CPUcpsie                             
00014e5d  CPUprimask                           
00014e73  CPUwfi                               
00014509  CmdLineProcess                       
000115b9  Cmd_cpu                              
000115e3  Cmd_free                             
000116ad  Cmd_help                             
00011675  Cmd_stats                            
000115f9  Cmd_tasks                            
0000026d  ConfigDescAlloc                      
00000303  ConfigDescFree                       
2000671c  EjesSemaphore                        
0000d5b3  GPIOADCTriggerDisable                
0000d595  GPIOADCTriggerEnable                 
0000d577  GPIODMATriggerDisable                
0000d559  GPIODMATriggerEnable                 
0000caff  GPIODirModeGet                       
0000caa3  GPIODirModeSet                       
0000d073  GPIOIntClear                         
0000d037  GPIOIntDisable                       
0000d01d  GPIOIntEnable                        
0000d087  GPIOIntRegister                      
0000d051  GPIOIntStatus                        
0000cbef  GPIOIntTypeGet                       
0000cb4b  GPIOIntTypeSet                       
0000d0a5  GPIOIntUnregister                    
0000cecb  GPIOPadConfigGet                     
0000cc8d  GPIOPadConfigSet                     
0000d4fb  GPIOPinConfigure                     
0000d0bf  GPIOPinRead                          
0000d0f7  GPIOPinTypeADC                       
0000d11b  GPIOPinTypeCAN                       
0000d4c7  GPIOPinTypeCIR                       
0000d13f  GPIOPinTypeComparator                
0000d163  GPIOPinTypeEPI                       
0000d187  GPIOPinTypeEthernetLED               
0000d1ab  GPIOPinTypeEthernetMII               
0000d1cf  GPIOPinTypeGPIOInput                 
0000d1f3  GPIOPinTypeGPIOOutput                
0000d217  GPIOPinTypeGPIOOutputOD              
0000d23b  GPIOPinTypeI2C                       
0000d25f  GPIOPinTypeI2CSCL                    
0000d47f  GPIOPinTypeKBColumn                  
0000d45b  GPIOPinTypeKBRow                     
0000d283  GPIOPinTypeLCD                       
0000d4a3  GPIOPinTypeLEDSeq                    
0000d2a7  GPIOPinTypeLPC                       
0000d2cb  GPIOPinTypePECIRx                    
0000d2ef  GPIOPinTypePECITx                    
0000d313  GPIOPinTypePWM                       
0000d337  GPIOPinTypeQEI                       
0000d35b  GPIOPinTypeSSI                       
0000d37f  GPIOPinTypeTimer                     
0000d3a3  GPIOPinTypeUART                      
0000d3c7  GPIOPinTypeUSBAnalog                 
0000d3eb  GPIOPinTypeUSBDigital                
0000d40f  GPIOPinTypeWakeHigh                  
0000d435  GPIOPinTypeWakeLow                   
0000d4eb  GPIOPinWakeStatus                    
0000d0d7  GPIOPinWrite                         
00015011  GetOverflowCounts                    
00011b49  IntDisable                           
00011ad7  IntEnable                            
00011bbb  IntIsEnabled                         
0001199b  IntMasterDisable                     
0001198b  IntMasterEnable                      
00011cb1  IntPendClear                         
00011c41  IntPendSet                           
00011ab3  IntPriorityGet                       
00011a2b  IntPriorityGroupingGet               
00011a11  IntPriorityGroupingSet               
00011d0b  IntPriorityMaskGet                   
00011cff  IntPriorityMaskSet                   
00011a63  IntPrioritySet                       
000119ab  IntRegister                          
00011d13  IntTrigger                           
000119fd  IntUnregister                        
000023d9  InternalUSBHCDSendEvent              
0001420b  InternalUSBRegisterTickHandler       
0001425b  InternalUSBStartOfFrameTick          
000141c5  InternalUSBTickInit                  
00014203  InternalUSBTickReset                 
00010ba3  OTGDeviceDisconnect                  
0000a4bd  ProcessDataFromHost                  
0000a5cd  ProcessDataToHost                    
0000a56b  ProcessNotificationToHost            
00011185  RGBBlinkIntHandler                   
00011491  RGBBlinkRateSet                      
00011525  RGBColorGet                          
000113cd  RGBColorSet                          
00011357  RGBDisable                           
0001129f  RGBEnable                            
000111b3  RGBInit                              
0001147d  RGBIntensitySet                      
000113b5  RGBSet                               
00014fb9  ResetISR                             
UNDEFED   SHT$$INIT_ARRAY$$Base                
UNDEFED   SHT$$INIT_ARRAY$$Limit               
20006720  SendSemaphore                        
0000a213  SysCtlAltClkConfig                   
000099e1  SysCtlClockFreqSet                   
00009ec5  SysCtlClockGet                       
0000a1f7  SysCtlClockOutConfig                 
00009cf9  SysCtlClockSet                       
000098e1  SysCtlDeepSleep                      
0000a099  SysCtlDeepSleepClockConfigSet        
0000a07d  SysCtlDeepSleepClockSet              
000098c1  SysCtlDeepSleepPowerSet              
0001516f  SysCtlDelay                          
0000946d  SysCtlFlashSectorSizeGet             
00009441  SysCtlFlashSizeGet                   
0000a16f  SysCtlGPIOAHBDisable                 
0000a153  SysCtlGPIOAHBEnable                  
00009855  SysCtlIntClear                       
0000983d  SysCtlIntDisable                     
00009829  SysCtlIntEnable                      
00009801  SysCtlIntRegister                    
00009865  SysCtlIntStatus                      
00009819  SysCtlIntUnregister                  
000098a7  SysCtlLDODeepSleepGet                
00009897  SysCtlLDODeepSleepSet                
00009891  SysCtlLDOSleepGet                    
00009881  SysCtlLDOSleepSet                    
00009917  SysCtlMOSCConfigSet                  
0000a1e3  SysCtlNMIClear                       
0000a1dd  SysCtlNMIStatus                      
0000992d  SysCtlPIOSCCalibrate                 
0000a13d  SysCtlPWMClockGet                    
0000a123  SysCtlPWMClockSet                    
000097ad  SysCtlPeripheralClockGating          
00009765  SysCtlPeripheralDeepSleepDisable     
00009715  SysCtlPeripheralDeepSleepEnable      
00009651  SysCtlPeripheralDisable              
00009615  SysCtlPeripheralEnable               
00009551  SysCtlPeripheralPowerOff             
00009515  SysCtlPeripheralPowerOn              
00009495  SysCtlPeripheralPresent              
000094d5  SysCtlPeripheralReady                
0000958d  SysCtlPeripheralReset                
000096d9  SysCtlPeripheralSleepDisable         
00009695  SysCtlPeripheralSleepEnable          
000098d1  SysCtlReset                          
0000998d  SysCtlResetBehaviorGet               
0000997d  SysCtlResetBehaviorSet               
00009903  SysCtlResetCauseClear                
000098fd  SysCtlResetCauseGet                  
00009437  SysCtlSRAMSizeGet                    
000098d9  SysCtlSleep                          
000098ad  SysCtlSleepPowerSet                  
0000a19d  SysCtlUSBPLLDisable                  
0000a18b  SysCtlUSBPLLEnable                   
0000a1c9  SysCtlVoltageEventClear              
0000a1ad  SysCtlVoltageEventConfig             
0000a1bd  SysCtlVoltageEventStatus             
000101b5  TimerADCEventGet                     
000101a3  TimerADCEventSet                     
0000fecd  TimerClockSourceGet                  
0000feb1  TimerClockSourceSet                  
0000fc8f  TimerConfigure                       
0000fdaf  TimerControlEvent                    
0000fd0b  TimerControlLevel                    
0000fdd9  TimerControlStall                    
0000fd41  TimerControlTrigger                  
0000fe0f  TimerControlWaitOnTrigger            
000101d5  TimerDMAEventGet                     
000101c3  TimerDMAEventSet                     
0000fc71  TimerDisable                         
0000fc53  TimerEnable                          
0001017f  TimerIntClear                        
00010149  TimerIntDisable                      
00010131  TimerIntEnable                       
000100eb  TimerIntRegister                     
00010161  TimerIntStatus                       
00010113  TimerIntUnregister                   
0000ff97  TimerLoadGet                         
0000ffd3  TimerLoadGet64                       
0000ff6d  TimerLoadSet                         
0000ffb3  TimerLoadSet64                       
0001007d  TimerMatchGet                        
000100b9  TimerMatchGet64                      
00010053  TimerMatchSet                        
00010099  TimerMatchSet64                      
0000ff07  TimerPrescaleGet                     
0000ff51  TimerPrescaleMatchGet                
0000ff23  TimerPrescaleMatchSet                
0000fedd  TimerPrescaleSet                     
0000fe85  TimerRTCDisable                      
0000fe6f  TimerRTCEnable                       
00010191  TimerSynchronize                     
000101e3  TimerUpdateMode                      
00010005  TimerValueGet                        
00010021  TimerValueGet64                      
0000b811  UARTEchoSet                          
0000b7ab  UARTFlushRx                          
0000b7d3  UARTFlushTx                          
0000b751  UARTPeek                             
0000b72f  UARTRxBytesAvail                     
0000b195  UARTStdioConfig                      
0000b849  UARTStdioIntHandler                  
0000b73d  UARTTxBytesFree                      
0000b3a5  UARTgetc                             
0000b329  UARTgets                             
0000b70b  UARTprintf                           
0000b411  UARTvprintf                          
0000b283  UARTwrite                            
00014383  ULPIConfigSet                        
00014425  ULPIPowerTransceiver                 
00015035  USB0DeviceIntHandler                 
00010875  USB0DualModeIntHandler               
000022e1  USB0HostIntHandler                   
00010abd  USB0OTGModeIntHandler                
00011037  USBBufferCallbackDataSet             
000110e5  USBBufferDataAvailable               
0001101d  USBBufferDataRemoved                 
00010ffd  USBBufferDataWritten                 
00011109  USBBufferEventCallback               
00011095  USBBufferFlush                       
00010fcb  USBBufferInfoGet                     
00010f79  USBBufferInit                        
000110a7  USBBufferRead                        
000110f7  USBBufferSpaceAvailable              
00011051  USBBufferWrite                       
00010f9b  USBBufferZeroLengthPacketInsert      
00005cdb  USBClockDisable                      
00005cbf  USBClockEnable                       
00012a21  USBControlHandler                    
00005cab  USBControllerVersion                 
0000ac31  USBDCDCCompositeInit                 
0000ad27  USBDCDCInit                          
0000aea9  USBDCDCPacketRead                    
0000ae07  USBDCDCPacketWrite                   
0000b05b  USBDCDCPowerStatusSet                
0000b06f  USBDCDCRemoteWakeupRequest           
0000afa1  USBDCDCRxPacketAvailable             
0000b001  USBDCDCSerialStateChange             
0000adad  USBDCDCSetControlCBData              
0000adcb  USBDCDCSetRxCBData                   
0000ade9  USBDCDCSetTxCBData                   
0000ad95  USBDCDCTerm                          
0000af7f  USBDCDCTxPacketAvailable             
00012855  USBDCDConfigDescGet                  
00012807  USBDCDConfigDescGetNum               
000127cf  USBDCDConfigDescGetSize              
00012937  USBDCDConfigGetInterface             
0001296d  USBDCDConfigGetInterfaceEndpoint     
000128e3  USBDCDConfigGetNumAlternateInterfaces
000060a1  USBDCDDeviceInfoInit                 
000063fd  USBDCDFeatureSet                     
000060f1  USBDCDInit                           
00006387  USBDCDPowerStatusSet                 
000064bd  USBDCDRemoteWakeLPM                  
000064e1  USBDCDRemoteWakeupRequest            
00006311  USBDCDRequestDataEP0                 
00006337  USBDCDSendDataEP0                    
00006359  USBDCDSetDefaultConfiguration        
0000636b  USBDCDStallEP0                       
00006299  USBDCDTerm                           
00005e13  USBDMAChannelAddressGet              
00005df7  USBDMAChannelAddressSet              
00005d7d  USBDMAChannelConfigSet               
00005e47  USBDMAChannelCountGet                
00005e2b  USBDMAChannelCountSet                
00005d5d  USBDMAChannelDisable                 
00005d3d  USBDMAChannelEnable                  
00005d0d  USBDMAChannelIntDisable              
00005ced  USBDMAChannelIntEnable               
00005d2d  USBDMAChannelIntStatus               
00005dad  USBDMAChannelStatus                  
00005dcd  USBDMAChannelStatusClear             
00005e5f  USBDMANumChannels                    
000137c9  USBDescGet                           
000138ed  USBDescGetInterface                  
0001391b  USBDescGetInterfaceEndpoint          
0001376d  USBDescGetNum                        
00013833  USBDescGetNumAlternateInterfaces     
00005119  USBDevAddrGet                        
00005105  USBDevAddrSet                        
000050d9  USBDevConnect                        
000050ef  USBDevDisconnect                     
0000544f  USBDevEndpointConfigGet              
0000535d  USBDevEndpointConfigSet              
000057d9  USBDevEndpointDataAck                
00005003  USBDevEndpointStall                  
00005065  USBDevEndpointStallClear             
00004e7f  USBDevEndpointStatusClear            
00005fcb  USBDevLPMConfig                      
00005ff9  USBDevLPMDisable                     
00005fe1  USBDevLPMEnable                      
00005fb3  USBDevLPMRemoteWake                  
00005c13  USBDevMode                           
00004c45  USBDevSpeedGet                       
00011e0f  USBDeviceConfig                      
00012005  USBDeviceConfigAlternate             
0000660d  USBDeviceEnumHandler                 
00006759  USBDeviceEnumResetHandler            
000071a9  USBDeviceIntHandlerInternal          
00006515  USBDeviceResumeTickHandler           
000108c1  USBDualModeInit                      
00010931  USBDualModeTerm                      
00005bc5  USBEndpointDMAChannel                
0000560b  USBEndpointDMAConfigSet              
000056dd  USBEndpointDMADisable                
000056a3  USBEndpointDMAEnable                 
00005717  USBEndpointDataAvail                 
0000574f  USBEndpointDataGet                   
00005849  USBEndpointDataPut                   
000058ad  USBEndpointDataSend                  
00004f9d  USBEndpointDataToggleClear           
00005c77  USBEndpointPacketCountSet            
00004e0b  USBEndpointStatus                    
00005b9b  USBFIFOAddrGet                       
000055a5  USBFIFOConfigGet                     
0000553f  USBFIFOConfigSet                     
00005905  USBFIFOFlush                         
00005b5f  USBFrameNumberGet                    
00002911  USBHCDControlTransfer                
00002d61  USBHCDDevAddress                     
00002d95  USBHCDDevClass                       
00002d39  USBHCDDevHubPort                     
00002e29  USBHCDDevProtocol                    
00002de1  USBHCDDevSubClass                    
0000041b  USBHCDEventDisable                   
000003eb  USBHCDEventEnable                    
00002e89  USBHCDFeatureSet                     
00002a6d  USBHCDHubDeviceConnected             
00002b05  USBHCDHubDeviceDisconnected          
00001491  USBHCDInit                           
00002fd3  USBHCDLPMResume                      
00002f6b  USBHCDLPMSleep                       
00002f41  USBHCDLPMStatus                      
00002509  USBHCDMain                           
00000873  USBHCDPipeAlloc                      
000005f1  USBHCDPipeAllocSize                  
000008c1  USBHCDPipeConfig                     
00000dcb  USBHCDPipeDataAck                    
00001009  USBHCDPipeFree                       
00000dfd  USBHCDPipeRead                       
00000d81  USBHCDPipeReadNonBlocking            
00000c55  USBHCDPipeSchedule                   
00000a3b  USBHCDPipeStatus                     
000005cb  USBHCDPipeTransferSizeGet            
00000a71  USBHCDPipeWrite                      
00001437  USBHCDPowerAutomatic                 
000013a7  USBHCDPowerConfigGet                 
00001395  USBHCDPowerConfigInit                
000013c5  USBHCDPowerConfigSet                 
000015ad  USBHCDRegisterDrivers                
000016b1  USBHCDReset                          
0000170d  USBHCDResume                         
000018ed  USBHCDSetAddress                     
00001a33  USBHCDSetConfig                      
00001a7b  USBHCDSetInterface                   
0000188d  USBHCDStringDescriptorGet            
000016fb  USBHCDSuspend                        
000015e1  USBHCDTerm                           
0000f385  USBHHubClose                         
0000f329  USBHHubEnumerationComplete           
0000f34b  USBHHubEnumerationError              
0000f399  USBHHubInit                          
0000f3c7  USBHHubLPMSleep                      
0000f3d5  USBHHubLPMStatus                     
0000f0fd  USBHHubMain                          
0000f36d  USBHHubOpen                          
00004bb3  USBHighSpeed                         
00005a15  USBHostAddrGet                       
000059dd  USBHostAddrSet                       
00001ac7  USBHostCheckPipes                    
0000512d  USBHostEndpointConfig                
00005817  USBHostEndpointDataAck               
00004f01  USBHostEndpointDataToggle            
00004fd7  USBHostEndpointPing                  
000052c7  USBHostEndpointSpeed                 
00004e37  USBHostEndpointStatusClear           
00005aa7  USBHostHubAddrGet                    
00005a43  USBHostHubAddrSet                    
00001b8d  USBHostIntHandlerInternal            
00005f77  USBHostLPMConfig                     
00005f9b  USBHostLPMResume                     
00005f2f  USBHostLPMSend                       
00005c01  USBHostMode                          
00005ad5  USBHostPwrConfig                     
00005b47  USBHostPwrDisable                    
00005b2f  USBHostPwrEnable                     
00005b17  USBHostPwrFaultDisable               
00005aff  USBHostPwrFaultEnable                
00005975  USBHostRequestIN                     
0000599d  USBHostRequestINClear                
000059cb  USBHostRequestStatus                 
00004b85  USBHostReset                         
00004be1  USBHostResume                        
00004c0f  USBHostSpeedGet                      
00004b6f  USBHostSuspend                       
00004c5d  USBIntDisableControl                 
00004d21  USBIntDisableEndpoint                
00004c9b  USBIntEnableControl                  
00004d4f  USBIntEnableEndpoint                 
00004dd3  USBIntRegister                       
00004cd5  USBIntStatusControl                  
00004d7d  USBIntStatusEndpoint                 
00004df1  USBIntUnregister                     
00006025  USBLPMEndpointGet                    
00006085  USBLPMIntDisable                     
0000606b  USBLPMIntEnable                      
0000605b  USBLPMIntStatus                      
00006011  USBLPMLinkStateGet                   
00006041  USBLPMRemoteWakeEnabled              
00009171  USBLibDMAAddrGet                     
000091a1  USBLibDMAInit                        
00009189  USBLibDMASizeGet                     
00005c37  USBModeConfig                        
00005bb1  USBModeGet                           
00005c97  USBNumEndpointsGet                   
00010c65  USBOTGFeatureSet                     
00010bc9  USBOTGMain                           
00005c25  USBOTGMode                           
0001099f  USBOTGModeInit                       
00010965  USBOTGModeTerm                       
00010a95  USBOTGPollRate                       
00005b6d  USBOTGSessionRequest                 
00005c4b  USBPHYPowerOff                       
00005c61  USBPHYPowerOn                        
000125f3  USBRingBufAdvanceRead                
00012621  USBRingBufAdvanceWrite               
0001254d  USBRingBufContigFree                 
0001251f  USBRingBufContigUsed                 
0001248d  USBRingBufEmpty                      
000124b7  USBRingBufFlush                      
00012509  USBRingBufFree                       
00012453  USBRingBufFull                       
000126d9  USBRingBufInit                       
000125bd  USBRingBufRead                       
00012597  USBRingBufReadOne                    
00012589  USBRingBufSize                       
000124d7  USBRingBufUsed                       
000126a3  USBRingBufWrite                      
0001267d  USBRingBufWriteOne                   
00012b0f  USBRxHandler                         
00010839  USBStackModeSet                      
00012aab  USBTxHandler                         
00005e71  USBULPIConfig                        
00005e9f  USBULPIDisable                       
00005e87  USBULPIEnable                        
00005eb7  USBULPIRegRead                       
00005eef  USBULPIRegWrite                      
00012b65  UsbSerialInit                        
00014efd  _Dclass                              
20006838  _Denorm                              
0001444b  _Dnorm                               
00013ec9  _Dscale                              
000149a9  _Dunscale                            
20006848  _Eps                                 
20006af8  _Errno                               
000131a9  _Exp                                 
20006adc  _Fenv                                
00014f2d  _Feraise                             
20006858  _Hugeval                             
20006868  _Inf                                 
20006878  _Nan                                 
20006898  _Rteps                               
00012c89  _Sin                                 
20006888  _Snan                                
20006ae0  _Tls_setup__Fenv                     
200068a8  _Xbig                                
200068b0  _Zero                                
20006d04  __STACK_END                          
00000200  __STACK_SIZE                         
20006d04  __STACK_TOP                          
00016030  __TI_CINIT_Base                      
00016048  __TI_CINIT_Limit                     
00016010  __TI_Handler_Table_Base              
0001601c  __TI_Handler_Table_Limit             
00014869  __TI_auto_init                       
20006ad4  __TI_cleanup_ptr                     
00015155  __TI_decompress_none                 
00015175  __TI_decompress_rle24                
20006ad8  __TI_dtors_ptr                       
0000814d  __TI_printfi                         
00000000  __TI_static_base__                   
00015163  __TI_zero_init                       
000146e1  __aeabi_cdcmpeq                      
000146e1  __aeabi_cdcmple                      
00014767  __aeabi_cdrcmple                     
00014cb5  __aeabi_d2f                          
00014cff  __aeabi_d2iz                         
00014d8d  __aeabi_d2uiz                        
00013949  __aeabi_dadd                         
00013c69  __aeabi_ddiv                         
00013fd9  __aeabi_dmul                         
0001393f  __aeabi_dsub                         
00014e8f  __aeabi_f2d                          
00014bcd  __aeabi_f2ulz                        
00014f5d  __aeabi_i2d                          
0000609f  __aeabi_idiv0                        
000147ed  __aeabi_memclr                       
000147ed  __aeabi_memclr4                      
000147ed  __aeabi_memclr8                      
000145b5  __aeabi_memcpy                       
000145b5  __aeabi_memcpy4                      
000145b5  __aeabi_memcpy8                      
000147ef  __aeabi_memset                       
000147ef  __aeabi_memset4                      
000147ef  __aeabi_memset8                      
0001507b  __aeabi_ui2d                         
00014e11  __aeabi_uidiv                        
00014e11  __aeabi_uidivmod                     
000133a5  __aeabi_uldivmod                     
ffffffff  __binit__                            
ffffffff  __c_args__                           
20006b04  __stack                              
000150d1  _args_main                           
00014b7d  _c_int00                             
000154a0  _ctypes_                             
20006acc  _lock                                
00015127  _nop                                 
0001511f  _register_lock                       
00015119  _register_unlock                     
0001517b  _system_pre_init                     
20006ad0  _unlock                              
00014d4d  abort                                
00012211  add_checksum_and_stuff               
20006a60  altitud                              
00014c1d  atoi                                 
ffffffff  binit                                
200066e4  color                                
20006a50  combustible                          
0000ded1  confADC                              
0000ddf9  confGPIO                             
0000dfd5  confQueue                            
0000dd53  confSys                              
0000de49  confTasks                            
0000df6f  confTimer                            
0000dd83  confUART                             
20006a44  consumoTaskHandle                    
00014c69  copy_in                              
00014941  create_checksum                      
000122d7  create_frame                         
00012283  destuff_and_check_checksum           
00003e9d  eTaskConfirmSleepModeStatus          
200066fc  ejes                                 
00014d55  exit                                 
00014651  exp                                  
00014ec9  feraiseexcept                        
00013af5  fmod                                 
00012171  frame_DeStuffing                     
000120d1  frame_stuffing                       
00014fe5  frexp                                
20006aac  g_bUSBTimerInitialized               
20006785  g_eOTGModeState                      
20006ab8  g_iUSBMode                           
00015bc4  g_pCDCCompSerConfigDescriptors       
20000000  g_pfnRAMVectors                      
200065c8  g_pfnTickHandlers                    
00000000  g_pfnVectors                         
00015bc0  g_ppCDCSerConfigDescriptors          
20006728  g_ppsDevInfo                         
00015de8  g_ppui8StringDescriptors             
2000699c  g_psCDCCompSerSections               
20006990  g_psCDCSerSections                   
20006918  g_psCmdTable                         
200064a4  g_psDCDInst                          
00015d84  g_pui8CDCSerCommInterface            
00015e00  g_pui8CDCSerDataInterface            
2000697e  g_pui8CDCSerDescriptor               
2000696c  g_pui8CDCSerDeviceDescriptor         
00015bc8  g_pui8ConfigString                   
00015cc4  g_pui8ControlInterfaceString         
20006987  g_pui8IADSerDescriptor               
00015e17  g_pui8LangDescriptor                 
00015d18  g_pui8ManufacturerString             
00015da7  g_pui8ProductString                  
20006610  g_pui8RxBufferWorkspace              
00015e1b  g_pui8SerialNumberString             
20006628  g_pui8TxBufferWorkspace              
20006188  g_pui8USBRxBuffer                    
20006288  g_pui8USBTxBuffer                    
20006640  g_pvTickInstance                     
00015bb8  g_sCDCCompSerConfigHeader            
200068b8  g_sCDCDevice                         
00015c64  g_sCDCHandlers                       
00015ba0  g_sCDCSerCommInterfaceSection        
00015bb0  g_sCDCSerConfigHeader                
00015b90  g_sCDCSerConfigSection               
00015ba8  g_sCDCSerDataInterfaceSection        
00015b98  g_sIADSerConfigSection               
00015d3c  g_sRxBuffer                          
00015d60  g_sTxBuffer                          
20006730  g_ui32CPUUsage                       
20006ab0  g_ui32CurrentUSBTick                 
20006748  g_ui32PollRate                       
20006ab4  g_ui32USBSOFCount                    
20006abc  g_ui32WaitTicks                      
20006758  g_ulSystemClock                      
20006aa0  g_ulUARTRxCount                      
20006a9c  g_ulUARTTxCount                      
2000675c  g_xRxLineSemaphore                   
20006a58  hora                                 
00014b2b  ldexp                                
00014ad5  ltoa                                 
0000dcfd  main                                 
20006afc  main_func_sp                         
0001509b  memccpy                              
00015059  memcmp                               
000145b5  memcpy                               
000147f5  memset                               
0000381f  pcTaskGetTaskName                    
00010335  pcTimerGetTimerName                  
20006760  potQueue                             
00013599  pvPortMalloc                         
0000467b  pvTaskIncrementMutexHeldCount        
0001071d  pvTimerGetTimerID                    
200069ac  pxCurrentTCB                         
00012f1d  pxPortInitialiseStack                
00014f8b  raise                                
0001235b  receive_frame                        
000123b5  send_frame                           
20006a40  sensorTaskHandle                     
00014dd1  signal                               
000150b7  sin                                  
00014a75  sprintf                              
00015101  strchr                               
000150e9  strcmp                               
0001512d  strcpy                               
00015141  strlen                               
0000e815  ucQueueGetQueueType                  
00014313  ulPortSetInterruptMask               
00004699  ulTaskNotifyTake                     
0000c2a1  ulocaltime                           
0000c49f  umktime                              
0000ca19  urand                                
0000c271  usnprintf                            
0000c23f  usprintf                             
0000ca09  usrand                               
0000c981  ustrcasecmp                          
0000c9f5  ustrcmp                              
0000c885  ustrlen                              
0000c8dd  ustrncasecmp                         
0000c995  ustrncmp                             
0000bdbd  ustrncpy                             
0000c8a7  ustrstr                              
0000c64d  ustrtof                              
0000c515  ustrtoul                             
0000be15  uvsnprintf                           
00013e81  uxListRemove                         
0000e7f5  uxQueueGetQueueNumber                
0000e797  uxQueueMessagesWaiting               
0000e7cd  uxQueueMessagesWaitingFromISR        
0000e7ad  uxQueueSpacesAvailable               
00003819  uxTaskGetNumberOfTasks               
00004229  uxTaskGetStackHighWaterMark          
00003841  uxTaskGetSystemState                 
00003e0b  uxTaskGetTaskNumber                  
000032d9  uxTaskPriorityGet                    
0000330d  uxTaskPriorityGetFromISR             
00004659  uxTaskResetEventItemValue            
0000d603  vApplicationIdleHook                 
0000d60b  vApplicationMallocFailedHook         
0000d5d9  vApplicationStackOverflowHook        
0000d5e3  vApplicationTickHook                 
00014a11  vConfigureTimerForRunTimeStats       
00013d9f  vListInitialise                      
00013dcf  vListInitialiseItem                  
00013e1b  vListInsert                          
00013ddf  vListInsertEnd                       
00014329  vPortClearInterruptMask              
0001436b  vPortEnableVFP                       
00012fb1  vPortEndScheduler                    
00012fb3  vPortEnterCritical                   
00012fcb  vPortExitCritical                    
000136a7  vPortFree                            
0001437d  vPortGetIPSR                         
0001370f  vPortInitialiseBlocks                
0001432f  vPortSVCHandler                      
0001314d  vPortSetupTimerInterrupt             
0001434d  vPortStartFirstTask                  
00012fff  vPortSuppressTicksAndSleep           
0000ea27  vQueueAddToRegistry                  
0000e7df  vQueueDelete                         
0000e803  vQueueSetQueueNumber                 
0000ea69  vQueueUnregisterQueue                
0000eaa3  vQueueWaitForMessageRestricted       
00003277  vTaskDelay                           
000031cf  vTaskDelayUntil                      
00003133  vTaskDelete                          
000036b3  vTaskEndScheduler                    
00004595  vTaskGetRunTimeStats                 
0000449d  vTaskList                            
00003e03  vTaskMissedYield                     
00004a39  vTaskNotifyGiveFromISR               
00003b41  vTaskPlaceOnEventList                
00003c19  vTaskPlaceOnEventListRestricted      
00003ba9  vTaskPlaceOnUnorderedEventList       
000042f9  vTaskPriorityInherit                 
00003355  vTaskPrioritySet                     
0000355d  vTaskResume                          
00003e31  vTaskSetTaskNumber                   
00003d67  vTaskSetTimeOutState                 
0000365d  vTaskStartScheduler                  
00003905  vTaskStepTick                        
00003465  vTaskSuspend                         
000036c5  vTaskSuspendAll                      
00003a61  vTaskSwitchContext                   
000116f1  vUARTTask                            
20006a48  velocidad                            
20006778  velocidadQueue                       
00013709  xPortGetFreeHeapSize                 
000142b5  xPortPendSVHandler                   
00012f7b  xPortStartScheduler                  
00012fe3  xPortSysTickHandler                  
0000e335  xQueueCreateCountingSemaphore        
0000e239  xQueueCreateMutex                    
0000e1c5  xQueueGenericCreate                  
0000e56d  xQueueGenericReceive                 
0000e129  xQueueGenericReset                   
0000e355  xQueueGenericSend                    
0000e47d  xQueueGenericSendFromISR             
0000e4fb  xQueueGiveFromISR                    
0000e2af  xQueueGiveMutexRecursive             
0000e9c3  xQueueIsQueueEmptyFromISR            
0000ea05  xQueueIsQueueFullFromISR             
0000e753  xQueuePeekFromISR                    
0000e6db  xQueueReceiveFromISR                 
200064f4  xQueueRegistry                       
0000e2eb  xQueueTakeMutexRecursive             
00003d89  xTaskCheckForTimeOut                 
00003019  xTaskGenericCreate                   
000042b5  xTaskGetCurrentTaskHandle            
000042cd  xTaskGetSchedulerState               
000037ef  xTaskGetTickCount                    
00003805  xTaskGetTickCountFromISR             
00003935  xTaskIncrementTick                   
00004861  xTaskNotify                          
00004951  xTaskNotifyFromISR                   
00004769  xTaskNotifyWait                      
000043b3  xTaskPriorityDisinherit              
00003c61  xTaskRemoveFromEventList             
00003cf9  xTaskRemoveFromUnorderedEventList    
00003711  xTaskResumeAll                       
000035d9  xTaskResumeFromISR                   
00010273  xTimerCreate                         
00010239  xTimerCreateTimerTask                
000102c7  xTimerGenericCommand                 
000106f1  xTimerIsTimerActive                  
0001076b  xTimerPendFunctionCall               
00010735  xTimerPendFunctionCallFromISR        
00012bf5  xUSBSerialGetChar                    
00012c0b  xUSBSerialPutChar                    


GLOBAL SYMBOLS: SORTED BY Symbol Address 

address   name                                 
-------   ----                                 
00000000  __TI_static_base__                   
00000000  g_pfnVectors                         
00000200  __STACK_SIZE                         
0000026d  ConfigDescAlloc                      
00000303  ConfigDescFree                       
000003eb  USBHCDEventEnable                    
0000041b  USBHCDEventDisable                   
000005cb  USBHCDPipeTransferSizeGet            
000005f1  USBHCDPipeAllocSize                  
00000873  USBHCDPipeAlloc                      
000008c1  USBHCDPipeConfig                     
00000a3b  USBHCDPipeStatus                     
00000a71  USBHCDPipeWrite                      
00000c55  USBHCDPipeSchedule                   
00000d81  USBHCDPipeReadNonBlocking            
00000dcb  USBHCDPipeDataAck                    
00000dfd  USBHCDPipeRead                       
00001009  USBHCDPipeFree                       
00001395  USBHCDPowerConfigInit                
000013a7  USBHCDPowerConfigGet                 
000013c5  USBHCDPowerConfigSet                 
00001437  USBHCDPowerAutomatic                 
00001491  USBHCDInit                           
000015ad  USBHCDRegisterDrivers                
000015e1  USBHCDTerm                           
000016b1  USBHCDReset                          
000016fb  USBHCDSuspend                        
0000170d  USBHCDResume                         
0000188d  USBHCDStringDescriptorGet            
000018ed  USBHCDSetAddress                     
00001a33  USBHCDSetConfig                      
00001a7b  USBHCDSetInterface                   
00001ac7  USBHostCheckPipes                    
00001b8d  USBHostIntHandlerInternal            
000022e1  USB0HostIntHandler                   
000023d9  InternalUSBHCDSendEvent              
00002509  USBHCDMain                           
00002911  USBHCDControlTransfer                
00002a6d  USBHCDHubDeviceConnected             
00002b05  USBHCDHubDeviceDisconnected          
00002d39  USBHCDDevHubPort                     
00002d61  USBHCDDevAddress                     
00002d95  USBHCDDevClass                       
00002de1  USBHCDDevSubClass                    
00002e29  USBHCDDevProtocol                    
00002e89  USBHCDFeatureSet                     
00002f41  USBHCDLPMStatus                      
00002f6b  USBHCDLPMSleep                       
00002fd3  USBHCDLPMResume                      
00003019  xTaskGenericCreate                   
00003133  vTaskDelete                          
000031cf  vTaskDelayUntil                      
00003277  vTaskDelay                           
000032d9  uxTaskPriorityGet                    
0000330d  uxTaskPriorityGetFromISR             
00003355  vTaskPrioritySet                     
00003465  vTaskSuspend                         
0000355d  vTaskResume                          
000035d9  xTaskResumeFromISR                   
0000365d  vTaskStartScheduler                  
000036b3  vTaskEndScheduler                    
000036c5  vTaskSuspendAll                      
00003711  xTaskResumeAll                       
000037ef  xTaskGetTickCount                    
00003805  xTaskGetTickCountFromISR             
00003819  uxTaskGetNumberOfTasks               
0000381f  pcTaskGetTaskName                    
00003841  uxTaskGetSystemState                 
00003905  vTaskStepTick                        
00003935  xTaskIncrementTick                   
00003a61  vTaskSwitchContext                   
00003b41  vTaskPlaceOnEventList                
00003ba9  vTaskPlaceOnUnorderedEventList       
00003c19  vTaskPlaceOnEventListRestricted      
00003c61  xTaskRemoveFromEventList             
00003cf9  xTaskRemoveFromUnorderedEventList    
00003d67  vTaskSetTimeOutState                 
00003d89  xTaskCheckForTimeOut                 
00003e03  vTaskMissedYield                     
00003e0b  uxTaskGetTaskNumber                  
00003e31  vTaskSetTaskNumber                   
00003e9d  eTaskConfirmSleepModeStatus          
00004229  uxTaskGetStackHighWaterMark          
000042b5  xTaskGetCurrentTaskHandle            
000042cd  xTaskGetSchedulerState               
000042f9  vTaskPriorityInherit                 
000043b3  xTaskPriorityDisinherit              
0000449d  vTaskList                            
00004595  vTaskGetRunTimeStats                 
00004659  uxTaskResetEventItemValue            
0000467b  pvTaskIncrementMutexHeldCount        
00004699  ulTaskNotifyTake                     
00004769  xTaskNotifyWait                      
00004861  xTaskNotify                          
00004951  xTaskNotifyFromISR                   
00004a39  vTaskNotifyGiveFromISR               
00004b6f  USBHostSuspend                       
00004b85  USBHostReset                         
00004bb3  USBHighSpeed                         
00004be1  USBHostResume                        
00004c0f  USBHostSpeedGet                      
00004c45  USBDevSpeedGet                       
00004c5d  USBIntDisableControl                 
00004c9b  USBIntEnableControl                  
00004cd5  USBIntStatusControl                  
00004d21  USBIntDisableEndpoint                
00004d4f  USBIntEnableEndpoint                 
00004d7d  USBIntStatusEndpoint                 
00004dd3  USBIntRegister                       
00004df1  USBIntUnregister                     
00004e0b  USBEndpointStatus                    
00004e37  USBHostEndpointStatusClear           
00004e7f  USBDevEndpointStatusClear            
00004f01  USBHostEndpointDataToggle            
00004f9d  USBEndpointDataToggleClear           
00004fd7  USBHostEndpointPing                  
00005003  USBDevEndpointStall                  
00005065  USBDevEndpointStallClear             
000050d9  USBDevConnect                        
000050ef  USBDevDisconnect                     
00005105  USBDevAddrSet                        
00005119  USBDevAddrGet                        
0000512d  USBHostEndpointConfig                
000052c7  USBHostEndpointSpeed                 
0000535d  USBDevEndpointConfigSet              
0000544f  USBDevEndpointConfigGet              
0000553f  USBFIFOConfigSet                     
000055a5  USBFIFOConfigGet                     
0000560b  USBEndpointDMAConfigSet              
000056a3  USBEndpointDMAEnable                 
000056dd  USBEndpointDMADisable                
00005717  USBEndpointDataAvail                 
0000574f  USBEndpointDataGet                   
000057d9  USBDevEndpointDataAck                
00005817  USBHostEndpointDataAck               
00005849  USBEndpointDataPut                   
000058ad  USBEndpointDataSend                  
00005905  USBFIFOFlush                         
00005975  USBHostRequestIN                     
0000599d  USBHostRequestINClear                
000059cb  USBHostRequestStatus                 
000059dd  USBHostAddrSet                       
00005a15  USBHostAddrGet                       
00005a43  USBHostHubAddrSet                    
00005aa7  USBHostHubAddrGet                    
00005ad5  USBHostPwrConfig                     
00005aff  USBHostPwrFaultEnable                
00005b17  USBHostPwrFaultDisable               
00005b2f  USBHostPwrEnable                     
00005b47  USBHostPwrDisable                    
00005b5f  USBFrameNumberGet                    
00005b6d  USBOTGSessionRequest                 
00005b9b  USBFIFOAddrGet                       
00005bb1  USBModeGet                           
00005bc5  USBEndpointDMAChannel                
00005c01  USBHostMode                          
00005c13  USBDevMode                           
00005c25  USBOTGMode                           
00005c37  USBModeConfig                        
00005c4b  USBPHYPowerOff                       
00005c61  USBPHYPowerOn                        
00005c77  USBEndpointPacketCountSet            
00005c97  USBNumEndpointsGet                   
00005cab  USBControllerVersion                 
00005cbf  USBClockEnable                       
00005cdb  USBClockDisable                      
00005ced  USBDMAChannelIntEnable               
00005d0d  USBDMAChannelIntDisable              
00005d2d  USBDMAChannelIntStatus               
00005d3d  USBDMAChannelEnable                  
00005d5d  USBDMAChannelDisable                 
00005d7d  USBDMAChannelConfigSet               
00005dad  USBDMAChannelStatus                  
00005dcd  USBDMAChannelStatusClear             
00005df7  USBDMAChannelAddressSet              
00005e13  USBDMAChannelAddressGet              
00005e2b  USBDMAChannelCountSet                
00005e47  USBDMAChannelCountGet                
00005e5f  USBDMANumChannels                    
00005e71  USBULPIConfig                        
00005e87  USBULPIEnable                        
00005e9f  USBULPIDisable                       
00005eb7  USBULPIRegRead                       
00005eef  USBULPIRegWrite                      
00005f2f  USBHostLPMSend                       
00005f77  USBHostLPMConfig                     
00005f9b  USBHostLPMResume                     
00005fb3  USBDevLPMRemoteWake                  
00005fcb  USBDevLPMConfig                      
00005fe1  USBDevLPMEnable                      
00005ff9  USBDevLPMDisable                     
00006011  USBLPMLinkStateGet                   
00006025  USBLPMEndpointGet                    
00006041  USBLPMRemoteWakeEnabled              
0000605b  USBLPMIntStatus                      
0000606b  USBLPMIntEnable                      
00006085  USBLPMIntDisable                     
0000609f  __aeabi_idiv0                        
000060a1  USBDCDDeviceInfoInit                 
000060f1  USBDCDInit                           
00006299  USBDCDTerm                           
00006311  USBDCDRequestDataEP0                 
00006337  USBDCDSendDataEP0                    
00006359  USBDCDSetDefaultConfiguration        
0000636b  USBDCDStallEP0                       
00006387  USBDCDPowerStatusSet                 
000063fd  USBDCDFeatureSet                     
000064bd  USBDCDRemoteWakeLPM                  
000064e1  USBDCDRemoteWakeupRequest            
00006515  USBDeviceResumeTickHandler           
0000660d  USBDeviceEnumHandler                 
00006759  USBDeviceEnumResetHandler            
000071a9  USBDeviceIntHandlerInternal          
0000814d  __TI_printfi                         
00009171  USBLibDMAAddrGet                     
00009189  USBLibDMASizeGet                     
000091a1  USBLibDMAInit                        
00009437  SysCtlSRAMSizeGet                    
00009441  SysCtlFlashSizeGet                   
0000946d  SysCtlFlashSectorSizeGet             
00009495  SysCtlPeripheralPresent              
000094d5  SysCtlPeripheralReady                
00009515  SysCtlPeripheralPowerOn              
00009551  SysCtlPeripheralPowerOff             
0000958d  SysCtlPeripheralReset                
00009615  SysCtlPeripheralEnable               
00009651  SysCtlPeripheralDisable              
00009695  SysCtlPeripheralSleepEnable          
000096d9  SysCtlPeripheralSleepDisable         
00009715  SysCtlPeripheralDeepSleepEnable      
00009765  SysCtlPeripheralDeepSleepDisable     
000097ad  SysCtlPeripheralClockGating          
00009801  SysCtlIntRegister                    
00009819  SysCtlIntUnregister                  
00009829  SysCtlIntEnable                      
0000983d  SysCtlIntDisable                     
00009855  SysCtlIntClear                       
00009865  SysCtlIntStatus                      
00009881  SysCtlLDOSleepSet                    
00009891  SysCtlLDOSleepGet                    
00009897  SysCtlLDODeepSleepSet                
000098a7  SysCtlLDODeepSleepGet                
000098ad  SysCtlSleepPowerSet                  
000098c1  SysCtlDeepSleepPowerSet              
000098d1  SysCtlReset                          
000098d9  SysCtlSleep                          
000098e1  SysCtlDeepSleep                      
000098fd  SysCtlResetCauseGet                  
00009903  SysCtlResetCauseClear                
00009917  SysCtlMOSCConfigSet                  
0000992d  SysCtlPIOSCCalibrate                 
0000997d  SysCtlResetBehaviorSet               
0000998d  SysCtlResetBehaviorGet               
000099e1  SysCtlClockFreqSet                   
00009cf9  SysCtlClockSet                       
00009ec5  SysCtlClockGet                       
0000a07d  SysCtlDeepSleepClockSet              
0000a099  SysCtlDeepSleepClockConfigSet        
0000a123  SysCtlPWMClockSet                    
0000a13d  SysCtlPWMClockGet                    
0000a153  SysCtlGPIOAHBEnable                  
0000a16f  SysCtlGPIOAHBDisable                 
0000a18b  SysCtlUSBPLLEnable                   
0000a19d  SysCtlUSBPLLDisable                  
0000a1ad  SysCtlVoltageEventConfig             
0000a1bd  SysCtlVoltageEventStatus             
0000a1c9  SysCtlVoltageEventClear              
0000a1dd  SysCtlNMIStatus                      
0000a1e3  SysCtlNMIClear                       
0000a1f7  SysCtlClockOutConfig                 
0000a213  SysCtlAltClkConfig                   
0000a4bd  ProcessDataFromHost                  
0000a56b  ProcessNotificationToHost            
0000a5cd  ProcessDataToHost                    
0000ac31  USBDCDCCompositeInit                 
0000ad27  USBDCDCInit                          
0000ad95  USBDCDCTerm                          
0000adad  USBDCDCSetControlCBData              
0000adcb  USBDCDCSetRxCBData                   
0000ade9  USBDCDCSetTxCBData                   
0000ae07  USBDCDCPacketWrite                   
0000aea9  USBDCDCPacketRead                    
0000af7f  USBDCDCTxPacketAvailable             
0000afa1  USBDCDCRxPacketAvailable             
0000b001  USBDCDCSerialStateChange             
0000b05b  USBDCDCPowerStatusSet                
0000b06f  USBDCDCRemoteWakeupRequest           
0000b195  UARTStdioConfig                      
0000b283  UARTwrite                            
0000b329  UARTgets                             
0000b3a5  UARTgetc                             
0000b411  UARTvprintf                          
0000b70b  UARTprintf                           
0000b72f  UARTRxBytesAvail                     
0000b73d  UARTTxBytesFree                      
0000b751  UARTPeek                             
0000b7ab  UARTFlushRx                          
0000b7d3  UARTFlushTx                          
0000b811  UARTEchoSet                          
0000b849  UARTStdioIntHandler                  
0000bdbd  ustrncpy                             
0000be15  uvsnprintf                           
0000c23f  usprintf                             
0000c271  usnprintf                            
0000c2a1  ulocaltime                           
0000c49f  umktime                              
0000c515  ustrtoul                             
0000c64d  ustrtof                              
0000c885  ustrlen                              
0000c8a7  ustrstr                              
0000c8dd  ustrncasecmp                         
0000c981  ustrcasecmp                          
0000c995  ustrncmp                             
0000c9f5  ustrcmp                              
0000ca09  usrand                               
0000ca19  urand                                
0000caa3  GPIODirModeSet                       
0000caff  GPIODirModeGet                       
0000cb4b  GPIOIntTypeSet                       
0000cbef  GPIOIntTypeGet                       
0000cc8d  GPIOPadConfigSet                     
0000cecb  GPIOPadConfigGet                     
0000d01d  GPIOIntEnable                        
0000d037  GPIOIntDisable                       
0000d051  GPIOIntStatus                        
0000d073  GPIOIntClear                         
0000d087  GPIOIntRegister                      
0000d0a5  GPIOIntUnregister                    
0000d0bf  GPIOPinRead                          
0000d0d7  GPIOPinWrite                         
0000d0f7  GPIOPinTypeADC                       
0000d11b  GPIOPinTypeCAN                       
0000d13f  GPIOPinTypeComparator                
0000d163  GPIOPinTypeEPI                       
0000d187  GPIOPinTypeEthernetLED               
0000d1ab  GPIOPinTypeEthernetMII               
0000d1cf  GPIOPinTypeGPIOInput                 
0000d1f3  GPIOPinTypeGPIOOutput                
0000d217  GPIOPinTypeGPIOOutputOD              
0000d23b  GPIOPinTypeI2C                       
0000d25f  GPIOPinTypeI2CSCL                    
0000d283  GPIOPinTypeLCD                       
0000d2a7  GPIOPinTypeLPC                       
0000d2cb  GPIOPinTypePECIRx                    
0000d2ef  GPIOPinTypePECITx                    
0000d313  GPIOPinTypePWM                       
0000d337  GPIOPinTypeQEI                       
0000d35b  GPIOPinTypeSSI                       
0000d37f  GPIOPinTypeTimer                     
0000d3a3  GPIOPinTypeUART                      
0000d3c7  GPIOPinTypeUSBAnalog                 
0000d3eb  GPIOPinTypeUSBDigital                
0000d40f  GPIOPinTypeWakeHigh                  
0000d435  GPIOPinTypeWakeLow                   
0000d45b  GPIOPinTypeKBRow                     
0000d47f  GPIOPinTypeKBColumn                  
0000d4a3  GPIOPinTypeLEDSeq                    
0000d4c7  GPIOPinTypeCIR                       
0000d4eb  GPIOPinWakeStatus                    
0000d4fb  GPIOPinConfigure                     
0000d559  GPIODMATriggerEnable                 
0000d577  GPIODMATriggerDisable                
0000d595  GPIOADCTriggerEnable                 
0000d5b3  GPIOADCTriggerDisable                
0000d5d9  vApplicationStackOverflowHook        
0000d5e3  vApplicationTickHook                 
0000d603  vApplicationIdleHook                 
0000d60b  vApplicationMallocFailedHook         
0000dcfd  main                                 
0000dd53  confSys                              
0000dd83  confUART                             
0000ddf9  confGPIO                             
0000de49  confTasks                            
0000ded1  confADC                              
0000df6f  confTimer                            
0000dfd5  confQueue                            
0000e011  ADCIntHandler                        
0000e129  xQueueGenericReset                   
0000e1c5  xQueueGenericCreate                  
0000e239  xQueueCreateMutex                    
0000e2af  xQueueGiveMutexRecursive             
0000e2eb  xQueueTakeMutexRecursive             
0000e335  xQueueCreateCountingSemaphore        
0000e355  xQueueGenericSend                    
0000e47d  xQueueGenericSendFromISR             
0000e4fb  xQueueGiveFromISR                    
0000e56d  xQueueGenericReceive                 
0000e6db  xQueueReceiveFromISR                 
0000e753  xQueuePeekFromISR                    
0000e797  uxQueueMessagesWaiting               
0000e7ad  uxQueueSpacesAvailable               
0000e7cd  uxQueueMessagesWaitingFromISR        
0000e7df  vQueueDelete                         
0000e7f5  uxQueueGetQueueNumber                
0000e803  vQueueSetQueueNumber                 
0000e815  ucQueueGetQueueType                  
0000e9c3  xQueueIsQueueEmptyFromISR            
0000ea05  xQueueIsQueueFullFromISR             
0000ea27  vQueueAddToRegistry                  
0000ea69  vQueueUnregisterQueue                
0000eaa3  vQueueWaitForMessageRestricted       
0000f0fd  USBHHubMain                          
0000f329  USBHHubEnumerationComplete           
0000f34b  USBHHubEnumerationError              
0000f36d  USBHHubOpen                          
0000f385  USBHHubClose                         
0000f399  USBHHubInit                          
0000f3c7  USBHHubLPMSleep                      
0000f3d5  USBHHubLPMStatus                     
0000f473  ADCIntRegister                       
0000f49b  ADCIntUnregister                     
0000f4b9  ADCIntDisable                        
0000f4d5  ADCIntEnable                         
0000f4fb  ADCIntStatus                         
0000f553  ADCIntClear                          
0000f569  ADCSequenceEnable                    
0000f583  ADCSequenceDisable                   
0000f59d  ADCSequenceConfigure                 
0000f621  ADCSequenceStepConfigure             
0000f715  ADCSequenceOverflow                  
0000f72d  ADCSequenceOverflowClear             
0000f743  ADCSequenceUnderflow                 
0000f75b  ADCSequenceUnderflowClear            
0000f771  ADCSequenceDataGet                   
0000f7b3  ADCProcessorTrigger                  
0000f7d7  ADCSoftwareOversampleConfigure       
0000f80f  ADCSoftwareOversampleStepConfigure   
0000f8cf  ADCSoftwareOversampleDataGet         
0000f93d  ADCHardwareOversampleConfigure       
0000f96f  ADCComparatorConfigure               
0000f98b  ADCComparatorRegionSet               
0000f9af  ADCComparatorReset                   
0000f9f5  ADCComparatorIntDisable              
0000fa13  ADCComparatorIntEnable               
0000fa31  ADCComparatorIntStatus               
0000fa3f  ADCComparatorIntClear                
0000fa51  ADCIntDisableEx                      
0000fa69  ADCIntEnableEx                       
0000fa85  ADCIntStatusEx                       
0000fab7  ADCIntClearEx                        
0000facf  ADCReferenceSet                      
0000faeb  ADCReferenceGet                      
0000fafd  ADCPhaseDelaySet                     
0000fb0f  ADCPhaseDelayGet                     
0000fb1d  ADCSequenceDMAEnable                 
0000fb39  ADCSequenceDMADisable                
0000fb55  ADCBusy                              
0000fb73  ADCClockConfigSet                    
0000fb9d  ADCClockConfigGet                    
0000fc53  TimerEnable                          
0000fc71  TimerDisable                         
0000fc8f  TimerConfigure                       
0000fd0b  TimerControlLevel                    
0000fd41  TimerControlTrigger                  
0000fdaf  TimerControlEvent                    
0000fdd9  TimerControlStall                    
0000fe0f  TimerControlWaitOnTrigger            
0000fe6f  TimerRTCEnable                       
0000fe85  TimerRTCDisable                      
0000feb1  TimerClockSourceSet                  
0000fecd  TimerClockSourceGet                  
0000fedd  TimerPrescaleSet                     
0000ff07  TimerPrescaleGet                     
0000ff23  TimerPrescaleMatchSet                
0000ff51  TimerPrescaleMatchGet                
0000ff6d  TimerLoadSet                         
0000ff97  TimerLoadGet                         
0000ffb3  TimerLoadSet64                       
0000ffd3  TimerLoadGet64                       
00010005  TimerValueGet                        
00010021  TimerValueGet64                      
00010053  TimerMatchSet                        
0001007d  TimerMatchGet                        
00010099  TimerMatchSet64                      
000100b9  TimerMatchGet64                      
000100eb  TimerIntRegister                     
00010113  TimerIntUnregister                   
00010131  TimerIntEnable                       
00010149  TimerIntDisable                      
00010161  TimerIntStatus                       
0001017f  TimerIntClear                        
00010191  TimerSynchronize                     
000101a3  TimerADCEventSet                     
000101b5  TimerADCEventGet                     
000101c3  TimerDMAEventSet                     
000101d5  TimerDMAEventGet                     
000101e3  TimerUpdateMode                      
00010239  xTimerCreateTimerTask                
00010273  xTimerCreate                         
000102c7  xTimerGenericCommand                 
00010335  pcTimerGetTimerName                  
000106f1  xTimerIsTimerActive                  
0001071d  pvTimerGetTimerID                    
00010735  xTimerPendFunctionCallFromISR        
0001076b  xTimerPendFunctionCall               
00010839  USBStackModeSet                      
00010875  USB0DualModeIntHandler               
000108c1  USBDualModeInit                      
00010931  USBDualModeTerm                      
00010965  USBOTGModeTerm                       
0001099f  USBOTGModeInit                       
00010a95  USBOTGPollRate                       
00010abd  USB0OTGModeIntHandler                
00010ba3  OTGDeviceDisconnect                  
00010bc9  USBOTGMain                           
00010c65  USBOTGFeatureSet                     
00010f79  USBBufferInit                        
00010f9b  USBBufferZeroLengthPacketInsert      
00010fcb  USBBufferInfoGet                     
00010ffd  USBBufferDataWritten                 
0001101d  USBBufferDataRemoved                 
00011037  USBBufferCallbackDataSet             
00011051  USBBufferWrite                       
00011095  USBBufferFlush                       
000110a7  USBBufferRead                        
000110e5  USBBufferDataAvailable               
000110f7  USBBufferSpaceAvailable              
00011109  USBBufferEventCallback               
00011185  RGBBlinkIntHandler                   
000111b3  RGBInit                              
0001129f  RGBEnable                            
00011357  RGBDisable                           
000113b5  RGBSet                               
000113cd  RGBColorSet                          
0001147d  RGBIntensitySet                      
00011491  RGBBlinkRateSet                      
00011525  RGBColorGet                          
000115b9  Cmd_cpu                              
000115e3  Cmd_free                             
000115f9  Cmd_tasks                            
00011675  Cmd_stats                            
000116ad  Cmd_help                             
000116f1  vUARTTask                            
0001198b  IntMasterEnable                      
0001199b  IntMasterDisable                     
000119ab  IntRegister                          
000119fd  IntUnregister                        
00011a11  IntPriorityGroupingSet               
00011a2b  IntPriorityGroupingGet               
00011a63  IntPrioritySet                       
00011ab3  IntPriorityGet                       
00011ad7  IntEnable                            
00011b49  IntDisable                           
00011bbb  IntIsEnabled                         
00011c41  IntPendSet                           
00011cb1  IntPendClear                         
00011cff  IntPriorityMaskSet                   
00011d0b  IntPriorityMaskGet                   
00011d13  IntTrigger                           
00011e0f  USBDeviceConfig                      
00012005  USBDeviceConfigAlternate             
000120d1  frame_stuffing                       
00012171  frame_DeStuffing                     
00012211  add_checksum_and_stuff               
00012283  destuff_and_check_checksum           
000122d7  create_frame                         
0001235b  receive_frame                        
000123b5  send_frame                           
00012453  USBRingBufFull                       
0001248d  USBRingBufEmpty                      
000124b7  USBRingBufFlush                      
000124d7  USBRingBufUsed                       
00012509  USBRingBufFree                       
0001251f  USBRingBufContigUsed                 
0001254d  USBRingBufContigFree                 
00012589  USBRingBufSize                       
00012597  USBRingBufReadOne                    
000125bd  USBRingBufRead                       
000125f3  USBRingBufAdvanceRead                
00012621  USBRingBufAdvanceWrite               
0001267d  USBRingBufWriteOne                   
000126a3  USBRingBufWrite                      
000126d9  USBRingBufInit                       
000127cf  USBDCDConfigDescGetSize              
00012807  USBDCDConfigDescGetNum               
00012855  USBDCDConfigDescGet                  
000128e3  USBDCDConfigGetNumAlternateInterfaces
00012937  USBDCDConfigGetInterface             
0001296d  USBDCDConfigGetInterfaceEndpoint     
00012a21  USBControlHandler                    
00012aab  USBTxHandler                         
00012b0f  USBRxHandler                         
00012b65  UsbSerialInit                        
00012bf5  xUSBSerialGetChar                    
00012c0b  xUSBSerialPutChar                    
00012c89  _Sin                                 
00012f1d  pxPortInitialiseStack                
00012f7b  xPortStartScheduler                  
00012fb1  vPortEndScheduler                    
00012fb3  vPortEnterCritical                   
00012fcb  vPortExitCritical                    
00012fe3  xPortSysTickHandler                  
00012fff  vPortSuppressTicksAndSleep           
0001314d  vPortSetupTimerInterrupt             
000131a9  _Exp                                 
000133a5  __aeabi_uldivmod                     
00013599  pvPortMalloc                         
000136a7  vPortFree                            
00013709  xPortGetFreeHeapSize                 
0001370f  vPortInitialiseBlocks                
0001376d  USBDescGetNum                        
000137c9  USBDescGet                           
00013833  USBDescGetNumAlternateInterfaces     
000138ed  USBDescGetInterface                  
0001391b  USBDescGetInterfaceEndpoint          
0001393f  __aeabi_dsub                         
00013949  __aeabi_dadd                         
00013af5  fmod                                 
00013c69  __aeabi_ddiv                         
00013d9f  vListInitialise                      
00013dcf  vListInitialiseItem                  
00013ddf  vListInsertEnd                       
00013e1b  vListInsert                          
00013e81  uxListRemove                         
00013ec9  _Dscale                              
00013fd9  __aeabi_dmul                         
000140d5  CPUUsageTick                         
00014113  CPUUsageInit                         
000141c5  InternalUSBTickInit                  
00014203  InternalUSBTickReset                 
0001420b  InternalUSBRegisterTickHandler       
0001425b  InternalUSBStartOfFrameTick          
000142b5  xPortPendSVHandler                   
00014313  ulPortSetInterruptMask               
00014329  vPortClearInterruptMask              
0001432f  vPortSVCHandler                      
0001434d  vPortStartFirstTask                  
0001436b  vPortEnableVFP                       
0001437d  vPortGetIPSR                         
00014383  ULPIConfigSet                        
00014425  ULPIPowerTransceiver                 
0001444b  _Dnorm                               
00014509  CmdLineProcess                       
000145b5  __aeabi_memcpy                       
000145b5  __aeabi_memcpy4                      
000145b5  __aeabi_memcpy8                      
000145b5  memcpy                               
00014651  exp                                  
000146e1  __aeabi_cdcmpeq                      
000146e1  __aeabi_cdcmple                      
00014767  __aeabi_cdrcmple                     
000147ed  __aeabi_memclr                       
000147ed  __aeabi_memclr4                      
000147ed  __aeabi_memclr8                      
000147ef  __aeabi_memset                       
000147ef  __aeabi_memset4                      
000147ef  __aeabi_memset8                      
000147f5  memset                               
00014869  __TI_auto_init                       
00014941  create_checksum                      
000149a9  _Dunscale                            
00014a11  vConfigureTimerForRunTimeStats       
00014a75  sprintf                              
00014ad5  ltoa                                 
00014b2b  ldexp                                
00014b7d  _c_int00                             
00014bcd  __aeabi_f2ulz                        
00014c1d  atoi                                 
00014c69  copy_in                              
00014cb5  __aeabi_d2f                          
00014cff  __aeabi_d2iz                         
00014d49  C$$EXIT                              
00014d4d  abort                                
00014d55  exit                                 
00014d8d  __aeabi_d2uiz                        
00014dd1  signal                               
00014e11  __aeabi_uidiv                        
00014e11  __aeabi_uidivmod                     
00014e51  CPUcpsid                             
00014e5d  CPUprimask                           
00014e67  CPUcpsie                             
00014e73  CPUwfi                               
00014e77  CPUbasepriSet                        
00014e85  CPUbasepriGet                        
00014e8f  __aeabi_f2d                          
00014ec9  feraiseexcept                        
00014efd  _Dclass                              
00014f2d  _Feraise                             
00014f5d  __aeabi_i2d                          
00014f8b  raise                                
00014fb9  ResetISR                             
00014fe5  frexp                                
00015011  GetOverflowCounts                    
00015035  USB0DeviceIntHandler                 
00015059  memcmp                               
0001507b  __aeabi_ui2d                         
0001509b  memccpy                              
000150b7  sin                                  
000150d1  _args_main                           
000150e9  strcmp                               
00015101  strchr                               
00015119  _register_unlock                     
0001511f  _register_lock                       
00015127  _nop                                 
0001512d  strcpy                               
00015141  strlen                               
00015155  __TI_decompress_none                 
00015163  __TI_zero_init                       
0001516f  SysCtlDelay                          
00015175  __TI_decompress_rle24                
0001517b  _system_pre_init                     
000154a0  _ctypes_                             
00015b90  g_sCDCSerConfigSection               
00015b98  g_sIADSerConfigSection               
00015ba0  g_sCDCSerCommInterfaceSection        
00015ba8  g_sCDCSerDataInterfaceSection        
00015bb0  g_sCDCSerConfigHeader                
00015bb8  g_sCDCCompSerConfigHeader            
00015bc0  g_ppCDCSerConfigDescriptors          
00015bc4  g_pCDCCompSerConfigDescriptors       
00015bc8  g_pui8ConfigString                   
00015c64  g_sCDCHandlers                       
00015cc4  g_pui8ControlInterfaceString         
00015d18  g_pui8ManufacturerString             
00015d3c  g_sRxBuffer                          
00015d60  g_sTxBuffer                          
00015d84  g_pui8CDCSerCommInterface            
00015da7  g_pui8ProductString                  
00015de8  g_ppui8StringDescriptors             
00015e00  g_pui8CDCSerDataInterface            
00015e17  g_pui8LangDescriptor                 
00015e1b  g_pui8SerialNumberString             
00016010  __TI_Handler_Table_Base              
0001601c  __TI_Handler_Table_Limit             
00016030  __TI_CINIT_Base                      
00016048  __TI_CINIT_Limit                     
20000000  g_pfnRAMVectors                      
20006188  g_pui8USBRxBuffer                    
20006288  g_pui8USBTxBuffer                    
200064a4  g_psDCDInst                          
200064f4  xQueueRegistry                       
200065c8  g_pfnTickHandlers                    
20006610  g_pui8RxBufferWorkspace              
20006628  g_pui8TxBufferWorkspace              
20006640  g_pvTickInstance                     
200066e4  color                                
200066fc  ejes                                 
2000671c  EjesSemaphore                        
20006720  SendSemaphore                        
20006728  g_ppsDevInfo                         
20006730  g_ui32CPUUsage                       
20006748  g_ui32PollRate                       
20006758  g_ulSystemClock                      
2000675c  g_xRxLineSemaphore                   
20006760  potQueue                             
20006778  velocidadQueue                       
20006785  g_eOTGModeState                      
20006838  _Denorm                              
20006848  _Eps                                 
20006858  _Hugeval                             
20006868  _Inf                                 
20006878  _Nan                                 
20006888  _Snan                                
20006898  _Rteps                               
200068a8  _Xbig                                
200068b0  _Zero                                
200068b8  g_sCDCDevice                         
20006918  g_psCmdTable                         
2000696c  g_pui8CDCSerDeviceDescriptor         
2000697e  g_pui8CDCSerDescriptor               
20006987  g_pui8IADSerDescriptor               
20006990  g_psCDCSerSections                   
2000699c  g_psCDCCompSerSections               
200069ac  pxCurrentTCB                         
20006a40  sensorTaskHandle                     
20006a44  consumoTaskHandle                    
20006a48  velocidad                            
20006a50  combustible                          
20006a58  hora                                 
20006a60  altitud                              
20006a9c  g_ulUARTTxCount                      
20006aa0  g_ulUARTRxCount                      
20006aac  g_bUSBTimerInitialized               
20006ab0  g_ui32CurrentUSBTick                 
20006ab4  g_ui32USBSOFCount                    
20006ab8  g_iUSBMode                           
20006abc  g_ui32WaitTicks                      
20006acc  _lock                                
20006ad0  _unlock                              
20006ad4  __TI_cleanup_ptr                     
20006ad8  __TI_dtors_ptr                       
20006adc  _Fenv                                
20006ae0  _Tls_setup__Fenv                     
20006af8  _Errno                               
20006afc  main_func_sp                         
20006b04  __stack                              
20006d04  __STACK_END                          
20006d04  __STACK_TOP                          
ffffffff  __binit__                            
ffffffff  __c_args__                           
ffffffff  binit                                
UNDEFED   SHT$$INIT_ARRAY$$Base                
UNDEFED   SHT$$INIT_ARRAY$$Limit               

[793 symbols]
