******************************************************************************
                  TI ARM Linker PC v5.2.2                      
******************************************************************************
>> Linked Sat Apr 25 13:35:34 2015

OUTPUT FILE NAME:   <base-practica_TIVA.out>
ENTRY POINT SYMBOL: "_c_int00"  address: 00013525


MEMORY CONFIGURATION

         name            origin    length      used     unused   attr    fill
----------------------  --------  ---------  --------  --------  ----  --------
  FLASH                 00000000   00040000  000147fe  0002b802  R  X
  SRAM                  20000000   00008000  00006cae  00001352  RW X


SEGMENT ALLOCATION MAP

run origin  load origin   length   init length attrs members
----------  ----------- ---------- ----------- ----- -------
00000000    00000000    00014800   00014800    r-x
  00000000    00000000    0000026c   0000026c    r-- .intvecs
  0000026c    0000026c    000137be   000137be    r-x .text
  00013a2c    00013a2c    00000c34   00000c34    r-- .const
  00014660    00014660    000001a0   000001a0    r-- .cinit
20000000    20000000    00006cb0   00000000    rw-
  20000000    20000000    0000026c   00000000    rw- .vtable
  2000026c    2000026c    000064f2   00000000    rw- .bss
  20006760    20006760    00000350   00000000    rw- .data
  20006ab0    20006ab0    00000200   00000000    rw- .stack


SECTION ALLOCATION MAP

 output                                  attributes/
section   page    origin      length       input sections
--------  ----  ----------  ----------   ----------------
.intvecs   0    00000000    0000026c     
                  00000000    0000026c     startup_ccs.obj (.intvecs)

.text      0    0000026c    000137be     
                  0000026c    00002dac     usbhostenum.obj (.text)
                  00003018    00001acc     tasks.obj (.text)
                  00004ae4    000015ba     usb.obj (.text)
                  0000609e    00000002     --HOLE-- [fill = 0]
                  000060a0    000012f8     usbdenum.obj (.text)
                  00007398    000010ba     rtsv7M4_T_le_v4SPD16_eabi.lib : _printfi.obj (.text)
                  00008452    00000002     --HOLE-- [fill = 0]
                  00008454    00000f20     usbdma.obj (.text)
                  00009374    00000f00     sysctl.obj (.text)
                  0000a274    00000e0c     usbdcdc.obj (.text)
                  0000b080    00000d3c     uartstdio.obj (.text)
                  0000bdbc    00000c84     ustdlib.obj (.text)
                  0000ca40    00000b98     gpio.obj (.text)
                  0000d5d8    000009cc     queue.obj (.text)
                  0000dfa4    00000924     usbhhub.obj (.text)
                  0000e8c8    0000065a     timer.obj (.text)
                  0000ef22    00000002     --HOLE-- [fill = 0]
                  0000ef24    00000580     timers.obj (.text)
                  0000f4a4    00000510     usbmode.obj (.text)
                  0000f9b4    000004ba     usbbuffer.obj (.text)
                  0000fe6e    00000002     --HOLE-- [fill = 0]
                  0000fe70    00000434     rgb.obj (.text)
                  000102a4    000003d0     commands.obj (.text)
                  00010674    000003c0     interrupt.obj (.text)
                  00010a34    00000388     usbdconfig.obj (.text)
                  00010dbc    00000374     main.obj (.text)
                  00011130    00000314     protocol.obj (.text)
                  00011444    000002f4     usbringbuf.obj (.text)
                  00011738    000002de     usbdcdesc.obj (.text)
                  00011a16    00000002     --HOLE-- [fill = 0]
                  00011a18    000002ac     usb_dev_serial.obj (.text)
                  00011cc4    0000028c     port.obj (.text)
                  00011f50    000001f4     rtsv7M4_T_le_v4SPD16_eabi.lib : ull_div_t2.obj (.text)
                  00012144    000001d4     heap_2.obj (.text)
                  00012318    000001d2     usbdesc.obj (.text)
                  000124ea    000001b6     rtsv7M4_T_le_v4SPD16_eabi.lib : fd_add_t2.obj (.text)
                  000126a0    00000136                                   : fd_div_t2.obj (.text)
                  000127d6    0000012a     list.obj (.text)
                  00012900    00000110     rtsv7M4_T_le_v4SPD16_eabi.lib : xdscale.obj (.text)
                  00012a10    000000fc                                   : fd_mul_t2.obj (.text)
                  00012b0c    000000f0     cpu_usage.obj (.text)
                  00012bfc    000000ec     usbtick.obj (.text)
                  00012ce8    000000d2     portasm.obj (.text)
                  00012dba    000000c8     usbulpi.obj (.text)
                  00012e82    000000be     rtsv7M4_T_le_v4SPD16_eabi.lib : xdnorm.obj (.text)
                  00012f40    000000ac     cmdline.obj (.text)
                  00012fec    0000009c     rtsv7M4_T_le_v4SPD16_eabi.lib : memcpy_t2.obj (.text)
                  00013088    00000086                                   : fd_cmp_t2.obj (.text:__aeabi_cdcmple)
                  0001310e    00000086                                   : fd_cmp_t2.obj (.text:__aeabi_cdrcmple)
                  00013194    0000007a                                   : memset_t2.obj (.text)
                  0001320e    00000002     --HOLE-- [fill = 0]
                  00013210    0000006c                                   : autoinit.obj (.text)
                  0001327c    0000006a                                   : copy_decompress_rle.obj (.text)
                  000132e6    00000002     --HOLE-- [fill = 0]
                  000132e8    00000068     crc.obj (.text)
                  00013350    00000066     rtsv7M4_T_le_v4SPD16_eabi.lib : xdunscal.obj (.text)
                  000133b6    00000002     --HOLE-- [fill = 0]
                  000133b8    00000064     RunTimeStatsConfig.obj (.text)
                  0001341c    00000060     rtsv7M4_T_le_v4SPD16_eabi.lib : sprintf.obj (.text)
                  0001347c    00000056                                   : ltoa.obj (.text)
                  000134d2    00000052                                   : ldexp.obj (.text)
                  00013524    00000050                                   : boot.obj (.text)
                  00013574    00000050                                   : fs_toull_t2.obj (.text)
                  000135c4    0000004c                                   : atoi.obj (.text)
                  00013610    0000004c                                   : cpy_tbl.obj (.text)
                  0001365c    00000048                                   : fd_toi_t2.obj (.text)
                  000136a4    00000044                                   : exit.obj (.text)
                  000136e8    00000042                                   : u_divt2.obj (.text)
                  0001372a    00000002     --HOLE-- [fill = 0]
                  0001372c    00000040                                   : signal.obj (.text)
                  0001376c    0000003e     cpu.obj (.text)
                  000137aa    00000002     --HOLE-- [fill = 0]
                  000137ac    00000034     rtsv7M4_T_le_v4SPD16_eabi.lib : feraiseexcept.obj (.text)
                  000137e0    00000030                                   : xdclass.obj (.text)
                  00013810    00000030                                   : xferaise.obj (.text)
                  00013840    0000002e                                   : i_tofd_t2.obj (.text)
                  0001386e    0000002e                                   : raise.obj (.text)
                  0001389c    0000002c     startup_ccs.obj (.text)
                  000138c8    0000002a     rtsv7M4_T_le_v4SPD16_eabi.lib : frexp.obj (.text)
                  000138f2    00000002     --HOLE-- [fill = 0]
                  000138f4    00000024     RunTimeStatsConfig.obj (.text:GetOverflowCounts)
                  00013918    00000024     usbdhandler.obj (.text)
                  0001393c    00000022     rtsv7M4_T_le_v4SPD16_eabi.lib : memcmp.obj (.text)
                  0001395e    0000001c                                   : memccpy.obj (.text)
                  0001397a    00000002     --HOLE-- [fill = 0]
                  0001397c    00000018                                   : args_main.obj (.text)
                  00013994    00000018                                   : strcmp.obj (.text)
                  000139ac    00000016                                   : strchr.obj (.text)
                  000139c2    00000002     --HOLE-- [fill = 0]
                  000139c4    00000014                                   : _lock.obj (.text)
                  000139d8    00000014                                   : strcpy.obj (.text)
                  000139ec    00000014                                   : strlen.obj (.text)
                  00013a00    0000000e                                   : copy_decompress_none.obj (.text:decompress:none)
                  00013a0e    0000000c                                   : copy_zero_init.obj (.text:decompress:ZI)
                  00013a1a    00000006     sysctl.obj (.text:SysCtlDelay)
                  00013a20    00000006     rtsv7M4_T_le_v4SPD16_eabi.lib : copy_decompress_rle.obj (.text:decompress:rle24)
                  00013a26    00000004                                   : pre_init.obj (.text)

.const     0    00013a2c    00000c34     
                  00013a2c    00000200     crc.obj (.const:crctttab)
                  00013c2c    00000120     sysctl.obj (.const:g_pppui32XTALtoVCO)
                  00013d4c    00000101     rtsv7M4_T_le_v4SPD16_eabi.lib : ctype.obj (.const:.string:_ctypes_)
                  00013e4d    00000001     --HOLE-- [fill = 0]
                  00013e4e    00000002     heap_2.obj (.const)
                  00013e50    000000f2     commands.obj (.const:.string)
                  00013f42    00000002     --HOLE-- [fill = 0]
                  00013f44    000000c0     gpio.obj (.const:g_ppui32GPIOIntMapBlizzard)
                  00014004    000000c0     gpio.obj (.const:g_ppui32GPIOIntMapSnowflake)
                  000140c4    0000009c     interrupt.obj (.const:g_pui32Regs)
                  00014160    00000090     gpio.obj (.const:g_pui32GPIOBaseAddrs)
                  000141f0    00000070     interrupt.obj (.const)
                  00014260    0000006c     sysctl.obj (.const:g_pui32Xtals)
                  000142cc    00000060     timer.obj (.const:g_ppui32TimerIntMap)
                  0001432c    00000040     timer.obj (.const:g_ppui32TimerIntMapSnowflake)
                  0001436c    00000038     usbdcdc.obj (.const)
                  000143a4    00000036     usb_serial_structs.obj (.const:.string:g_pui8ConfigString)
                  000143da    00000002     --HOLE-- [fill = 0]
                  000143dc    00000034     usbdenum.obj (.const:g_psUSBDStdRequests)
                  00014410    00000030     ustdlib.obj (.const:g_psDaysToMonth)
                  00014440    00000030     usbdcdc.obj (.const:g_sCDCHandlers)
                  00014470    00000030     sysctl.obj (.const:g_sXTALtoMEMTIM)
                  000144a0    0000002c     usb_serial_structs.obj (.const:.string:g_pui8ControlInterfaceString)
                  000144cc    00000028     uartstdio.obj (.const)
                  000144f4    00000024     usb_serial_structs.obj (.const:.string:g_pui8ManufacturerString)
                  00014518    00000024     usb_serial_structs.obj (.const:g_sRxBuffer)
                  0001453c    00000024     usb_serial_structs.obj (.const:g_sTxBuffer)
                  00014560    00000023     usbdcdc.obj (.const:.string:g_pui8CDCSerCommInterface)
                  00014583    00000022     usb_serial_structs.obj (.const:.string:g_pui8ProductString)
                  000145a5    00000003     --HOLE-- [fill = 0]
                  000145a8    0000001c     ustdlib.obj (.const)
                  000145c4    00000018     usb_serial_structs.obj (.const)
                  000145dc    00000017     usbdcdc.obj (.const:.string)
                  000145f3    00000016     usb_serial_structs.obj (.const:.string)
                  00014609    00000014     tasks.obj (.const:.string)
                  0001461d    00000003     --HOLE-- [fill = 0]
                  00014620    00000012     uartstdio.obj (.const:.string)
                  00014632    00000002     --HOLE-- [fill = 0]
                  00014634    00000012     ustdlib.obj (.const:.string)
                  00014646    00000002     --HOLE-- [fill = 0]
                  00014648    00000008     gpio.obj (.const)
                  00014650    00000008     sysctl.obj (.const)
                  00014658    00000008     timer.obj (.const)

.cinit     0    00014660    000001a0     
                  00014660    0000016c     (.cinit..data.load) [load image, compression = rle]
                  000147cc    0000000c     (__TI_handler_table)
                  000147d8    00000008     (.cinit..bss.load) [load image, compression = zero_init]
                  000147e0    00000008     (.cinit..vtable.load) [load image, compression = zero_init]
                  000147e8    00000018     (__TI_cinit_table)

.init_array 
*          0    00000000    00000000     UNINITIALIZED

.vtable    0    20000000    0000026c     UNINITIALIZED
                  20000000    0000026c     interrupt.obj (.vtable)

.bss       0    2000026c    000064f2     UNINITIALIZED
                  2000026c    00005000     heap_2.obj (.bss:ucHeap)
                  2000526c    000006cc     usbhostenum.obj (.bss:g_sUSBHCD)
                  20005938    00000400     uartstdio.obj (.bss:g_pcUARTTxBuffer)
                  20005d38    00000200     uartstdio.obj (.bss:g_pcUARTRxHistoryBuffer)
                  20005f38    00000140     tasks.obj (.bss:pxReadyTasksLists)
                  20006078    00000110     usbdma.obj (.bss:g_psUSBDMAInst)
                  20006188    00000100     usb_serial_structs.obj (.bss:g_pui8USBRxBuffer)
                  20006288    00000100     usb_serial_structs.obj (.bss:g_pui8USBTxBuffer)
                  20006388    0000009c     usbhhub.obj (.bss:g_sRootHub)
                  20006424    00000080     uartstdio.obj (.bss:g_pcUARTRxBuffer)
                  200064a4    00000050     usbdenum.obj (.bss:g_psDCDInst)
                  200064f4    00000050     queue.obj (.bss:xQueueRegistry)
                  20006544    00000040     usbdenum.obj (.bss:g_pui8DataBufferIn)
                  20006584    00000024     cmdline.obj (.bss:g_ppcArgv)
                  200065a8    00000020     (.common:g_usUARTRxHistoryOffset)
                  200065c8    00000018     (.common:g_pfnTickHandlers)
                  200065e0    00000018     (.common:g_pi32USBHActiveDriver)
                  200065f8    00000018     (.common:g_ppvDriverInstance)
                  20006610    00000018     (.common:g_pui8RxBufferWorkspace)
                  20006628    00000018     (.common:g_pui8TxBufferWorkspace)
                  20006640    00000018     (.common:g_pvTickInstance)
                  20006658    00000014     (.common:xActiveTimerList1)
                  2000666c    00000014     (.common:xActiveTimerList2)
                  20006680    00000014     (.common:xDelayedTaskList1)
                  20006694    00000014     (.common:xDelayedTaskList2)
                  200066a8    00000014     (.common:xPendingReadyList)
                  200066bc    00000014     (.common:xSuspendedTaskList)
                  200066d0    00000014     (.common:xTasksWaitingTermination)
                  200066e4    0000000c     (.common:g_ui32Colors)
                  200066f0    00000008     (.common:g_pui32Alloc)
                  200066f8    00000008     (.common:xEnd)
                  20006700    00000008     (.common:xStart)
                  20006708    00000004     (.common:g_pfnUSBModeCallback)
                  2000670c    00000004     (.common:g_ppsDevInfo)
                  20006710    00000004     (.common:g_ui32CPUUsage)
                  20006714    00000004     (.common:g_ui32CPUUsagePrevious)
                  20006718    00000004     (.common:g_ui32CPUUsageTicks)
                  2000671c    00000004     (.common:g_ui32CPUUsageTimer)
                  20006720    00000004     (.common:g_ui32ChangeFlags)
                  20006724    00000004     (.common:g_ui32HubChanges)
                  20006728    00000004     (.common:g_ui32PollRate)
                  2000672c    00000004     (.common:g_ui32PortNum)
                  20006730    00000004     (.common:g_ui32ULPISupport)
                  20006734    00000004     (.common:g_ui32ULPISupport)
                  20006738    00000004     (.common:g_ulSystemClock)
                  2000673c    00000004     (.common:g_xRxLineSemaphore)
                  20006740    00000004     (.common:pxCurrentTimerList)
                  20006744    00000004     (.common:pxDelayedTaskList)
                  20006748    00000004     (.common:pxOverflowDelayedTaskList)
                  2000674c    00000004     (.common:pxOverflowTimerList)
                  20006750    00000004     (.common:ulFlags$1)
                  20006754    00000004     (.common:xCharsForTx)
                  20006758    00000004     (.common:xRxedChars)
                  2000675c    00000001     (.common:g_bDisableEcho)
                  2000675d    00000001     (.common:g_eOTGModeState)

.data      0    20006760    00000350     UNINITIALIZED
                  20006760    000000b0     rtsv7M4_T_le_v4SPD16_eabi.lib : signal.obj (.data:sigtable)
                  20006810    00000080                                   : xvalues.obj (.data)
                  20006890    00000060     usb_serial_structs.obj (.data:g_sCDCDevice)
                  200068f0    00000054     commands.obj (.data:g_psCmdTable)
                  20006944    00000040     usbdcdc.obj (.data)
                  20006984    00000038     tasks.obj (.data)
                  200069bc    00000030     cpu_usage.obj (.data)
                  200069ec    0000002c     usbhostenum.obj (.data)
                  20006a18    0000001d     uartstdio.obj (.data)
                  20006a35    00000001     main.obj (.data)
                  20006a36    00000002     --HOLE--
                  20006a38    00000010     port.obj (.data)
                  20006a48    00000010     usb_dev_serial.obj (.data)
                  20006a58    0000000c     usbtick.obj (.data)
                  20006a64    00000009     usbmode.obj (.data)
                  20006a6d    00000003     --HOLE--
                  20006a70    00000008     heap_2.obj (.data)
                  20006a78    00000008     rtsv7M4_T_le_v4SPD16_eabi.lib : _lock.obj (.data)
                  20006a80    00000008                                   : exit.obj (.data)
                  20006a88    00000008                                   : feraiseexcept.obj (.data)
                  20006a90    00000008     timers.obj (.data)
                  20006a98    00000008     usbdenum.obj (.data)
                  20006aa0    00000004     rgb.obj (.data)
                  20006aa4    00000004     rtsv7M4_T_le_v4SPD16_eabi.lib : errno.obj (.data)
                  20006aa8    00000004                                   : stkdepth_vars.obj (.data)
                  20006aac    00000004     ustdlib.obj (.data)

.TI.noinit 
*          0    2000026c    00000000     UNINITIALIZED

.TI.persistent 
*          0    20006760    00000000     UNINITIALIZED

.stack     0    20006ab0    00000200     UNINITIALIZED
                  20006ab0    00000200     --HOLE--


LINKER GENERATED COPY TABLES

__TI_cinit_table @ 000147e8 records: 3, size/record: 8, table size: 24
	.data: load addr=00014660, load size=0000016c bytes, run addr=20006760, run size=00000350 bytes, compression=rle
	.bss: load addr=000147d8, load size=00000008 bytes, run addr=2000026c, run size=000064f2 bytes, compression=zero_init
	.vtable: load addr=000147e0, load size=00000008 bytes, run addr=20000000, run size=0000026c bytes, compression=zero_init


LINKER GENERATED HANDLER TABLE

__TI_handler_table @ 000147cc records: 3, size/record: 4, table size: 12
	index: 0, handler: __TI_zero_init
	index: 1, handler: __TI_decompress_rle24
	index: 2, handler: __TI_decompress_none


GLOBAL SYMBOLS: SORTED ALPHABETICALLY BY Name 

address   name                                 
-------   ----                                 
000136a5  C$$EXIT                              
00012b4b  CPUUsageInit                         
00012b0d  CPUUsageTick                         
000137a1  CPUbasepriGet                        
00013793  CPUbasepriSet                        
0001376d  CPUcpsid                             
00013783  CPUcpsie                             
00013779  CPUprimask                           
0001378f  CPUwfi                               
00012f41  CmdLineProcess                       
000102a5  Cmd_cpu                              
000102cf  Cmd_free                             
00010399  Cmd_help                             
00010361  Cmd_stats                            
000102e5  Cmd_tasks                            
0000026d  ConfigDescAlloc                      
00000303  ConfigDescFree                       
0000d5b3  GPIOADCTriggerDisable                
0000d595  GPIOADCTriggerEnable                 
0000d577  GPIODMATriggerDisable                
0000d559  GPIODMATriggerEnable                 
0000caff  GPIODirModeGet                       
0000caa3  GPIODirModeSet                       
0000d073  GPIOIntClear                         
0000d037  GPIOIntDisable                       
0000d01d  GPIOIntEnable                        
0000d087  GPIOIntRegister                      
0000d051  GPIOIntStatus                        
0000cbef  GPIOIntTypeGet                       
0000cb4b  GPIOIntTypeSet                       
0000d0a5  GPIOIntUnregister                    
0000cecb  GPIOPadConfigGet                     
0000cc8d  GPIOPadConfigSet                     
0000d4fb  GPIOPinConfigure                     
0000d0bf  GPIOPinRead                          
0000d0f7  GPIOPinTypeADC                       
0000d11b  GPIOPinTypeCAN                       
0000d4c7  GPIOPinTypeCIR                       
0000d13f  GPIOPinTypeComparator                
0000d163  GPIOPinTypeEPI                       
0000d187  GPIOPinTypeEthernetLED               
0000d1ab  GPIOPinTypeEthernetMII               
0000d1cf  GPIOPinTypeGPIOInput                 
0000d1f3  GPIOPinTypeGPIOOutput                
0000d217  GPIOPinTypeGPIOOutputOD              
0000d23b  GPIOPinTypeI2C                       
0000d25f  GPIOPinTypeI2CSCL                    
0000d47f  GPIOPinTypeKBColumn                  
0000d45b  GPIOPinTypeKBRow                     
0000d283  GPIOPinTypeLCD                       
0000d4a3  GPIOPinTypeLEDSeq                    
0000d2a7  GPIOPinTypeLPC                       
0000d2cb  GPIOPinTypePECIRx                    
0000d2ef  GPIOPinTypePECITx                    
0000d313  GPIOPinTypePWM                       
0000d337  GPIOPinTypeQEI                       
0000d35b  GPIOPinTypeSSI                       
0000d37f  GPIOPinTypeTimer                     
0000d3a3  GPIOPinTypeUART                      
0000d3c7  GPIOPinTypeUSBAnalog                 
0000d3eb  GPIOPinTypeUSBDigital                
0000d40f  GPIOPinTypeWakeHigh                  
0000d435  GPIOPinTypeWakeLow                   
0000d4eb  GPIOPinWakeStatus                    
0000d0d7  GPIOPinWrite                         
000138f5  GetOverflowCounts                    
00010835  IntDisable                           
000107c3  IntEnable                            
000108a7  IntIsEnabled                         
00010687  IntMasterDisable                     
00010677  IntMasterEnable                      
0001099d  IntPendClear                         
0001092d  IntPendSet                           
0001079f  IntPriorityGet                       
00010717  IntPriorityGroupingGet               
000106fd  IntPriorityGroupingSet               
000109f7  IntPriorityMaskGet                   
000109eb  IntPriorityMaskSet                   
0001074f  IntPrioritySet                       
00010697  IntRegister                          
000109ff  IntTrigger                           
000106e9  IntUnregister                        
000023d9  InternalUSBHCDSendEvent              
00012c43  InternalUSBRegisterTickHandler       
00012c93  InternalUSBStartOfFrameTick          
00012bfd  InternalUSBTickInit                  
00012c3b  InternalUSBTickReset                 
0000f88f  OTGDeviceDisconnect                  
0000a4bd  ProcessDataFromHost                  
0000a5cd  ProcessDataToHost                    
0000a56b  ProcessNotificationToHost            
0000fe71  RGBBlinkIntHandler                   
0001017d  RGBBlinkRateSet                      
00010211  RGBColorGet                          
000100b9  RGBColorSet                          
00010043  RGBDisable                           
0000ff8b  RGBEnable                            
0000fe9f  RGBInit                              
00010169  RGBIntensitySet                      
000100a1  RGBSet                               
0001389d  ResetISR                             
UNDEFED   SHT$$INIT_ARRAY$$Base                
UNDEFED   SHT$$INIT_ARRAY$$Limit               
0000a213  SysCtlAltClkConfig                   
000099e1  SysCtlClockFreqSet                   
00009ec5  SysCtlClockGet                       
0000a1f7  SysCtlClockOutConfig                 
00009cf9  SysCtlClockSet                       
000098e1  SysCtlDeepSleep                      
0000a099  SysCtlDeepSleepClockConfigSet        
0000a07d  SysCtlDeepSleepClockSet              
000098c1  SysCtlDeepSleepPowerSet              
00013a1b  SysCtlDelay                          
0000946d  SysCtlFlashSectorSizeGet             
00009441  SysCtlFlashSizeGet                   
0000a16f  SysCtlGPIOAHBDisable                 
0000a153  SysCtlGPIOAHBEnable                  
00009855  SysCtlIntClear                       
0000983d  SysCtlIntDisable                     
00009829  SysCtlIntEnable                      
00009801  SysCtlIntRegister                    
00009865  SysCtlIntStatus                      
00009819  SysCtlIntUnregister                  
000098a7  SysCtlLDODeepSleepGet                
00009897  SysCtlLDODeepSleepSet                
00009891  SysCtlLDOSleepGet                    
00009881  SysCtlLDOSleepSet                    
00009917  SysCtlMOSCConfigSet                  
0000a1e3  SysCtlNMIClear                       
0000a1dd  SysCtlNMIStatus                      
0000992d  SysCtlPIOSCCalibrate                 
0000a13d  SysCtlPWMClockGet                    
0000a123  SysCtlPWMClockSet                    
000097ad  SysCtlPeripheralClockGating          
00009765  SysCtlPeripheralDeepSleepDisable     
00009715  SysCtlPeripheralDeepSleepEnable      
00009651  SysCtlPeripheralDisable              
00009615  SysCtlPeripheralEnable               
00009551  SysCtlPeripheralPowerOff             
00009515  SysCtlPeripheralPowerOn              
00009495  SysCtlPeripheralPresent              
000094d5  SysCtlPeripheralReady                
0000958d  SysCtlPeripheralReset                
000096d9  SysCtlPeripheralSleepDisable         
00009695  SysCtlPeripheralSleepEnable          
000098d1  SysCtlReset                          
0000998d  SysCtlResetBehaviorGet               
0000997d  SysCtlResetBehaviorSet               
00009903  SysCtlResetCauseClear                
000098fd  SysCtlResetCauseGet                  
00009437  SysCtlSRAMSizeGet                    
000098d9  SysCtlSleep                          
000098ad  SysCtlSleepPowerSet                  
0000a19d  SysCtlUSBPLLDisable                  
0000a18b  SysCtlUSBPLLEnable                   
0000a1c9  SysCtlVoltageEventClear              
0000a1ad  SysCtlVoltageEventConfig             
0000a1bd  SysCtlVoltageEventStatus             
0000eea1  TimerADCEventGet                     
0000ee8f  TimerADCEventSet                     
0000ebb9  TimerClockSourceGet                  
0000eb9d  TimerClockSourceSet                  
0000e97b  TimerConfigure                       
0000ea9b  TimerControlEvent                    
0000e9f7  TimerControlLevel                    
0000eac5  TimerControlStall                    
0000ea2d  TimerControlTrigger                  
0000eafb  TimerControlWaitOnTrigger            
0000eec1  TimerDMAEventGet                     
0000eeaf  TimerDMAEventSet                     
0000e95d  TimerDisable                         
0000e93f  TimerEnable                          
0000ee6b  TimerIntClear                        
0000ee35  TimerIntDisable                      
0000ee1d  TimerIntEnable                       
0000edd7  TimerIntRegister                     
0000ee4d  TimerIntStatus                       
0000edff  TimerIntUnregister                   
0000ec83  TimerLoadGet                         
0000ecbf  TimerLoadGet64                       
0000ec59  TimerLoadSet                         
0000ec9f  TimerLoadSet64                       
0000ed69  TimerMatchGet                        
0000eda5  TimerMatchGet64                      
0000ed3f  TimerMatchSet                        
0000ed85  TimerMatchSet64                      
0000ebf3  TimerPrescaleGet                     
0000ec3d  TimerPrescaleMatchGet                
0000ec0f  TimerPrescaleMatchSet                
0000ebc9  TimerPrescaleSet                     
0000eb71  TimerRTCDisable                      
0000eb5b  TimerRTCEnable                       
0000ee7d  TimerSynchronize                     
0000eecf  TimerUpdateMode                      
0000ecf1  TimerValueGet                        
0000ed0d  TimerValueGet64                      
0000b811  UARTEchoSet                          
0000b7ab  UARTFlushRx                          
0000b7d3  UARTFlushTx                          
0000b751  UARTPeek                             
0000b72f  UARTRxBytesAvail                     
0000b195  UARTStdioConfig                      
0000b849  UARTStdioIntHandler                  
0000b73d  UARTTxBytesFree                      
0000b3a5  UARTgetc                             
0000b329  UARTgets                             
0000b70b  UARTprintf                           
0000b411  UARTvprintf                          
0000b283  UARTwrite                            
00012dbb  ULPIConfigSet                        
00012e5d  ULPIPowerTransceiver                 
00013919  USB0DeviceIntHandler                 
0000f561  USB0DualModeIntHandler               
000022e1  USB0HostIntHandler                   
0000f7a9  USB0OTGModeIntHandler                
0000fd23  USBBufferCallbackDataSet             
0000fdd1  USBBufferDataAvailable               
0000fd09  USBBufferDataRemoved                 
0000fce9  USBBufferDataWritten                 
0000fdf5  USBBufferEventCallback               
0000fd81  USBBufferFlush                       
0000fcb7  USBBufferInfoGet                     
0000fc65  USBBufferInit                        
0000fd93  USBBufferRead                        
0000fde3  USBBufferSpaceAvailable              
0000fd3d  USBBufferWrite                       
0000fc87  USBBufferZeroLengthPacketInsert      
00005cdb  USBClockDisable                      
00005cbf  USBClockEnable                       
00011a5d  USBControlHandler                    
00005cab  USBControllerVersion                 
0000ac31  USBDCDCCompositeInit                 
0000ad27  USBDCDCInit                          
0000aea9  USBDCDCPacketRead                    
0000ae07  USBDCDCPacketWrite                   
0000b05b  USBDCDCPowerStatusSet                
0000b06f  USBDCDCRemoteWakeupRequest           
0000afa1  USBDCDCRxPacketAvailable             
0000b001  USBDCDCSerialStateChange             
0000adad  USBDCDCSetControlCBData              
0000adcb  USBDCDCSetRxCBData                   
0000ade9  USBDCDCSetTxCBData                   
0000ad95  USBDCDCTerm                          
0000af7f  USBDCDCTxPacketAvailable             
00011891  USBDCDConfigDescGet                  
00011843  USBDCDConfigDescGetNum               
0001180b  USBDCDConfigDescGetSize              
00011973  USBDCDConfigGetInterface             
000119a9  USBDCDConfigGetInterfaceEndpoint     
0001191f  USBDCDConfigGetNumAlternateInterfaces
000060a1  USBDCDDeviceInfoInit                 
000063fd  USBDCDFeatureSet                     
000060f1  USBDCDInit                           
00006387  USBDCDPowerStatusSet                 
000064bd  USBDCDRemoteWakeLPM                  
000064e1  USBDCDRemoteWakeupRequest            
00006311  USBDCDRequestDataEP0                 
00006337  USBDCDSendDataEP0                    
00006359  USBDCDSetDefaultConfiguration        
0000636b  USBDCDStallEP0                       
00006299  USBDCDTerm                           
00005e13  USBDMAChannelAddressGet              
00005df7  USBDMAChannelAddressSet              
00005d7d  USBDMAChannelConfigSet               
00005e47  USBDMAChannelCountGet                
00005e2b  USBDMAChannelCountSet                
00005d5d  USBDMAChannelDisable                 
00005d3d  USBDMAChannelEnable                  
00005d0d  USBDMAChannelIntDisable              
00005ced  USBDMAChannelIntEnable               
00005d2d  USBDMAChannelIntStatus               
00005dad  USBDMAChannelStatus                  
00005dcd  USBDMAChannelStatusClear             
00005e5f  USBDMANumChannels                    
00012375  USBDescGet                           
00012499  USBDescGetInterface                  
000124c7  USBDescGetInterfaceEndpoint          
00012319  USBDescGetNum                        
000123df  USBDescGetNumAlternateInterfaces     
00005119  USBDevAddrGet                        
00005105  USBDevAddrSet                        
000050d9  USBDevConnect                        
000050ef  USBDevDisconnect                     
0000544f  USBDevEndpointConfigGet              
0000535d  USBDevEndpointConfigSet              
000057d9  USBDevEndpointDataAck                
00005003  USBDevEndpointStall                  
00005065  USBDevEndpointStallClear             
00004e7f  USBDevEndpointStatusClear            
00005fcb  USBDevLPMConfig                      
00005ff9  USBDevLPMDisable                     
00005fe1  USBDevLPMEnable                      
00005fb3  USBDevLPMRemoteWake                  
00005c13  USBDevMode                           
00004c45  USBDevSpeedGet                       
00010afb  USBDeviceConfig                      
00010cf1  USBDeviceConfigAlternate             
0000660d  USBDeviceEnumHandler                 
00006759  USBDeviceEnumResetHandler            
000071a9  USBDeviceIntHandlerInternal          
00006515  USBDeviceResumeTickHandler           
0000f5ad  USBDualModeInit                      
0000f61d  USBDualModeTerm                      
00005bc5  USBEndpointDMAChannel                
0000560b  USBEndpointDMAConfigSet              
000056dd  USBEndpointDMADisable                
000056a3  USBEndpointDMAEnable                 
00005717  USBEndpointDataAvail                 
0000574f  USBEndpointDataGet                   
00005849  USBEndpointDataPut                   
000058ad  USBEndpointDataSend                  
00004f9d  USBEndpointDataToggleClear           
00005c77  USBEndpointPacketCountSet            
00004e0b  USBEndpointStatus                    
00005b9b  USBFIFOAddrGet                       
000055a5  USBFIFOConfigGet                     
0000553f  USBFIFOConfigSet                     
00005905  USBFIFOFlush                         
00005b5f  USBFrameNumberGet                    
00002911  USBHCDControlTransfer                
00002d61  USBHCDDevAddress                     
00002d95  USBHCDDevClass                       
00002d39  USBHCDDevHubPort                     
00002e29  USBHCDDevProtocol                    
00002de1  USBHCDDevSubClass                    
0000041b  USBHCDEventDisable                   
000003eb  USBHCDEventEnable                    
00002e89  USBHCDFeatureSet                     
00002a6d  USBHCDHubDeviceConnected             
00002b05  USBHCDHubDeviceDisconnected          
00001491  USBHCDInit                           
00002fd3  USBHCDLPMResume                      
00002f6b  USBHCDLPMSleep                       
00002f41  USBHCDLPMStatus                      
00002509  USBHCDMain                           
00000873  USBHCDPipeAlloc                      
000005f1  USBHCDPipeAllocSize                  
000008c1  USBHCDPipeConfig                     
00000dcb  USBHCDPipeDataAck                    
00001009  USBHCDPipeFree                       
00000dfd  USBHCDPipeRead                       
00000d81  USBHCDPipeReadNonBlocking            
00000c55  USBHCDPipeSchedule                   
00000a3b  USBHCDPipeStatus                     
000005cb  USBHCDPipeTransferSizeGet            
00000a71  USBHCDPipeWrite                      
00001437  USBHCDPowerAutomatic                 
000013a7  USBHCDPowerConfigGet                 
00001395  USBHCDPowerConfigInit                
000013c5  USBHCDPowerConfigSet                 
000015ad  USBHCDRegisterDrivers                
000016b1  USBHCDReset                          
0000170d  USBHCDResume                         
000018ed  USBHCDSetAddress                     
00001a33  USBHCDSetConfig                      
00001a7b  USBHCDSetInterface                   
0000188d  USBHCDStringDescriptorGet            
000016fb  USBHCDSuspend                        
000015e1  USBHCDTerm                           
0000e835  USBHHubClose                         
0000e7d9  USBHHubEnumerationComplete           
0000e7fb  USBHHubEnumerationError              
0000e849  USBHHubInit                          
0000e877  USBHHubLPMSleep                      
0000e885  USBHHubLPMStatus                     
0000e5ad  USBHHubMain                          
0000e81d  USBHHubOpen                          
00004bb3  USBHighSpeed                         
00005a15  USBHostAddrGet                       
000059dd  USBHostAddrSet                       
00001ac7  USBHostCheckPipes                    
0000512d  USBHostEndpointConfig                
00005817  USBHostEndpointDataAck               
00004f01  USBHostEndpointDataToggle            
00004fd7  USBHostEndpointPing                  
000052c7  USBHostEndpointSpeed                 
00004e37  USBHostEndpointStatusClear           
00005aa7  USBHostHubAddrGet                    
00005a43  USBHostHubAddrSet                    
00001b8d  USBHostIntHandlerInternal            
00005f77  USBHostLPMConfig                     
00005f9b  USBHostLPMResume                     
00005f2f  USBHostLPMSend                       
00005c01  USBHostMode                          
00005ad5  USBHostPwrConfig                     
00005b47  USBHostPwrDisable                    
00005b2f  USBHostPwrEnable                     
00005b17  USBHostPwrFaultDisable               
00005aff  USBHostPwrFaultEnable                
00005975  USBHostRequestIN                     
0000599d  USBHostRequestINClear                
000059cb  USBHostRequestStatus                 
00004b85  USBHostReset                         
00004be1  USBHostResume                        
00004c0f  USBHostSpeedGet                      
00004b6f  USBHostSuspend                       
00004c5d  USBIntDisableControl                 
00004d21  USBIntDisableEndpoint                
00004c9b  USBIntEnableControl                  
00004d4f  USBIntEnableEndpoint                 
00004dd3  USBIntRegister                       
00004cd5  USBIntStatusControl                  
00004d7d  USBIntStatusEndpoint                 
00004df1  USBIntUnregister                     
00006025  USBLPMEndpointGet                    
00006085  USBLPMIntDisable                     
0000606b  USBLPMIntEnable                      
0000605b  USBLPMIntStatus                      
00006011  USBLPMLinkStateGet                   
00006041  USBLPMRemoteWakeEnabled              
00009171  USBLibDMAAddrGet                     
000091a1  USBLibDMAInit                        
00009189  USBLibDMASizeGet                     
00005c37  USBModeConfig                        
00005bb1  USBModeGet                           
00005c97  USBNumEndpointsGet                   
0000f951  USBOTGFeatureSet                     
0000f8b5  USBOTGMain                           
00005c25  USBOTGMode                           
0000f68b  USBOTGModeInit                       
0000f651  USBOTGModeTerm                       
0000f781  USBOTGPollRate                       
00005b6d  USBOTGSessionRequest                 
00005c4b  USBPHYPowerOff                       
00005c61  USBPHYPowerOn                        
0001162f  USBRingBufAdvanceRead                
0001165d  USBRingBufAdvanceWrite               
00011589  USBRingBufContigFree                 
0001155b  USBRingBufContigUsed                 
000114c9  USBRingBufEmpty                      
000114f3  USBRingBufFlush                      
00011545  USBRingBufFree                       
0001148f  USBRingBufFull                       
00011715  USBRingBufInit                       
000115f9  USBRingBufRead                       
000115d3  USBRingBufReadOne                    
000115c5  USBRingBufSize                       
00011513  USBRingBufUsed                       
000116df  USBRingBufWrite                      
000116b9  USBRingBufWriteOne                   
00011b4b  USBRxHandler                         
0000f525  USBStackModeSet                      
00011ae7  USBTxHandler                         
00005e71  USBULPIConfig                        
00005e9f  USBULPIDisable                       
00005e87  USBULPIEnable                        
00005eb7  USBULPIRegRead                       
00005eef  USBULPIRegWrite                      
00011ba1  UsbSerialInit                        
000137e1  _Dclass                              
20006810  _Denorm                              
00012e83  _Dnorm                               
00012901  _Dscale                              
00013351  _Dunscale                            
20006820  _Eps                                 
20006aa4  _Errno                               
20006a88  _Fenv                                
00013811  _Feraise                             
20006830  _Hugeval                             
20006840  _Inf                                 
20006850  _Nan                                 
20006870  _Rteps                               
20006860  _Snan                                
20006a8c  _Tls_setup__Fenv                     
20006880  _Xbig                                
20006888  _Zero                                
20006cb0  __STACK_END                          
00000200  __STACK_SIZE                         
20006cb0  __STACK_TOP                          
000147e8  __TI_CINIT_Base                      
00014800  __TI_CINIT_Limit                     
000147cc  __TI_Handler_Table_Base              
000147d8  __TI_Handler_Table_Limit             
00013211  __TI_auto_init                       
20006a80  __TI_cleanup_ptr                     
00013a01  __TI_decompress_none                 
00013a21  __TI_decompress_rle24                
20006a84  __TI_dtors_ptr                       
0000814d  __TI_printfi                         
00000000  __TI_static_base__                   
00013a0f  __TI_zero_init                       
00013089  __aeabi_cdcmpeq                      
00013089  __aeabi_cdcmple                      
0001310f  __aeabi_cdrcmple                     
0001365d  __aeabi_d2iz                         
000124f5  __aeabi_dadd                         
000126a1  __aeabi_ddiv                         
00012a11  __aeabi_dmul                         
000124eb  __aeabi_dsub                         
00013575  __aeabi_f2ulz                        
00013841  __aeabi_i2d                          
00013195  __aeabi_memclr                       
00013195  __aeabi_memclr4                      
00013195  __aeabi_memclr8                      
00012fed  __aeabi_memcpy                       
00012fed  __aeabi_memcpy4                      
00012fed  __aeabi_memcpy8                      
00013197  __aeabi_memset                       
00013197  __aeabi_memset4                      
00013197  __aeabi_memset8                      
000136e9  __aeabi_uidiv                        
000136e9  __aeabi_uidivmod                     
00011f51  __aeabi_uldivmod                     
ffffffff  __binit__                            
ffffffff  __c_args__                           
20006ab0  __stack                              
0001397d  _args_main                           
00013525  _c_int00                             
00013d4c  _ctypes_                             
20006a78  _lock                                
000139d3  _nop                                 
000139cb  _register_lock                       
000139c5  _register_unlock                     
00013a27  _system_pre_init                     
20006a7c  _unlock                              
000136a9  abort                                
00011271  add_checksum_and_stuff               
000135c5  atoi                                 
ffffffff  binit                                
00013611  copy_in                              
000132e9  create_checksum                      
00011337  create_frame                         
000112e3  destuff_and_check_checksum           
00003e9d  eTaskConfirmSleepModeStatus          
000136b1  exit                                 
000137ad  feraiseexcept                        
000111d1  frame_DeStuffing                     
00011131  frame_stuffing                       
000138c9  frexp                                
20006a58  g_bUSBTimerInitialized               
2000675d  g_eOTGModeState                      
20006a64  g_iUSBMode                           
000143a0  g_pCDCCompSerConfigDescriptors       
20000000  g_pfnRAMVectors                      
200065c8  g_pfnTickHandlers                    
00000000  g_pfnVectors                         
0001439c  g_ppCDCSerConfigDescriptors          
2000670c  g_ppsDevInfo                         
000145c4  g_ppui8StringDescriptors             
20006974  g_psCDCCompSerSections               
20006968  g_psCDCSerSections                   
200068f0  g_psCmdTable                         
200064a4  g_psDCDInst                          
00014560  g_pui8CDCSerCommInterface            
000145dc  g_pui8CDCSerDataInterface            
20006956  g_pui8CDCSerDescriptor               
20006944  g_pui8CDCSerDeviceDescriptor         
000143a4  g_pui8ConfigString                   
000144a0  g_pui8ControlInterfaceString         
2000695f  g_pui8IADSerDescriptor               
000145f3  g_pui8LangDescriptor                 
000144f4  g_pui8ManufacturerString             
00014583  g_pui8ProductString                  
20006610  g_pui8RxBufferWorkspace              
000145f7  g_pui8SerialNumberString             
20006628  g_pui8TxBufferWorkspace              
20006188  g_pui8USBRxBuffer                    
20006288  g_pui8USBTxBuffer                    
20006640  g_pvTickInstance                     
00014394  g_sCDCCompSerConfigHeader            
20006890  g_sCDCDevice                         
00014440  g_sCDCHandlers                       
0001437c  g_sCDCSerCommInterfaceSection        
0001438c  g_sCDCSerConfigHeader                
0001436c  g_sCDCSerConfigSection               
00014384  g_sCDCSerDataInterfaceSection        
00014374  g_sIADSerConfigSection               
00014518  g_sRxBuffer                          
0001453c  g_sTxBuffer                          
20006710  g_ui32CPUUsage                       
20006a5c  g_ui32CurrentUSBTick                 
20006728  g_ui32PollRate                       
20006a60  g_ui32USBSOFCount                    
20006a68  g_ui32WaitTicks                      
20006738  g_ulSystemClock                      
20006a4c  g_ulUARTRxCount                      
20006a48  g_ulUARTTxCount                      
2000673c  g_xRxLineSemaphore                   
000134d3  ldexp                                
0001347d  ltoa                                 
00010f5d  main                                 
20006aa8  main_func_sp                         
0001395f  memccpy                              
0001393d  memcmp                               
00012fed  memcpy                               
0001319d  memset                               
0000381f  pcTaskGetTaskName                    
0000f021  pcTimerGetTimerName                  
00012145  pvPortMalloc                         
0000467b  pvTaskIncrementMutexHeldCount        
0000f409  pvTimerGetTimerID                    
20006984  pxCurrentTCB                         
00011cc5  pxPortInitialiseStack                
0001386f  raise                                
000113bb  receive_frame                        
00011415  send_frame                           
0001372d  signal                               
0001341d  sprintf                              
000139ad  strchr                               
00013995  strcmp                               
000139d9  strcpy                               
000139ed  strlen                               
0000dcc5  ucQueueGetQueueType                  
00012d4b  ulPortSetInterruptMask               
00004699  ulTaskNotifyTake                     
0000c2a1  ulocaltime                           
0000c49f  umktime                              
0000ca19  urand                                
0000c271  usnprintf                            
0000c23f  usprintf                             
0000ca09  usrand                               
0000c981  ustrcasecmp                          
0000c9f5  ustrcmp                              
0000c885  ustrlen                              
0000c8dd  ustrncasecmp                         
0000c995  ustrncmp                             
0000bdbd  ustrncpy                             
0000c8a7  ustrstr                              
0000c64d  ustrtof                              
0000c515  ustrtoul                             
0000be15  uvsnprintf                           
000128b9  uxListRemove                         
0000dca5  uxQueueGetQueueNumber                
0000dc47  uxQueueMessagesWaiting               
0000dc7d  uxQueueMessagesWaitingFromISR        
0000dc5d  uxQueueSpacesAvailable               
00003819  uxTaskGetNumberOfTasks               
00004229  uxTaskGetStackHighWaterMark          
00003841  uxTaskGetSystemState                 
00003e0b  uxTaskGetTaskNumber                  
000032d9  uxTaskPriorityGet                    
0000330d  uxTaskPriorityGetFromISR             
00004659  uxTaskResetEventItemValue            
00010de7  vApplicationIdleHook                 
00010def  vApplicationMallocFailedHook         
00010dbd  vApplicationStackOverflowHook        
00010dc7  vApplicationTickHook                 
000133b9  vConfigureTimerForRunTimeStats       
000127d7  vListInitialise                      
00012807  vListInitialiseItem                  
00012853  vListInsert                          
00012817  vListInsertEnd                       
00012d61  vPortClearInterruptMask              
00012da3  vPortEnableVFP                       
00011d59  vPortEndScheduler                    
00011d5b  vPortEnterCritical                   
00011d73  vPortExitCritical                    
00012253  vPortFree                            
00012db5  vPortGetIPSR                         
000122bb  vPortInitialiseBlocks                
00012d67  vPortSVCHandler                      
00011ef5  vPortSetupTimerInterrupt             
00012d85  vPortStartFirstTask                  
00011da7  vPortSuppressTicksAndSleep           
0000ded7  vQueueAddToRegistry                  
0000dc8f  vQueueDelete                         
0000dcb3  vQueueSetQueueNumber                 
0000df19  vQueueUnregisterQueue                
0000df53  vQueueWaitForMessageRestricted       
00003277  vTaskDelay                           
000031cf  vTaskDelayUntil                      
00003133  vTaskDelete                          
000036b3  vTaskEndScheduler                    
00004595  vTaskGetRunTimeStats                 
0000449d  vTaskList                            
00003e03  vTaskMissedYield                     
00004a39  vTaskNotifyGiveFromISR               
00003b41  vTaskPlaceOnEventList                
00003c19  vTaskPlaceOnEventListRestricted      
00003ba9  vTaskPlaceOnUnorderedEventList       
000042f9  vTaskPriorityInherit                 
00003355  vTaskPrioritySet                     
0000355d  vTaskResume                          
00003e31  vTaskSetTaskNumber                   
00003d67  vTaskSetTimeOutState                 
0000365d  vTaskStartScheduler                  
00003905  vTaskStepTick                        
00003465  vTaskSuspend                         
000036c5  vTaskSuspendAll                      
00003a61  vTaskSwitchContext                   
000103dd  vUARTTask                            
000122b5  xPortGetFreeHeapSize                 
00012ced  xPortPendSVHandler                   
00011d23  xPortStartScheduler                  
00011d8b  xPortSysTickHandler                  
0000d7e5  xQueueCreateCountingSemaphore        
0000d6e9  xQueueCreateMutex                    
0000d675  xQueueGenericCreate                  
0000da1d  xQueueGenericReceive                 
0000d5d9  xQueueGenericReset                   
0000d805  xQueueGenericSend                    
0000d92d  xQueueGenericSendFromISR             
0000d9ab  xQueueGiveFromISR                    
0000d75f  xQueueGiveMutexRecursive             
0000de73  xQueueIsQueueEmptyFromISR            
0000deb5  xQueueIsQueueFullFromISR             
0000dc03  xQueuePeekFromISR                    
0000db8b  xQueueReceiveFromISR                 
200064f4  xQueueRegistry                       
0000d79b  xQueueTakeMutexRecursive             
00003d89  xTaskCheckForTimeOut                 
00003019  xTaskGenericCreate                   
000042b5  xTaskGetCurrentTaskHandle            
000042cd  xTaskGetSchedulerState               
000037ef  xTaskGetTickCount                    
00003805  xTaskGetTickCountFromISR             
00003935  xTaskIncrementTick                   
00004861  xTaskNotify                          
00004951  xTaskNotifyFromISR                   
00004769  xTaskNotifyWait                      
000043b3  xTaskPriorityDisinherit              
00003c61  xTaskRemoveFromEventList             
00003cf9  xTaskRemoveFromUnorderedEventList    
00003711  xTaskResumeAll                       
000035d9  xTaskResumeFromISR                   
0000ef5f  xTimerCreate                         
0000ef25  xTimerCreateTimerTask                
0000efb3  xTimerGenericCommand                 
0000f3dd  xTimerIsTimerActive                  
0000f457  xTimerPendFunctionCall               
0000f421  xTimerPendFunctionCallFromISR        
00011c31  xUSBSerialGetChar                    
00011c47  xUSBSerialPutChar                    


GLOBAL SYMBOLS: SORTED BY Symbol Address 

address   name                                 
-------   ----                                 
00000000  __TI_static_base__                   
00000000  g_pfnVectors                         
00000200  __STACK_SIZE                         
0000026d  ConfigDescAlloc                      
00000303  ConfigDescFree                       
000003eb  USBHCDEventEnable                    
0000041b  USBHCDEventDisable                   
000005cb  USBHCDPipeTransferSizeGet            
000005f1  USBHCDPipeAllocSize                  
00000873  USBHCDPipeAlloc                      
000008c1  USBHCDPipeConfig                     
00000a3b  USBHCDPipeStatus                     
00000a71  USBHCDPipeWrite                      
00000c55  USBHCDPipeSchedule                   
00000d81  USBHCDPipeReadNonBlocking            
00000dcb  USBHCDPipeDataAck                    
00000dfd  USBHCDPipeRead                       
00001009  USBHCDPipeFree                       
00001395  USBHCDPowerConfigInit                
000013a7  USBHCDPowerConfigGet                 
000013c5  USBHCDPowerConfigSet                 
00001437  USBHCDPowerAutomatic                 
00001491  USBHCDInit                           
000015ad  USBHCDRegisterDrivers                
000015e1  USBHCDTerm                           
000016b1  USBHCDReset                          
000016fb  USBHCDSuspend                        
0000170d  USBHCDResume                         
0000188d  USBHCDStringDescriptorGet            
000018ed  USBHCDSetAddress                     
00001a33  USBHCDSetConfig                      
00001a7b  USBHCDSetInterface                   
00001ac7  USBHostCheckPipes                    
00001b8d  USBHostIntHandlerInternal            
000022e1  USB0HostIntHandler                   
000023d9  InternalUSBHCDSendEvent              
00002509  USBHCDMain                           
00002911  USBHCDControlTransfer                
00002a6d  USBHCDHubDeviceConnected             
00002b05  USBHCDHubDeviceDisconnected          
00002d39  USBHCDDevHubPort                     
00002d61  USBHCDDevAddress                     
00002d95  USBHCDDevClass                       
00002de1  USBHCDDevSubClass                    
00002e29  USBHCDDevProtocol                    
00002e89  USBHCDFeatureSet                     
00002f41  USBHCDLPMStatus                      
00002f6b  USBHCDLPMSleep                       
00002fd3  USBHCDLPMResume                      
00003019  xTaskGenericCreate                   
00003133  vTaskDelete                          
000031cf  vTaskDelayUntil                      
00003277  vTaskDelay                           
000032d9  uxTaskPriorityGet                    
0000330d  uxTaskPriorityGetFromISR             
00003355  vTaskPrioritySet                     
00003465  vTaskSuspend                         
0000355d  vTaskResume                          
000035d9  xTaskResumeFromISR                   
0000365d  vTaskStartScheduler                  
000036b3  vTaskEndScheduler                    
000036c5  vTaskSuspendAll                      
00003711  xTaskResumeAll                       
000037ef  xTaskGetTickCount                    
00003805  xTaskGetTickCountFromISR             
00003819  uxTaskGetNumberOfTasks               
0000381f  pcTaskGetTaskName                    
00003841  uxTaskGetSystemState                 
00003905  vTaskStepTick                        
00003935  xTaskIncrementTick                   
00003a61  vTaskSwitchContext                   
00003b41  vTaskPlaceOnEventList                
00003ba9  vTaskPlaceOnUnorderedEventList       
00003c19  vTaskPlaceOnEventListRestricted      
00003c61  xTaskRemoveFromEventList             
00003cf9  xTaskRemoveFromUnorderedEventList    
00003d67  vTaskSetTimeOutState                 
00003d89  xTaskCheckForTimeOut                 
00003e03  vTaskMissedYield                     
00003e0b  uxTaskGetTaskNumber                  
00003e31  vTaskSetTaskNumber                   
00003e9d  eTaskConfirmSleepModeStatus          
00004229  uxTaskGetStackHighWaterMark          
000042b5  xTaskGetCurrentTaskHandle            
000042cd  xTaskGetSchedulerState               
000042f9  vTaskPriorityInherit                 
000043b3  xTaskPriorityDisinherit              
0000449d  vTaskList                            
00004595  vTaskGetRunTimeStats                 
00004659  uxTaskResetEventItemValue            
0000467b  pvTaskIncrementMutexHeldCount        
00004699  ulTaskNotifyTake                     
00004769  xTaskNotifyWait                      
00004861  xTaskNotify                          
00004951  xTaskNotifyFromISR                   
00004a39  vTaskNotifyGiveFromISR               
00004b6f  USBHostSuspend                       
00004b85  USBHostReset                         
00004bb3  USBHighSpeed                         
00004be1  USBHostResume                        
00004c0f  USBHostSpeedGet                      
00004c45  USBDevSpeedGet                       
00004c5d  USBIntDisableControl                 
00004c9b  USBIntEnableControl                  
00004cd5  USBIntStatusControl                  
00004d21  USBIntDisableEndpoint                
00004d4f  USBIntEnableEndpoint                 
00004d7d  USBIntStatusEndpoint                 
00004dd3  USBIntRegister                       
00004df1  USBIntUnregister                     
00004e0b  USBEndpointStatus                    
00004e37  USBHostEndpointStatusClear           
00004e7f  USBDevEndpointStatusClear            
00004f01  USBHostEndpointDataToggle            
00004f9d  USBEndpointDataToggleClear           
00004fd7  USBHostEndpointPing                  
00005003  USBDevEndpointStall                  
00005065  USBDevEndpointStallClear             
000050d9  USBDevConnect                        
000050ef  USBDevDisconnect                     
00005105  USBDevAddrSet                        
00005119  USBDevAddrGet                        
0000512d  USBHostEndpointConfig                
000052c7  USBHostEndpointSpeed                 
0000535d  USBDevEndpointConfigSet              
0000544f  USBDevEndpointConfigGet              
0000553f  USBFIFOConfigSet                     
000055a5  USBFIFOConfigGet                     
0000560b  USBEndpointDMAConfigSet              
000056a3  USBEndpointDMAEnable                 
000056dd  USBEndpointDMADisable                
00005717  USBEndpointDataAvail                 
0000574f  USBEndpointDataGet                   
000057d9  USBDevEndpointDataAck                
00005817  USBHostEndpointDataAck               
00005849  USBEndpointDataPut                   
000058ad  USBEndpointDataSend                  
00005905  USBFIFOFlush                         
00005975  USBHostRequestIN                     
0000599d  USBHostRequestINClear                
000059cb  USBHostRequestStatus                 
000059dd  USBHostAddrSet                       
00005a15  USBHostAddrGet                       
00005a43  USBHostHubAddrSet                    
00005aa7  USBHostHubAddrGet                    
00005ad5  USBHostPwrConfig                     
00005aff  USBHostPwrFaultEnable                
00005b17  USBHostPwrFaultDisable               
00005b2f  USBHostPwrEnable                     
00005b47  USBHostPwrDisable                    
00005b5f  USBFrameNumberGet                    
00005b6d  USBOTGSessionRequest                 
00005b9b  USBFIFOAddrGet                       
00005bb1  USBModeGet                           
00005bc5  USBEndpointDMAChannel                
00005c01  USBHostMode                          
00005c13  USBDevMode                           
00005c25  USBOTGMode                           
00005c37  USBModeConfig                        
00005c4b  USBPHYPowerOff                       
00005c61  USBPHYPowerOn                        
00005c77  USBEndpointPacketCountSet            
00005c97  USBNumEndpointsGet                   
00005cab  USBControllerVersion                 
00005cbf  USBClockEnable                       
00005cdb  USBClockDisable                      
00005ced  USBDMAChannelIntEnable               
00005d0d  USBDMAChannelIntDisable              
00005d2d  USBDMAChannelIntStatus               
00005d3d  USBDMAChannelEnable                  
00005d5d  USBDMAChannelDisable                 
00005d7d  USBDMAChannelConfigSet               
00005dad  USBDMAChannelStatus                  
00005dcd  USBDMAChannelStatusClear             
00005df7  USBDMAChannelAddressSet              
00005e13  USBDMAChannelAddressGet              
00005e2b  USBDMAChannelCountSet                
00005e47  USBDMAChannelCountGet                
00005e5f  USBDMANumChannels                    
00005e71  USBULPIConfig                        
00005e87  USBULPIEnable                        
00005e9f  USBULPIDisable                       
00005eb7  USBULPIRegRead                       
00005eef  USBULPIRegWrite                      
00005f2f  USBHostLPMSend                       
00005f77  USBHostLPMConfig                     
00005f9b  USBHostLPMResume                     
00005fb3  USBDevLPMRemoteWake                  
00005fcb  USBDevLPMConfig                      
00005fe1  USBDevLPMEnable                      
00005ff9  USBDevLPMDisable                     
00006011  USBLPMLinkStateGet                   
00006025  USBLPMEndpointGet                    
00006041  USBLPMRemoteWakeEnabled              
0000605b  USBLPMIntStatus                      
0000606b  USBLPMIntEnable                      
00006085  USBLPMIntDisable                     
000060a1  USBDCDDeviceInfoInit                 
000060f1  USBDCDInit                           
00006299  USBDCDTerm                           
00006311  USBDCDRequestDataEP0                 
00006337  USBDCDSendDataEP0                    
00006359  USBDCDSetDefaultConfiguration        
0000636b  USBDCDStallEP0                       
00006387  USBDCDPowerStatusSet                 
000063fd  USBDCDFeatureSet                     
000064bd  USBDCDRemoteWakeLPM                  
000064e1  USBDCDRemoteWakeupRequest            
00006515  USBDeviceResumeTickHandler           
0000660d  USBDeviceEnumHandler                 
00006759  USBDeviceEnumResetHandler            
000071a9  USBDeviceIntHandlerInternal          
0000814d  __TI_printfi                         
00009171  USBLibDMAAddrGet                     
00009189  USBLibDMASizeGet                     
000091a1  USBLibDMAInit                        
00009437  SysCtlSRAMSizeGet                    
00009441  SysCtlFlashSizeGet                   
0000946d  SysCtlFlashSectorSizeGet             
00009495  SysCtlPeripheralPresent              
000094d5  SysCtlPeripheralReady                
00009515  SysCtlPeripheralPowerOn              
00009551  SysCtlPeripheralPowerOff             
0000958d  SysCtlPeripheralReset                
00009615  SysCtlPeripheralEnable               
00009651  SysCtlPeripheralDisable              
00009695  SysCtlPeripheralSleepEnable          
000096d9  SysCtlPeripheralSleepDisable         
00009715  SysCtlPeripheralDeepSleepEnable      
00009765  SysCtlPeripheralDeepSleepDisable     
000097ad  SysCtlPeripheralClockGating          
00009801  SysCtlIntRegister                    
00009819  SysCtlIntUnregister                  
00009829  SysCtlIntEnable                      
0000983d  SysCtlIntDisable                     
00009855  SysCtlIntClear                       
00009865  SysCtlIntStatus                      
00009881  SysCtlLDOSleepSet                    
00009891  SysCtlLDOSleepGet                    
00009897  SysCtlLDODeepSleepSet                
000098a7  SysCtlLDODeepSleepGet                
000098ad  SysCtlSleepPowerSet                  
000098c1  SysCtlDeepSleepPowerSet              
000098d1  SysCtlReset                          
000098d9  SysCtlSleep                          
000098e1  SysCtlDeepSleep                      
000098fd  SysCtlResetCauseGet                  
00009903  SysCtlResetCauseClear                
00009917  SysCtlMOSCConfigSet                  
0000992d  SysCtlPIOSCCalibrate                 
0000997d  SysCtlResetBehaviorSet               
0000998d  SysCtlResetBehaviorGet               
000099e1  SysCtlClockFreqSet                   
00009cf9  SysCtlClockSet                       
00009ec5  SysCtlClockGet                       
0000a07d  SysCtlDeepSleepClockSet              
0000a099  SysCtlDeepSleepClockConfigSet        
0000a123  SysCtlPWMClockSet                    
0000a13d  SysCtlPWMClockGet                    
0000a153  SysCtlGPIOAHBEnable                  
0000a16f  SysCtlGPIOAHBDisable                 
0000a18b  SysCtlUSBPLLEnable                   
0000a19d  SysCtlUSBPLLDisable                  
0000a1ad  SysCtlVoltageEventConfig             
0000a1bd  SysCtlVoltageEventStatus             
0000a1c9  SysCtlVoltageEventClear              
0000a1dd  SysCtlNMIStatus                      
0000a1e3  SysCtlNMIClear                       
0000a1f7  SysCtlClockOutConfig                 
0000a213  SysCtlAltClkConfig                   
0000a4bd  ProcessDataFromHost                  
0000a56b  ProcessNotificationToHost            
0000a5cd  ProcessDataToHost                    
0000ac31  USBDCDCCompositeInit                 
0000ad27  USBDCDCInit                          
0000ad95  USBDCDCTerm                          
0000adad  USBDCDCSetControlCBData              
0000adcb  USBDCDCSetRxCBData                   
0000ade9  USBDCDCSetTxCBData                   
0000ae07  USBDCDCPacketWrite                   
0000aea9  USBDCDCPacketRead                    
0000af7f  USBDCDCTxPacketAvailable             
0000afa1  USBDCDCRxPacketAvailable             
0000b001  USBDCDCSerialStateChange             
0000b05b  USBDCDCPowerStatusSet                
0000b06f  USBDCDCRemoteWakeupRequest           
0000b195  UARTStdioConfig                      
0000b283  UARTwrite                            
0000b329  UARTgets                             
0000b3a5  UARTgetc                             
0000b411  UARTvprintf                          
0000b70b  UARTprintf                           
0000b72f  UARTRxBytesAvail                     
0000b73d  UARTTxBytesFree                      
0000b751  UARTPeek                             
0000b7ab  UARTFlushRx                          
0000b7d3  UARTFlushTx                          
0000b811  UARTEchoSet                          
0000b849  UARTStdioIntHandler                  
0000bdbd  ustrncpy                             
0000be15  uvsnprintf                           
0000c23f  usprintf                             
0000c271  usnprintf                            
0000c2a1  ulocaltime                           
0000c49f  umktime                              
0000c515  ustrtoul                             
0000c64d  ustrtof                              
0000c885  ustrlen                              
0000c8a7  ustrstr                              
0000c8dd  ustrncasecmp                         
0000c981  ustrcasecmp                          
0000c995  ustrncmp                             
0000c9f5  ustrcmp                              
0000ca09  usrand                               
0000ca19  urand                                
0000caa3  GPIODirModeSet                       
0000caff  GPIODirModeGet                       
0000cb4b  GPIOIntTypeSet                       
0000cbef  GPIOIntTypeGet                       
0000cc8d  GPIOPadConfigSet                     
0000cecb  GPIOPadConfigGet                     
0000d01d  GPIOIntEnable                        
0000d037  GPIOIntDisable                       
0000d051  GPIOIntStatus                        
0000d073  GPIOIntClear                         
0000d087  GPIOIntRegister                      
0000d0a5  GPIOIntUnregister                    
0000d0bf  GPIOPinRead                          
0000d0d7  GPIOPinWrite                         
0000d0f7  GPIOPinTypeADC                       
0000d11b  GPIOPinTypeCAN                       
0000d13f  GPIOPinTypeComparator                
0000d163  GPIOPinTypeEPI                       
0000d187  GPIOPinTypeEthernetLED               
0000d1ab  GPIOPinTypeEthernetMII               
0000d1cf  GPIOPinTypeGPIOInput                 
0000d1f3  GPIOPinTypeGPIOOutput                
0000d217  GPIOPinTypeGPIOOutputOD              
0000d23b  GPIOPinTypeI2C                       
0000d25f  GPIOPinTypeI2CSCL                    
0000d283  GPIOPinTypeLCD                       
0000d2a7  GPIOPinTypeLPC                       
0000d2cb  GPIOPinTypePECIRx                    
0000d2ef  GPIOPinTypePECITx                    
0000d313  GPIOPinTypePWM                       
0000d337  GPIOPinTypeQEI                       
0000d35b  GPIOPinTypeSSI                       
0000d37f  GPIOPinTypeTimer                     
0000d3a3  GPIOPinTypeUART                      
0000d3c7  GPIOPinTypeUSBAnalog                 
0000d3eb  GPIOPinTypeUSBDigital                
0000d40f  GPIOPinTypeWakeHigh                  
0000d435  GPIOPinTypeWakeLow                   
0000d45b  GPIOPinTypeKBRow                     
0000d47f  GPIOPinTypeKBColumn                  
0000d4a3  GPIOPinTypeLEDSeq                    
0000d4c7  GPIOPinTypeCIR                       
0000d4eb  GPIOPinWakeStatus                    
0000d4fb  GPIOPinConfigure                     
0000d559  GPIODMATriggerEnable                 
0000d577  GPIODMATriggerDisable                
0000d595  GPIOADCTriggerEnable                 
0000d5b3  GPIOADCTriggerDisable                
0000d5d9  xQueueGenericReset                   
0000d675  xQueueGenericCreate                  
0000d6e9  xQueueCreateMutex                    
0000d75f  xQueueGiveMutexRecursive             
0000d79b  xQueueTakeMutexRecursive             
0000d7e5  xQueueCreateCountingSemaphore        
0000d805  xQueueGenericSend                    
0000d92d  xQueueGenericSendFromISR             
0000d9ab  xQueueGiveFromISR                    
0000da1d  xQueueGenericReceive                 
0000db8b  xQueueReceiveFromISR                 
0000dc03  xQueuePeekFromISR                    
0000dc47  uxQueueMessagesWaiting               
0000dc5d  uxQueueSpacesAvailable               
0000dc7d  uxQueueMessagesWaitingFromISR        
0000dc8f  vQueueDelete                         
0000dca5  uxQueueGetQueueNumber                
0000dcb3  vQueueSetQueueNumber                 
0000dcc5  ucQueueGetQueueType                  
0000de73  xQueueIsQueueEmptyFromISR            
0000deb5  xQueueIsQueueFullFromISR             
0000ded7  vQueueAddToRegistry                  
0000df19  vQueueUnregisterQueue                
0000df53  vQueueWaitForMessageRestricted       
0000e5ad  USBHHubMain                          
0000e7d9  USBHHubEnumerationComplete           
0000e7fb  USBHHubEnumerationError              
0000e81d  USBHHubOpen                          
0000e835  USBHHubClose                         
0000e849  USBHHubInit                          
0000e877  USBHHubLPMSleep                      
0000e885  USBHHubLPMStatus                     
0000e93f  TimerEnable                          
0000e95d  TimerDisable                         
0000e97b  TimerConfigure                       
0000e9f7  TimerControlLevel                    
0000ea2d  TimerControlTrigger                  
0000ea9b  TimerControlEvent                    
0000eac5  TimerControlStall                    
0000eafb  TimerControlWaitOnTrigger            
0000eb5b  TimerRTCEnable                       
0000eb71  TimerRTCDisable                      
0000eb9d  TimerClockSourceSet                  
0000ebb9  TimerClockSourceGet                  
0000ebc9  TimerPrescaleSet                     
0000ebf3  TimerPrescaleGet                     
0000ec0f  TimerPrescaleMatchSet                
0000ec3d  TimerPrescaleMatchGet                
0000ec59  TimerLoadSet                         
0000ec83  TimerLoadGet                         
0000ec9f  TimerLoadSet64                       
0000ecbf  TimerLoadGet64                       
0000ecf1  TimerValueGet                        
0000ed0d  TimerValueGet64                      
0000ed3f  TimerMatchSet                        
0000ed69  TimerMatchGet                        
0000ed85  TimerMatchSet64                      
0000eda5  TimerMatchGet64                      
0000edd7  TimerIntRegister                     
0000edff  TimerIntUnregister                   
0000ee1d  TimerIntEnable                       
0000ee35  TimerIntDisable                      
0000ee4d  TimerIntStatus                       
0000ee6b  TimerIntClear                        
0000ee7d  TimerSynchronize                     
0000ee8f  TimerADCEventSet                     
0000eea1  TimerADCEventGet                     
0000eeaf  TimerDMAEventSet                     
0000eec1  TimerDMAEventGet                     
0000eecf  TimerUpdateMode                      
0000ef25  xTimerCreateTimerTask                
0000ef5f  xTimerCreate                         
0000efb3  xTimerGenericCommand                 
0000f021  pcTimerGetTimerName                  
0000f3dd  xTimerIsTimerActive                  
0000f409  pvTimerGetTimerID                    
0000f421  xTimerPendFunctionCallFromISR        
0000f457  xTimerPendFunctionCall               
0000f525  USBStackModeSet                      
0000f561  USB0DualModeIntHandler               
0000f5ad  USBDualModeInit                      
0000f61d  USBDualModeTerm                      
0000f651  USBOTGModeTerm                       
0000f68b  USBOTGModeInit                       
0000f781  USBOTGPollRate                       
0000f7a9  USB0OTGModeIntHandler                
0000f88f  OTGDeviceDisconnect                  
0000f8b5  USBOTGMain                           
0000f951  USBOTGFeatureSet                     
0000fc65  USBBufferInit                        
0000fc87  USBBufferZeroLengthPacketInsert      
0000fcb7  USBBufferInfoGet                     
0000fce9  USBBufferDataWritten                 
0000fd09  USBBufferDataRemoved                 
0000fd23  USBBufferCallbackDataSet             
0000fd3d  USBBufferWrite                       
0000fd81  USBBufferFlush                       
0000fd93  USBBufferRead                        
0000fdd1  USBBufferDataAvailable               
0000fde3  USBBufferSpaceAvailable              
0000fdf5  USBBufferEventCallback               
0000fe71  RGBBlinkIntHandler                   
0000fe9f  RGBInit                              
0000ff8b  RGBEnable                            
00010043  RGBDisable                           
000100a1  RGBSet                               
000100b9  RGBColorSet                          
00010169  RGBIntensitySet                      
0001017d  RGBBlinkRateSet                      
00010211  RGBColorGet                          
000102a5  Cmd_cpu                              
000102cf  Cmd_free                             
000102e5  Cmd_tasks                            
00010361  Cmd_stats                            
00010399  Cmd_help                             
000103dd  vUARTTask                            
00010677  IntMasterEnable                      
00010687  IntMasterDisable                     
00010697  IntRegister                          
000106e9  IntUnregister                        
000106fd  IntPriorityGroupingSet               
00010717  IntPriorityGroupingGet               
0001074f  IntPrioritySet                       
0001079f  IntPriorityGet                       
000107c3  IntEnable                            
00010835  IntDisable                           
000108a7  IntIsEnabled                         
0001092d  IntPendSet                           
0001099d  IntPendClear                         
000109eb  IntPriorityMaskSet                   
000109f7  IntPriorityMaskGet                   
000109ff  IntTrigger                           
00010afb  USBDeviceConfig                      
00010cf1  USBDeviceConfigAlternate             
00010dbd  vApplicationStackOverflowHook        
00010dc7  vApplicationTickHook                 
00010de7  vApplicationIdleHook                 
00010def  vApplicationMallocFailedHook         
00010f5d  main                                 
00011131  frame_stuffing                       
000111d1  frame_DeStuffing                     
00011271  add_checksum_and_stuff               
000112e3  destuff_and_check_checksum           
00011337  create_frame                         
000113bb  receive_frame                        
00011415  send_frame                           
0001148f  USBRingBufFull                       
000114c9  USBRingBufEmpty                      
000114f3  USBRingBufFlush                      
00011513  USBRingBufUsed                       
00011545  USBRingBufFree                       
0001155b  USBRingBufContigUsed                 
00011589  USBRingBufContigFree                 
000115c5  USBRingBufSize                       
000115d3  USBRingBufReadOne                    
000115f9  USBRingBufRead                       
0001162f  USBRingBufAdvanceRead                
0001165d  USBRingBufAdvanceWrite               
000116b9  USBRingBufWriteOne                   
000116df  USBRingBufWrite                      
00011715  USBRingBufInit                       
0001180b  USBDCDConfigDescGetSize              
00011843  USBDCDConfigDescGetNum               
00011891  USBDCDConfigDescGet                  
0001191f  USBDCDConfigGetNumAlternateInterfaces
00011973  USBDCDConfigGetInterface             
000119a9  USBDCDConfigGetInterfaceEndpoint     
00011a5d  USBControlHandler                    
00011ae7  USBTxHandler                         
00011b4b  USBRxHandler                         
00011ba1  UsbSerialInit                        
00011c31  xUSBSerialGetChar                    
00011c47  xUSBSerialPutChar                    
00011cc5  pxPortInitialiseStack                
00011d23  xPortStartScheduler                  
00011d59  vPortEndScheduler                    
00011d5b  vPortEnterCritical                   
00011d73  vPortExitCritical                    
00011d8b  xPortSysTickHandler                  
00011da7  vPortSuppressTicksAndSleep           
00011ef5  vPortSetupTimerInterrupt             
00011f51  __aeabi_uldivmod                     
00012145  pvPortMalloc                         
00012253  vPortFree                            
000122b5  xPortGetFreeHeapSize                 
000122bb  vPortInitialiseBlocks                
00012319  USBDescGetNum                        
00012375  USBDescGet                           
000123df  USBDescGetNumAlternateInterfaces     
00012499  USBDescGetInterface                  
000124c7  USBDescGetInterfaceEndpoint          
000124eb  __aeabi_dsub                         
000124f5  __aeabi_dadd                         
000126a1  __aeabi_ddiv                         
000127d7  vListInitialise                      
00012807  vListInitialiseItem                  
00012817  vListInsertEnd                       
00012853  vListInsert                          
000128b9  uxListRemove                         
00012901  _Dscale                              
00012a11  __aeabi_dmul                         
00012b0d  CPUUsageTick                         
00012b4b  CPUUsageInit                         
00012bfd  InternalUSBTickInit                  
00012c3b  InternalUSBTickReset                 
00012c43  InternalUSBRegisterTickHandler       
00012c93  InternalUSBStartOfFrameTick          
00012ced  xPortPendSVHandler                   
00012d4b  ulPortSetInterruptMask               
00012d61  vPortClearInterruptMask              
00012d67  vPortSVCHandler                      
00012d85  vPortStartFirstTask                  
00012da3  vPortEnableVFP                       
00012db5  vPortGetIPSR                         
00012dbb  ULPIConfigSet                        
00012e5d  ULPIPowerTransceiver                 
00012e83  _Dnorm                               
00012f41  CmdLineProcess                       
00012fed  __aeabi_memcpy                       
00012fed  __aeabi_memcpy4                      
00012fed  __aeabi_memcpy8                      
00012fed  memcpy                               
00013089  __aeabi_cdcmpeq                      
00013089  __aeabi_cdcmple                      
0001310f  __aeabi_cdrcmple                     
00013195  __aeabi_memclr                       
00013195  __aeabi_memclr4                      
00013195  __aeabi_memclr8                      
00013197  __aeabi_memset                       
00013197  __aeabi_memset4                      
00013197  __aeabi_memset8                      
0001319d  memset                               
00013211  __TI_auto_init                       
000132e9  create_checksum                      
00013351  _Dunscale                            
000133b9  vConfigureTimerForRunTimeStats       
0001341d  sprintf                              
0001347d  ltoa                                 
000134d3  ldexp                                
00013525  _c_int00                             
00013575  __aeabi_f2ulz                        
000135c5  atoi                                 
00013611  copy_in                              
0001365d  __aeabi_d2iz                         
000136a5  C$$EXIT                              
000136a9  abort                                
000136b1  exit                                 
000136e9  __aeabi_uidiv                        
000136e9  __aeabi_uidivmod                     
0001372d  signal                               
0001376d  CPUcpsid                             
00013779  CPUprimask                           
00013783  CPUcpsie                             
0001378f  CPUwfi                               
00013793  CPUbasepriSet                        
000137a1  CPUbasepriGet                        
000137ad  feraiseexcept                        
000137e1  _Dclass                              
00013811  _Feraise                             
00013841  __aeabi_i2d                          
0001386f  raise                                
0001389d  ResetISR                             
000138c9  frexp                                
000138f5  GetOverflowCounts                    
00013919  USB0DeviceIntHandler                 
0001393d  memcmp                               
0001395f  memccpy                              
0001397d  _args_main                           
00013995  strcmp                               
000139ad  strchr                               
000139c5  _register_unlock                     
000139cb  _register_lock                       
000139d3  _nop                                 
000139d9  strcpy                               
000139ed  strlen                               
00013a01  __TI_decompress_none                 
00013a0f  __TI_zero_init                       
00013a1b  SysCtlDelay                          
00013a21  __TI_decompress_rle24                
00013a27  _system_pre_init                     
00013d4c  _ctypes_                             
0001436c  g_sCDCSerConfigSection               
00014374  g_sIADSerConfigSection               
0001437c  g_sCDCSerCommInterfaceSection        
00014384  g_sCDCSerDataInterfaceSection        
0001438c  g_sCDCSerConfigHeader                
00014394  g_sCDCCompSerConfigHeader            
0001439c  g_ppCDCSerConfigDescriptors          
000143a0  g_pCDCCompSerConfigDescriptors       
000143a4  g_pui8ConfigString                   
00014440  g_sCDCHandlers                       
000144a0  g_pui8ControlInterfaceString         
000144f4  g_pui8ManufacturerString             
00014518  g_sRxBuffer                          
0001453c  g_sTxBuffer                          
00014560  g_pui8CDCSerCommInterface            
00014583  g_pui8ProductString                  
000145c4  g_ppui8StringDescriptors             
000145dc  g_pui8CDCSerDataInterface            
000145f3  g_pui8LangDescriptor                 
000145f7  g_pui8SerialNumberString             
000147cc  __TI_Handler_Table_Base              
000147d8  __TI_Handler_Table_Limit             
000147e8  __TI_CINIT_Base                      
00014800  __TI_CINIT_Limit                     
20000000  g_pfnRAMVectors                      
20006188  g_pui8USBRxBuffer                    
20006288  g_pui8USBTxBuffer                    
200064a4  g_psDCDInst                          
200064f4  xQueueRegistry                       
200065c8  g_pfnTickHandlers                    
20006610  g_pui8RxBufferWorkspace              
20006628  g_pui8TxBufferWorkspace              
20006640  g_pvTickInstance                     
2000670c  g_ppsDevInfo                         
20006710  g_ui32CPUUsage                       
20006728  g_ui32PollRate                       
20006738  g_ulSystemClock                      
2000673c  g_xRxLineSemaphore                   
2000675d  g_eOTGModeState                      
20006810  _Denorm                              
20006820  _Eps                                 
20006830  _Hugeval                             
20006840  _Inf                                 
20006850  _Nan                                 
20006860  _Snan                                
20006870  _Rteps                               
20006880  _Xbig                                
20006888  _Zero                                
20006890  g_sCDCDevice                         
200068f0  g_psCmdTable                         
20006944  g_pui8CDCSerDeviceDescriptor         
20006956  g_pui8CDCSerDescriptor               
2000695f  g_pui8IADSerDescriptor               
20006968  g_psCDCSerSections                   
20006974  g_psCDCCompSerSections               
20006984  pxCurrentTCB                         
20006a48  g_ulUARTTxCount                      
20006a4c  g_ulUARTRxCount                      
20006a58  g_bUSBTimerInitialized               
20006a5c  g_ui32CurrentUSBTick                 
20006a60  g_ui32USBSOFCount                    
20006a64  g_iUSBMode                           
20006a68  g_ui32WaitTicks                      
20006a78  _lock                                
20006a7c  _unlock                              
20006a80  __TI_cleanup_ptr                     
20006a84  __TI_dtors_ptr                       
20006a88  _Fenv                                
20006a8c  _Tls_setup__Fenv                     
20006aa4  _Errno                               
20006aa8  main_func_sp                         
20006ab0  __stack                              
20006cb0  __STACK_END                          
20006cb0  __STACK_TOP                          
ffffffff  __binit__                            
ffffffff  __c_args__                           
ffffffff  binit                                
UNDEFED   SHT$$INIT_ARRAY$$Base                
UNDEFED   SHT$$INIT_ARRAY$$Limit               

[723 symbols]
