******************************************************************************
                  TI ARM Linker PC v5.2.4                      
******************************************************************************
>> Linked Sun Apr 26 12:08:54 2015

OUTPUT FILE NAME:   <base-practica_TIVA.out>
ENTRY POINT SYMBOL: "_c_int00"  address: 000132ad


MEMORY CONFIGURATION

         name            origin    length      used     unused   attr    fill
----------------------  --------  ---------  --------  --------  ----  --------
  FLASH                 00000000   00040000  0001436a  0002bc96  R  X
  SRAM                  20000000   00008000  00006cb6  0000134a  RW X


SEGMENT ALLOCATION MAP

run origin  load origin   length   init length attrs members
----------  ----------- ---------- ----------- ----- -------
00000000    00000000    00014370   00014370    r-x
  00000000    00000000    0000026c   0000026c    r-- .intvecs
  0000026c    0000026c    00013542   00013542    r-x .text
  000137b0    000137b0    00000a1c   00000a1c    r-- .const
  000141d0    000141d0    000001a0   000001a0    r-- .cinit
20000000    20000000    00006cb8   00000000    rw-
  20000000    20000000    0000026c   00000000    rw- .vtable
  2000026c    2000026c    000064fa   00000000    rw- .bss
  20006768    20006768    00000350   00000000    rw- .data
  20006ab8    20006ab8    00000200   00000000    rw- .stack


SECTION ALLOCATION MAP

 output                                  attributes/
section   page    origin      length       input sections
--------  ----  ----------  ----------   ----------------
.intvecs   0    00000000    0000026c     
                  00000000    0000026c     startup_ccs.obj (.intvecs)

.text      0    0000026c    00013542     
                  0000026c    00002dac     usbhostenum.obj (.text)
                  00003018    00001acc     tasks.obj (.text)
                  00004ae4    000015ba     usb.obj (.text)
                  0000609e    00000002     rtsv7M4_T_le_v4SPD16_eabi.lib : i_div0.obj (.text)
                  000060a0    000012f8     usbdenum.obj (.text)
                  00007398    000010ba     rtsv7M4_T_le_v4SPD16_eabi.lib : _printfi.obj (.text)
                  00008452    00000002     --HOLE-- [fill = 0]
                  00008454    00000f20     usbdma.obj (.text)
                  00009374    00000f00     sysctl.obj (.text)
                  0000a274    00000e0c     usbdcdc.obj (.text)
                  0000b080    00000d3c     uartstdio.obj (.text)
                  0000bdbc    00000c84     ustdlib.obj (.text)
                  0000ca40    000009cc     queue.obj (.text)
                  0000d40c    00000924     usbhhub.obj (.text)
                  0000dd30    000007c4     adc.obj (.text)
                  0000e4f4    0000065a     timer.obj (.text)
                  0000eb4e    00000002     --HOLE-- [fill = 0]
                  0000eb50    00000580     timers.obj (.text)
                  0000f0d0    00000510     usbmode.obj (.text)
                  0000f5e0    000004d0     main.obj (.text)
                  0000fab0    000004ba     usbbuffer.obj (.text)
                  0000ff6a    00000002     --HOLE-- [fill = 0]
                  0000ff6c    00000434     rgb.obj (.text)
                  000103a0    000003d0     commands.obj (.text)
                  00010770    000003c0     interrupt.obj (.text)
                  00010b30    00000388     usbdconfig.obj (.text)
                  00010eb8    00000314     protocol.obj (.text)
                  000111cc    000002f4     usbringbuf.obj (.text)
                  000114c0    000002de     usbdcdesc.obj (.text)
                  0001179e    00000002     --HOLE-- [fill = 0]
                  000117a0    000002ac     usb_dev_serial.obj (.text)
                  00011a4c    0000028c     port.obj (.text)
                  00011cd8    000001f4     rtsv7M4_T_le_v4SPD16_eabi.lib : ull_div_t2.obj (.text)
                  00011ecc    000001d4     heap_2.obj (.text)
                  000120a0    000001d2     usbdesc.obj (.text)
                  00012272    000001b6     rtsv7M4_T_le_v4SPD16_eabi.lib : fd_add_t2.obj (.text)
                  00012428    00000136                                   : fd_div_t2.obj (.text)
                  0001255e    0000012a     list.obj (.text)
                  00012688    00000110     rtsv7M4_T_le_v4SPD16_eabi.lib : xdscale.obj (.text)
                  00012798    000000fc                                   : fd_mul_t2.obj (.text)
                  00012894    000000f0     cpu_usage.obj (.text)
                  00012984    000000ec     usbtick.obj (.text)
                  00012a70    000000d2     portasm.obj (.text)
                  00012b42    000000c8     usbulpi.obj (.text)
                  00012c0a    000000be     rtsv7M4_T_le_v4SPD16_eabi.lib : xdnorm.obj (.text)
                  00012cc8    000000ac     cmdline.obj (.text)
                  00012d74    0000009c     rtsv7M4_T_le_v4SPD16_eabi.lib : memcpy_t2.obj (.text)
                  00012e10    00000086                                   : fd_cmp_t2.obj (.text:__aeabi_cdcmple)
                  00012e96    00000086                                   : fd_cmp_t2.obj (.text:__aeabi_cdrcmple)
                  00012f1c    0000007a                                   : memset_t2.obj (.text)
                  00012f96    00000002     --HOLE-- [fill = 0]
                  00012f98    0000006c                                   : autoinit.obj (.text)
                  00013004    0000006a                                   : copy_decompress_rle.obj (.text)
                  0001306e    00000002     --HOLE-- [fill = 0]
                  00013070    00000068     crc.obj (.text)
                  000130d8    00000066     rtsv7M4_T_le_v4SPD16_eabi.lib : xdunscal.obj (.text)
                  0001313e    00000002     --HOLE-- [fill = 0]
                  00013140    00000064     RunTimeStatsConfig.obj (.text)
                  000131a4    00000060     rtsv7M4_T_le_v4SPD16_eabi.lib : sprintf.obj (.text)
                  00013204    00000056                                   : ltoa.obj (.text)
                  0001325a    00000052                                   : ldexp.obj (.text)
                  000132ac    00000050                                   : boot.obj (.text)
                  000132fc    00000050                                   : fs_toull_t2.obj (.text)
                  0001334c    0000004c                                   : atoi.obj (.text)
                  00013398    0000004c                                   : cpy_tbl.obj (.text)
                  000133e4    00000048                                   : fd_toi_t2.obj (.text)
                  0001342c    00000044                                   : exit.obj (.text)
                  00013470    00000040                                   : signal.obj (.text)
                  000134b0    00000040                                   : u_divt2.obj (.text)
                  000134f0    0000003e     cpu.obj (.text)
                  0001352e    00000002     --HOLE-- [fill = 0]
                  00013530    00000034     rtsv7M4_T_le_v4SPD16_eabi.lib : feraiseexcept.obj (.text)
                  00013564    00000030                                   : xdclass.obj (.text)
                  00013594    00000030                                   : xferaise.obj (.text)
                  000135c4    0000002e                                   : i_tofd_t2.obj (.text)
                  000135f2    0000002e                                   : raise.obj (.text)
                  00013620    0000002c     startup_ccs.obj (.text)
                  0001364c    0000002a     rtsv7M4_T_le_v4SPD16_eabi.lib : frexp.obj (.text)
                  00013676    00000002     --HOLE-- [fill = 0]
                  00013678    00000024     RunTimeStatsConfig.obj (.text:GetOverflowCounts)
                  0001369c    00000024     usbdhandler.obj (.text)
                  000136c0    00000022     rtsv7M4_T_le_v4SPD16_eabi.lib : memcmp.obj (.text)
                  000136e2    0000001c                                   : memccpy.obj (.text)
                  000136fe    00000002     --HOLE-- [fill = 0]
                  00013700    00000018                                   : args_main.obj (.text)
                  00013718    00000018                                   : strcmp.obj (.text)
                  00013730    00000016                                   : strchr.obj (.text)
                  00013746    00000002     --HOLE-- [fill = 0]
                  00013748    00000014                                   : _lock.obj (.text)
                  0001375c    00000014                                   : strcpy.obj (.text)
                  00013770    00000014                                   : strlen.obj (.text)
                  00013784    0000000e                                   : copy_decompress_none.obj (.text:decompress:none)
                  00013792    0000000c                                   : copy_zero_init.obj (.text:decompress:ZI)
                  0001379e    00000006     sysctl.obj (.text:SysCtlDelay)
                  000137a4    00000006     rtsv7M4_T_le_v4SPD16_eabi.lib : copy_decompress_rle.obj (.text:decompress:rle24)
                  000137aa    00000004                                   : pre_init.obj (.text)

.const     0    000137b0    00000a1c     
                  000137b0    00000200     crc.obj (.const:crctttab)
                  000139b0    00000120     sysctl.obj (.const:g_pppui32XTALtoVCO)
                  00013ad0    00000101     rtsv7M4_T_le_v4SPD16_eabi.lib : ctype.obj (.const:.string:_ctypes_)
                  00013bd1    00000001     --HOLE-- [fill = 0]
                  00013bd2    00000002     heap_2.obj (.const)
                  00013bd4    000000f2     commands.obj (.const:.string)
                  00013cc6    00000002     --HOLE-- [fill = 0]
                  00013cc8    0000009c     interrupt.obj (.const:g_pui32Regs)
                  00013d64    00000070     interrupt.obj (.const)
                  00013dd4    0000006c     sysctl.obj (.const:g_pui32Xtals)
                  00013e40    00000060     timer.obj (.const:g_ppui32TimerIntMap)
                  00013ea0    00000040     timer.obj (.const:g_ppui32TimerIntMapSnowflake)
                  00013ee0    00000038     usbdcdc.obj (.const)
                  00013f18    00000036     usb_serial_structs.obj (.const:.string:g_pui8ConfigString)
                  00013f4e    00000002     --HOLE-- [fill = 0]
                  00013f50    00000034     usbdenum.obj (.const:g_psUSBDStdRequests)
                  00013f84    00000030     ustdlib.obj (.const:g_psDaysToMonth)
                  00013fb4    00000030     usbdcdc.obj (.const:g_sCDCHandlers)
                  00013fe4    00000030     sysctl.obj (.const:g_sXTALtoMEMTIM)
                  00014014    0000002c     usb_serial_structs.obj (.const:.string:g_pui8ControlInterfaceString)
                  00014040    00000028     uartstdio.obj (.const)
                  00014068    00000024     usb_serial_structs.obj (.const:.string:g_pui8ManufacturerString)
                  0001408c    00000024     usb_serial_structs.obj (.const:g_sRxBuffer)
                  000140b0    00000024     usb_serial_structs.obj (.const:g_sTxBuffer)
                  000140d4    00000023     usbdcdc.obj (.const:.string:g_pui8CDCSerCommInterface)
                  000140f7    00000022     usb_serial_structs.obj (.const:.string:g_pui8ProductString)
                  00014119    00000003     --HOLE-- [fill = 0]
                  0001411c    0000001c     ustdlib.obj (.const)
                  00014138    00000018     usb_serial_structs.obj (.const)
                  00014150    00000017     usbdcdc.obj (.const:.string)
                  00014167    00000016     usb_serial_structs.obj (.const:.string)
                  0001417d    00000014     tasks.obj (.const:.string)
                  00014191    00000003     --HOLE-- [fill = 0]
                  00014194    00000012     uartstdio.obj (.const:.string)
                  000141a6    00000002     --HOLE-- [fill = 0]
                  000141a8    00000012     ustdlib.obj (.const:.string)
                  000141ba    00000002     --HOLE-- [fill = 0]
                  000141bc    00000008     sysctl.obj (.const)
                  000141c4    00000008     timer.obj (.const)

.cinit     0    000141d0    000001a0     
                  000141d0    0000016c     (.cinit..data.load) [load image, compression = rle]
                  0001433c    0000000c     (__TI_handler_table)
                  00014348    00000008     (.cinit..bss.load) [load image, compression = zero_init]
                  00014350    00000008     (.cinit..vtable.load) [load image, compression = zero_init]
                  00014358    00000018     (__TI_cinit_table)

.init_array 
*          0    00000000    00000000     UNINITIALIZED

.vtable    0    20000000    0000026c     UNINITIALIZED
                  20000000    0000026c     interrupt.obj (.vtable)

.bss       0    2000026c    000064fa     UNINITIALIZED
                  2000026c    00005000     heap_2.obj (.bss:ucHeap)
                  2000526c    000006cc     usbhostenum.obj (.bss:g_sUSBHCD)
                  20005938    00000400     uartstdio.obj (.bss:g_pcUARTTxBuffer)
                  20005d38    00000200     uartstdio.obj (.bss:g_pcUARTRxHistoryBuffer)
                  20005f38    00000140     tasks.obj (.bss:pxReadyTasksLists)
                  20006078    00000110     usbdma.obj (.bss:g_psUSBDMAInst)
                  20006188    00000100     usb_serial_structs.obj (.bss:g_pui8USBRxBuffer)
                  20006288    00000100     usb_serial_structs.obj (.bss:g_pui8USBTxBuffer)
                  20006388    0000009c     usbhhub.obj (.bss:g_sRootHub)
                  20006424    00000080     uartstdio.obj (.bss:g_pcUARTRxBuffer)
                  200064a4    00000050     usbdenum.obj (.bss:g_psDCDInst)
                  200064f4    00000050     queue.obj (.bss:xQueueRegistry)
                  20006544    00000040     usbdenum.obj (.bss:g_pui8DataBufferIn)
                  20006584    00000024     cmdline.obj (.bss:g_ppcArgv)
                  200065a8    00000020     (.common:g_usUARTRxHistoryOffset)
                  200065c8    00000018     (.common:g_pfnTickHandlers)
                  200065e0    00000018     (.common:g_pi32USBHActiveDriver)
                  200065f8    00000018     (.common:g_ppvDriverInstance)
                  20006610    00000018     (.common:g_pui8RxBufferWorkspace)
                  20006628    00000018     (.common:g_pui8TxBufferWorkspace)
                  20006640    00000018     (.common:g_pvTickInstance)
                  20006658    00000014     (.common:xActiveTimerList1)
                  2000666c    00000014     (.common:xActiveTimerList2)
                  20006680    00000014     (.common:xDelayedTaskList1)
                  20006694    00000014     (.common:xDelayedTaskList2)
                  200066a8    00000014     (.common:xPendingReadyList)
                  200066bc    00000014     (.common:xSuspendedTaskList)
                  200066d0    00000014     (.common:xTasksWaitingTermination)
                  200066e4    0000000c     (.common:g_ui32Colors)
                  200066f0    00000008     (.common:g_pui32Alloc)
                  200066f8    00000008     (.common:xEnd)
                  20006700    00000008     (.common:xStart)
                  20006708    00000004     (.common:g_pfnUSBModeCallback)
                  2000670c    00000004     (.common:g_ppsDevInfo)
                  20006710    00000004     (.common:g_pui8OversampleFactor)
                  20006714    00000004     (.common:g_ui32CPUUsage)
                  20006718    00000004     (.common:g_ui32CPUUsagePrevious)
                  2000671c    00000004     (.common:g_ui32CPUUsageTicks)
                  20006720    00000004     (.common:g_ui32CPUUsageTimer)
                  20006724    00000004     (.common:g_ui32ChangeFlags)
                  20006728    00000004     (.common:g_ui32HubChanges)
                  2000672c    00000004     (.common:g_ui32PollRate)
                  20006730    00000004     (.common:g_ui32PortNum)
                  20006734    00000004     (.common:g_ui32ULPISupport)
                  20006738    00000004     (.common:g_ui32ULPISupport)
                  2000673c    00000004     (.common:g_ulSystemClock)
                  20006740    00000004     (.common:g_xRxLineSemaphore)
                  20006744    00000004     (.common:potQueue)
                  20006748    00000004     (.common:pxCurrentTimerList)
                  2000674c    00000004     (.common:pxDelayedTaskList)
                  20006750    00000004     (.common:pxOverflowDelayedTaskList)
                  20006754    00000004     (.common:pxOverflowTimerList)
                  20006758    00000004     (.common:ulFlags$1)
                  2000675c    00000004     (.common:xCharsForTx)
                  20006760    00000004     (.common:xRxedChars)
                  20006764    00000001     (.common:g_bDisableEcho)
                  20006765    00000001     (.common:g_eOTGModeState)

.data      0    20006768    00000350     UNINITIALIZED
                  20006768    000000b0     rtsv7M4_T_le_v4SPD16_eabi.lib : signal.obj (.data:sigtable)
                  20006818    00000080                                   : xvalues.obj (.data)
                  20006898    00000060     usb_serial_structs.obj (.data:g_sCDCDevice)
                  200068f8    00000054     commands.obj (.data:g_psCmdTable)
                  2000694c    00000040     usbdcdc.obj (.data)
                  2000698c    00000038     tasks.obj (.data)
                  200069c4    00000030     cpu_usage.obj (.data)
                  200069f4    0000002c     usbhostenum.obj (.data)
                  20006a20    0000001d     uartstdio.obj (.data)
                  20006a3d    00000001     main.obj (.data)
                  20006a3e    00000002     --HOLE--
                  20006a40    00000010     port.obj (.data)
                  20006a50    00000010     usb_dev_serial.obj (.data)
                  20006a60    0000000c     usbtick.obj (.data)
                  20006a6c    00000009     usbmode.obj (.data)
                  20006a75    00000003     --HOLE--
                  20006a78    00000008     heap_2.obj (.data)
                  20006a80    00000008     rtsv7M4_T_le_v4SPD16_eabi.lib : _lock.obj (.data)
                  20006a88    00000008                                   : exit.obj (.data)
                  20006a90    00000008                                   : feraiseexcept.obj (.data)
                  20006a98    00000008     timers.obj (.data)
                  20006aa0    00000008     usbdenum.obj (.data)
                  20006aa8    00000004     rgb.obj (.data)
                  20006aac    00000004     rtsv7M4_T_le_v4SPD16_eabi.lib : errno.obj (.data)
                  20006ab0    00000004                                   : stkdepth_vars.obj (.data)
                  20006ab4    00000004     ustdlib.obj (.data)

.TI.noinit 
*          0    2000026c    00000000     UNINITIALIZED

.TI.persistent 
*          0    20006768    00000000     UNINITIALIZED

.stack     0    20006ab8    00000200     UNINITIALIZED
                  20006ab8    00000200     --HOLE--


LINKER GENERATED COPY TABLES

__TI_cinit_table @ 00014358 records: 3, size/record: 8, table size: 24
	.data: load addr=000141d0, load size=0000016c bytes, run addr=20006768, run size=00000350 bytes, compression=rle
	.bss: load addr=00014348, load size=00000008 bytes, run addr=2000026c, run size=000064fa bytes, compression=zero_init
	.vtable: load addr=00014350, load size=00000008 bytes, run addr=20000000, run size=0000026c bytes, compression=zero_init


LINKER GENERATED HANDLER TABLE

__TI_handler_table @ 0001433c records: 3, size/record: 4, table size: 12
	index: 0, handler: __TI_zero_init
	index: 1, handler: __TI_decompress_rle24
	index: 2, handler: __TI_decompress_none


GLOBAL SYMBOLS: SORTED ALPHABETICALLY BY Name 

address   name                                 
-------   ----                                 
0000e46d  ADCBusy                              
0000e4b5  ADCClockConfigGet                    
0000e48b  ADCClockConfigSet                    
0000e287  ADCComparatorConfigure               
0000e357  ADCComparatorIntClear                
0000e30d  ADCComparatorIntDisable              
0000e32b  ADCComparatorIntEnable               
0000e349  ADCComparatorIntStatus               
0000e2a3  ADCComparatorRegionSet               
0000e2c7  ADCComparatorReset                   
0000e255  ADCHardwareOversampleConfigure       
0000de6b  ADCIntClear                          
0000e3cf  ADCIntClearEx                        
0000ddd1  ADCIntDisable                        
0000e369  ADCIntDisableEx                      
0000dded  ADCIntEnable                         
0000e381  ADCIntEnableEx                       
0000f9a1  ADCIntHandler                        
0000dd8b  ADCIntRegister                       
0000de13  ADCIntStatus                         
0000e39d  ADCIntStatusEx                       
0000ddb3  ADCIntUnregister                     
0000e427  ADCPhaseDelayGet                     
0000e415  ADCPhaseDelaySet                     
0000e0cb  ADCProcessorTrigger                  
0000e403  ADCReferenceGet                      
0000e3e7  ADCReferenceSet                      
0000deb5  ADCSequenceConfigure                 
0000e451  ADCSequenceDMADisable                
0000e435  ADCSequenceDMAEnable                 
0000e089  ADCSequenceDataGet                   
0000de9b  ADCSequenceDisable                   
0000de81  ADCSequenceEnable                    
0000e02d  ADCSequenceOverflow                  
0000e045  ADCSequenceOverflowClear             
0000df39  ADCSequenceStepConfigure             
0000e05b  ADCSequenceUnderflow                 
0000e073  ADCSequenceUnderflowClear            
0000e0ef  ADCSoftwareOversampleConfigure       
0000e1e7  ADCSoftwareOversampleDataGet         
0000e127  ADCSoftwareOversampleStepConfigure   
0001342d  C$$EXIT                              
000128d3  CPUUsageInit                         
00012895  CPUUsageTick                         
00013525  CPUbasepriGet                        
00013517  CPUbasepriSet                        
000134f1  CPUcpsid                             
00013507  CPUcpsie                             
000134fd  CPUprimask                           
00013513  CPUwfi                               
00012cc9  CmdLineProcess                       
000103a1  Cmd_cpu                              
000103cb  Cmd_free                             
00010495  Cmd_help                             
0001045d  Cmd_stats                            
000103e1  Cmd_tasks                            
0000026d  ConfigDescAlloc                      
00000303  ConfigDescFree                       
00013679  GetOverflowCounts                    
00010931  IntDisable                           
000108bf  IntEnable                            
000109a3  IntIsEnabled                         
00010783  IntMasterDisable                     
00010773  IntMasterEnable                      
00010a99  IntPendClear                         
00010a29  IntPendSet                           
0001089b  IntPriorityGet                       
00010813  IntPriorityGroupingGet               
000107f9  IntPriorityGroupingSet               
00010af3  IntPriorityMaskGet                   
00010ae7  IntPriorityMaskSet                   
0001084b  IntPrioritySet                       
00010793  IntRegister                          
00010afb  IntTrigger                           
000107e5  IntUnregister                        
000023d9  InternalUSBHCDSendEvent              
000129cb  InternalUSBRegisterTickHandler       
00012a1b  InternalUSBStartOfFrameTick          
00012985  InternalUSBTickInit                  
000129c3  InternalUSBTickReset                 
0000f4bb  OTGDeviceDisconnect                  
0000a4bd  ProcessDataFromHost                  
0000a5cd  ProcessDataToHost                    
0000a56b  ProcessNotificationToHost            
0000ff6d  RGBBlinkIntHandler                   
00010279  RGBBlinkRateSet                      
0001030d  RGBColorGet                          
000101b5  RGBColorSet                          
0001013f  RGBDisable                           
00010087  RGBEnable                            
0000ff9b  RGBInit                              
00010265  RGBIntensitySet                      
0001019d  RGBSet                               
00013621  ResetISR                             
UNDEFED   SHT$$INIT_ARRAY$$Base                
UNDEFED   SHT$$INIT_ARRAY$$Limit               
0000a213  SysCtlAltClkConfig                   
000099e1  SysCtlClockFreqSet                   
00009ec5  SysCtlClockGet                       
0000a1f7  SysCtlClockOutConfig                 
00009cf9  SysCtlClockSet                       
000098e1  SysCtlDeepSleep                      
0000a099  SysCtlDeepSleepClockConfigSet        
0000a07d  SysCtlDeepSleepClockSet              
000098c1  SysCtlDeepSleepPowerSet              
0001379f  SysCtlDelay                          
0000946d  SysCtlFlashSectorSizeGet             
00009441  SysCtlFlashSizeGet                   
0000a16f  SysCtlGPIOAHBDisable                 
0000a153  SysCtlGPIOAHBEnable                  
00009855  SysCtlIntClear                       
0000983d  SysCtlIntDisable                     
00009829  SysCtlIntEnable                      
00009801  SysCtlIntRegister                    
00009865  SysCtlIntStatus                      
00009819  SysCtlIntUnregister                  
000098a7  SysCtlLDODeepSleepGet                
00009897  SysCtlLDODeepSleepSet                
00009891  SysCtlLDOSleepGet                    
00009881  SysCtlLDOSleepSet                    
00009917  SysCtlMOSCConfigSet                  
0000a1e3  SysCtlNMIClear                       
0000a1dd  SysCtlNMIStatus                      
0000992d  SysCtlPIOSCCalibrate                 
0000a13d  SysCtlPWMClockGet                    
0000a123  SysCtlPWMClockSet                    
000097ad  SysCtlPeripheralClockGating          
00009765  SysCtlPeripheralDeepSleepDisable     
00009715  SysCtlPeripheralDeepSleepEnable      
00009651  SysCtlPeripheralDisable              
00009615  SysCtlPeripheralEnable               
00009551  SysCtlPeripheralPowerOff             
00009515  SysCtlPeripheralPowerOn              
00009495  SysCtlPeripheralPresent              
000094d5  SysCtlPeripheralReady                
0000958d  SysCtlPeripheralReset                
000096d9  SysCtlPeripheralSleepDisable         
00009695  SysCtlPeripheralSleepEnable          
000098d1  SysCtlReset                          
0000998d  SysCtlResetBehaviorGet               
0000997d  SysCtlResetBehaviorSet               
00009903  SysCtlResetCauseClear                
000098fd  SysCtlResetCauseGet                  
00009437  SysCtlSRAMSizeGet                    
000098d9  SysCtlSleep                          
000098ad  SysCtlSleepPowerSet                  
0000a19d  SysCtlUSBPLLDisable                  
0000a18b  SysCtlUSBPLLEnable                   
0000a1c9  SysCtlVoltageEventClear              
0000a1ad  SysCtlVoltageEventConfig             
0000a1bd  SysCtlVoltageEventStatus             
0000eacd  TimerADCEventGet                     
0000eabb  TimerADCEventSet                     
0000e7e5  TimerClockSourceGet                  
0000e7c9  TimerClockSourceSet                  
0000e5a7  TimerConfigure                       
0000e6c7  TimerControlEvent                    
0000e623  TimerControlLevel                    
0000e6f1  TimerControlStall                    
0000e659  TimerControlTrigger                  
0000e727  TimerControlWaitOnTrigger            
0000eaed  TimerDMAEventGet                     
0000eadb  TimerDMAEventSet                     
0000e589  TimerDisable                         
0000e56b  TimerEnable                          
0000ea97  TimerIntClear                        
0000ea61  TimerIntDisable                      
0000ea49  TimerIntEnable                       
0000ea03  TimerIntRegister                     
0000ea79  TimerIntStatus                       
0000ea2b  TimerIntUnregister                   
0000e8af  TimerLoadGet                         
0000e8eb  TimerLoadGet64                       
0000e885  TimerLoadSet                         
0000e8cb  TimerLoadSet64                       
0000e995  TimerMatchGet                        
0000e9d1  TimerMatchGet64                      
0000e96b  TimerMatchSet                        
0000e9b1  TimerMatchSet64                      
0000e81f  TimerPrescaleGet                     
0000e869  TimerPrescaleMatchGet                
0000e83b  TimerPrescaleMatchSet                
0000e7f5  TimerPrescaleSet                     
0000e79d  TimerRTCDisable                      
0000e787  TimerRTCEnable                       
0000eaa9  TimerSynchronize                     
0000eafb  TimerUpdateMode                      
0000e91d  TimerValueGet                        
0000e939  TimerValueGet64                      
0000b811  UARTEchoSet                          
0000b7ab  UARTFlushRx                          
0000b7d3  UARTFlushTx                          
0000b751  UARTPeek                             
0000b72f  UARTRxBytesAvail                     
0000b195  UARTStdioConfig                      
0000b849  UARTStdioIntHandler                  
0000b73d  UARTTxBytesFree                      
0000b3a5  UARTgetc                             
0000b329  UARTgets                             
0000b70b  UARTprintf                           
0000b411  UARTvprintf                          
0000b283  UARTwrite                            
00012b43  ULPIConfigSet                        
00012be5  ULPIPowerTransceiver                 
0001369d  USB0DeviceIntHandler                 
0000f18d  USB0DualModeIntHandler               
000022e1  USB0HostIntHandler                   
0000f3d5  USB0OTGModeIntHandler                
0000fe1f  USBBufferCallbackDataSet             
0000fecd  USBBufferDataAvailable               
0000fe05  USBBufferDataRemoved                 
0000fde5  USBBufferDataWritten                 
0000fef1  USBBufferEventCallback               
0000fe7d  USBBufferFlush                       
0000fdb3  USBBufferInfoGet                     
0000fd61  USBBufferInit                        
0000fe8f  USBBufferRead                        
0000fedf  USBBufferSpaceAvailable              
0000fe39  USBBufferWrite                       
0000fd83  USBBufferZeroLengthPacketInsert      
00005cdb  USBClockDisable                      
00005cbf  USBClockEnable                       
000117e5  USBControlHandler                    
00005cab  USBControllerVersion                 
0000ac31  USBDCDCCompositeInit                 
0000ad27  USBDCDCInit                          
0000aea9  USBDCDCPacketRead                    
0000ae07  USBDCDCPacketWrite                   
0000b05b  USBDCDCPowerStatusSet                
0000b06f  USBDCDCRemoteWakeupRequest           
0000afa1  USBDCDCRxPacketAvailable             
0000b001  USBDCDCSerialStateChange             
0000adad  USBDCDCSetControlCBData              
0000adcb  USBDCDCSetRxCBData                   
0000ade9  USBDCDCSetTxCBData                   
0000ad95  USBDCDCTerm                          
0000af7f  USBDCDCTxPacketAvailable             
00011619  USBDCDConfigDescGet                  
000115cb  USBDCDConfigDescGetNum               
00011593  USBDCDConfigDescGetSize              
000116fb  USBDCDConfigGetInterface             
00011731  USBDCDConfigGetInterfaceEndpoint     
000116a7  USBDCDConfigGetNumAlternateInterfaces
000060a1  USBDCDDeviceInfoInit                 
000063fd  USBDCDFeatureSet                     
000060f1  USBDCDInit                           
00006387  USBDCDPowerStatusSet                 
000064bd  USBDCDRemoteWakeLPM                  
000064e1  USBDCDRemoteWakeupRequest            
00006311  USBDCDRequestDataEP0                 
00006337  USBDCDSendDataEP0                    
00006359  USBDCDSetDefaultConfiguration        
0000636b  USBDCDStallEP0                       
00006299  USBDCDTerm                           
00005e13  USBDMAChannelAddressGet              
00005df7  USBDMAChannelAddressSet              
00005d7d  USBDMAChannelConfigSet               
00005e47  USBDMAChannelCountGet                
00005e2b  USBDMAChannelCountSet                
00005d5d  USBDMAChannelDisable                 
00005d3d  USBDMAChannelEnable                  
00005d0d  USBDMAChannelIntDisable              
00005ced  USBDMAChannelIntEnable               
00005d2d  USBDMAChannelIntStatus               
00005dad  USBDMAChannelStatus                  
00005dcd  USBDMAChannelStatusClear             
00005e5f  USBDMANumChannels                    
000120fd  USBDescGet                           
00012221  USBDescGetInterface                  
0001224f  USBDescGetInterfaceEndpoint          
000120a1  USBDescGetNum                        
00012167  USBDescGetNumAlternateInterfaces     
00005119  USBDevAddrGet                        
00005105  USBDevAddrSet                        
000050d9  USBDevConnect                        
000050ef  USBDevDisconnect                     
0000544f  USBDevEndpointConfigGet              
0000535d  USBDevEndpointConfigSet              
000057d9  USBDevEndpointDataAck                
00005003  USBDevEndpointStall                  
00005065  USBDevEndpointStallClear             
00004e7f  USBDevEndpointStatusClear            
00005fcb  USBDevLPMConfig                      
00005ff9  USBDevLPMDisable                     
00005fe1  USBDevLPMEnable                      
00005fb3  USBDevLPMRemoteWake                  
00005c13  USBDevMode                           
00004c45  USBDevSpeedGet                       
00010bf7  USBDeviceConfig                      
00010ded  USBDeviceConfigAlternate             
0000660d  USBDeviceEnumHandler                 
00006759  USBDeviceEnumResetHandler            
000071a9  USBDeviceIntHandlerInternal          
00006515  USBDeviceResumeTickHandler           
0000f1d9  USBDualModeInit                      
0000f249  USBDualModeTerm                      
00005bc5  USBEndpointDMAChannel                
0000560b  USBEndpointDMAConfigSet              
000056dd  USBEndpointDMADisable                
000056a3  USBEndpointDMAEnable                 
00005717  USBEndpointDataAvail                 
0000574f  USBEndpointDataGet                   
00005849  USBEndpointDataPut                   
000058ad  USBEndpointDataSend                  
00004f9d  USBEndpointDataToggleClear           
00005c77  USBEndpointPacketCountSet            
00004e0b  USBEndpointStatus                    
00005b9b  USBFIFOAddrGet                       
000055a5  USBFIFOConfigGet                     
0000553f  USBFIFOConfigSet                     
00005905  USBFIFOFlush                         
00005b5f  USBFrameNumberGet                    
00002911  USBHCDControlTransfer                
00002d61  USBHCDDevAddress                     
00002d95  USBHCDDevClass                       
00002d39  USBHCDDevHubPort                     
00002e29  USBHCDDevProtocol                    
00002de1  USBHCDDevSubClass                    
0000041b  USBHCDEventDisable                   
000003eb  USBHCDEventEnable                    
00002e89  USBHCDFeatureSet                     
00002a6d  USBHCDHubDeviceConnected             
00002b05  USBHCDHubDeviceDisconnected          
00001491  USBHCDInit                           
00002fd3  USBHCDLPMResume                      
00002f6b  USBHCDLPMSleep                       
00002f41  USBHCDLPMStatus                      
00002509  USBHCDMain                           
00000873  USBHCDPipeAlloc                      
000005f1  USBHCDPipeAllocSize                  
000008c1  USBHCDPipeConfig                     
00000dcb  USBHCDPipeDataAck                    
00001009  USBHCDPipeFree                       
00000dfd  USBHCDPipeRead                       
00000d81  USBHCDPipeReadNonBlocking            
00000c55  USBHCDPipeSchedule                   
00000a3b  USBHCDPipeStatus                     
000005cb  USBHCDPipeTransferSizeGet            
00000a71  USBHCDPipeWrite                      
00001437  USBHCDPowerAutomatic                 
000013a7  USBHCDPowerConfigGet                 
00001395  USBHCDPowerConfigInit                
000013c5  USBHCDPowerConfigSet                 
000015ad  USBHCDRegisterDrivers                
000016b1  USBHCDReset                          
0000170d  USBHCDResume                         
000018ed  USBHCDSetAddress                     
00001a33  USBHCDSetConfig                      
00001a7b  USBHCDSetInterface                   
0000188d  USBHCDStringDescriptorGet            
000016fb  USBHCDSuspend                        
000015e1  USBHCDTerm                           
0000dc9d  USBHHubClose                         
0000dc41  USBHHubEnumerationComplete           
0000dc63  USBHHubEnumerationError              
0000dcb1  USBHHubInit                          
0000dcdf  USBHHubLPMSleep                      
0000dced  USBHHubLPMStatus                     
0000da15  USBHHubMain                          
0000dc85  USBHHubOpen                          
00004bb3  USBHighSpeed                         
00005a15  USBHostAddrGet                       
000059dd  USBHostAddrSet                       
00001ac7  USBHostCheckPipes                    
0000512d  USBHostEndpointConfig                
00005817  USBHostEndpointDataAck               
00004f01  USBHostEndpointDataToggle            
00004fd7  USBHostEndpointPing                  
000052c7  USBHostEndpointSpeed                 
00004e37  USBHostEndpointStatusClear           
00005aa7  USBHostHubAddrGet                    
00005a43  USBHostHubAddrSet                    
00001b8d  USBHostIntHandlerInternal            
00005f77  USBHostLPMConfig                     
00005f9b  USBHostLPMResume                     
00005f2f  USBHostLPMSend                       
00005c01  USBHostMode                          
00005ad5  USBHostPwrConfig                     
00005b47  USBHostPwrDisable                    
00005b2f  USBHostPwrEnable                     
00005b17  USBHostPwrFaultDisable               
00005aff  USBHostPwrFaultEnable                
00005975  USBHostRequestIN                     
0000599d  USBHostRequestINClear                
000059cb  USBHostRequestStatus                 
00004b85  USBHostReset                         
00004be1  USBHostResume                        
00004c0f  USBHostSpeedGet                      
00004b6f  USBHostSuspend                       
00004c5d  USBIntDisableControl                 
00004d21  USBIntDisableEndpoint                
00004c9b  USBIntEnableControl                  
00004d4f  USBIntEnableEndpoint                 
00004dd3  USBIntRegister                       
00004cd5  USBIntStatusControl                  
00004d7d  USBIntStatusEndpoint                 
00004df1  USBIntUnregister                     
00006025  USBLPMEndpointGet                    
00006085  USBLPMIntDisable                     
0000606b  USBLPMIntEnable                      
0000605b  USBLPMIntStatus                      
00006011  USBLPMLinkStateGet                   
00006041  USBLPMRemoteWakeEnabled              
00009171  USBLibDMAAddrGet                     
000091a1  USBLibDMAInit                        
00009189  USBLibDMASizeGet                     
00005c37  USBModeConfig                        
00005bb1  USBModeGet                           
00005c97  USBNumEndpointsGet                   
0000f57d  USBOTGFeatureSet                     
0000f4e1  USBOTGMain                           
00005c25  USBOTGMode                           
0000f2b7  USBOTGModeInit                       
0000f27d  USBOTGModeTerm                       
0000f3ad  USBOTGPollRate                       
00005b6d  USBOTGSessionRequest                 
00005c4b  USBPHYPowerOff                       
00005c61  USBPHYPowerOn                        
000113b7  USBRingBufAdvanceRead                
000113e5  USBRingBufAdvanceWrite               
00011311  USBRingBufContigFree                 
000112e3  USBRingBufContigUsed                 
00011251  USBRingBufEmpty                      
0001127b  USBRingBufFlush                      
000112cd  USBRingBufFree                       
00011217  USBRingBufFull                       
0001149d  USBRingBufInit                       
00011381  USBRingBufRead                       
0001135b  USBRingBufReadOne                    
0001134d  USBRingBufSize                       
0001129b  USBRingBufUsed                       
00011467  USBRingBufWrite                      
00011441  USBRingBufWriteOne                   
000118d3  USBRxHandler                         
0000f151  USBStackModeSet                      
0001186f  USBTxHandler                         
00005e71  USBULPIConfig                        
00005e9f  USBULPIDisable                       
00005e87  USBULPIEnable                        
00005eb7  USBULPIRegRead                       
00005eef  USBULPIRegWrite                      
00011929  UsbSerialInit                        
00013565  _Dclass                              
20006818  _Denorm                              
00012c0b  _Dnorm                               
00012689  _Dscale                              
000130d9  _Dunscale                            
20006828  _Eps                                 
20006aac  _Errno                               
20006a90  _Fenv                                
00013595  _Feraise                             
20006838  _Hugeval                             
20006848  _Inf                                 
20006858  _Nan                                 
20006878  _Rteps                               
20006868  _Snan                                
20006a94  _Tls_setup__Fenv                     
20006888  _Xbig                                
20006890  _Zero                                
20006cb8  __STACK_END                          
00000200  __STACK_SIZE                         
20006cb8  __STACK_TOP                          
00014358  __TI_CINIT_Base                      
00014370  __TI_CINIT_Limit                     
0001433c  __TI_Handler_Table_Base              
00014348  __TI_Handler_Table_Limit             
00012f99  __TI_auto_init                       
20006a88  __TI_cleanup_ptr                     
00013785  __TI_decompress_none                 
000137a5  __TI_decompress_rle24                
20006a8c  __TI_dtors_ptr                       
0000814d  __TI_printfi                         
00000000  __TI_static_base__                   
00013793  __TI_zero_init                       
00012e11  __aeabi_cdcmpeq                      
00012e11  __aeabi_cdcmple                      
00012e97  __aeabi_cdrcmple                     
000133e5  __aeabi_d2iz                         
0001227d  __aeabi_dadd                         
00012429  __aeabi_ddiv                         
00012799  __aeabi_dmul                         
00012273  __aeabi_dsub                         
000132fd  __aeabi_f2ulz                        
000135c5  __aeabi_i2d                          
0000609f  __aeabi_idiv0                        
00012f1d  __aeabi_memclr                       
00012f1d  __aeabi_memclr4                      
00012f1d  __aeabi_memclr8                      
00012d75  __aeabi_memcpy                       
00012d75  __aeabi_memcpy4                      
00012d75  __aeabi_memcpy8                      
00012f1f  __aeabi_memset                       
00012f1f  __aeabi_memset4                      
00012f1f  __aeabi_memset8                      
000134b1  __aeabi_uidiv                        
000134b1  __aeabi_uidivmod                     
00011cd9  __aeabi_uldivmod                     
ffffffff  __binit__                            
ffffffff  __c_args__                           
20006ab8  __stack                              
00013701  _args_main                           
000132ad  _c_int00                             
00013ad0  _ctypes_                             
20006a80  _lock                                
00013757  _nop                                 
0001374f  _register_lock                       
00013749  _register_unlock                     
000137ab  _system_pre_init                     
20006a84  _unlock                              
00013431  abort                                
00010ff9  add_checksum_and_stuff               
0001334d  atoi                                 
ffffffff  binit                                
0000f8d9  confADC                              
0000f845  confGPIO                             
0000f98f  confQueue                            
0000f7a7  confSys                              
0000f85d  confTasks                            
0000f951  confTimer                            
0000f7d7  confUART                             
00013399  copy_in                              
00013071  create_checksum                      
000110bf  create_frame                         
0001106b  destuff_and_check_checksum           
00003e9d  eTaskConfirmSleepModeStatus          
00013439  exit                                 
00013531  feraiseexcept                        
00010f59  frame_DeStuffing                     
00010eb9  frame_stuffing                       
0001364d  frexp                                
20006a60  g_bUSBTimerInitialized               
20006765  g_eOTGModeState                      
20006a6c  g_iUSBMode                           
00013f14  g_pCDCCompSerConfigDescriptors       
20000000  g_pfnRAMVectors                      
200065c8  g_pfnTickHandlers                    
00000000  g_pfnVectors                         
00013f10  g_ppCDCSerConfigDescriptors          
2000670c  g_ppsDevInfo                         
00014138  g_ppui8StringDescriptors             
2000697c  g_psCDCCompSerSections               
20006970  g_psCDCSerSections                   
200068f8  g_psCmdTable                         
200064a4  g_psDCDInst                          
000140d4  g_pui8CDCSerCommInterface            
00014150  g_pui8CDCSerDataInterface            
2000695e  g_pui8CDCSerDescriptor               
2000694c  g_pui8CDCSerDeviceDescriptor         
00013f18  g_pui8ConfigString                   
00014014  g_pui8ControlInterfaceString         
20006967  g_pui8IADSerDescriptor               
00014167  g_pui8LangDescriptor                 
00014068  g_pui8ManufacturerString             
000140f7  g_pui8ProductString                  
20006610  g_pui8RxBufferWorkspace              
0001416b  g_pui8SerialNumberString             
20006628  g_pui8TxBufferWorkspace              
20006188  g_pui8USBRxBuffer                    
20006288  g_pui8USBTxBuffer                    
20006640  g_pvTickInstance                     
00013f08  g_sCDCCompSerConfigHeader            
20006898  g_sCDCDevice                         
00013fb4  g_sCDCHandlers                       
00013ef0  g_sCDCSerCommInterfaceSection        
00013f00  g_sCDCSerConfigHeader                
00013ee0  g_sCDCSerConfigSection               
00013ef8  g_sCDCSerDataInterfaceSection        
00013ee8  g_sIADSerConfigSection               
0001408c  g_sRxBuffer                          
000140b0  g_sTxBuffer                          
20006714  g_ui32CPUUsage                       
20006a64  g_ui32CurrentUSBTick                 
2000672c  g_ui32PollRate                       
20006a68  g_ui32USBSOFCount                    
20006a70  g_ui32WaitTicks                      
2000673c  g_ulSystemClock                      
20006a54  g_ulUARTRxCount                      
20006a50  g_ulUARTTxCount                      
20006740  g_xRxLineSemaphore                   
0001325b  ldexp                                
00013205  ltoa                                 
0000f777  main                                 
20006ab0  main_func_sp                         
000136e3  memccpy                              
000136c1  memcmp                               
00012d75  memcpy                               
00012f25  memset                               
0000381f  pcTaskGetTaskName                    
0000ec4d  pcTimerGetTimerName                  
20006744  potQueue                             
00011ecd  pvPortMalloc                         
0000467b  pvTaskIncrementMutexHeldCount        
0000f035  pvTimerGetTimerID                    
2000698c  pxCurrentTCB                         
00011a4d  pxPortInitialiseStack                
000135f3  raise                                
00011143  receive_frame                        
0001119d  send_frame                           
00013471  signal                               
000131a5  sprintf                              
00013731  strchr                               
00013719  strcmp                               
0001375d  strcpy                               
00013771  strlen                               
0000d12d  ucQueueGetQueueType                  
00012ad3  ulPortSetInterruptMask               
00004699  ulTaskNotifyTake                     
0000c2a1  ulocaltime                           
0000c49f  umktime                              
0000ca19  urand                                
0000c271  usnprintf                            
0000c23f  usprintf                             
0000ca09  usrand                               
0000c981  ustrcasecmp                          
0000c9f5  ustrcmp                              
0000c885  ustrlen                              
0000c8dd  ustrncasecmp                         
0000c995  ustrncmp                             
0000bdbd  ustrncpy                             
0000c8a7  ustrstr                              
0000c64d  ustrtof                              
0000c515  ustrtoul                             
0000be15  uvsnprintf                           
00012641  uxListRemove                         
0000d10d  uxQueueGetQueueNumber                
0000d0af  uxQueueMessagesWaiting               
0000d0e5  uxQueueMessagesWaitingFromISR        
0000d0c5  uxQueueSpacesAvailable               
00003819  uxTaskGetNumberOfTasks               
00004229  uxTaskGetStackHighWaterMark          
00003841  uxTaskGetSystemState                 
00003e0b  uxTaskGetTaskNumber                  
000032d9  uxTaskPriorityGet                    
0000330d  uxTaskPriorityGetFromISR             
00004659  uxTaskResetEventItemValue            
0000f60b  vApplicationIdleHook                 
0000f613  vApplicationMallocFailedHook         
0000f5e1  vApplicationStackOverflowHook        
0000f5eb  vApplicationTickHook                 
00013141  vConfigureTimerForRunTimeStats       
0001255f  vListInitialise                      
0001258f  vListInitialiseItem                  
000125db  vListInsert                          
0001259f  vListInsertEnd                       
00012ae9  vPortClearInterruptMask              
00012b2b  vPortEnableVFP                       
00011ae1  vPortEndScheduler                    
00011ae3  vPortEnterCritical                   
00011afb  vPortExitCritical                    
00011fdb  vPortFree                            
00012b3d  vPortGetIPSR                         
00012043  vPortInitialiseBlocks                
00012aef  vPortSVCHandler                      
00011c7d  vPortSetupTimerInterrupt             
00012b0d  vPortStartFirstTask                  
00011b2f  vPortSuppressTicksAndSleep           
0000d33f  vQueueAddToRegistry                  
0000d0f7  vQueueDelete                         
0000d11b  vQueueSetQueueNumber                 
0000d381  vQueueUnregisterQueue                
0000d3bb  vQueueWaitForMessageRestricted       
00003277  vTaskDelay                           
000031cf  vTaskDelayUntil                      
00003133  vTaskDelete                          
000036b3  vTaskEndScheduler                    
00004595  vTaskGetRunTimeStats                 
0000449d  vTaskList                            
00003e03  vTaskMissedYield                     
00004a39  vTaskNotifyGiveFromISR               
00003b41  vTaskPlaceOnEventList                
00003c19  vTaskPlaceOnEventListRestricted      
00003ba9  vTaskPlaceOnUnorderedEventList       
000042f9  vTaskPriorityInherit                 
00003355  vTaskPrioritySet                     
0000355d  vTaskResume                          
00003e31  vTaskSetTaskNumber                   
00003d67  vTaskSetTimeOutState                 
0000365d  vTaskStartScheduler                  
00003905  vTaskStepTick                        
00003465  vTaskSuspend                         
000036c5  vTaskSuspendAll                      
00003a61  vTaskSwitchContext                   
000104d9  vUARTTask                            
0001203d  xPortGetFreeHeapSize                 
00012a75  xPortPendSVHandler                   
00011aab  xPortStartScheduler                  
00011b13  xPortSysTickHandler                  
0000cc4d  xQueueCreateCountingSemaphore        
0000cb51  xQueueCreateMutex                    
0000cadd  xQueueGenericCreate                  
0000ce85  xQueueGenericReceive                 
0000ca41  xQueueGenericReset                   
0000cc6d  xQueueGenericSend                    
0000cd95  xQueueGenericSendFromISR             
0000ce13  xQueueGiveFromISR                    
0000cbc7  xQueueGiveMutexRecursive             
0000d2db  xQueueIsQueueEmptyFromISR            
0000d31d  xQueueIsQueueFullFromISR             
0000d06b  xQueuePeekFromISR                    
0000cff3  xQueueReceiveFromISR                 
200064f4  xQueueRegistry                       
0000cc03  xQueueTakeMutexRecursive             
00003d89  xTaskCheckForTimeOut                 
00003019  xTaskGenericCreate                   
000042b5  xTaskGetCurrentTaskHandle            
000042cd  xTaskGetSchedulerState               
000037ef  xTaskGetTickCount                    
00003805  xTaskGetTickCountFromISR             
00003935  xTaskIncrementTick                   
00004861  xTaskNotify                          
00004951  xTaskNotifyFromISR                   
00004769  xTaskNotifyWait                      
000043b3  xTaskPriorityDisinherit              
00003c61  xTaskRemoveFromEventList             
00003cf9  xTaskRemoveFromUnorderedEventList    
00003711  xTaskResumeAll                       
000035d9  xTaskResumeFromISR                   
0000eb8b  xTimerCreate                         
0000eb51  xTimerCreateTimerTask                
0000ebdf  xTimerGenericCommand                 
0000f009  xTimerIsTimerActive                  
0000f083  xTimerPendFunctionCall               
0000f04d  xTimerPendFunctionCallFromISR        
000119b9  xUSBSerialGetChar                    
000119cf  xUSBSerialPutChar                    


GLOBAL SYMBOLS: SORTED BY Symbol Address 

address   name                                 
-------   ----                                 
00000000  __TI_static_base__                   
00000000  g_pfnVectors                         
00000200  __STACK_SIZE                         
0000026d  ConfigDescAlloc                      
00000303  ConfigDescFree                       
000003eb  USBHCDEventEnable                    
0000041b  USBHCDEventDisable                   
000005cb  USBHCDPipeTransferSizeGet            
000005f1  USBHCDPipeAllocSize                  
00000873  USBHCDPipeAlloc                      
000008c1  USBHCDPipeConfig                     
00000a3b  USBHCDPipeStatus                     
00000a71  USBHCDPipeWrite                      
00000c55  USBHCDPipeSchedule                   
00000d81  USBHCDPipeReadNonBlocking            
00000dcb  USBHCDPipeDataAck                    
00000dfd  USBHCDPipeRead                       
00001009  USBHCDPipeFree                       
00001395  USBHCDPowerConfigInit                
000013a7  USBHCDPowerConfigGet                 
000013c5  USBHCDPowerConfigSet                 
00001437  USBHCDPowerAutomatic                 
00001491  USBHCDInit                           
000015ad  USBHCDRegisterDrivers                
000015e1  USBHCDTerm                           
000016b1  USBHCDReset                          
000016fb  USBHCDSuspend                        
0000170d  USBHCDResume                         
0000188d  USBHCDStringDescriptorGet            
000018ed  USBHCDSetAddress                     
00001a33  USBHCDSetConfig                      
00001a7b  USBHCDSetInterface                   
00001ac7  USBHostCheckPipes                    
00001b8d  USBHostIntHandlerInternal            
000022e1  USB0HostIntHandler                   
000023d9  InternalUSBHCDSendEvent              
00002509  USBHCDMain                           
00002911  USBHCDControlTransfer                
00002a6d  USBHCDHubDeviceConnected             
00002b05  USBHCDHubDeviceDisconnected          
00002d39  USBHCDDevHubPort                     
00002d61  USBHCDDevAddress                     
00002d95  USBHCDDevClass                       
00002de1  USBHCDDevSubClass                    
00002e29  USBHCDDevProtocol                    
00002e89  USBHCDFeatureSet                     
00002f41  USBHCDLPMStatus                      
00002f6b  USBHCDLPMSleep                       
00002fd3  USBHCDLPMResume                      
00003019  xTaskGenericCreate                   
00003133  vTaskDelete                          
000031cf  vTaskDelayUntil                      
00003277  vTaskDelay                           
000032d9  uxTaskPriorityGet                    
0000330d  uxTaskPriorityGetFromISR             
00003355  vTaskPrioritySet                     
00003465  vTaskSuspend                         
0000355d  vTaskResume                          
000035d9  xTaskResumeFromISR                   
0000365d  vTaskStartScheduler                  
000036b3  vTaskEndScheduler                    
000036c5  vTaskSuspendAll                      
00003711  xTaskResumeAll                       
000037ef  xTaskGetTickCount                    
00003805  xTaskGetTickCountFromISR             
00003819  uxTaskGetNumberOfTasks               
0000381f  pcTaskGetTaskName                    
00003841  uxTaskGetSystemState                 
00003905  vTaskStepTick                        
00003935  xTaskIncrementTick                   
00003a61  vTaskSwitchContext                   
00003b41  vTaskPlaceOnEventList                
00003ba9  vTaskPlaceOnUnorderedEventList       
00003c19  vTaskPlaceOnEventListRestricted      
00003c61  xTaskRemoveFromEventList             
00003cf9  xTaskRemoveFromUnorderedEventList    
00003d67  vTaskSetTimeOutState                 
00003d89  xTaskCheckForTimeOut                 
00003e03  vTaskMissedYield                     
00003e0b  uxTaskGetTaskNumber                  
00003e31  vTaskSetTaskNumber                   
00003e9d  eTaskConfirmSleepModeStatus          
00004229  uxTaskGetStackHighWaterMark          
000042b5  xTaskGetCurrentTaskHandle            
000042cd  xTaskGetSchedulerState               
000042f9  vTaskPriorityInherit                 
000043b3  xTaskPriorityDisinherit              
0000449d  vTaskList                            
00004595  vTaskGetRunTimeStats                 
00004659  uxTaskResetEventItemValue            
0000467b  pvTaskIncrementMutexHeldCount        
00004699  ulTaskNotifyTake                     
00004769  xTaskNotifyWait                      
00004861  xTaskNotify                          
00004951  xTaskNotifyFromISR                   
00004a39  vTaskNotifyGiveFromISR               
00004b6f  USBHostSuspend                       
00004b85  USBHostReset                         
00004bb3  USBHighSpeed                         
00004be1  USBHostResume                        
00004c0f  USBHostSpeedGet                      
00004c45  USBDevSpeedGet                       
00004c5d  USBIntDisableControl                 
00004c9b  USBIntEnableControl                  
00004cd5  USBIntStatusControl                  
00004d21  USBIntDisableEndpoint                
00004d4f  USBIntEnableEndpoint                 
00004d7d  USBIntStatusEndpoint                 
00004dd3  USBIntRegister                       
00004df1  USBIntUnregister                     
00004e0b  USBEndpointStatus                    
00004e37  USBHostEndpointStatusClear           
00004e7f  USBDevEndpointStatusClear            
00004f01  USBHostEndpointDataToggle            
00004f9d  USBEndpointDataToggleClear           
00004fd7  USBHostEndpointPing                  
00005003  USBDevEndpointStall                  
00005065  USBDevEndpointStallClear             
000050d9  USBDevConnect                        
000050ef  USBDevDisconnect                     
00005105  USBDevAddrSet                        
00005119  USBDevAddrGet                        
0000512d  USBHostEndpointConfig                
000052c7  USBHostEndpointSpeed                 
0000535d  USBDevEndpointConfigSet              
0000544f  USBDevEndpointConfigGet              
0000553f  USBFIFOConfigSet                     
000055a5  USBFIFOConfigGet                     
0000560b  USBEndpointDMAConfigSet              
000056a3  USBEndpointDMAEnable                 
000056dd  USBEndpointDMADisable                
00005717  USBEndpointDataAvail                 
0000574f  USBEndpointDataGet                   
000057d9  USBDevEndpointDataAck                
00005817  USBHostEndpointDataAck               
00005849  USBEndpointDataPut                   
000058ad  USBEndpointDataSend                  
00005905  USBFIFOFlush                         
00005975  USBHostRequestIN                     
0000599d  USBHostRequestINClear                
000059cb  USBHostRequestStatus                 
000059dd  USBHostAddrSet                       
00005a15  USBHostAddrGet                       
00005a43  USBHostHubAddrSet                    
00005aa7  USBHostHubAddrGet                    
00005ad5  USBHostPwrConfig                     
00005aff  USBHostPwrFaultEnable                
00005b17  USBHostPwrFaultDisable               
00005b2f  USBHostPwrEnable                     
00005b47  USBHostPwrDisable                    
00005b5f  USBFrameNumberGet                    
00005b6d  USBOTGSessionRequest                 
00005b9b  USBFIFOAddrGet                       
00005bb1  USBModeGet                           
00005bc5  USBEndpointDMAChannel                
00005c01  USBHostMode                          
00005c13  USBDevMode                           
00005c25  USBOTGMode                           
00005c37  USBModeConfig                        
00005c4b  USBPHYPowerOff                       
00005c61  USBPHYPowerOn                        
00005c77  USBEndpointPacketCountSet            
00005c97  USBNumEndpointsGet                   
00005cab  USBControllerVersion                 
00005cbf  USBClockEnable                       
00005cdb  USBClockDisable                      
00005ced  USBDMAChannelIntEnable               
00005d0d  USBDMAChannelIntDisable              
00005d2d  USBDMAChannelIntStatus               
00005d3d  USBDMAChannelEnable                  
00005d5d  USBDMAChannelDisable                 
00005d7d  USBDMAChannelConfigSet               
00005dad  USBDMAChannelStatus                  
00005dcd  USBDMAChannelStatusClear             
00005df7  USBDMAChannelAddressSet              
00005e13  USBDMAChannelAddressGet              
00005e2b  USBDMAChannelCountSet                
00005e47  USBDMAChannelCountGet                
00005e5f  USBDMANumChannels                    
00005e71  USBULPIConfig                        
00005e87  USBULPIEnable                        
00005e9f  USBULPIDisable                       
00005eb7  USBULPIRegRead                       
00005eef  USBULPIRegWrite                      
00005f2f  USBHostLPMSend                       
00005f77  USBHostLPMConfig                     
00005f9b  USBHostLPMResume                     
00005fb3  USBDevLPMRemoteWake                  
00005fcb  USBDevLPMConfig                      
00005fe1  USBDevLPMEnable                      
00005ff9  USBDevLPMDisable                     
00006011  USBLPMLinkStateGet                   
00006025  USBLPMEndpointGet                    
00006041  USBLPMRemoteWakeEnabled              
0000605b  USBLPMIntStatus                      
0000606b  USBLPMIntEnable                      
00006085  USBLPMIntDisable                     
0000609f  __aeabi_idiv0                        
000060a1  USBDCDDeviceInfoInit                 
000060f1  USBDCDInit                           
00006299  USBDCDTerm                           
00006311  USBDCDRequestDataEP0                 
00006337  USBDCDSendDataEP0                    
00006359  USBDCDSetDefaultConfiguration        
0000636b  USBDCDStallEP0                       
00006387  USBDCDPowerStatusSet                 
000063fd  USBDCDFeatureSet                     
000064bd  USBDCDRemoteWakeLPM                  
000064e1  USBDCDRemoteWakeupRequest            
00006515  USBDeviceResumeTickHandler           
0000660d  USBDeviceEnumHandler                 
00006759  USBDeviceEnumResetHandler            
000071a9  USBDeviceIntHandlerInternal          
0000814d  __TI_printfi                         
00009171  USBLibDMAAddrGet                     
00009189  USBLibDMASizeGet                     
000091a1  USBLibDMAInit                        
00009437  SysCtlSRAMSizeGet                    
00009441  SysCtlFlashSizeGet                   
0000946d  SysCtlFlashSectorSizeGet             
00009495  SysCtlPeripheralPresent              
000094d5  SysCtlPeripheralReady                
00009515  SysCtlPeripheralPowerOn              
00009551  SysCtlPeripheralPowerOff             
0000958d  SysCtlPeripheralReset                
00009615  SysCtlPeripheralEnable               
00009651  SysCtlPeripheralDisable              
00009695  SysCtlPeripheralSleepEnable          
000096d9  SysCtlPeripheralSleepDisable         
00009715  SysCtlPeripheralDeepSleepEnable      
00009765  SysCtlPeripheralDeepSleepDisable     
000097ad  SysCtlPeripheralClockGating          
00009801  SysCtlIntRegister                    
00009819  SysCtlIntUnregister                  
00009829  SysCtlIntEnable                      
0000983d  SysCtlIntDisable                     
00009855  SysCtlIntClear                       
00009865  SysCtlIntStatus                      
00009881  SysCtlLDOSleepSet                    
00009891  SysCtlLDOSleepGet                    
00009897  SysCtlLDODeepSleepSet                
000098a7  SysCtlLDODeepSleepGet                
000098ad  SysCtlSleepPowerSet                  
000098c1  SysCtlDeepSleepPowerSet              
000098d1  SysCtlReset                          
000098d9  SysCtlSleep                          
000098e1  SysCtlDeepSleep                      
000098fd  SysCtlResetCauseGet                  
00009903  SysCtlResetCauseClear                
00009917  SysCtlMOSCConfigSet                  
0000992d  SysCtlPIOSCCalibrate                 
0000997d  SysCtlResetBehaviorSet               
0000998d  SysCtlResetBehaviorGet               
000099e1  SysCtlClockFreqSet                   
00009cf9  SysCtlClockSet                       
00009ec5  SysCtlClockGet                       
0000a07d  SysCtlDeepSleepClockSet              
0000a099  SysCtlDeepSleepClockConfigSet        
0000a123  SysCtlPWMClockSet                    
0000a13d  SysCtlPWMClockGet                    
0000a153  SysCtlGPIOAHBEnable                  
0000a16f  SysCtlGPIOAHBDisable                 
0000a18b  SysCtlUSBPLLEnable                   
0000a19d  SysCtlUSBPLLDisable                  
0000a1ad  SysCtlVoltageEventConfig             
0000a1bd  SysCtlVoltageEventStatus             
0000a1c9  SysCtlVoltageEventClear              
0000a1dd  SysCtlNMIStatus                      
0000a1e3  SysCtlNMIClear                       
0000a1f7  SysCtlClockOutConfig                 
0000a213  SysCtlAltClkConfig                   
0000a4bd  ProcessDataFromHost                  
0000a56b  ProcessNotificationToHost            
0000a5cd  ProcessDataToHost                    
0000ac31  USBDCDCCompositeInit                 
0000ad27  USBDCDCInit                          
0000ad95  USBDCDCTerm                          
0000adad  USBDCDCSetControlCBData              
0000adcb  USBDCDCSetRxCBData                   
0000ade9  USBDCDCSetTxCBData                   
0000ae07  USBDCDCPacketWrite                   
0000aea9  USBDCDCPacketRead                    
0000af7f  USBDCDCTxPacketAvailable             
0000afa1  USBDCDCRxPacketAvailable             
0000b001  USBDCDCSerialStateChange             
0000b05b  USBDCDCPowerStatusSet                
0000b06f  USBDCDCRemoteWakeupRequest           
0000b195  UARTStdioConfig                      
0000b283  UARTwrite                            
0000b329  UARTgets                             
0000b3a5  UARTgetc                             
0000b411  UARTvprintf                          
0000b70b  UARTprintf                           
0000b72f  UARTRxBytesAvail                     
0000b73d  UARTTxBytesFree                      
0000b751  UARTPeek                             
0000b7ab  UARTFlushRx                          
0000b7d3  UARTFlushTx                          
0000b811  UARTEchoSet                          
0000b849  UARTStdioIntHandler                  
0000bdbd  ustrncpy                             
0000be15  uvsnprintf                           
0000c23f  usprintf                             
0000c271  usnprintf                            
0000c2a1  ulocaltime                           
0000c49f  umktime                              
0000c515  ustrtoul                             
0000c64d  ustrtof                              
0000c885  ustrlen                              
0000c8a7  ustrstr                              
0000c8dd  ustrncasecmp                         
0000c981  ustrcasecmp                          
0000c995  ustrncmp                             
0000c9f5  ustrcmp                              
0000ca09  usrand                               
0000ca19  urand                                
0000ca41  xQueueGenericReset                   
0000cadd  xQueueGenericCreate                  
0000cb51  xQueueCreateMutex                    
0000cbc7  xQueueGiveMutexRecursive             
0000cc03  xQueueTakeMutexRecursive             
0000cc4d  xQueueCreateCountingSemaphore        
0000cc6d  xQueueGenericSend                    
0000cd95  xQueueGenericSendFromISR             
0000ce13  xQueueGiveFromISR                    
0000ce85  xQueueGenericReceive                 
0000cff3  xQueueReceiveFromISR                 
0000d06b  xQueuePeekFromISR                    
0000d0af  uxQueueMessagesWaiting               
0000d0c5  uxQueueSpacesAvailable               
0000d0e5  uxQueueMessagesWaitingFromISR        
0000d0f7  vQueueDelete                         
0000d10d  uxQueueGetQueueNumber                
0000d11b  vQueueSetQueueNumber                 
0000d12d  ucQueueGetQueueType                  
0000d2db  xQueueIsQueueEmptyFromISR            
0000d31d  xQueueIsQueueFullFromISR             
0000d33f  vQueueAddToRegistry                  
0000d381  vQueueUnregisterQueue                
0000d3bb  vQueueWaitForMessageRestricted       
0000da15  USBHHubMain                          
0000dc41  USBHHubEnumerationComplete           
0000dc63  USBHHubEnumerationError              
0000dc85  USBHHubOpen                          
0000dc9d  USBHHubClose                         
0000dcb1  USBHHubInit                          
0000dcdf  USBHHubLPMSleep                      
0000dced  USBHHubLPMStatus                     
0000dd8b  ADCIntRegister                       
0000ddb3  ADCIntUnregister                     
0000ddd1  ADCIntDisable                        
0000dded  ADCIntEnable                         
0000de13  ADCIntStatus                         
0000de6b  ADCIntClear                          
0000de81  ADCSequenceEnable                    
0000de9b  ADCSequenceDisable                   
0000deb5  ADCSequenceConfigure                 
0000df39  ADCSequenceStepConfigure             
0000e02d  ADCSequenceOverflow                  
0000e045  ADCSequenceOverflowClear             
0000e05b  ADCSequenceUnderflow                 
0000e073  ADCSequenceUnderflowClear            
0000e089  ADCSequenceDataGet                   
0000e0cb  ADCProcessorTrigger                  
0000e0ef  ADCSoftwareOversampleConfigure       
0000e127  ADCSoftwareOversampleStepConfigure   
0000e1e7  ADCSoftwareOversampleDataGet         
0000e255  ADCHardwareOversampleConfigure       
0000e287  ADCComparatorConfigure               
0000e2a3  ADCComparatorRegionSet               
0000e2c7  ADCComparatorReset                   
0000e30d  ADCComparatorIntDisable              
0000e32b  ADCComparatorIntEnable               
0000e349  ADCComparatorIntStatus               
0000e357  ADCComparatorIntClear                
0000e369  ADCIntDisableEx                      
0000e381  ADCIntEnableEx                       
0000e39d  ADCIntStatusEx                       
0000e3cf  ADCIntClearEx                        
0000e3e7  ADCReferenceSet                      
0000e403  ADCReferenceGet                      
0000e415  ADCPhaseDelaySet                     
0000e427  ADCPhaseDelayGet                     
0000e435  ADCSequenceDMAEnable                 
0000e451  ADCSequenceDMADisable                
0000e46d  ADCBusy                              
0000e48b  ADCClockConfigSet                    
0000e4b5  ADCClockConfigGet                    
0000e56b  TimerEnable                          
0000e589  TimerDisable                         
0000e5a7  TimerConfigure                       
0000e623  TimerControlLevel                    
0000e659  TimerControlTrigger                  
0000e6c7  TimerControlEvent                    
0000e6f1  TimerControlStall                    
0000e727  TimerControlWaitOnTrigger            
0000e787  TimerRTCEnable                       
0000e79d  TimerRTCDisable                      
0000e7c9  TimerClockSourceSet                  
0000e7e5  TimerClockSourceGet                  
0000e7f5  TimerPrescaleSet                     
0000e81f  TimerPrescaleGet                     
0000e83b  TimerPrescaleMatchSet                
0000e869  TimerPrescaleMatchGet                
0000e885  TimerLoadSet                         
0000e8af  TimerLoadGet                         
0000e8cb  TimerLoadSet64                       
0000e8eb  TimerLoadGet64                       
0000e91d  TimerValueGet                        
0000e939  TimerValueGet64                      
0000e96b  TimerMatchSet                        
0000e995  TimerMatchGet                        
0000e9b1  TimerMatchSet64                      
0000e9d1  TimerMatchGet64                      
0000ea03  TimerIntRegister                     
0000ea2b  TimerIntUnregister                   
0000ea49  TimerIntEnable                       
0000ea61  TimerIntDisable                      
0000ea79  TimerIntStatus                       
0000ea97  TimerIntClear                        
0000eaa9  TimerSynchronize                     
0000eabb  TimerADCEventSet                     
0000eacd  TimerADCEventGet                     
0000eadb  TimerDMAEventSet                     
0000eaed  TimerDMAEventGet                     
0000eafb  TimerUpdateMode                      
0000eb51  xTimerCreateTimerTask                
0000eb8b  xTimerCreate                         
0000ebdf  xTimerGenericCommand                 
0000ec4d  pcTimerGetTimerName                  
0000f009  xTimerIsTimerActive                  
0000f035  pvTimerGetTimerID                    
0000f04d  xTimerPendFunctionCallFromISR        
0000f083  xTimerPendFunctionCall               
0000f151  USBStackModeSet                      
0000f18d  USB0DualModeIntHandler               
0000f1d9  USBDualModeInit                      
0000f249  USBDualModeTerm                      
0000f27d  USBOTGModeTerm                       
0000f2b7  USBOTGModeInit                       
0000f3ad  USBOTGPollRate                       
0000f3d5  USB0OTGModeIntHandler                
0000f4bb  OTGDeviceDisconnect                  
0000f4e1  USBOTGMain                           
0000f57d  USBOTGFeatureSet                     
0000f5e1  vApplicationStackOverflowHook        
0000f5eb  vApplicationTickHook                 
0000f60b  vApplicationIdleHook                 
0000f613  vApplicationMallocFailedHook         
0000f777  main                                 
0000f7a7  confSys                              
0000f7d7  confUART                             
0000f845  confGPIO                             
0000f85d  confTasks                            
0000f8d9  confADC                              
0000f951  confTimer                            
0000f98f  confQueue                            
0000f9a1  ADCIntHandler                        
0000fd61  USBBufferInit                        
0000fd83  USBBufferZeroLengthPacketInsert      
0000fdb3  USBBufferInfoGet                     
0000fde5  USBBufferDataWritten                 
0000fe05  USBBufferDataRemoved                 
0000fe1f  USBBufferCallbackDataSet             
0000fe39  USBBufferWrite                       
0000fe7d  USBBufferFlush                       
0000fe8f  USBBufferRead                        
0000fecd  USBBufferDataAvailable               
0000fedf  USBBufferSpaceAvailable              
0000fef1  USBBufferEventCallback               
0000ff6d  RGBBlinkIntHandler                   
0000ff9b  RGBInit                              
00010087  RGBEnable                            
0001013f  RGBDisable                           
0001019d  RGBSet                               
000101b5  RGBColorSet                          
00010265  RGBIntensitySet                      
00010279  RGBBlinkRateSet                      
0001030d  RGBColorGet                          
000103a1  Cmd_cpu                              
000103cb  Cmd_free                             
000103e1  Cmd_tasks                            
0001045d  Cmd_stats                            
00010495  Cmd_help                             
000104d9  vUARTTask                            
00010773  IntMasterEnable                      
00010783  IntMasterDisable                     
00010793  IntRegister                          
000107e5  IntUnregister                        
000107f9  IntPriorityGroupingSet               
00010813  IntPriorityGroupingGet               
0001084b  IntPrioritySet                       
0001089b  IntPriorityGet                       
000108bf  IntEnable                            
00010931  IntDisable                           
000109a3  IntIsEnabled                         
00010a29  IntPendSet                           
00010a99  IntPendClear                         
00010ae7  IntPriorityMaskSet                   
00010af3  IntPriorityMaskGet                   
00010afb  IntTrigger                           
00010bf7  USBDeviceConfig                      
00010ded  USBDeviceConfigAlternate             
00010eb9  frame_stuffing                       
00010f59  frame_DeStuffing                     
00010ff9  add_checksum_and_stuff               
0001106b  destuff_and_check_checksum           
000110bf  create_frame                         
00011143  receive_frame                        
0001119d  send_frame                           
00011217  USBRingBufFull                       
00011251  USBRingBufEmpty                      
0001127b  USBRingBufFlush                      
0001129b  USBRingBufUsed                       
000112cd  USBRingBufFree                       
000112e3  USBRingBufContigUsed                 
00011311  USBRingBufContigFree                 
0001134d  USBRingBufSize                       
0001135b  USBRingBufReadOne                    
00011381  USBRingBufRead                       
000113b7  USBRingBufAdvanceRead                
000113e5  USBRingBufAdvanceWrite               
00011441  USBRingBufWriteOne                   
00011467  USBRingBufWrite                      
0001149d  USBRingBufInit                       
00011593  USBDCDConfigDescGetSize              
000115cb  USBDCDConfigDescGetNum               
00011619  USBDCDConfigDescGet                  
000116a7  USBDCDConfigGetNumAlternateInterfaces
000116fb  USBDCDConfigGetInterface             
00011731  USBDCDConfigGetInterfaceEndpoint     
000117e5  USBControlHandler                    
0001186f  USBTxHandler                         
000118d3  USBRxHandler                         
00011929  UsbSerialInit                        
000119b9  xUSBSerialGetChar                    
000119cf  xUSBSerialPutChar                    
00011a4d  pxPortInitialiseStack                
00011aab  xPortStartScheduler                  
00011ae1  vPortEndScheduler                    
00011ae3  vPortEnterCritical                   
00011afb  vPortExitCritical                    
00011b13  xPortSysTickHandler                  
00011b2f  vPortSuppressTicksAndSleep           
00011c7d  vPortSetupTimerInterrupt             
00011cd9  __aeabi_uldivmod                     
00011ecd  pvPortMalloc                         
00011fdb  vPortFree                            
0001203d  xPortGetFreeHeapSize                 
00012043  vPortInitialiseBlocks                
000120a1  USBDescGetNum                        
000120fd  USBDescGet                           
00012167  USBDescGetNumAlternateInterfaces     
00012221  USBDescGetInterface                  
0001224f  USBDescGetInterfaceEndpoint          
00012273  __aeabi_dsub                         
0001227d  __aeabi_dadd                         
00012429  __aeabi_ddiv                         
0001255f  vListInitialise                      
0001258f  vListInitialiseItem                  
0001259f  vListInsertEnd                       
000125db  vListInsert                          
00012641  uxListRemove                         
00012689  _Dscale                              
00012799  __aeabi_dmul                         
00012895  CPUUsageTick                         
000128d3  CPUUsageInit                         
00012985  InternalUSBTickInit                  
000129c3  InternalUSBTickReset                 
000129cb  InternalUSBRegisterTickHandler       
00012a1b  InternalUSBStartOfFrameTick          
00012a75  xPortPendSVHandler                   
00012ad3  ulPortSetInterruptMask               
00012ae9  vPortClearInterruptMask              
00012aef  vPortSVCHandler                      
00012b0d  vPortStartFirstTask                  
00012b2b  vPortEnableVFP                       
00012b3d  vPortGetIPSR                         
00012b43  ULPIConfigSet                        
00012be5  ULPIPowerTransceiver                 
00012c0b  _Dnorm                               
00012cc9  CmdLineProcess                       
00012d75  __aeabi_memcpy                       
00012d75  __aeabi_memcpy4                      
00012d75  __aeabi_memcpy8                      
00012d75  memcpy                               
00012e11  __aeabi_cdcmpeq                      
00012e11  __aeabi_cdcmple                      
00012e97  __aeabi_cdrcmple                     
00012f1d  __aeabi_memclr                       
00012f1d  __aeabi_memclr4                      
00012f1d  __aeabi_memclr8                      
00012f1f  __aeabi_memset                       
00012f1f  __aeabi_memset4                      
00012f1f  __aeabi_memset8                      
00012f25  memset                               
00012f99  __TI_auto_init                       
00013071  create_checksum                      
000130d9  _Dunscale                            
00013141  vConfigureTimerForRunTimeStats       
000131a5  sprintf                              
00013205  ltoa                                 
0001325b  ldexp                                
000132ad  _c_int00                             
000132fd  __aeabi_f2ulz                        
0001334d  atoi                                 
00013399  copy_in                              
000133e5  __aeabi_d2iz                         
0001342d  C$$EXIT                              
00013431  abort                                
00013439  exit                                 
00013471  signal                               
000134b1  __aeabi_uidiv                        
000134b1  __aeabi_uidivmod                     
000134f1  CPUcpsid                             
000134fd  CPUprimask                           
00013507  CPUcpsie                             
00013513  CPUwfi                               
00013517  CPUbasepriSet                        
00013525  CPUbasepriGet                        
00013531  feraiseexcept                        
00013565  _Dclass                              
00013595  _Feraise                             
000135c5  __aeabi_i2d                          
000135f3  raise                                
00013621  ResetISR                             
0001364d  frexp                                
00013679  GetOverflowCounts                    
0001369d  USB0DeviceIntHandler                 
000136c1  memcmp                               
000136e3  memccpy                              
00013701  _args_main                           
00013719  strcmp                               
00013731  strchr                               
00013749  _register_unlock                     
0001374f  _register_lock                       
00013757  _nop                                 
0001375d  strcpy                               
00013771  strlen                               
00013785  __TI_decompress_none                 
00013793  __TI_zero_init                       
0001379f  SysCtlDelay                          
000137a5  __TI_decompress_rle24                
000137ab  _system_pre_init                     
00013ad0  _ctypes_                             
00013ee0  g_sCDCSerConfigSection               
00013ee8  g_sIADSerConfigSection               
00013ef0  g_sCDCSerCommInterfaceSection        
00013ef8  g_sCDCSerDataInterfaceSection        
00013f00  g_sCDCSerConfigHeader                
00013f08  g_sCDCCompSerConfigHeader            
00013f10  g_ppCDCSerConfigDescriptors          
00013f14  g_pCDCCompSerConfigDescriptors       
00013f18  g_pui8ConfigString                   
00013fb4  g_sCDCHandlers                       
00014014  g_pui8ControlInterfaceString         
00014068  g_pui8ManufacturerString             
0001408c  g_sRxBuffer                          
000140b0  g_sTxBuffer                          
000140d4  g_pui8CDCSerCommInterface            
000140f7  g_pui8ProductString                  
00014138  g_ppui8StringDescriptors             
00014150  g_pui8CDCSerDataInterface            
00014167  g_pui8LangDescriptor                 
0001416b  g_pui8SerialNumberString             
0001433c  __TI_Handler_Table_Base              
00014348  __TI_Handler_Table_Limit             
00014358  __TI_CINIT_Base                      
00014370  __TI_CINIT_Limit                     
20000000  g_pfnRAMVectors                      
20006188  g_pui8USBRxBuffer                    
20006288  g_pui8USBTxBuffer                    
200064a4  g_psDCDInst                          
200064f4  xQueueRegistry                       
200065c8  g_pfnTickHandlers                    
20006610  g_pui8RxBufferWorkspace              
20006628  g_pui8TxBufferWorkspace              
20006640  g_pvTickInstance                     
2000670c  g_ppsDevInfo                         
20006714  g_ui32CPUUsage                       
2000672c  g_ui32PollRate                       
2000673c  g_ulSystemClock                      
20006740  g_xRxLineSemaphore                   
20006744  potQueue                             
20006765  g_eOTGModeState                      
20006818  _Denorm                              
20006828  _Eps                                 
20006838  _Hugeval                             
20006848  _Inf                                 
20006858  _Nan                                 
20006868  _Snan                                
20006878  _Rteps                               
20006888  _Xbig                                
20006890  _Zero                                
20006898  g_sCDCDevice                         
200068f8  g_psCmdTable                         
2000694c  g_pui8CDCSerDeviceDescriptor         
2000695e  g_pui8CDCSerDescriptor               
20006967  g_pui8IADSerDescriptor               
20006970  g_psCDCSerSections                   
2000697c  g_psCDCCompSerSections               
2000698c  pxCurrentTCB                         
20006a50  g_ulUARTTxCount                      
20006a54  g_ulUARTRxCount                      
20006a60  g_bUSBTimerInitialized               
20006a64  g_ui32CurrentUSBTick                 
20006a68  g_ui32USBSOFCount                    
20006a6c  g_iUSBMode                           
20006a70  g_ui32WaitTicks                      
20006a80  _lock                                
20006a84  _unlock                              
20006a88  __TI_cleanup_ptr                     
20006a8c  __TI_dtors_ptr                       
20006a90  _Fenv                                
20006a94  _Tls_setup__Fenv                     
20006aac  _Errno                               
20006ab0  main_func_sp                         
20006ab8  __stack                              
20006cb8  __STACK_END                          
20006cb8  __STACK_TOP                          
ffffffff  __binit__                            
ffffffff  __c_args__                           
ffffffff  binit                                
UNDEFED   SHT$$INIT_ARRAY$$Base                
UNDEFED   SHT$$INIT_ARRAY$$Limit               

[725 symbols]
