<?xml version="1.0"?>
<link_info>
   <banner>TI ARM Linker PC v5.2.4</banner>
   <copyright>Copyright (c) 1996-2015 Texas Instruments Incorporated</copyright>
   <link_time>0x5551018d</link_time>
   <link_errors>0x0</link_errors>
   <output_file>base-practica_TIVA.out</output_file>
   <entry_point>
      <name>_c_int00</name>
      <address>0x15c6d</address>
   </entry_point>
   <input_file_list>
      <input_file id="fl-2">
         <path>.\</path>
         <kind>object</kind>
         <file>avion.obj</file>
         <name>avion.obj</name>
      </input_file>
      <input_file id="fl-3">
         <path>.\</path>
         <kind>object</kind>
         <file>commands.obj</file>
         <name>commands.obj</name>
      </input_file>
      <input_file id="fl-4">
         <path>.\</path>
         <kind>object</kind>
         <file>crc.obj</file>
         <name>crc.obj</name>
      </input_file>
      <input_file id="fl-5">
         <path>.\</path>
         <kind>object</kind>
         <file>main.obj</file>
         <name>main.obj</name>
      </input_file>
      <input_file id="fl-6">
         <path>.\</path>
         <kind>object</kind>
         <file>protocol.obj</file>
         <name>protocol.obj</name>
      </input_file>
      <input_file id="fl-7">
         <path>.\</path>
         <kind>object</kind>
         <file>startup_ccs.obj</file>
         <name>startup_ccs.obj</name>
      </input_file>
      <input_file id="fl-8">
         <path>.\</path>
         <kind>object</kind>
         <file>usb_dev_serial.obj</file>
         <name>usb_dev_serial.obj</name>
      </input_file>
      <input_file id="fl-9">
         <path>.\</path>
         <kind>object</kind>
         <file>usb_serial_structs.obj</file>
         <name>usb_serial_structs.obj</name>
      </input_file>
      <input_file id="fl-a">
         <path>.\utils\</path>
         <kind>object</kind>
         <file>RunTimeStatsConfig.obj</file>
         <name>RunTimeStatsConfig.obj</name>
      </input_file>
      <input_file id="fl-b">
         <path>.\utils\</path>
         <kind>object</kind>
         <file>cmdline.obj</file>
         <name>cmdline.obj</name>
      </input_file>
      <input_file id="fl-c">
         <path>.\utils\</path>
         <kind>object</kind>
         <file>cpu_usage.obj</file>
         <name>cpu_usage.obj</name>
      </input_file>
      <input_file id="fl-d">
         <path>.\utils\</path>
         <kind>object</kind>
         <file>uartstdio.obj</file>
         <name>uartstdio.obj</name>
      </input_file>
      <input_file id="fl-e">
         <path>.\utils\</path>
         <kind>object</kind>
         <file>ustdlib.obj</file>
         <name>ustdlib.obj</name>
      </input_file>
      <input_file id="fl-f">
         <path>.\usblib\</path>
         <kind>object</kind>
         <file>usbbuffer.obj</file>
         <name>usbbuffer.obj</name>
      </input_file>
      <input_file id="fl-10">
         <path>.\usblib\</path>
         <kind>object</kind>
         <file>usbdesc.obj</file>
         <name>usbdesc.obj</name>
      </input_file>
      <input_file id="fl-11">
         <path>.\usblib\</path>
         <kind>object</kind>
         <file>usbdma.obj</file>
         <name>usbdma.obj</name>
      </input_file>
      <input_file id="fl-12">
         <path>.\usblib\</path>
         <kind>object</kind>
         <file>usbkeyboardmap.obj</file>
         <name>usbkeyboardmap.obj</name>
      </input_file>
      <input_file id="fl-13">
         <path>.\usblib\</path>
         <kind>object</kind>
         <file>usbmode.obj</file>
         <name>usbmode.obj</name>
      </input_file>
      <input_file id="fl-14">
         <path>.\usblib\</path>
         <kind>object</kind>
         <file>usbringbuf.obj</file>
         <name>usbringbuf.obj</name>
      </input_file>
      <input_file id="fl-15">
         <path>.\usblib\</path>
         <kind>object</kind>
         <file>usbtick.obj</file>
         <name>usbtick.obj</name>
      </input_file>
      <input_file id="fl-16">
         <path>.\usblib\</path>
         <kind>object</kind>
         <file>usbulpi.obj</file>
         <name>usbulpi.obj</name>
      </input_file>
      <input_file id="fl-17">
         <path>.\usblib\host\</path>
         <kind>object</kind>
         <file>usbhaudio.obj</file>
         <name>usbhaudio.obj</name>
      </input_file>
      <input_file id="fl-18">
         <path>.\usblib\host\</path>
         <kind>object</kind>
         <file>usbhhid.obj</file>
         <name>usbhhid.obj</name>
      </input_file>
      <input_file id="fl-19">
         <path>.\usblib\host\</path>
         <kind>object</kind>
         <file>usbhhidkeyboard.obj</file>
         <name>usbhhidkeyboard.obj</name>
      </input_file>
      <input_file id="fl-1a">
         <path>.\usblib\host\</path>
         <kind>object</kind>
         <file>usbhhidmouse.obj</file>
         <name>usbhhidmouse.obj</name>
      </input_file>
      <input_file id="fl-1b">
         <path>.\usblib\host\</path>
         <kind>object</kind>
         <file>usbhhub.obj</file>
         <name>usbhhub.obj</name>
      </input_file>
      <input_file id="fl-1c">
         <path>.\usblib\host\</path>
         <kind>object</kind>
         <file>usbhmsc.obj</file>
         <name>usbhmsc.obj</name>
      </input_file>
      <input_file id="fl-1d">
         <path>.\usblib\host\</path>
         <kind>object</kind>
         <file>usbhostenum.obj</file>
         <name>usbhostenum.obj</name>
      </input_file>
      <input_file id="fl-1e">
         <path>.\usblib\host\</path>
         <kind>object</kind>
         <file>usbhscsi.obj</file>
         <name>usbhscsi.obj</name>
      </input_file>
      <input_file id="fl-1f">
         <path>.\usblib\device\</path>
         <kind>object</kind>
         <file>usbdaudio.obj</file>
         <name>usbdaudio.obj</name>
      </input_file>
      <input_file id="fl-20">
         <path>.\usblib\device\</path>
         <kind>object</kind>
         <file>usbdbulk.obj</file>
         <name>usbdbulk.obj</name>
      </input_file>
      <input_file id="fl-21">
         <path>.\usblib\device\</path>
         <kind>object</kind>
         <file>usbdcdc.obj</file>
         <name>usbdcdc.obj</name>
      </input_file>
      <input_file id="fl-22">
         <path>.\usblib\device\</path>
         <kind>object</kind>
         <file>usbdcdesc.obj</file>
         <name>usbdcdesc.obj</name>
      </input_file>
      <input_file id="fl-23">
         <path>.\usblib\device\</path>
         <kind>object</kind>
         <file>usbdcomp.obj</file>
         <name>usbdcomp.obj</name>
      </input_file>
      <input_file id="fl-24">
         <path>.\usblib\device\</path>
         <kind>object</kind>
         <file>usbdconfig.obj</file>
         <name>usbdconfig.obj</name>
      </input_file>
      <input_file id="fl-25">
         <path>.\usblib\device\</path>
         <kind>object</kind>
         <file>usbddfu-rt.obj</file>
         <name>usbddfu-rt.obj</name>
      </input_file>
      <input_file id="fl-26">
         <path>.\usblib\device\</path>
         <kind>object</kind>
         <file>usbdenum.obj</file>
         <name>usbdenum.obj</name>
      </input_file>
      <input_file id="fl-27">
         <path>.\usblib\device\</path>
         <kind>object</kind>
         <file>usbdhandler.obj</file>
         <name>usbdhandler.obj</name>
      </input_file>
      <input_file id="fl-28">
         <path>.\usblib\device\</path>
         <kind>object</kind>
         <file>usbdhid.obj</file>
         <name>usbdhid.obj</name>
      </input_file>
      <input_file id="fl-29">
         <path>.\usblib\device\</path>
         <kind>object</kind>
         <file>usbdhidgamepad.obj</file>
         <name>usbdhidgamepad.obj</name>
      </input_file>
      <input_file id="fl-2a">
         <path>.\usblib\device\</path>
         <kind>object</kind>
         <file>usbdhidkeyb.obj</file>
         <name>usbdhidkeyb.obj</name>
      </input_file>
      <input_file id="fl-2b">
         <path>.\usblib\device\</path>
         <kind>object</kind>
         <file>usbdhidmouse.obj</file>
         <name>usbdhidmouse.obj</name>
      </input_file>
      <input_file id="fl-2c">
         <path>.\usblib\device\</path>
         <kind>object</kind>
         <file>usbdmsc.obj</file>
         <name>usbdmsc.obj</name>
      </input_file>
      <input_file id="fl-2d">
         <path>.\drivers\</path>
         <kind>object</kind>
         <file>buttons.obj</file>
         <name>buttons.obj</name>
      </input_file>
      <input_file id="fl-2e">
         <path>.\drivers\</path>
         <kind>object</kind>
         <file>rgb.obj</file>
         <name>rgb.obj</name>
      </input_file>
      <input_file id="fl-2f">
         <path>.\driverlib\</path>
         <kind>object</kind>
         <file>adc.obj</file>
         <name>adc.obj</name>
      </input_file>
      <input_file id="fl-30">
         <path>.\driverlib\</path>
         <kind>object</kind>
         <file>aes.obj</file>
         <name>aes.obj</name>
      </input_file>
      <input_file id="fl-31">
         <path>.\driverlib\</path>
         <kind>object</kind>
         <file>can.obj</file>
         <name>can.obj</name>
      </input_file>
      <input_file id="fl-32">
         <path>.\driverlib\</path>
         <kind>object</kind>
         <file>comp.obj</file>
         <name>comp.obj</name>
      </input_file>
      <input_file id="fl-33">
         <path>.\driverlib\</path>
         <kind>object</kind>
         <file>cpu.obj</file>
         <name>cpu.obj</name>
      </input_file>
      <input_file id="fl-34">
         <path>.\driverlib\</path>
         <kind>object</kind>
         <file>crc.obj</file>
         <name>crc.obj</name>
      </input_file>
      <input_file id="fl-35">
         <path>.\driverlib\</path>
         <kind>object</kind>
         <file>des.obj</file>
         <name>des.obj</name>
      </input_file>
      <input_file id="fl-36">
         <path>.\driverlib\</path>
         <kind>object</kind>
         <file>eeprom.obj</file>
         <name>eeprom.obj</name>
      </input_file>
      <input_file id="fl-37">
         <path>.\driverlib\</path>
         <kind>object</kind>
         <file>emac.obj</file>
         <name>emac.obj</name>
      </input_file>
      <input_file id="fl-38">
         <path>.\driverlib\</path>
         <kind>object</kind>
         <file>epi.obj</file>
         <name>epi.obj</name>
      </input_file>
      <input_file id="fl-39">
         <path>.\driverlib\</path>
         <kind>object</kind>
         <file>epi_workaround_ccs.obj</file>
         <name>epi_workaround_ccs.obj</name>
      </input_file>
      <input_file id="fl-3a">
         <path>.\driverlib\</path>
         <kind>object</kind>
         <file>flash.obj</file>
         <name>flash.obj</name>
      </input_file>
      <input_file id="fl-3b">
         <path>.\driverlib\</path>
         <kind>object</kind>
         <file>fpu.obj</file>
         <name>fpu.obj</name>
      </input_file>
      <input_file id="fl-3c">
         <path>.\driverlib\</path>
         <kind>object</kind>
         <file>gpio.obj</file>
         <name>gpio.obj</name>
      </input_file>
      <input_file id="fl-3d">
         <path>.\driverlib\</path>
         <kind>object</kind>
         <file>hibernate.obj</file>
         <name>hibernate.obj</name>
      </input_file>
      <input_file id="fl-3e">
         <path>.\driverlib\</path>
         <kind>object</kind>
         <file>i2c.obj</file>
         <name>i2c.obj</name>
      </input_file>
      <input_file id="fl-3f">
         <path>.\driverlib\</path>
         <kind>object</kind>
         <file>interrupt.obj</file>
         <name>interrupt.obj</name>
      </input_file>
      <input_file id="fl-40">
         <path>.\driverlib\</path>
         <kind>object</kind>
         <file>lcd.obj</file>
         <name>lcd.obj</name>
      </input_file>
      <input_file id="fl-41">
         <path>.\driverlib\</path>
         <kind>object</kind>
         <file>mpu.obj</file>
         <name>mpu.obj</name>
      </input_file>
      <input_file id="fl-42">
         <path>.\driverlib\</path>
         <kind>object</kind>
         <file>pwm.obj</file>
         <name>pwm.obj</name>
      </input_file>
      <input_file id="fl-43">
         <path>.\driverlib\</path>
         <kind>object</kind>
         <file>qei.obj</file>
         <name>qei.obj</name>
      </input_file>
      <input_file id="fl-44">
         <path>.\driverlib\</path>
         <kind>object</kind>
         <file>shamd5.obj</file>
         <name>shamd5.obj</name>
      </input_file>
      <input_file id="fl-45">
         <path>.\driverlib\</path>
         <kind>object</kind>
         <file>ssi.obj</file>
         <name>ssi.obj</name>
      </input_file>
      <input_file id="fl-46">
         <path>.\driverlib\</path>
         <kind>object</kind>
         <file>sw_crc.obj</file>
         <name>sw_crc.obj</name>
      </input_file>
      <input_file id="fl-47">
         <path>.\driverlib\</path>
         <kind>object</kind>
         <file>sysctl.obj</file>
         <name>sysctl.obj</name>
      </input_file>
      <input_file id="fl-48">
         <path>.\driverlib\</path>
         <kind>object</kind>
         <file>sysexc.obj</file>
         <name>sysexc.obj</name>
      </input_file>
      <input_file id="fl-49">
         <path>.\driverlib\</path>
         <kind>object</kind>
         <file>systick.obj</file>
         <name>systick.obj</name>
      </input_file>
      <input_file id="fl-4a">
         <path>.\driverlib\</path>
         <kind>object</kind>
         <file>timer.obj</file>
         <name>timer.obj</name>
      </input_file>
      <input_file id="fl-4b">
         <path>.\driverlib\</path>
         <kind>object</kind>
         <file>uart.obj</file>
         <name>uart.obj</name>
      </input_file>
      <input_file id="fl-4c">
         <path>.\driverlib\</path>
         <kind>object</kind>
         <file>udma.obj</file>
         <name>udma.obj</name>
      </input_file>
      <input_file id="fl-4d">
         <path>.\driverlib\</path>
         <kind>object</kind>
         <file>usb.obj</file>
         <name>usb.obj</name>
      </input_file>
      <input_file id="fl-4e">
         <path>.\driverlib\</path>
         <kind>object</kind>
         <file>watchdog.obj</file>
         <name>watchdog.obj</name>
      </input_file>
      <input_file id="fl-4f">
         <path>.\FreeRTOS\Source\</path>
         <kind>object</kind>
         <file>croutine.obj</file>
         <name>croutine.obj</name>
      </input_file>
      <input_file id="fl-50">
         <path>.\FreeRTOS\Source\</path>
         <kind>object</kind>
         <file>event_groups.obj</file>
         <name>event_groups.obj</name>
      </input_file>
      <input_file id="fl-51">
         <path>.\FreeRTOS\Source\</path>
         <kind>object</kind>
         <file>list.obj</file>
         <name>list.obj</name>
      </input_file>
      <input_file id="fl-52">
         <path>.\FreeRTOS\Source\</path>
         <kind>object</kind>
         <file>queue.obj</file>
         <name>queue.obj</name>
      </input_file>
      <input_file id="fl-53">
         <path>.\FreeRTOS\Source\</path>
         <kind>object</kind>
         <file>tasks.obj</file>
         <name>tasks.obj</name>
      </input_file>
      <input_file id="fl-54">
         <path>.\FreeRTOS\Source\</path>
         <kind>object</kind>
         <file>timers.obj</file>
         <name>timers.obj</name>
      </input_file>
      <input_file id="fl-55">
         <path>.\FreeRTOS\Source\portable\CCS\ARM_CM4F\</path>
         <kind>object</kind>
         <file>port.obj</file>
         <name>port.obj</name>
      </input_file>
      <input_file id="fl-56">
         <path>.\FreeRTOS\Source\portable\CCS\ARM_CM4F\</path>
         <kind>object</kind>
         <file>portasm.obj</file>
         <name>portasm.obj</name>
      </input_file>
      <input_file id="fl-57">
         <path>.\FreeRTOS\Source\MemMang\</path>
         <kind>object</kind>
         <file>heap_2.obj</file>
         <name>heap_2.obj</name>
      </input_file>
      <input_file id="fl-17d">
         <path>C:\ti\ccsv6\tools\compiler\ti-cgt-arm_5.2.4\lib\</path>
         <kind>archive</kind>
         <file>rtsv7M4_T_le_v4SPD16_eabi.lib</file>
         <name>atoi.obj</name>
      </input_file>
      <input_file id="fl-17e">
         <path>C:\ti\ccsv6\tools\compiler\ti-cgt-arm_5.2.4\lib\</path>
         <kind>archive</kind>
         <file>rtsv7M4_T_le_v4SPD16_eabi.lib</file>
         <name>boot.obj</name>
      </input_file>
      <input_file id="fl-17f">
         <path>C:\ti\ccsv6\tools\compiler\ti-cgt-arm_5.2.4\lib\</path>
         <kind>archive</kind>
         <file>rtsv7M4_T_le_v4SPD16_eabi.lib</file>
         <name>copy_decompress_none.obj</name>
      </input_file>
      <input_file id="fl-180">
         <path>C:\ti\ccsv6\tools\compiler\ti-cgt-arm_5.2.4\lib\</path>
         <kind>archive</kind>
         <file>rtsv7M4_T_le_v4SPD16_eabi.lib</file>
         <name>copy_decompress_rle.obj</name>
      </input_file>
      <input_file id="fl-181">
         <path>C:\ti\ccsv6\tools\compiler\ti-cgt-arm_5.2.4\lib\</path>
         <kind>archive</kind>
         <file>rtsv7M4_T_le_v4SPD16_eabi.lib</file>
         <name>copy_zero_init.obj</name>
      </input_file>
      <input_file id="fl-182">
         <path>C:\ti\ccsv6\tools\compiler\ti-cgt-arm_5.2.4\lib\</path>
         <kind>archive</kind>
         <file>rtsv7M4_T_le_v4SPD16_eabi.lib</file>
         <name>ctype.obj</name>
      </input_file>
      <input_file id="fl-183">
         <path>C:\ti\ccsv6\tools\compiler\ti-cgt-arm_5.2.4\lib\</path>
         <kind>archive</kind>
         <file>rtsv7M4_T_le_v4SPD16_eabi.lib</file>
         <name>exit.obj</name>
      </input_file>
      <input_file id="fl-184">
         <path>C:\ti\ccsv6\tools\compiler\ti-cgt-arm_5.2.4\lib\</path>
         <kind>archive</kind>
         <file>rtsv7M4_T_le_v4SPD16_eabi.lib</file>
         <name>exp.obj</name>
      </input_file>
      <input_file id="fl-185">
         <path>C:\ti\ccsv6\tools\compiler\ti-cgt-arm_5.2.4\lib\</path>
         <kind>archive</kind>
         <file>rtsv7M4_T_le_v4SPD16_eabi.lib</file>
         <name>fd_add_t2.obj</name>
      </input_file>
      <input_file id="fl-186">
         <path>C:\ti\ccsv6\tools\compiler\ti-cgt-arm_5.2.4\lib\</path>
         <kind>archive</kind>
         <file>rtsv7M4_T_le_v4SPD16_eabi.lib</file>
         <name>fd_cmp_t2.obj</name>
      </input_file>
      <input_file id="fl-187">
         <path>C:\ti\ccsv6\tools\compiler\ti-cgt-arm_5.2.4\lib\</path>
         <kind>archive</kind>
         <file>rtsv7M4_T_le_v4SPD16_eabi.lib</file>
         <name>fd_div_t2.obj</name>
      </input_file>
      <input_file id="fl-188">
         <path>C:\ti\ccsv6\tools\compiler\ti-cgt-arm_5.2.4\lib\</path>
         <kind>archive</kind>
         <file>rtsv7M4_T_le_v4SPD16_eabi.lib</file>
         <name>fd_mul_t2.obj</name>
      </input_file>
      <input_file id="fl-189">
         <path>C:\ti\ccsv6\tools\compiler\ti-cgt-arm_5.2.4\lib\</path>
         <kind>archive</kind>
         <file>rtsv7M4_T_le_v4SPD16_eabi.lib</file>
         <name>fd_tos_t2.obj</name>
      </input_file>
      <input_file id="fl-18a">
         <path>C:\ti\ccsv6\tools\compiler\ti-cgt-arm_5.2.4\lib\</path>
         <kind>archive</kind>
         <file>rtsv7M4_T_le_v4SPD16_eabi.lib</file>
         <name>fd_tou_t2.obj</name>
      </input_file>
      <input_file id="fl-18b">
         <path>C:\ti\ccsv6\tools\compiler\ti-cgt-arm_5.2.4\lib\</path>
         <kind>archive</kind>
         <file>rtsv7M4_T_le_v4SPD16_eabi.lib</file>
         <name>fs_tod_t2.obj</name>
      </input_file>
      <input_file id="fl-18c">
         <path>C:\ti\ccsv6\tools\compiler\ti-cgt-arm_5.2.4\lib\</path>
         <kind>archive</kind>
         <file>rtsv7M4_T_le_v4SPD16_eabi.lib</file>
         <name>fs_toull_t2.obj</name>
      </input_file>
      <input_file id="fl-18d">
         <path>C:\ti\ccsv6\tools\compiler\ti-cgt-arm_5.2.4\lib\</path>
         <kind>archive</kind>
         <file>rtsv7M4_T_le_v4SPD16_eabi.lib</file>
         <name>i_tofd_t2.obj</name>
      </input_file>
      <input_file id="fl-18e">
         <path>C:\ti\ccsv6\tools\compiler\ti-cgt-arm_5.2.4\lib\</path>
         <kind>archive</kind>
         <file>rtsv7M4_T_le_v4SPD16_eabi.lib</file>
         <name>memcmp.obj</name>
      </input_file>
      <input_file id="fl-18f">
         <path>C:\ti\ccsv6\tools\compiler\ti-cgt-arm_5.2.4\lib\</path>
         <kind>archive</kind>
         <file>rtsv7M4_T_le_v4SPD16_eabi.lib</file>
         <name>memcpy_t2.obj</name>
      </input_file>
      <input_file id="fl-190">
         <path>C:\ti\ccsv6\tools\compiler\ti-cgt-arm_5.2.4\lib\</path>
         <kind>archive</kind>
         <file>rtsv7M4_T_le_v4SPD16_eabi.lib</file>
         <name>memset_t2.obj</name>
      </input_file>
      <input_file id="fl-191">
         <path>C:\ti\ccsv6\tools\compiler\ti-cgt-arm_5.2.4\lib\</path>
         <kind>archive</kind>
         <file>rtsv7M4_T_le_v4SPD16_eabi.lib</file>
         <name>pre_init.obj</name>
      </input_file>
      <input_file id="fl-192">
         <path>C:\ti\ccsv6\tools\compiler\ti-cgt-arm_5.2.4\lib\</path>
         <kind>archive</kind>
         <file>rtsv7M4_T_le_v4SPD16_eabi.lib</file>
         <name>rand.obj</name>
      </input_file>
      <input_file id="fl-193">
         <path>C:\ti\ccsv6\tools\compiler\ti-cgt-arm_5.2.4\lib\</path>
         <kind>archive</kind>
         <file>rtsv7M4_T_le_v4SPD16_eabi.lib</file>
         <name>sin.obj</name>
      </input_file>
      <input_file id="fl-194">
         <path>C:\ti\ccsv6\tools\compiler\ti-cgt-arm_5.2.4\lib\</path>
         <kind>archive</kind>
         <file>rtsv7M4_T_le_v4SPD16_eabi.lib</file>
         <name>sprintf.obj</name>
      </input_file>
      <input_file id="fl-195">
         <path>C:\ti\ccsv6\tools\compiler\ti-cgt-arm_5.2.4\lib\</path>
         <kind>archive</kind>
         <file>rtsv7M4_T_le_v4SPD16_eabi.lib</file>
         <name>stkdepth_vars.obj</name>
      </input_file>
      <input_file id="fl-196">
         <path>C:\ti\ccsv6\tools\compiler\ti-cgt-arm_5.2.4\lib\</path>
         <kind>archive</kind>
         <file>rtsv7M4_T_le_v4SPD16_eabi.lib</file>
         <name>strcmp.obj</name>
      </input_file>
      <input_file id="fl-197">
         <path>C:\ti\ccsv6\tools\compiler\ti-cgt-arm_5.2.4\lib\</path>
         <kind>archive</kind>
         <file>rtsv7M4_T_le_v4SPD16_eabi.lib</file>
         <name>strcpy.obj</name>
      </input_file>
      <input_file id="fl-198">
         <path>C:\ti\ccsv6\tools\compiler\ti-cgt-arm_5.2.4\lib\</path>
         <kind>archive</kind>
         <file>rtsv7M4_T_le_v4SPD16_eabi.lib</file>
         <name>strlen.obj</name>
      </input_file>
      <input_file id="fl-199">
         <path>C:\ti\ccsv6\tools\compiler\ti-cgt-arm_5.2.4\lib\</path>
         <kind>archive</kind>
         <file>rtsv7M4_T_le_v4SPD16_eabi.lib</file>
         <name>strncmp.obj</name>
      </input_file>
      <input_file id="fl-19a">
         <path>C:\ti\ccsv6\tools\compiler\ti-cgt-arm_5.2.4\lib\</path>
         <kind>archive</kind>
         <file>rtsv7M4_T_le_v4SPD16_eabi.lib</file>
         <name>u_divt2.obj</name>
      </input_file>
      <input_file id="fl-19b">
         <path>C:\ti\ccsv6\tools\compiler\ti-cgt-arm_5.2.4\lib\</path>
         <kind>archive</kind>
         <file>rtsv7M4_T_le_v4SPD16_eabi.lib</file>
         <name>u_tofd_t2.obj</name>
      </input_file>
      <input_file id="fl-19c">
         <path>C:\ti\ccsv6\tools\compiler\ti-cgt-arm_5.2.4\lib\</path>
         <kind>archive</kind>
         <file>rtsv7M4_T_le_v4SPD16_eabi.lib</file>
         <name>xexp.obj</name>
      </input_file>
      <input_file id="fl-19d">
         <path>C:\ti\ccsv6\tools\compiler\ti-cgt-arm_5.2.4\lib\</path>
         <kind>archive</kind>
         <file>rtsv7M4_T_le_v4SPD16_eabi.lib</file>
         <name>xferaise.obj</name>
      </input_file>
      <input_file id="fl-19e">
         <path>C:\ti\ccsv6\tools\compiler\ti-cgt-arm_5.2.4\lib\</path>
         <kind>archive</kind>
         <file>rtsv7M4_T_le_v4SPD16_eabi.lib</file>
         <name>xsin.obj</name>
      </input_file>
      <input_file id="fl-19f">
         <path>C:\ti\ccsv6\tools\compiler\ti-cgt-arm_5.2.4\lib\</path>
         <kind>archive</kind>
         <file>rtsv7M4_T_le_v4SPD16_eabi.lib</file>
         <name>xvalues.obj</name>
      </input_file>
      <input_file id="fl-1a0">
         <path>C:\ti\ccsv6\tools\compiler\ti-cgt-arm_5.2.4\lib\</path>
         <kind>archive</kind>
         <file>rtsv7M4_T_le_v4SPD16_eabi.lib</file>
         <name>_lock.obj</name>
      </input_file>
      <input_file id="fl-1a1">
         <path>C:\ti\ccsv6\tools\compiler\ti-cgt-arm_5.2.4\lib\</path>
         <kind>archive</kind>
         <file>rtsv7M4_T_le_v4SPD16_eabi.lib</file>
         <name>_printfi.obj</name>
      </input_file>
      <input_file id="fl-1a2">
         <path>C:\ti\ccsv6\tools\compiler\ti-cgt-arm_5.2.4\lib\</path>
         <kind>archive</kind>
         <file>rtsv7M4_T_le_v4SPD16_eabi.lib</file>
         <name>args_main.obj</name>
      </input_file>
      <input_file id="fl-1a3">
         <path>C:\ti\ccsv6\tools\compiler\ti-cgt-arm_5.2.4\lib\</path>
         <kind>archive</kind>
         <file>rtsv7M4_T_le_v4SPD16_eabi.lib</file>
         <name>autoinit.obj</name>
      </input_file>
      <input_file id="fl-1a4">
         <path>C:\ti\ccsv6\tools\compiler\ti-cgt-arm_5.2.4\lib\</path>
         <kind>archive</kind>
         <file>rtsv7M4_T_le_v4SPD16_eabi.lib</file>
         <name>cpy_tbl.obj</name>
      </input_file>
      <input_file id="fl-1a5">
         <path>C:\ti\ccsv6\tools\compiler\ti-cgt-arm_5.2.4\lib\</path>
         <kind>archive</kind>
         <file>rtsv7M4_T_le_v4SPD16_eabi.lib</file>
         <name>errno.obj</name>
      </input_file>
      <input_file id="fl-1a6">
         <path>C:\ti\ccsv6\tools\compiler\ti-cgt-arm_5.2.4\lib\</path>
         <kind>archive</kind>
         <file>rtsv7M4_T_le_v4SPD16_eabi.lib</file>
         <name>fd_toi_t2.obj</name>
      </input_file>
      <input_file id="fl-1a7">
         <path>C:\ti\ccsv6\tools\compiler\ti-cgt-arm_5.2.4\lib\</path>
         <kind>archive</kind>
         <file>rtsv7M4_T_le_v4SPD16_eabi.lib</file>
         <name>feraiseexcept.obj</name>
      </input_file>
      <input_file id="fl-1a8">
         <path>C:\ti\ccsv6\tools\compiler\ti-cgt-arm_5.2.4\lib\</path>
         <kind>archive</kind>
         <file>rtsv7M4_T_le_v4SPD16_eabi.lib</file>
         <name>fmod.obj</name>
      </input_file>
      <input_file id="fl-1a9">
         <path>C:\ti\ccsv6\tools\compiler\ti-cgt-arm_5.2.4\lib\</path>
         <kind>archive</kind>
         <file>rtsv7M4_T_le_v4SPD16_eabi.lib</file>
         <name>frexp.obj</name>
      </input_file>
      <input_file id="fl-1aa">
         <path>C:\ti\ccsv6\tools\compiler\ti-cgt-arm_5.2.4\lib\</path>
         <kind>archive</kind>
         <file>rtsv7M4_T_le_v4SPD16_eabi.lib</file>
         <name>i_div0.obj</name>
      </input_file>
      <input_file id="fl-1ab">
         <path>C:\ti\ccsv6\tools\compiler\ti-cgt-arm_5.2.4\lib\</path>
         <kind>archive</kind>
         <file>rtsv7M4_T_le_v4SPD16_eabi.lib</file>
         <name>ldexp.obj</name>
      </input_file>
      <input_file id="fl-1ac">
         <path>C:\ti\ccsv6\tools\compiler\ti-cgt-arm_5.2.4\lib\</path>
         <kind>archive</kind>
         <file>rtsv7M4_T_le_v4SPD16_eabi.lib</file>
         <name>ltoa.obj</name>
      </input_file>
      <input_file id="fl-1ad">
         <path>C:\ti\ccsv6\tools\compiler\ti-cgt-arm_5.2.4\lib\</path>
         <kind>archive</kind>
         <file>rtsv7M4_T_le_v4SPD16_eabi.lib</file>
         <name>memccpy.obj</name>
      </input_file>
      <input_file id="fl-1ae">
         <path>C:\ti\ccsv6\tools\compiler\ti-cgt-arm_5.2.4\lib\</path>
         <kind>archive</kind>
         <file>rtsv7M4_T_le_v4SPD16_eabi.lib</file>
         <name>raise.obj</name>
      </input_file>
      <input_file id="fl-1af">
         <path>C:\ti\ccsv6\tools\compiler\ti-cgt-arm_5.2.4\lib\</path>
         <kind>archive</kind>
         <file>rtsv7M4_T_le_v4SPD16_eabi.lib</file>
         <name>signal.obj</name>
      </input_file>
      <input_file id="fl-1b0">
         <path>C:\ti\ccsv6\tools\compiler\ti-cgt-arm_5.2.4\lib\</path>
         <kind>archive</kind>
         <file>rtsv7M4_T_le_v4SPD16_eabi.lib</file>
         <name>strchr.obj</name>
      </input_file>
      <input_file id="fl-1b1">
         <path>C:\ti\ccsv6\tools\compiler\ti-cgt-arm_5.2.4\lib\</path>
         <kind>archive</kind>
         <file>rtsv7M4_T_le_v4SPD16_eabi.lib</file>
         <name>ull_div_t2.obj</name>
      </input_file>
      <input_file id="fl-1b2">
         <path>C:\ti\ccsv6\tools\compiler\ti-cgt-arm_5.2.4\lib\</path>
         <kind>archive</kind>
         <file>rtsv7M4_T_le_v4SPD16_eabi.lib</file>
         <name>xdclass.obj</name>
      </input_file>
      <input_file id="fl-1b3">
         <path>C:\ti\ccsv6\tools\compiler\ti-cgt-arm_5.2.4\lib\</path>
         <kind>archive</kind>
         <file>rtsv7M4_T_le_v4SPD16_eabi.lib</file>
         <name>xdnorm.obj</name>
      </input_file>
      <input_file id="fl-1b4">
         <path>C:\ti\ccsv6\tools\compiler\ti-cgt-arm_5.2.4\lib\</path>
         <kind>archive</kind>
         <file>rtsv7M4_T_le_v4SPD16_eabi.lib</file>
         <name>xdscale.obj</name>
      </input_file>
      <input_file id="fl-1b5">
         <path>C:\ti\ccsv6\tools\compiler\ti-cgt-arm_5.2.4\lib\</path>
         <kind>archive</kind>
         <file>rtsv7M4_T_le_v4SPD16_eabi.lib</file>
         <name>xdunscal.obj</name>
      </input_file>
   </input_file_list>
   <object_component_list>
      <object_component id="oc-f">
         <name>.intvecs</name>
         <load_address>0x0</load_address>
         <run_address>0x0</run_address>
         <size>0x26c</size>
         <input_file_ref idref="fl-7"/>
      </object_component>
      <object_component id="oc-4fb">
         <name>.text</name>
         <load_address>0x26c</load_address>
         <run_address>0x26c</run_address>
         <size>0x2dac</size>
         <input_file_ref idref="fl-1d"/>
      </object_component>
      <object_component id="oc-95">
         <name>.text</name>
         <load_address>0x3018</load_address>
         <run_address>0x3018</run_address>
         <size>0x1acc</size>
         <input_file_ref idref="fl-53"/>
      </object_component>
      <object_component id="oc-1b6">
         <name>.text</name>
         <load_address>0x4ae4</load_address>
         <run_address>0x4ae4</run_address>
         <size>0x15ba</size>
         <input_file_ref idref="fl-4d"/>
      </object_component>
      <object_component id="oc-1ad">
         <name>.text</name>
         <load_address>0x609e</load_address>
         <run_address>0x609e</run_address>
         <size>0x2</size>
         <input_file_ref idref="fl-1aa"/>
      </object_component>
      <object_component id="oc-e1">
         <name>.text</name>
         <load_address>0x60a0</load_address>
         <run_address>0x60a0</run_address>
         <size>0x12f8</size>
         <input_file_ref idref="fl-26"/>
      </object_component>
      <object_component id="oc-11e">
         <name>.text</name>
         <load_address>0x7398</load_address>
         <run_address>0x7398</run_address>
         <size>0x11cc</size>
         <input_file_ref idref="fl-5"/>
      </object_component>
      <object_component id="oc-2fd">
         <name>.text</name>
         <load_address>0x8564</load_address>
         <run_address>0x8564</run_address>
         <size>0x10ba</size>
         <input_file_ref idref="fl-1a1"/>
      </object_component>
      <object_component id="oc-1c2">
         <name>.text</name>
         <load_address>0x9620</load_address>
         <run_address>0x9620</run_address>
         <size>0xf20</size>
         <input_file_ref idref="fl-11"/>
      </object_component>
      <object_component id="oc-e8">
         <name>.text</name>
         <load_address>0xa540</load_address>
         <run_address>0xa540</run_address>
         <size>0xf00</size>
         <input_file_ref idref="fl-47"/>
      </object_component>
      <object_component id="oc-3cf">
         <name>.text</name>
         <load_address>0xb440</load_address>
         <run_address>0xb440</run_address>
         <size>0xe0c</size>
         <input_file_ref idref="fl-21"/>
      </object_component>
      <object_component id="oc-3b">
         <name>.text</name>
         <load_address>0xc24c</load_address>
         <run_address>0xc24c</run_address>
         <size>0xd3c</size>
         <input_file_ref idref="fl-d"/>
      </object_component>
      <object_component id="oc-3f3">
         <name>.text</name>
         <load_address>0xcf88</load_address>
         <run_address>0xcf88</run_address>
         <size>0xc84</size>
         <input_file_ref idref="fl-e"/>
      </object_component>
      <object_component id="oc-283">
         <name>.text</name>
         <load_address>0xdc0c</load_address>
         <run_address>0xdc0c</run_address>
         <size>0xb98</size>
         <input_file_ref idref="fl-3c"/>
      </object_component>
      <object_component id="oc-b6">
         <name>.text</name>
         <load_address>0xe7a4</load_address>
         <run_address>0xe7a4</run_address>
         <size>0x9cc</size>
         <input_file_ref idref="fl-52"/>
      </object_component>
      <object_component id="oc-5be">
         <name>.text</name>
         <load_address>0xf170</load_address>
         <run_address>0xf170</run_address>
         <size>0x924</size>
         <input_file_ref idref="fl-1b"/>
      </object_component>
      <object_component id="oc-224">
         <name>.text</name>
         <load_address>0xfa94</load_address>
         <run_address>0xfa94</run_address>
         <size>0x7c4</size>
         <input_file_ref idref="fl-2f"/>
      </object_component>
      <object_component id="oc-297">
         <name>.text</name>
         <load_address>0x10258</load_address>
         <run_address>0x10258</run_address>
         <size>0x65a</size>
         <input_file_ref idref="fl-4a"/>
      </object_component>
      <object_component id="oc-13f">
         <name>.text</name>
         <load_address>0x108b4</load_address>
         <run_address>0x108b4</run_address>
         <size>0x580</size>
         <input_file_ref idref="fl-54"/>
      </object_component>
      <object_component id="oc-2a7">
         <name>.text</name>
         <load_address>0x10e34</load_address>
         <run_address>0x10e34</run_address>
         <size>0x56c</size>
         <input_file_ref idref="fl-3"/>
      </object_component>
      <object_component id="oc-3c9">
         <name>.text</name>
         <load_address>0x113a0</load_address>
         <run_address>0x113a0</run_address>
         <size>0x510</size>
         <input_file_ref idref="fl-13"/>
      </object_component>
      <object_component id="oc-3c3">
         <name>.text</name>
         <load_address>0x118b0</load_address>
         <run_address>0x118b0</run_address>
         <size>0x4ba</size>
         <input_file_ref idref="fl-f"/>
      </object_component>
      <object_component id="oc-47">
         <name>.text</name>
         <load_address>0x11d6c</load_address>
         <run_address>0x11d6c</run_address>
         <size>0x434</size>
         <input_file_ref idref="fl-2e"/>
      </object_component>
      <object_component id="oc-230">
         <name>.text</name>
         <load_address>0x121a0</load_address>
         <run_address>0x121a0</run_address>
         <size>0x3e4</size>
         <input_file_ref idref="fl-50"/>
      </object_component>
      <object_component id="oc-22a">
         <name>.text</name>
         <load_address>0x12584</load_address>
         <run_address>0x12584</run_address>
         <size>0x3d8</size>
         <input_file_ref idref="fl-6"/>
      </object_component>
      <object_component id="oc-1f9">
         <name>.text</name>
         <load_address>0x1295c</load_address>
         <run_address>0x1295c</run_address>
         <size>0x3c0</size>
         <input_file_ref idref="fl-3f"/>
      </object_component>
      <object_component id="oc-1e7">
         <name>.text</name>
         <load_address>0x12d1c</load_address>
         <run_address>0x12d1c</run_address>
         <size>0x388</size>
         <input_file_ref idref="fl-24"/>
      </object_component>
      <object_component id="oc-236">
         <name>.text</name>
         <load_address>0x130a4</load_address>
         <run_address>0x130a4</run_address>
         <size>0x32c</size>
         <input_file_ref idref="fl-2"/>
      </object_component>
      <object_component id="oc-4f4">
         <name>.text</name>
         <load_address>0x133d0</load_address>
         <run_address>0x133d0</run_address>
         <size>0x2f4</size>
         <input_file_ref idref="fl-14"/>
      </object_component>
      <object_component id="oc-1e1">
         <name>.text</name>
         <load_address>0x136c4</load_address>
         <run_address>0x136c4</run_address>
         <size>0x2de</size>
         <input_file_ref idref="fl-22"/>
      </object_component>
      <object_component id="oc-290">
         <name>.text</name>
         <load_address>0x139a4</load_address>
         <run_address>0x139a4</run_address>
         <size>0x2ac</size>
         <input_file_ref idref="fl-8"/>
      </object_component>
      <object_component id="oc-396">
         <name>.text</name>
         <load_address>0x13c50</load_address>
         <run_address>0x13c50</run_address>
         <size>0x294</size>
         <input_file_ref idref="fl-19e"/>
      </object_component>
      <object_component id="oc-35">
         <name>.text</name>
         <load_address>0x13ee4</load_address>
         <run_address>0x13ee4</run_address>
         <size>0x28c</size>
         <input_file_ref idref="fl-55"/>
      </object_component>
      <object_component id="oc-3a3">
         <name>.text</name>
         <load_address>0x14170</load_address>
         <run_address>0x14170</run_address>
         <size>0x1fc</size>
         <input_file_ref idref="fl-19c"/>
      </object_component>
      <object_component id="oc-42b">
         <name>.text</name>
         <load_address>0x1436c</load_address>
         <run_address>0x1436c</run_address>
         <size>0x1f4</size>
         <input_file_ref idref="fl-1b1"/>
      </object_component>
      <object_component id="oc-15d">
         <name>.text</name>
         <load_address>0x14560</load_address>
         <run_address>0x14560</run_address>
         <size>0x1d4</size>
         <input_file_ref idref="fl-57"/>
      </object_component>
      <object_component id="oc-338">
         <name>.text</name>
         <load_address>0x14734</load_address>
         <run_address>0x14734</run_address>
         <size>0x1d2</size>
         <input_file_ref idref="fl-10"/>
      </object_component>
      <object_component id="oc-260">
         <name>.text</name>
         <load_address>0x14906</load_address>
         <run_address>0x14906</run_address>
         <size>0x1b6</size>
         <input_file_ref idref="fl-185"/>
      </object_component>
      <object_component id="oc-4c3">
         <name>.text</name>
         <load_address>0x14abc</load_address>
         <run_address>0x14abc</run_address>
         <size>0x174</size>
         <input_file_ref idref="fl-1a8"/>
      </object_component>
      <object_component id="oc-26a">
         <name>.text</name>
         <load_address>0x14c30</load_address>
         <run_address>0x14c30</run_address>
         <size>0x136</size>
         <input_file_ref idref="fl-187"/>
      </object_component>
      <object_component id="oc-135">
         <name>.text</name>
         <load_address>0x14d66</load_address>
         <run_address>0x14d66</run_address>
         <size>0x12a</size>
         <input_file_ref idref="fl-51"/>
      </object_component>
      <object_component id="oc-289">
         <name>.text</name>
         <load_address>0x14e90</load_address>
         <run_address>0x14e90</run_address>
         <size>0x128</size>
         <input_file_ref idref="fl-2d"/>
      </object_component>
      <object_component id="oc-4d0">
         <name>.text</name>
         <load_address>0x14fb8</load_address>
         <run_address>0x14fb8</run_address>
         <size>0x110</size>
         <input_file_ref idref="fl-1b4"/>
      </object_component>
      <object_component id="oc-25b">
         <name>.text</name>
         <load_address>0x150c8</load_address>
         <run_address>0x150c8</run_address>
         <size>0xfc</size>
         <input_file_ref idref="fl-188"/>
      </object_component>
      <object_component id="oc-21e">
         <name>.text</name>
         <load_address>0x151c4</load_address>
         <run_address>0x151c4</run_address>
         <size>0xf0</size>
         <input_file_ref idref="fl-c"/>
      </object_component>
      <object_component id="oc-1c8">
         <name>.text</name>
         <load_address>0x152b4</load_address>
         <run_address>0x152b4</run_address>
         <size>0xec</size>
         <input_file_ref idref="fl-15"/>
      </object_component>
      <object_component id="oc-30">
         <name>.text</name>
         <load_address>0x153a0</load_address>
         <run_address>0x153a0</run_address>
         <size>0xd2</size>
         <input_file_ref idref="fl-56"/>
      </object_component>
      <object_component id="oc-1bc">
         <name>.text</name>
         <load_address>0x15472</load_address>
         <run_address>0x15472</run_address>
         <size>0xc8</size>
         <input_file_ref idref="fl-16"/>
      </object_component>
      <object_component id="oc-58e">
         <name>.text</name>
         <load_address>0x1553a</load_address>
         <run_address>0x1553a</run_address>
         <size>0xbe</size>
         <input_file_ref idref="fl-1b3"/>
      </object_component>
      <object_component id="oc-408">
         <name>.text</name>
         <load_address>0x155f8</load_address>
         <run_address>0x155f8</run_address>
         <size>0xac</size>
         <input_file_ref idref="fl-b"/>
      </object_component>
      <object_component id="oc-50">
         <name>.text</name>
         <load_address>0x156a4</load_address>
         <run_address>0x156a4</run_address>
         <size>0x9c</size>
         <input_file_ref idref="fl-18f"/>
      </object_component>
      <object_component id="oc-27b">
         <name>.text</name>
         <load_address>0x15740</load_address>
         <run_address>0x15740</run_address>
         <size>0x90</size>
         <input_file_ref idref="fl-184"/>
      </object_component>
      <object_component id="oc-265">
         <name>.text:__aeabi_cdcmple</name>
         <load_address>0x157d0</load_address>
         <run_address>0x157d0</run_address>
         <size>0x86</size>
         <input_file_ref idref="fl-186"/>
      </object_component>
      <object_component id="oc-24b">
         <name>.text:__aeabi_cdrcmple</name>
         <load_address>0x15856</load_address>
         <run_address>0x15856</run_address>
         <size>0x86</size>
         <input_file_ref idref="fl-186"/>
      </object_component>
      <object_component id="oc-69">
         <name>.text</name>
         <load_address>0x158dc</load_address>
         <run_address>0x158dc</run_address>
         <size>0x7a</size>
         <input_file_ref idref="fl-190"/>
      </object_component>
      <object_component id="oc-7b">
         <name>.text</name>
         <load_address>0x15958</load_address>
         <run_address>0x15958</run_address>
         <size>0x6c</size>
         <input_file_ref idref="fl-1a3"/>
      </object_component>
      <object_component id="oc-5c">
         <name>.text</name>
         <load_address>0x159c4</load_address>
         <run_address>0x159c4</run_address>
         <size>0x6a</size>
         <input_file_ref idref="fl-180"/>
      </object_component>
      <object_component id="oc-373">
         <name>.text</name>
         <load_address>0x15a30</load_address>
         <run_address>0x15a30</run_address>
         <size>0x68</size>
         <input_file_ref idref="fl-4"/>
      </object_component>
      <object_component id="oc-56c">
         <name>.text</name>
         <load_address>0x15a98</load_address>
         <run_address>0x15a98</run_address>
         <size>0x66</size>
         <input_file_ref idref="fl-1b5"/>
      </object_component>
      <object_component id="oc-145">
         <name>.text</name>
         <load_address>0x15b00</load_address>
         <run_address>0x15b00</run_address>
         <size>0x64</size>
         <input_file_ref idref="fl-a"/>
      </object_component>
      <object_component id="oc-171">
         <name>.text</name>
         <load_address>0x15b64</load_address>
         <run_address>0x15b64</run_address>
         <size>0x60</size>
         <input_file_ref idref="fl-194"/>
      </object_component>
      <object_component id="oc-435">
         <name>.text</name>
         <load_address>0x15bc4</load_address>
         <run_address>0x15bc4</run_address>
         <size>0x56</size>
         <input_file_ref idref="fl-1ac"/>
      </object_component>
      <object_component id="oc-441">
         <name>.text</name>
         <load_address>0x15c1a</load_address>
         <run_address>0x15c1a</run_address>
         <size>0x52</size>
         <input_file_ref idref="fl-1ab"/>
      </object_component>
      <object_component id="oc-24">
         <name>.text</name>
         <load_address>0x15c6c</load_address>
         <run_address>0x15c6c</run_address>
         <size>0x50</size>
         <input_file_ref idref="fl-17e"/>
      </object_component>
      <object_component id="oc-ee">
         <name>.text</name>
         <load_address>0x15cbc</load_address>
         <run_address>0x15cbc</run_address>
         <size>0x50</size>
         <input_file_ref idref="fl-18c"/>
      </object_component>
      <object_component id="oc-3ff">
         <name>.text</name>
         <load_address>0x15d0c</load_address>
         <run_address>0x15d0c</run_address>
         <size>0x4c</size>
         <input_file_ref idref="fl-17d"/>
      </object_component>
      <object_component id="oc-116">
         <name>.text</name>
         <load_address>0x15d58</load_address>
         <run_address>0x15d58</run_address>
         <size>0x4c</size>
         <input_file_ref idref="fl-1a4"/>
      </object_component>
      <object_component id="oc-23c">
         <name>.text</name>
         <load_address>0x15da4</load_address>
         <run_address>0x15da4</run_address>
         <size>0x4c</size>
         <input_file_ref idref="fl-192"/>
      </object_component>
      <object_component id="oc-26f">
         <name>.text</name>
         <load_address>0x15df0</load_address>
         <run_address>0x15df0</run_address>
         <size>0x4a</size>
         <input_file_ref idref="fl-189"/>
      </object_component>
      <object_component id="oc-430">
         <name>.text</name>
         <load_address>0x15e3a</load_address>
         <run_address>0x15e3a</run_address>
         <size>0x48</size>
         <input_file_ref idref="fl-1a6"/>
      </object_component>
      <object_component id="oc-87">
         <name>.text</name>
         <load_address>0x15e84</load_address>
         <run_address>0x15e84</run_address>
         <size>0x44</size>
         <input_file_ref idref="fl-183"/>
      </object_component>
      <object_component id="oc-2a2">
         <name>.text</name>
         <load_address>0x15ec8</load_address>
         <run_address>0x15ec8</run_address>
         <size>0x44</size>
         <input_file_ref idref="fl-18a"/>
      </object_component>
      <object_component id="oc-61e">
         <name>.text</name>
         <load_address>0x15f0c</load_address>
         <run_address>0x15f0c</run_address>
         <size>0x40</size>
         <input_file_ref idref="fl-1af"/>
      </object_component>
      <object_component id="oc-cc">
         <name>.text</name>
         <load_address>0x15f4c</load_address>
         <run_address>0x15f4c</run_address>
         <size>0x40</size>
         <input_file_ref idref="fl-19a"/>
      </object_component>
      <object_component id="oc-9c">
         <name>.text</name>
         <load_address>0x15f8c</load_address>
         <run_address>0x15f8c</run_address>
         <size>0x3e</size>
         <input_file_ref idref="fl-33"/>
      </object_component>
      <object_component id="oc-250">
         <name>.text</name>
         <load_address>0x15fca</load_address>
         <run_address>0x15fca</run_address>
         <size>0x38</size>
         <input_file_ref idref="fl-18b"/>
      </object_component>
      <object_component id="oc-4dc">
         <name>.text</name>
         <load_address>0x16004</load_address>
         <run_address>0x16004</run_address>
         <size>0x34</size>
         <input_file_ref idref="fl-1a7"/>
      </object_component>
      <object_component id="oc-44d">
         <name>.text</name>
         <load_address>0x16038</load_address>
         <run_address>0x16038</run_address>
         <size>0x30</size>
         <input_file_ref idref="fl-1b2"/>
      </object_component>
      <object_component id="oc-3a9">
         <name>.text</name>
         <load_address>0x16068</load_address>
         <run_address>0x16068</run_address>
         <size>0x30</size>
         <input_file_ref idref="fl-19d"/>
      </object_component>
      <object_component id="oc-274">
         <name>.text</name>
         <load_address>0x16098</load_address>
         <run_address>0x16098</run_address>
         <size>0x2e</size>
         <input_file_ref idref="fl-18d"/>
      </object_component>
      <object_component id="oc-5a7">
         <name>.text</name>
         <load_address>0x160c6</load_address>
         <run_address>0x160c6</run_address>
         <size>0x2e</size>
         <input_file_ref idref="fl-1ae"/>
      </object_component>
      <object_component id="oc-2a">
         <name>.text</name>
         <load_address>0x160f4</load_address>
         <run_address>0x160f4</run_address>
         <size>0x2c</size>
         <input_file_ref idref="fl-7"/>
      </object_component>
      <object_component id="oc-43b">
         <name>.text</name>
         <load_address>0x16120</load_address>
         <run_address>0x16120</run_address>
         <size>0x2a</size>
         <input_file_ref idref="fl-1a9"/>
      </object_component>
      <object_component id="oc-3f9">
         <name>.text</name>
         <load_address>0x1614a</load_address>
         <run_address>0x1614a</run_address>
         <size>0x26</size>
         <input_file_ref idref="fl-199"/>
      </object_component>
      <object_component id="oc-14d">
         <name>.text:GetOverflowCounts</name>
         <load_address>0x16170</load_address>
         <run_address>0x16170</run_address>
         <size>0x24</size>
         <input_file_ref idref="fl-a"/>
      </object_component>
      <object_component id="oc-41">
         <name>.text</name>
         <load_address>0x16194</load_address>
         <run_address>0x16194</run_address>
         <size>0x24</size>
         <input_file_ref idref="fl-27"/>
      </object_component>
      <object_component id="oc-154">
         <name>.text</name>
         <load_address>0x161b8</load_address>
         <run_address>0x161b8</run_address>
         <size>0x22</size>
         <input_file_ref idref="fl-18e"/>
      </object_component>
      <object_component id="oc-29d">
         <name>.text</name>
         <load_address>0x161da</load_address>
         <run_address>0x161da</run_address>
         <size>0x20</size>
         <input_file_ref idref="fl-19b"/>
      </object_component>
      <object_component id="oc-453">
         <name>.text</name>
         <load_address>0x161fa</load_address>
         <run_address>0x161fa</run_address>
         <size>0x1c</size>
         <input_file_ref idref="fl-1ad"/>
      </object_component>
      <object_component id="oc-255">
         <name>.text</name>
         <load_address>0x16216</load_address>
         <run_address>0x16216</run_address>
         <size>0x1a</size>
         <input_file_ref idref="fl-193"/>
      </object_component>
      <object_component id="oc-81">
         <name>.text</name>
         <load_address>0x16230</load_address>
         <run_address>0x16230</run_address>
         <size>0x18</size>
         <input_file_ref idref="fl-1a2"/>
      </object_component>
      <object_component id="oc-55d">
         <name>.text</name>
         <load_address>0x16248</load_address>
         <run_address>0x16248</run_address>
         <size>0x18</size>
         <input_file_ref idref="fl-196"/>
      </object_component>
      <object_component id="oc-447">
         <name>.text</name>
         <load_address>0x16260</load_address>
         <run_address>0x16260</run_address>
         <size>0x16</size>
         <input_file_ref idref="fl-1b0"/>
      </object_component>
      <object_component id="oc-2c0">
         <name>.text</name>
         <load_address>0x16278</load_address>
         <run_address>0x16278</run_address>
         <size>0x14</size>
         <input_file_ref idref="fl-1a0"/>
      </object_component>
      <object_component id="oc-165">
         <name>.text</name>
         <load_address>0x1628c</load_address>
         <run_address>0x1628c</run_address>
         <size>0x14</size>
         <input_file_ref idref="fl-197"/>
      </object_component>
      <object_component id="oc-16b">
         <name>.text</name>
         <load_address>0x162a0</load_address>
         <run_address>0x162a0</run_address>
         <size>0x14</size>
         <input_file_ref idref="fl-198"/>
      </object_component>
      <object_component id="oc-12">
         <name>.text:decompress:none</name>
         <load_address>0x162b4</load_address>
         <run_address>0x162b4</run_address>
         <size>0xe</size>
         <input_file_ref idref="fl-17f"/>
      </object_component>
      <object_component id="oc-1e">
         <name>.text:decompress:ZI</name>
         <load_address>0x162c2</load_address>
         <run_address>0x162c2</run_address>
         <size>0xc</size>
         <input_file_ref idref="fl-181"/>
      </object_component>
      <object_component id="oc-208">
         <name>.text:SysCtlDelay</name>
         <load_address>0x162ce</load_address>
         <run_address>0x162ce</run_address>
         <size>0x6</size>
         <input_file_ref idref="fl-47"/>
      </object_component>
      <object_component id="oc-18">
         <name>.text:decompress:rle24</name>
         <load_address>0x162d4</load_address>
         <run_address>0x162d4</run_address>
         <size>0x6</size>
         <input_file_ref idref="fl-180"/>
      </object_component>
      <object_component id="oc-75">
         <name>.text</name>
         <load_address>0x162da</load_address>
         <run_address>0x162da</run_address>
         <size>0x4</size>
         <input_file_ref idref="fl-191"/>
      </object_component>
      <object_component id="oc-4b8">
         <name>.const:crctttab</name>
         <load_address>0x162e0</load_address>
         <run_address>0x162e0</run_address>
         <size>0x200</size>
         <input_file_ref idref="fl-4"/>
      </object_component>
      <object_component id="oc-55a">
         <name>.const:.string</name>
         <load_address>0x164e0</load_address>
         <run_address>0x164e0</run_address>
         <size>0x162</size>
         <input_file_ref idref="fl-3"/>
      </object_component>
      <object_component id="oc-2ee">
         <name>.const</name>
         <load_address>0x16642</load_address>
         <run_address>0x16642</run_address>
         <size>0x2</size>
         <input_file_ref idref="fl-57"/>
      </object_component>
      <object_component id="oc-202">
         <name>.const:g_pppui32XTALtoVCO</name>
         <load_address>0x16644</load_address>
         <run_address>0x16644</run_address>
         <size>0x120</size>
         <input_file_ref idref="fl-47"/>
      </object_component>
      <object_component id="oc-555">
         <name>.const:.string:_ctypes_</name>
         <load_address>0x16764</load_address>
         <run_address>0x16764</run_address>
         <size>0x101</size>
         <input_file_ref idref="fl-182"/>
      </object_component>
      <object_component id="oc-3b0">
         <name>.const:g_ppui32GPIOIntMapBlizzard</name>
         <load_address>0x16868</load_address>
         <run_address>0x16868</run_address>
         <size>0xc0</size>
         <input_file_ref idref="fl-3c"/>
      </object_component>
      <object_component id="oc-3b6">
         <name>.const:g_ppui32GPIOIntMapSnowflake</name>
         <load_address>0x16928</load_address>
         <run_address>0x16928</run_address>
         <size>0xc0</size>
         <input_file_ref idref="fl-3c"/>
      </object_component>
      <object_component id="oc-34d">
         <name>.const:g_pui32Regs</name>
         <load_address>0x169e8</load_address>
         <run_address>0x169e8</run_address>
         <size>0x9c</size>
         <input_file_ref idref="fl-3f"/>
      </object_component>
      <object_component id="oc-3b9">
         <name>.const:g_pui32GPIOBaseAddrs</name>
         <load_address>0x16a84</load_address>
         <run_address>0x16a84</run_address>
         <size>0x90</size>
         <input_file_ref idref="fl-3c"/>
      </object_component>
      <object_component id="oc-4cc">
         <name>.const</name>
         <load_address>0x16b18</load_address>
         <run_address>0x16b18</run_address>
         <size>0x80</size>
         <input_file_ref idref="fl-19e"/>
      </object_component>
      <object_component id="oc-34a">
         <name>.const</name>
         <load_address>0x16b98</load_address>
         <run_address>0x16b98</run_address>
         <size>0x70</size>
         <input_file_ref idref="fl-3f"/>
      </object_component>
      <object_component id="oc-1ff">
         <name>.const:g_pui32Xtals</name>
         <load_address>0x16c08</load_address>
         <run_address>0x16c08</run_address>
         <size>0x6c</size>
         <input_file_ref idref="fl-47"/>
      </object_component>
      <object_component id="oc-3e6">
         <name>.const:g_ppui32TimerIntMap</name>
         <load_address>0x16c74</load_address>
         <run_address>0x16c74</run_address>
         <size>0x60</size>
         <input_file_ref idref="fl-4a"/>
      </object_component>
      <object_component id="oc-4d6">
         <name>.const</name>
         <load_address>0x16cd8</load_address>
         <run_address>0x16cd8</run_address>
         <size>0x48</size>
         <input_file_ref idref="fl-19c"/>
      </object_component>
      <object_component id="oc-3ec">
         <name>.const:g_ppui32TimerIntMapSnowflake</name>
         <load_address>0x16d20</load_address>
         <run_address>0x16d20</run_address>
         <size>0x40</size>
         <input_file_ref idref="fl-4a"/>
      </object_component>
      <object_component id="oc-50b">
         <name>.const</name>
         <load_address>0x16d60</load_address>
         <run_address>0x16d60</run_address>
         <size>0x38</size>
         <input_file_ref idref="fl-21"/>
      </object_component>
      <object_component id="oc-5ed">
         <name>.const:.string:g_pui8ConfigString</name>
         <load_address>0x16d98</load_address>
         <run_address>0x16d98</run_address>
         <size>0x36</size>
         <input_file_ref idref="fl-9"/>
      </object_component>
      <object_component id="oc-1de">
         <name>.const:g_psUSBDStdRequests</name>
         <load_address>0x16dd0</load_address>
         <run_address>0x16dd0</run_address>
         <size>0x34</size>
         <input_file_ref idref="fl-26"/>
      </object_component>
      <object_component id="oc-546">
         <name>.const:g_psDaysToMonth</name>
         <load_address>0x16e04</load_address>
         <run_address>0x16e04</run_address>
         <size>0x30</size>
         <input_file_ref idref="fl-e"/>
      </object_component>
      <object_component id="oc-505">
         <name>.const:g_sCDCHandlers</name>
         <load_address>0x16e34</load_address>
         <run_address>0x16e34</run_address>
         <size>0x30</size>
         <input_file_ref idref="fl-21"/>
      </object_component>
      <object_component id="oc-1f6">
         <name>.const:g_sXTALtoMEMTIM</name>
         <load_address>0x16e64</load_address>
         <run_address>0x16e64</run_address>
         <size>0x30</size>
         <input_file_ref idref="fl-47"/>
      </object_component>
      <object_component id="oc-5ea">
         <name>.const:.string:g_pui8ControlInterfaceString</name>
         <load_address>0x16e94</load_address>
         <run_address>0x16e94</run_address>
         <size>0x2c</size>
         <input_file_ref idref="fl-9"/>
      </object_component>
      <object_component id="oc-bf">
         <name>.const</name>
         <load_address>0x16ec0</load_address>
         <run_address>0x16ec0</run_address>
         <size>0x28</size>
         <input_file_ref idref="fl-d"/>
      </object_component>
      <object_component id="oc-5e4">
         <name>.const:.string:g_pui8ManufacturerString</name>
         <load_address>0x16ee8</load_address>
         <run_address>0x16ee8</run_address>
         <size>0x24</size>
         <input_file_ref idref="fl-9"/>
      </object_component>
      <object_component id="oc-3d5">
         <name>.const:g_sRxBuffer</name>
         <load_address>0x16f0c</load_address>
         <run_address>0x16f0c</run_address>
         <size>0x24</size>
         <input_file_ref idref="fl-9"/>
      </object_component>
      <object_component id="oc-3de">
         <name>.const:g_sTxBuffer</name>
         <load_address>0x16f30</load_address>
         <run_address>0x16f30</run_address>
         <size>0x24</size>
         <input_file_ref idref="fl-9"/>
      </object_component>
      <object_component id="oc-5d1">
         <name>.const:.string:g_pui8CDCSerCommInterface</name>
         <load_address>0x16f54</load_address>
         <run_address>0x16f54</run_address>
         <size>0x23</size>
         <input_file_ref idref="fl-21"/>
      </object_component>
      <object_component id="oc-5e7">
         <name>.const:.string:g_pui8ProductString</name>
         <load_address>0x16f77</load_address>
         <run_address>0x16f77</run_address>
         <size>0x22</size>
         <input_file_ref idref="fl-9"/>
      </object_component>
      <object_component id="oc-543">
         <name>.const</name>
         <load_address>0x16f9c</load_address>
         <run_address>0x16f9c</run_address>
         <size>0x1c</size>
         <input_file_ref idref="fl-e"/>
      </object_component>
      <object_component id="oc-536">
         <name>.const</name>
         <load_address>0x16fb8</load_address>
         <run_address>0x16fb8</run_address>
         <size>0x18</size>
         <input_file_ref idref="fl-9"/>
      </object_component>
      <object_component id="oc-5d4">
         <name>.const:.string</name>
         <load_address>0x16fd0</load_address>
         <run_address>0x16fd0</run_address>
         <size>0x17</size>
         <input_file_ref idref="fl-21"/>
      </object_component>
      <object_component id="oc-5e1">
         <name>.const:.string</name>
         <load_address>0x16fe7</load_address>
         <run_address>0x16fe7</run_address>
         <size>0x16</size>
         <input_file_ref idref="fl-9"/>
      </object_component>
      <object_component id="oc-15c">
         <name>.const:.string</name>
         <load_address>0x16ffd</load_address>
         <run_address>0x16ffd</run_address>
         <size>0x14</size>
         <input_file_ref idref="fl-53"/>
      </object_component>
      <object_component id="oc-19f">
         <name>.const:.string</name>
         <load_address>0x17014</load_address>
         <run_address>0x17014</run_address>
         <size>0x12</size>
         <input_file_ref idref="fl-d"/>
      </object_component>
      <object_component id="oc-5f2">
         <name>.const:.string</name>
         <load_address>0x17028</load_address>
         <run_address>0x17028</run_address>
         <size>0x12</size>
         <input_file_ref idref="fl-e"/>
      </object_component>
      <object_component id="oc-3b3">
         <name>.const</name>
         <load_address>0x1703c</load_address>
         <run_address>0x1703c</run_address>
         <size>0x8</size>
         <input_file_ref idref="fl-3c"/>
      </object_component>
      <object_component id="oc-205">
         <name>.const</name>
         <load_address>0x17044</load_address>
         <run_address>0x17044</run_address>
         <size>0x8</size>
         <input_file_ref idref="fl-47"/>
      </object_component>
      <object_component id="oc-3e9">
         <name>.const</name>
         <load_address>0x1704c</load_address>
         <run_address>0x1704c</run_address>
         <size>0x8</size>
         <input_file_ref idref="fl-4a"/>
      </object_component>
      <object_component id="oc-69e">
         <name>.cinit..data.load</name>
         <load_address>0x17058</load_address>
         <run_address>0x17058</run_address>
         <size>0x198</size>
      </object_component>
      <object_component id="oc-69b">
         <name>__TI_handler_table</name>
         <load_address>0x171f0</load_address>
         <run_address>0x171f0</run_address>
         <size>0xc</size>
      </object_component>
      <object_component id="oc-69f">
         <name>.cinit..bss.load</name>
         <load_address>0x17200</load_address>
         <run_address>0x17200</run_address>
         <size>0x8</size>
      </object_component>
      <object_component id="oc-69d">
         <name>.cinit..vtable.load</name>
         <load_address>0x17208</load_address>
         <run_address>0x17208</run_address>
         <size>0x8</size>
      </object_component>
      <object_component id="oc-69c">
         <name>__TI_cinit_table</name>
         <load_address>0x17210</load_address>
         <run_address>0x17210</run_address>
         <size>0x18</size>
      </object_component>
      <object_component id="oc-347">
         <name>.vtable</name>
         <uninitialized>true</uninitialized>
         <run_address>0x20000000</run_address>
         <size>0x26c</size>
         <input_file_ref idref="fl-3f"/>
      </object_component>
      <object_component id="oc-29">
         <name>.stack</name>
         <uninitialized>true</uninitialized>
         <run_address>0x20006b4c</run_address>
         <size>0x0</size>
         <input_file_ref idref="fl-17e"/>
      </object_component>
      <object_component id="oc-6a0">
         <name>.stack</name>
         <uninitialized>true</uninitialized>
         <run_address>0x20006b4c</run_address>
         <size>0x0</size>
      </object_component>
      <object_component id="oc-515">
         <name>.bss:g_pui8USBRxBuffer</name>
         <uninitialized>true</uninitialized>
         <run_address>0x2000618c</run_address>
         <size>0x100</size>
         <input_file_ref idref="fl-9"/>
      </object_component>
      <object_component id="oc-530">
         <name>.bss:g_pui8USBTxBuffer</name>
         <uninitialized>true</uninitialized>
         <run_address>0x2000628c</run_address>
         <size>0x100</size>
         <input_file_ref idref="fl-9"/>
      </object_component>
      <object_component id="oc-563">
         <name>.bss:g_ppcArgv</name>
         <uninitialized>true</uninitialized>
         <run_address>0x20006588</run_address>
         <size>0x24</size>
         <input_file_ref idref="fl-b"/>
      </object_component>
      <object_component id="oc-c5">
         <name>.bss:g_pcUARTTxBuffer</name>
         <uninitialized>true</uninitialized>
         <run_address>0x2000593c</run_address>
         <size>0x400</size>
         <input_file_ref idref="fl-d"/>
      </object_component>
      <object_component id="oc-c9">
         <name>.bss:g_pcUARTRxBuffer</name>
         <uninitialized>true</uninitialized>
         <run_address>0x20006428</run_address>
         <size>0x80</size>
         <input_file_ref idref="fl-d"/>
      </object_component>
      <object_component id="oc-d3">
         <name>.bss:g_pcUARTRxHistoryBuffer</name>
         <uninitialized>true</uninitialized>
         <run_address>0x20005d3c</run_address>
         <size>0x200</size>
         <input_file_ref idref="fl-d"/>
      </object_component>
      <object_component id="oc-316">
         <name>.bss:g_psUSBDMAInst</name>
         <uninitialized>true</uninitialized>
         <run_address>0x2000607c</run_address>
         <size>0x110</size>
         <input_file_ref idref="fl-11"/>
      </object_component>
      <object_component id="oc-63c">
         <name>.bss:g_sRootHub</name>
         <uninitialized>true</uninitialized>
         <run_address>0x2000638c</run_address>
         <size>0x9c</size>
         <input_file_ref idref="fl-1b"/>
      </object_component>
      <object_component id="oc-5b5">
         <name>.bss:g_sUSBHCD</name>
         <uninitialized>true</uninitialized>
         <run_address>0x20005270</run_address>
         <size>0x6cc</size>
         <input_file_ref idref="fl-1d"/>
      </object_component>
      <object_component id="oc-1db">
         <name>.bss:g_pui8DataBufferIn</name>
         <uninitialized>true</uninitialized>
         <run_address>0x20006548</run_address>
         <size>0x40</size>
         <input_file_ref idref="fl-26"/>
      </object_component>
      <object_component id="oc-1ce">
         <name>.bss:g_psDCDInst</name>
         <uninitialized>true</uninitialized>
         <run_address>0x200064a8</run_address>
         <size>0x50</size>
         <input_file_ref idref="fl-26"/>
      </object_component>
      <object_component id="oc-18e">
         <name>.bss:xQueueRegistry</name>
         <uninitialized>true</uninitialized>
         <run_address>0x200064f8</run_address>
         <size>0x50</size>
         <input_file_ref idref="fl-52"/>
      </object_component>
      <object_component id="oc-13b">
         <name>.bss:pxReadyTasksLists</name>
         <uninitialized>true</uninitialized>
         <run_address>0x20005f3c</run_address>
         <size>0x140</size>
         <input_file_ref idref="fl-53"/>
      </object_component>
      <object_component id="oc-2f5">
         <name>.bss:ucHeap</name>
         <uninitialized>true</uninitialized>
         <run_address>0x20000270</run_address>
         <size>0x5000</size>
         <input_file_ref idref="fl-57"/>
      </object_component>
      <object_component id="oc-249">
         <name>.common:ejes</name>
         <uninitialized>true</uninitialized>
         <run_address>0x20006710</run_address>
         <size>0x8</size>
      </object_component>
      <object_component id="oc-24a">
         <name>.common:velocidad</name>
         <uninitialized>true</uninitialized>
         <run_address>0x200067a8</run_address>
         <size>0x4</size>
      </object_component>
      <object_component id="oc-28f">
         <name>.common:combustible</name>
         <uninitialized>true</uninitialized>
         <run_address>0x20006708</run_address>
         <size>0x8</size>
      </object_component>
      <object_component id="oc-383">
         <name>.common:hora</name>
         <uninitialized>true</uninitialized>
         <run_address>0x20006788</run_address>
         <size>0x4</size>
      </object_component>
      <object_component id="oc-384">
         <name>.common:altitud</name>
         <uninitialized>true</uninitialized>
         <run_address>0x20006700</run_address>
         <size>0x8</size>
      </object_component>
      <object_component id="oc-282">
         <name>.common:tiempoSim</name>
         <uninitialized>true</uninitialized>
         <run_address>0x200067a0</run_address>
         <size>0x4</size>
      </object_component>
      <object_component id="oc-37c">
         <name>.common:EjesSemaphore</name>
         <uninitialized>true</uninitialized>
         <run_address>0x20006738</run_address>
         <size>0x4</size>
      </object_component>
      <object_component id="oc-37d">
         <name>.common:VelocidadSemaphore</name>
         <uninitialized>true</uninitialized>
         <run_address>0x20006748</run_address>
         <size>0x4</size>
      </object_component>
      <object_component id="oc-37e">
         <name>.common:CombustibleSemaphore</name>
         <uninitialized>true</uninitialized>
         <run_address>0x20006734</run_address>
         <size>0x4</size>
      </object_component>
      <object_component id="oc-37f">
         <name>.common:HoraSemaphore</name>
         <uninitialized>true</uninitialized>
         <run_address>0x2000673c</run_address>
         <size>0x4</size>
      </object_component>
      <object_component id="oc-380">
         <name>.common:AltitudSemaphore</name>
         <uninitialized>true</uninitialized>
         <run_address>0x20006730</run_address>
         <size>0x4</size>
      </object_component>
      <object_component id="oc-381">
         <name>.common:TiempoSimSemaphore</name>
         <uninitialized>true</uninitialized>
         <run_address>0x20006744</run_address>
         <size>0x4</size>
      </object_component>
      <object_component id="oc-382">
         <name>.common:PilotoAutomaticoSemaphore</name>
         <uninitialized>true</uninitialized>
         <run_address>0x20006740</run_address>
         <size>0x4</size>
      </object_component>
      <object_component id="oc-245">
         <name>.common:g_ui32CPUUsage</name>
         <uninitialized>true</uninitialized>
         <run_address>0x20006758</run_address>
         <size>0x4</size>
      </object_component>
      <object_component id="oc-296">
         <name>.common:g_ulSystemClock</name>
         <uninitialized>true</uninitialized>
         <run_address>0x20006780</run_address>
         <size>0x4</size>
      </object_component>
      <object_component id="oc-27a">
         <name>.common:potQueue</name>
         <uninitialized>true</uninitialized>
         <run_address>0x2000678c</run_address>
         <size>0x4</size>
      </object_component>
      <object_component id="oc-281">
         <name>.common:velocidadQueue</name>
         <uninitialized>true</uninitialized>
         <run_address>0x200067ac</run_address>
         <size>0x4</size>
      </object_component>
      <object_component id="oc-248">
         <name>.common:xEventGroup</name>
         <uninitialized>true</uninitialized>
         <run_address>0x200067b4</run_address>
         <size>0x4</size>
      </object_component>
      <object_component id="oc-279">
         <name>.common:color</name>
         <uninitialized>true</uninitialized>
         <run_address>0x200066e8</run_address>
         <size>0xc</size>
      </object_component>
      <object_component id="oc-2ad">
         <name>.common:pulsacionLarga</name>
         <uninitialized>true</uninitialized>
         <run_address>0x200067be</run_address>
         <size>0x1</size>
      </object_component>
      <object_component id="oc-3d8">
         <name>.common:xRxedChars</name>
         <uninitialized>true</uninitialized>
         <run_address>0x200067b8</run_address>
         <size>0x4</size>
      </object_component>
      <object_component id="oc-3e1">
         <name>.common:xCharsForTx</name>
         <uninitialized>true</uninitialized>
         <run_address>0x200067b0</run_address>
         <size>0x4</size>
      </object_component>
      <object_component id="oc-518">
         <name>.common:g_pui8RxBufferWorkspace</name>
         <uninitialized>true</uninitialized>
         <run_address>0x20006614</run_address>
         <size>0x18</size>
      </object_component>
      <object_component id="oc-533">
         <name>.common:g_pui8TxBufferWorkspace</name>
         <uninitialized>true</uninitialized>
         <run_address>0x2000662c</run_address>
         <size>0x18</size>
      </object_component>
      <object_component id="oc-369">
         <name>.common:g_ui32CPUUsageTimer</name>
         <uninitialized>true</uninitialized>
         <run_address>0x20006764</run_address>
         <size>0x4</size>
      </object_component>
      <object_component id="oc-36d">
         <name>.common:g_ui32CPUUsageTicks</name>
         <uninitialized>true</uninitialized>
         <run_address>0x20006760</run_address>
         <size>0x4</size>
      </object_component>
      <object_component id="oc-36c">
         <name>.common:g_ui32CPUUsagePrevious</name>
         <uninitialized>true</uninitialized>
         <run_address>0x2000675c</run_address>
         <size>0x4</size>
      </object_component>
      <object_component id="oc-d1">
         <name>.common:g_bDisableEcho</name>
         <uninitialized>true</uninitialized>
         <run_address>0x200067bc</run_address>
         <size>0x1</size>
      </object_component>
      <object_component id="oc-d2">
         <name>.common:g_usUARTRxHistoryOffset</name>
         <uninitialized>true</uninitialized>
         <run_address>0x200065ac</run_address>
         <size>0x20</size>
      </object_component>
      <object_component id="oc-c2">
         <name>.common:g_ui32PortNum</name>
         <uninitialized>true</uninitialized>
         <run_address>0x20006774</run_address>
         <size>0x4</size>
      </object_component>
      <object_component id="oc-c8">
         <name>.common:g_xRxLineSemaphore</name>
         <uninitialized>true</uninitialized>
         <run_address>0x20006784</run_address>
         <size>0x4</size>
      </object_component>
      <object_component id="oc-502">
         <name>.common:g_pfnUSBModeCallback</name>
         <uninitialized>true</uninitialized>
         <run_address>0x2000674c</run_address>
         <size>0x4</size>
      </object_component>
      <object_component id="oc-501">
         <name>.common:g_ui32PollRate</name>
         <uninitialized>true</uninitialized>
         <run_address>0x20006770</run_address>
         <size>0x4</size>
      </object_component>
      <object_component id="oc-503">
         <name>.common:g_eOTGModeState</name>
         <uninitialized>true</uninitialized>
         <run_address>0x200067bd</run_address>
         <size>0x1</size>
      </object_component>
      <object_component id="oc-31b">
         <name>.common:g_pfnTickHandlers</name>
         <uninitialized>true</uninitialized>
         <run_address>0x200065cc</run_address>
         <size>0x18</size>
      </object_component>
      <object_component id="oc-31e">
         <name>.common:g_pvTickInstance</name>
         <uninitialized>true</uninitialized>
         <run_address>0x20006644</run_address>
         <size>0x18</size>
      </object_component>
      <object_component id="oc-642">
         <name>.common:g_ui32ChangeFlags</name>
         <uninitialized>true</uninitialized>
         <run_address>0x20006768</run_address>
         <size>0x4</size>
      </object_component>
      <object_component id="oc-63f">
         <name>.common:g_ui32HubChanges</name>
         <uninitialized>true</uninitialized>
         <run_address>0x2000676c</run_address>
         <size>0x4</size>
      </object_component>
      <object_component id="oc-5c5">
         <name>.common:g_ui32ULPISupport</name>
         <uninitialized>true</uninitialized>
         <run_address>0x2000677c</run_address>
         <size>0x4</size>
      </object_component>
      <object_component id="oc-5c4">
         <name>.common:g_pi32USBHActiveDriver</name>
         <uninitialized>true</uninitialized>
         <run_address>0x200065e4</run_address>
         <size>0x18</size>
      </object_component>
      <object_component id="oc-5c6">
         <name>.common:g_ppvDriverInstance</name>
         <uninitialized>true</uninitialized>
         <run_address>0x200065fc</run_address>
         <size>0x18</size>
      </object_component>
      <object_component id="oc-5b8">
         <name>.common:g_pui32Alloc</name>
         <uninitialized>true</uninitialized>
[...]
      <symbol id="sm-18ba">
         <name>xTaskGetSchedulerState</name>
         <value>0x42cd</value>
         <object_component_ref idref="oc-95"/>
      </symbol>
      <symbol id="sm-18bb">
         <name>xTaskResumeFromISR</name>
         <value>0x35d9</value>
         <object_component_ref idref="oc-95"/>
      </symbol>
      <symbol id="sm-18bc">
         <name>xTaskGetCurrentTaskHandle</name>
         <value>0x42b5</value>
         <object_component_ref idref="oc-95"/>
      </symbol>
      <symbol id="sm-18bd">
         <name>vTaskPlaceOnUnorderedEventList</name>
         <value>0x3ba9</value>
         <object_component_ref idref="oc-95"/>
      </symbol>
      <symbol id="sm-18be">
         <name>xTaskRemoveFromEventList</name>
         <value>0x3c61</value>
         <object_component_ref idref="oc-95"/>
      </symbol>
      <symbol id="sm-18bf">
         <name>eTaskConfirmSleepModeStatus</name>
         <value>0x3e9d</value>
         <object_component_ref idref="oc-95"/>
      </symbol>
      <symbol id="sm-1934">
         <name>xTimerCreateTimerTask</name>
         <value>0x108b5</value>
         <object_component_ref idref="oc-13f"/>
      </symbol>
      <symbol id="sm-1935">
         <name>pcTimerGetTimerName</name>
         <value>0x109b1</value>
         <object_component_ref idref="oc-13f"/>
      </symbol>
      <symbol id="sm-1936">
         <name>xTimerIsTimerActive</name>
         <value>0x10d6d</value>
         <object_component_ref idref="oc-13f"/>
      </symbol>
      <symbol id="sm-1937">
         <name>xTimerCreate</name>
         <value>0x108ef</value>
         <object_component_ref idref="oc-13f"/>
      </symbol>
      <symbol id="sm-1938">
         <name>xTimerGenericCommand</name>
         <value>0x10943</value>
         <object_component_ref idref="oc-13f"/>
      </symbol>
      <symbol id="sm-1939">
         <name>pvTimerGetTimerID</name>
         <value>0x10d99</value>
         <object_component_ref idref="oc-13f"/>
      </symbol>
      <symbol id="sm-193a">
         <name>xTimerPendFunctionCallFromISR</name>
         <value>0x10db1</value>
         <object_component_ref idref="oc-13f"/>
      </symbol>
      <symbol id="sm-193b">
         <name>xTimerPendFunctionCall</name>
         <value>0x10de7</value>
         <object_component_ref idref="oc-13f"/>
      </symbol>
      <symbol id="sm-1977">
         <name>vPortSetupTimerInterrupt</name>
         <value>0x14115</value>
         <object_component_ref idref="oc-35"/>
      </symbol>
      <symbol id="sm-1978">
         <name>vPortEndScheduler</name>
         <value>0x13f79</value>
         <object_component_ref idref="oc-35"/>
      </symbol>
      <symbol id="sm-1979">
         <name>vPortSuppressTicksAndSleep</name>
         <value>0x13fc7</value>
         <object_component_ref idref="oc-35"/>
      </symbol>
      <symbol id="sm-197a">
         <name>xPortSysTickHandler</name>
         <value>0x13fab</value>
         <object_component_ref idref="oc-35"/>
      </symbol>
      <symbol id="sm-197b">
         <name>pxPortInitialiseStack</name>
         <value>0x13ee5</value>
         <object_component_ref idref="oc-35"/>
      </symbol>
      <symbol id="sm-197c">
         <name>vPortExitCritical</name>
         <value>0x13f93</value>
         <object_component_ref idref="oc-35"/>
      </symbol>
      <symbol id="sm-197d">
         <name>xPortStartScheduler</name>
         <value>0x13f43</value>
         <object_component_ref idref="oc-35"/>
      </symbol>
      <symbol id="sm-197e">
         <name>vPortEnterCritical</name>
         <value>0x13f7b</value>
         <object_component_ref idref="oc-35"/>
      </symbol>
      <symbol id="sm-198b">
         <name>vPortStartFirstTask</name>
         <value>0x1543d</value>
         <object_component_ref idref="oc-30"/>
      </symbol>
      <symbol id="sm-198c">
         <name>vPortGetIPSR</name>
         <value>0x1546d</value>
         <object_component_ref idref="oc-30"/>
      </symbol>
      <symbol id="sm-198d">
         <name>vPortEnableVFP</name>
         <value>0x1545b</value>
         <object_component_ref idref="oc-30"/>
      </symbol>
      <symbol id="sm-198e">
         <name>xPortPendSVHandler</name>
         <value>0x153a5</value>
         <object_component_ref idref="oc-30"/>
      </symbol>
      <symbol id="sm-198f">
         <name>vPortClearInterruptMask</name>
         <value>0x15419</value>
         <object_component_ref idref="oc-30"/>
      </symbol>
      <symbol id="sm-1990">
         <name>ulPortSetInterruptMask</name>
         <value>0x15403</value>
         <object_component_ref idref="oc-30"/>
      </symbol>
      <symbol id="sm-1991">
         <name>vPortSVCHandler</name>
         <value>0x1541f</value>
         <object_component_ref idref="oc-30"/>
      </symbol>
      <symbol id="sm-19d7">
         <name>vPortInitialiseBlocks</name>
         <value>0x146d7</value>
         <object_component_ref idref="oc-15d"/>
      </symbol>
      <symbol id="sm-19d8">
         <name>xPortGetFreeHeapSize</name>
         <value>0x146d1</value>
         <object_component_ref idref="oc-15d"/>
      </symbol>
      <symbol id="sm-19d9">
         <name>pvPortMalloc</name>
         <value>0x14561</value>
         <object_component_ref idref="oc-15d"/>
      </symbol>
      <symbol id="sm-19da">
         <name>vPortFree</name>
         <value>0x1466f</value>
         <object_component_ref idref="oc-15d"/>
      </symbol>
      <symbol id="sm-19f0">
         <name>atoi</name>
         <value>0x15d0d</value>
         <object_component_ref idref="oc-3ff"/>
      </symbol>
      <symbol id="sm-1a02">
         <name>_c_int00</name>
         <value>0x15c6d</value>
         <object_component_ref idref="oc-24"/>
      </symbol>
      <symbol id="sm-1a03">
         <name>__stack</name>
         <value>0x20006b4c</value>
         <object_component_ref idref="oc-29"/>
      </symbol>
      <symbol id="sm-1a1a">
         <name>__TI_decompress_none</name>
         <value>0x162b5</value>
         <object_component_ref idref="oc-12"/>
      </symbol>
      <symbol id="sm-1a3d">
         <name>__TI_decompress_rle24</name>
         <value>0x162d5</value>
         <object_component_ref idref="oc-18"/>
      </symbol>
      <symbol id="sm-1a4f">
         <name>__TI_zero_init</name>
         <value>0x162c3</value>
         <object_component_ref idref="oc-1e"/>
      </symbol>
      <symbol id="sm-1a5a">
         <name>_ctypes_</name>
         <value>0x16764</value>
         <object_component_ref idref="oc-555"/>
      </symbol>
      <symbol id="sm-1a79">
         <name>C$$EXIT</name>
         <value>0x15e85</value>
         <object_component_ref idref="oc-87"/>
      </symbol>
      <symbol id="sm-1a7a">
         <name>abort</name>
         <value>0x15e89</value>
         <object_component_ref idref="oc-87"/>
      </symbol>
      <symbol id="sm-1a7b">
         <name>exit</name>
         <value>0x15e91</value>
         <object_component_ref idref="oc-87"/>
      </symbol>
      <symbol id="sm-1a7c">
         <name>__TI_dtors_ptr</name>
         <value>0x20006b1c</value>
         <object_component_ref idref="oc-129"/>
      </symbol>
      <symbol id="sm-1a7d">
         <name>__TI_cleanup_ptr</name>
         <value>0x20006b18</value>
         <object_component_ref idref="oc-129"/>
      </symbol>
      <symbol id="sm-1a92">
         <name>exp</name>
         <value>0x15741</value>
         <object_component_ref idref="oc-27b"/>
      </symbol>
      <symbol id="sm-1ab6">
         <name>__aeabi_dsub</name>
         <value>0x14907</value>
         <object_component_ref idref="oc-260"/>
      </symbol>
      <symbol id="sm-1ab7">
         <name>__aeabi_dadd</name>
         <value>0x14911</value>
         <object_component_ref idref="oc-260"/>
      </symbol>
      <symbol id="sm-1ade">
         <name>__aeabi_cdcmpeq</name>
         <value>0x157d1</value>
         <object_component_ref idref="oc-265"/>
      </symbol>
      <symbol id="sm-1adf">
         <name>__aeabi_cdcmple</name>
         <value>0x157d1</value>
         <object_component_ref idref="oc-265"/>
      </symbol>
      <symbol id="sm-1ae0">
         <name>__aeabi_cdrcmple</name>
         <value>0x15857</value>
         <object_component_ref idref="oc-24b"/>
      </symbol>
      <symbol id="sm-1b00">
         <name>__aeabi_ddiv</name>
         <value>0x14c31</value>
         <object_component_ref idref="oc-26a"/>
      </symbol>
      <symbol id="sm-1b17">
         <name>__aeabi_dmul</name>
         <value>0x150c9</value>
         <object_component_ref idref="oc-25b"/>
      </symbol>
      <symbol id="sm-1b23">
         <name>__aeabi_d2f</name>
         <value>0x15df1</value>
         <object_component_ref idref="oc-26f"/>
      </symbol>
      <symbol id="sm-1b30">
         <name>__aeabi_d2uiz</name>
         <value>0x15ec9</value>
         <object_component_ref idref="oc-2a2"/>
      </symbol>
      <symbol id="sm-1b3e">
         <name>__aeabi_f2d</name>
         <value>0x15fcb</value>
         <object_component_ref idref="oc-250"/>
      </symbol>
      <symbol id="sm-1b4a">
         <name>__aeabi_f2ulz</name>
         <value>0x15cbd</value>
         <object_component_ref idref="oc-ee"/>
      </symbol>
      <symbol id="sm-1b56">
         <name>__aeabi_i2d</name>
         <value>0x16099</value>
         <object_component_ref idref="oc-274"/>
      </symbol>
      <symbol id="sm-1b66">
         <name>memcmp</name>
         <value>0x161b9</value>
         <object_component_ref idref="oc-154"/>
      </symbol>
      <symbol id="sm-1b81">
         <name>memcpy</name>
         <value>0x156a5</value>
         <object_component_ref idref="oc-50"/>
      </symbol>
      <symbol id="sm-1b82">
         <name>__aeabi_memcpy</name>
         <value>0x156a5</value>
         <object_component_ref idref="oc-50"/>
      </symbol>
      <symbol id="sm-1b83">
         <name>__aeabi_memcpy8</name>
         <value>0x156a5</value>
         <object_component_ref idref="oc-50"/>
      </symbol>
      <symbol id="sm-1b84">
         <name>__aeabi_memcpy4</name>
         <value>0x156a5</value>
         <object_component_ref idref="oc-50"/>
      </symbol>
      <symbol id="sm-1b93">
         <name>__aeabi_memset</name>
         <value>0x158df</value>
         <object_component_ref idref="oc-69"/>
      </symbol>
      <symbol id="sm-1b94">
         <name>memset</name>
         <value>0x158e5</value>
         <object_component_ref idref="oc-69"/>
      </symbol>
      <symbol id="sm-1b95">
         <name>__aeabi_memset8</name>
         <value>0x158df</value>
         <object_component_ref idref="oc-69"/>
      </symbol>
      <symbol id="sm-1b96">
         <name>__aeabi_memset4</name>
         <value>0x158df</value>
         <object_component_ref idref="oc-69"/>
      </symbol>
      <symbol id="sm-1b97">
         <name>__aeabi_memclr8</name>
         <value>0x158dd</value>
         <object_component_ref idref="oc-69"/>
      </symbol>
      <symbol id="sm-1b98">
         <name>__aeabi_memclr4</name>
         <value>0x158dd</value>
         <object_component_ref idref="oc-69"/>
      </symbol>
      <symbol id="sm-1b99">
         <name>__aeabi_memclr</name>
         <value>0x158dd</value>
         <object_component_ref idref="oc-69"/>
      </symbol>
      <symbol id="sm-1ba3">
         <name>_system_pre_init</name>
         <value>0x162db</value>
         <object_component_ref idref="oc-75"/>
      </symbol>
      <symbol id="sm-1bbd">
         <name>rand</name>
         <value>0x15dbb</value>
         <object_component_ref idref="oc-23c"/>
      </symbol>
      <symbol id="sm-1bbe">
         <name>srand</name>
         <value>0x15da5</value>
         <object_component_ref idref="oc-23c"/>
      </symbol>
      <symbol id="sm-1bc8">
         <name>sin</name>
         <value>0x16217</value>
         <object_component_ref idref="oc-255"/>
      </symbol>
      <symbol id="sm-1be1">
         <name>sprintf</name>
         <value>0x15b65</value>
         <object_component_ref idref="oc-171"/>
      </symbol>
      <symbol id="sm-1be9">
         <name>main_func_sp</name>
         <value>0x20006b44</value>
         <object_component_ref idref="oc-8d"/>
      </symbol>
      <symbol id="sm-1bf8">
         <name>strcmp</name>
         <value>0x16249</value>
         <object_component_ref idref="oc-55d"/>
      </symbol>
      <symbol id="sm-1c06">
         <name>strcpy</name>
         <value>0x1628d</value>
         <object_component_ref idref="oc-165"/>
      </symbol>
      <symbol id="sm-1c14">
         <name>strlen</name>
         <value>0x162a1</value>
         <object_component_ref idref="oc-16b"/>
      </symbol>
      <symbol id="sm-1c24">
         <name>strncmp</name>
         <value>0x1614b</value>
         <object_component_ref idref="oc-3f9"/>
      </symbol>
      <symbol id="sm-1c36">
         <name>__aeabi_uidivmod</name>
         <value>0x15f4d</value>
         <object_component_ref idref="oc-cc"/>
      </symbol>
      <symbol id="sm-1c37">
         <name>__aeabi_uidiv</name>
         <value>0x15f4d</value>
         <object_component_ref idref="oc-cc"/>
      </symbol>
      <symbol id="sm-1c43">
         <name>__aeabi_ui2d</name>
         <value>0x161db</value>
         <object_component_ref idref="oc-29d"/>
      </symbol>
      <symbol id="sm-1c7c">
         <name>_Exp</name>
         <value>0x14171</value>
         <object_component_ref idref="oc-3a3"/>
      </symbol>
      <symbol id="sm-1c8b">
         <name>_Feraise</name>
         <value>0x16069</value>
         <object_component_ref idref="oc-3a9"/>
      </symbol>
      <symbol id="sm-1cc5">
         <name>_Sin</name>
         <value>0x13c51</value>
         <object_component_ref idref="oc-396"/>
      </symbol>
      <symbol id="sm-1cd5">
         <name>_Rteps</name>
         <value>0x200068d0</value>
         <object_component_ref idref="oc-4c9"/>
      </symbol>
      <symbol id="sm-1cd6">
         <name>_Zero</name>
         <value>0x200068e8</value>
         <object_component_ref idref="oc-4c9"/>
      </symbol>
      <symbol id="sm-1cd7">
         <name>_Hugeval</name>
         <value>0x20006890</value>
         <object_component_ref idref="oc-4c9"/>
      </symbol>
      <symbol id="sm-1cd8">
         <name>_Snan</name>
         <value>0x200068c0</value>
         <object_component_ref idref="oc-4c9"/>
      </symbol>
      <symbol id="sm-1cd9">
         <name>_Nan</name>
         <value>0x200068b0</value>
         <object_component_ref idref="oc-4c9"/>
      </symbol>
      <symbol id="sm-1cda">
         <name>_Inf</name>
         <value>0x200068a0</value>
         <object_component_ref idref="oc-4c9"/>
      </symbol>
      <symbol id="sm-1cdb">
         <name>_Xbig</name>
         <value>0x200068e0</value>
         <object_component_ref idref="oc-4c9"/>
      </symbol>
      <symbol id="sm-1cdc">
         <name>_Eps</name>
         <value>0x20006880</value>
         <object_component_ref idref="oc-4c9"/>
      </symbol>
      <symbol id="sm-1cdd">
         <name>_Denorm</name>
         <value>0x20006870</value>
         <object_component_ref idref="oc-4c9"/>
      </symbol>
      <symbol id="sm-1cf6">
         <name>_nop</name>
         <value>0x16287</value>
         <object_component_ref idref="oc-2c0"/>
      </symbol>
      <symbol id="sm-1cf7">
         <name>_lock</name>
         <value>0x20006b10</value>
         <object_component_ref idref="oc-126"/>
      </symbol>
      <symbol id="sm-1cf8">
         <name>_unlock</name>
         <value>0x20006b14</value>
         <object_component_ref idref="oc-126"/>
      </symbol>
      <symbol id="sm-1cf9">
         <name>_register_lock</name>
         <value>0x1627f</value>
         <object_component_ref idref="oc-2c0"/>
      </symbol>
      <symbol id="sm-1cfa">
         <name>_register_unlock</name>
         <value>0x16279</value>
         <object_component_ref idref="oc-2c0"/>
      </symbol>
      <symbol id="sm-1dff">
         <name>__TI_printfi</name>
         <value>0x9319</value>
         <object_component_ref idref="oc-2fd"/>
      </symbol>
      <symbol id="sm-1e14">
         <name>_args_main</name>
         <value>0x16231</value>
         <object_component_ref idref="oc-81"/>
      </symbol>
      <symbol id="sm-1e3a">
         <name>__TI_auto_init</name>
         <value>0x15959</value>
         <object_component_ref idref="oc-7b"/>
      </symbol>
      <symbol id="sm-1e54">
         <name>copy_in</name>
         <value>0x15d59</value>
         <object_component_ref idref="oc-116"/>
      </symbol>
      <symbol id="sm-1e5c">
         <name>_Errno</name>
         <value>0x20006b3c</value>
         <object_component_ref idref="oc-4e2"/>
      </symbol>
      <symbol id="sm-1e6a">
         <name>__aeabi_d2iz</name>
         <value>0x15e3b</value>
         <object_component_ref idref="oc-430"/>
      </symbol>
      <symbol id="sm-1e88">
         <name>feraiseexcept</name>
         <value>0x16005</value>
         <object_component_ref idref="oc-4dc"/>
      </symbol>
      <symbol id="sm-1e89">
         <name>_Tls_setup__Fenv</name>
         <value>0x20006b24</value>
         <object_component_ref idref="oc-5ad"/>
      </symbol>
      <symbol id="sm-1e8a">
         <name>_Fenv</name>
         <value>0x20006b20</value>
         <object_component_ref idref="oc-5ad"/>
      </symbol>
      <symbol id="sm-1eae">
         <name>fmod</name>
         <value>0x14abd</value>
         <object_component_ref idref="oc-4c3"/>
      </symbol>
      <symbol id="sm-1ebb">
         <name>frexp</name>
         <value>0x16121</value>
         <object_component_ref idref="oc-43b"/>
      </symbol>
      <symbol id="sm-1ec5">
         <name>__aeabi_idiv0</name>
         <value>0x609f</value>
         <object_component_ref idref="oc-1ad"/>
      </symbol>
      <symbol id="sm-1ed6">
         <name>ldexp</name>
         <value>0x15c1b</value>
         <object_component_ref idref="oc-441"/>
      </symbol>
      <symbol id="sm-1ee5">
         <name>ltoa</name>
         <value>0x15bc5</value>
         <object_component_ref idref="oc-435"/>
      </symbol>
      <symbol id="sm-1ef5">
         <name>memccpy</name>
         <value>0x161fb</value>
         <object_component_ref idref="oc-453"/>
      </symbol>
      <symbol id="sm-1f09">
         <name>raise</name>
         <value>0x160c7</value>
         <object_component_ref idref="oc-5a7"/>
      </symbol>
      <symbol id="sm-1f23">
         <name>signal</name>
         <value>0x15f0d</value>
         <object_component_ref idref="oc-61e"/>
      </symbol>
      <symbol id="sm-1f33">
         <name>strchr</name>
         <value>0x16261</value>
         <object_component_ref idref="oc-447"/>
      </symbol>
      <symbol id="sm-1f5d">
         <name>__aeabi_uldivmod</name>
         <value>0x1436d</value>
         <object_component_ref idref="oc-42b"/>
      </symbol>
      <symbol id="sm-1f6b">
         <name>_Dclass</name>
         <value>0x16039</value>
         <object_component_ref idref="oc-44d"/>
      </symbol>
      <symbol id="sm-1f80">
         <name>_Dnorm</name>
         <value>0x1553b</value>
         <object_component_ref idref="oc-58e"/>
      </symbol>
      <symbol id="sm-1f9c">
         <name>_Dscale</name>
         <value>0x14fb9</value>
         <object_component_ref idref="oc-4d0"/>
      </symbol>
      <symbol id="sm-1fb0">
         <name>_Dunscale</name>
         <value>0x15a99</value>
         <object_component_ref idref="oc-56c"/>
      </symbol>
      <symbol id="sm-1fb1">
         <name>__TI_static_base__</name>
         <value>0x0</value>
      </symbol>
      <symbol id="sm-1fb4">
         <name>SHT$$INIT_ARRAY$$Limit</name>
         <value>0x0</value>
      </symbol>
      <symbol id="sm-1fb5">
         <name>SHT$$INIT_ARRAY$$Base</name>
         <value>0x0</value>
      </symbol>
   </symbol_table>
   <title>Link successful</title>
</link_info>
