******************************************************************************
                  TI ARM Linker PC v5.2.4                      
******************************************************************************
>> Linked Wed May 06 21:12:58 2015

OUTPUT FILE NAME:   <base-practica_TIVA.out>
ENTRY POINT SYMBOL: "_c_int00"  address: 00014ac9


MEMORY CONFIGURATION

         name            origin    length      used     unused   attr    fill
----------------------  --------  ---------  --------  --------  ----  --------
  FLASH                 00000000   00040000  00015f42  0002a0be  R  X
  SRAM                  20000000   00008000  00006d02  000012fe  RW X


SEGMENT ALLOCATION MAP

run origin  load origin   length   init length attrs members
----------  ----------- ---------- ----------- ----- -------
00000000    00000000    00015f48   00015f48    r-x
  00000000    00000000    0000026c   0000026c    r-- .intvecs
  0000026c    0000026c    00014e12   00014e12    r-x .text
  00015080    00015080    00000d04   00000d04    r-- .const
  00015d88    00015d88    000001c0   000001c0    r-- .cinit
20000000    20000000    00006d04   00000000    rw-
  20000000    20000000    0000026c   00000000    rw- .vtable
  2000026c    2000026c    0000651a   00000000    rw- .bss
  20006788    20006788    0000037c   00000000    rw- .data
  20006b04    20006b04    00000200   00000000    rw- .stack


SECTION ALLOCATION MAP

 output                                  attributes/
section   page    origin      length       input sections
--------  ----  ----------  ----------   ----------------
.intvecs   0    00000000    0000026c     
                  00000000    0000026c     startup_ccs.obj (.intvecs)

.text      0    0000026c    00014e12     
                  0000026c    00002dac     usbhostenum.obj (.text)
                  00003018    00001acc     tasks.obj (.text)
                  00004ae4    000015ba     usb.obj (.text)
                  0000609e    00000002     rtsv7M4_T_le_v4SPD16_eabi.lib : i_div0.obj (.text)
                  000060a0    000012f8     usbdenum.obj (.text)
                  00007398    000010ba     rtsv7M4_T_le_v4SPD16_eabi.lib : _printfi.obj (.text)
                  00008452    00000002     --HOLE-- [fill = 0]
                  00008454    00000f20     usbdma.obj (.text)
                  00009374    00000f00     sysctl.obj (.text)
                  0000a274    00000e0c     usbdcdc.obj (.text)
                  0000b080    00000d3c     uartstdio.obj (.text)
                  0000bdbc    00000c84     ustdlib.obj (.text)
                  0000ca40    00000b98     gpio.obj (.text)
                  0000d5d8    00000a9c     main.obj (.text)
                  0000e074    000009cc     queue.obj (.text)
                  0000ea40    00000924     usbhhub.obj (.text)
                  0000f364    000007c4     adc.obj (.text)
                  0000fb28    0000065a     timer.obj (.text)
                  00010182    00000002     --HOLE-- [fill = 0]
                  00010184    00000580     timers.obj (.text)
                  00010704    00000510     usbmode.obj (.text)
                  00010c14    000004ba     usbbuffer.obj (.text)
                  000110ce    00000002     --HOLE-- [fill = 0]
                  000110d0    00000434     rgb.obj (.text)
                  00011504    000003d0     commands.obj (.text)
                  000118d4    000003c0     interrupt.obj (.text)
                  00011c94    00000388     usbdconfig.obj (.text)
                  0001201c    00000338     protocol.obj (.text)
                  00012354    000002f4     usbringbuf.obj (.text)
                  00012648    000002de     usbdcdesc.obj (.text)
                  00012926    00000002     --HOLE-- [fill = 0]
                  00012928    000002ac     usb_dev_serial.obj (.text)
                  00012bd4    00000294     rtsv7M4_T_le_v4SPD16_eabi.lib : xsin.obj (.text)
                  00012e68    0000028c     port.obj (.text)
                  000130f4    000001fc     rtsv7M4_T_le_v4SPD16_eabi.lib : xexp.obj (.text)
                  000132f0    000001f4                                   : ull_div_t2.obj (.text)
                  000134e4    000001d4     heap_2.obj (.text)
                  000136b8    000001d2     usbdesc.obj (.text)
                  0001388a    000001b6     rtsv7M4_T_le_v4SPD16_eabi.lib : fd_add_t2.obj (.text)
                  00013a40    00000174                                   : fmod.obj (.text)
                  00013bb4    00000136                                   : fd_div_t2.obj (.text)
                  00013cea    0000012a     list.obj (.text)
                  00013e14    00000110     rtsv7M4_T_le_v4SPD16_eabi.lib : xdscale.obj (.text)
                  00013f24    000000fc                                   : fd_mul_t2.obj (.text)
                  00014020    000000f0     cpu_usage.obj (.text)
                  00014110    000000ec     usbtick.obj (.text)
                  000141fc    000000d2     portasm.obj (.text)
                  000142ce    000000c8     usbulpi.obj (.text)
                  00014396    000000be     rtsv7M4_T_le_v4SPD16_eabi.lib : xdnorm.obj (.text)
                  00014454    000000ac     cmdline.obj (.text)
                  00014500    0000009c     rtsv7M4_T_le_v4SPD16_eabi.lib : memcpy_t2.obj (.text)
                  0001459c    00000090                                   : exp.obj (.text)
                  0001462c    00000086                                   : fd_cmp_t2.obj (.text:__aeabi_cdcmple)
                  000146b2    00000086                                   : fd_cmp_t2.obj (.text:__aeabi_cdrcmple)
                  00014738    0000007a                                   : memset_t2.obj (.text)
                  000147b2    00000002     --HOLE-- [fill = 0]
                  000147b4    0000006c                                   : autoinit.obj (.text)
                  00014820    0000006a                                   : copy_decompress_rle.obj (.text)
                  0001488a    00000002     --HOLE-- [fill = 0]
                  0001488c    00000068     crc.obj (.text)
                  000148f4    00000066     rtsv7M4_T_le_v4SPD16_eabi.lib : xdunscal.obj (.text)
                  0001495a    00000002     --HOLE-- [fill = 0]
                  0001495c    00000064     RunTimeStatsConfig.obj (.text)
                  000149c0    00000060     rtsv7M4_T_le_v4SPD16_eabi.lib : sprintf.obj (.text)
                  00014a20    00000056                                   : ltoa.obj (.text)
                  00014a76    00000052                                   : ldexp.obj (.text)
                  00014ac8    00000050                                   : boot.obj (.text)
                  00014b18    00000050                                   : fs_toull_t2.obj (.text)
                  00014b68    0000004c                                   : atoi.obj (.text)
                  00014bb4    0000004c                                   : cpy_tbl.obj (.text)
                  00014c00    00000048                                   : fd_toi_t2.obj (.text)
                  00014c48    00000044                                   : exit.obj (.text)
                  00014c8c    00000044                                   : fd_tou_t2.obj (.text)
                  00014cd0    00000040                                   : signal.obj (.text)
                  00014d10    00000040                                   : u_divt2.obj (.text)
                  00014d50    0000003e     cpu.obj (.text)
                  00014d8e    00000038     rtsv7M4_T_le_v4SPD16_eabi.lib : fs_tod_t2.obj (.text)
                  00014dc6    00000002     --HOLE-- [fill = 0]
                  00014dc8    00000034                                   : feraiseexcept.obj (.text)
                  00014dfc    00000030                                   : xdclass.obj (.text)
                  00014e2c    00000030                                   : xferaise.obj (.text)
                  00014e5c    0000002e                                   : i_tofd_t2.obj (.text)
                  00014e8a    0000002e                                   : raise.obj (.text)
                  00014eb8    0000002c     startup_ccs.obj (.text)
                  00014ee4    0000002a     rtsv7M4_T_le_v4SPD16_eabi.lib : frexp.obj (.text)
                  00014f0e    00000002     --HOLE-- [fill = 0]
                  00014f10    00000024     RunTimeStatsConfig.obj (.text:GetOverflowCounts)
                  00014f34    00000024     usbdhandler.obj (.text)
                  00014f58    00000022     rtsv7M4_T_le_v4SPD16_eabi.lib : memcmp.obj (.text)
                  00014f7a    00000020                                   : u_tofd_t2.obj (.text)
                  00014f9a    0000001c                                   : memccpy.obj (.text)
                  00014fb6    0000001a                                   : sin.obj (.text)
                  00014fd0    00000018                                   : args_main.obj (.text)
                  00014fe8    00000018                                   : strcmp.obj (.text)
                  00015000    00000016                                   : strchr.obj (.text)
                  00015016    00000002     --HOLE-- [fill = 0]
                  00015018    00000014                                   : _lock.obj (.text)
                  0001502c    00000014                                   : strcpy.obj (.text)
                  00015040    00000014                                   : strlen.obj (.text)
                  00015054    0000000e                                   : copy_decompress_none.obj (.text:decompress:none)
                  00015062    0000000c                                   : copy_zero_init.obj (.text:decompress:ZI)
                  0001506e    00000006     sysctl.obj (.text:SysCtlDelay)
                  00015074    00000006     rtsv7M4_T_le_v4SPD16_eabi.lib : copy_decompress_rle.obj (.text:decompress:rle24)
                  0001507a    00000004                                   : pre_init.obj (.text)

.const     0    00015080    00000d04     
                  00015080    00000200     crc.obj (.const:crctttab)
                  00015280    00000120     sysctl.obj (.const:g_pppui32XTALtoVCO)
                  000153a0    00000101     rtsv7M4_T_le_v4SPD16_eabi.lib : ctype.obj (.const:.string:_ctypes_)
                  000154a1    00000001     --HOLE-- [fill = 0]
                  000154a2    00000002     heap_2.obj (.const)
                  000154a4    000000f2     commands.obj (.const:.string)
                  00015596    00000002     --HOLE-- [fill = 0]
                  00015598    000000c0     gpio.obj (.const:g_ppui32GPIOIntMapBlizzard)
                  00015658    000000c0     gpio.obj (.const:g_ppui32GPIOIntMapSnowflake)
                  00015718    0000009c     interrupt.obj (.const:g_pui32Regs)
                  000157b4    00000090     gpio.obj (.const:g_pui32GPIOBaseAddrs)
                  00015844    00000004     --HOLE-- [fill = 0]
                  00015848    00000080     rtsv7M4_T_le_v4SPD16_eabi.lib : xsin.obj (.const)
                  000158c8    00000070     interrupt.obj (.const)
                  00015938    0000006c     sysctl.obj (.const:g_pui32Xtals)
                  000159a4    00000060     timer.obj (.const:g_ppui32TimerIntMap)
                  00015a04    00000004     --HOLE-- [fill = 0]
                  00015a08    00000048     rtsv7M4_T_le_v4SPD16_eabi.lib : xexp.obj (.const)
                  00015a50    00000040     timer.obj (.const:g_ppui32TimerIntMapSnowflake)
                  00015a90    00000038     usbdcdc.obj (.const)
                  00015ac8    00000036     usb_serial_structs.obj (.const:.string:g_pui8ConfigString)
                  00015afe    00000002     --HOLE-- [fill = 0]
                  00015b00    00000034     usbdenum.obj (.const:g_psUSBDStdRequests)
                  00015b34    00000030     ustdlib.obj (.const:g_psDaysToMonth)
                  00015b64    00000030     usbdcdc.obj (.const:g_sCDCHandlers)
                  00015b94    00000030     sysctl.obj (.const:g_sXTALtoMEMTIM)
                  00015bc4    0000002c     usb_serial_structs.obj (.const:.string:g_pui8ControlInterfaceString)
                  00015bf0    00000028     uartstdio.obj (.const)
                  00015c18    00000024     usb_serial_structs.obj (.const:.string:g_pui8ManufacturerString)
                  00015c3c    00000024     usb_serial_structs.obj (.const:g_sRxBuffer)
                  00015c60    00000024     usb_serial_structs.obj (.const:g_sTxBuffer)
                  00015c84    00000023     usbdcdc.obj (.const:.string:g_pui8CDCSerCommInterface)
                  00015ca7    00000022     usb_serial_structs.obj (.const:.string:g_pui8ProductString)
                  00015cc9    00000003     --HOLE-- [fill = 0]
                  00015ccc    0000001c     ustdlib.obj (.const)
                  00015ce8    00000018     usb_serial_structs.obj (.const)
                  00015d00    00000017     usbdcdc.obj (.const:.string)
                  00015d17    00000016     usb_serial_structs.obj (.const:.string)
                  00015d2d    00000014     tasks.obj (.const:.string)
                  00015d41    00000003     --HOLE-- [fill = 0]
                  00015d44    00000012     uartstdio.obj (.const:.string)
                  00015d56    00000002     --HOLE-- [fill = 0]
                  00015d58    00000012     ustdlib.obj (.const:.string)
                  00015d6a    00000002     --HOLE-- [fill = 0]
                  00015d6c    00000008     gpio.obj (.const)
                  00015d74    00000008     sysctl.obj (.const)
                  00015d7c    00000008     timer.obj (.const)

.cinit     0    00015d88    000001c0     
                  00015d88    00000189     (.cinit..data.load) [load image, compression = rle]
                  00015f11    00000003     --HOLE-- [fill = 0]
                  00015f14    0000000c     (__TI_handler_table)
                  00015f20    00000008     (.cinit..bss.load) [load image, compression = zero_init]
                  00015f28    00000008     (.cinit..vtable.load) [load image, compression = zero_init]
                  00015f30    00000018     (__TI_cinit_table)

.init_array 
*          0    00000000    00000000     UNINITIALIZED

.vtable    0    20000000    0000026c     UNINITIALIZED
                  20000000    0000026c     interrupt.obj (.vtable)

.bss       0    2000026c    0000651a     UNINITIALIZED
                  2000026c    00005000     heap_2.obj (.bss:ucHeap)
                  2000526c    000006cc     usbhostenum.obj (.bss:g_sUSBHCD)
                  20005938    00000400     uartstdio.obj (.bss:g_pcUARTTxBuffer)
                  20005d38    00000200     uartstdio.obj (.bss:g_pcUARTRxHistoryBuffer)
                  20005f38    00000140     tasks.obj (.bss:pxReadyTasksLists)
                  20006078    00000110     usbdma.obj (.bss:g_psUSBDMAInst)
                  20006188    00000100     usb_serial_structs.obj (.bss:g_pui8USBRxBuffer)
                  20006288    00000100     usb_serial_structs.obj (.bss:g_pui8USBTxBuffer)
                  20006388    0000009c     usbhhub.obj (.bss:g_sRootHub)
                  20006424    00000080     uartstdio.obj (.bss:g_pcUARTRxBuffer)
                  200064a4    00000050     usbdenum.obj (.bss:g_psDCDInst)
                  200064f4    00000050     queue.obj (.bss:xQueueRegistry)
                  20006544    00000040     usbdenum.obj (.bss:g_pui8DataBufferIn)
                  20006584    00000024     cmdline.obj (.bss:g_ppcArgv)
                  200065a8    00000020     (.common:g_usUARTRxHistoryOffset)
                  200065c8    00000018     (.common:g_pfnTickHandlers)
                  200065e0    00000018     (.common:g_pi32USBHActiveDriver)
                  200065f8    00000018     (.common:g_ppvDriverInstance)
                  20006610    00000018     (.common:g_pui8RxBufferWorkspace)
                  20006628    00000018     (.common:g_pui8TxBufferWorkspace)
                  20006640    00000018     (.common:g_pvTickInstance)
                  20006658    00000014     (.common:xActiveTimerList1)
                  2000666c    00000014     (.common:xActiveTimerList2)
                  20006680    00000014     (.common:xDelayedTaskList1)
                  20006694    00000014     (.common:xDelayedTaskList2)
                  200066a8    00000014     (.common:xPendingReadyList)
                  200066bc    00000014     (.common:xSuspendedTaskList)
                  200066d0    00000014     (.common:xTasksWaitingTermination)
                  200066e4    0000000c     (.common:color)
                  200066f0    0000000c     (.common:g_ui32Colors)
                  200066fc    00000008     (.common:ejes)
                  20006704    00000008     (.common:g_pui32Alloc)
                  2000670c    00000008     (.common:xEnd)
                  20006714    00000008     (.common:xStart)
                  2000671c    00000004     (.common:EjesSemaphore)
                  20006720    00000004     (.common:SendSemaphore)
                  20006724    00000004     (.common:g_pfnUSBModeCallback)
                  20006728    00000004     (.common:g_ppsDevInfo)
                  2000672c    00000004     (.common:g_pui8OversampleFactor)
                  20006730    00000004     (.common:g_ui32CPUUsage)
                  20006734    00000004     (.common:g_ui32CPUUsagePrevious)
                  20006738    00000004     (.common:g_ui32CPUUsageTicks)
                  2000673c    00000004     (.common:g_ui32CPUUsageTimer)
                  20006740    00000004     (.common:g_ui32ChangeFlags)
                  20006744    00000004     (.common:g_ui32HubChanges)
                  20006748    00000004     (.common:g_ui32PollRate)
                  2000674c    00000004     (.common:g_ui32PortNum)
                  20006750    00000004     (.common:g_ui32ULPISupport)
                  20006754    00000004     (.common:g_ui32ULPISupport)
                  20006758    00000004     (.common:g_ulSystemClock)
                  2000675c    00000004     (.common:g_xRxLineSemaphore)
                  20006760    00000004     (.common:potQueue)
                  20006764    00000004     (.common:pxCurrentTimerList)
                  20006768    00000004     (.common:pxDelayedTaskList)
                  2000676c    00000004     (.common:pxOverflowDelayedTaskList)
                  20006770    00000004     (.common:pxOverflowTimerList)
                  20006774    00000004     (.common:ulFlags$1)
                  20006778    00000004     (.common:velocidadQueue)
                  2000677c    00000004     (.common:xCharsForTx)
                  20006780    00000004     (.common:xRxedChars)
                  20006784    00000001     (.common:g_bDisableEcho)
                  20006785    00000001     (.common:g_eOTGModeState)

.data      0    20006788    0000037c     UNINITIALIZED
                  20006788    000000b0     rtsv7M4_T_le_v4SPD16_eabi.lib : signal.obj (.data:sigtable)
                  20006838    00000080                                   : xvalues.obj (.data)
                  200068b8    00000060     usb_serial_structs.obj (.data:g_sCDCDevice)
                  20006918    00000054     commands.obj (.data:g_psCmdTable)
                  2000696c    00000040     usbdcdc.obj (.data)
                  200069ac    00000038     tasks.obj (.data)
                  200069e4    00000030     cpu_usage.obj (.data)
                  20006a14    0000002c     usbhostenum.obj (.data)
                  20006a40    00000029     main.obj (.data)
                  20006a69    00000003     --HOLE--
                  20006a6c    0000001d     uartstdio.obj (.data)
                  20006a89    00000003     --HOLE--
                  20006a8c    00000010     port.obj (.data)
                  20006a9c    00000010     usb_dev_serial.obj (.data)
                  20006aac    0000000c     usbtick.obj (.data)
                  20006ab8    00000009     usbmode.obj (.data)
                  20006ac1    00000003     --HOLE--
                  20006ac4    00000008     heap_2.obj (.data)
                  20006acc    00000008     rtsv7M4_T_le_v4SPD16_eabi.lib : _lock.obj (.data)
                  20006ad4    00000008                                   : exit.obj (.data)
                  20006adc    00000008                                   : feraiseexcept.obj (.data)
                  20006ae4    00000008     timers.obj (.data)
                  20006aec    00000008     usbdenum.obj (.data)
                  20006af4    00000004     rgb.obj (.data)
                  20006af8    00000004     rtsv7M4_T_le_v4SPD16_eabi.lib : errno.obj (.data)
                  20006afc    00000004                                   : stkdepth_vars.obj (.data)
                  20006b00    00000004     ustdlib.obj (.data)

.TI.noinit 
*          0    2000026c    00000000     UNINITIALIZED

.TI.persistent 
*          0    20006788    00000000     UNINITIALIZED

.stack     0    20006b04    00000200     UNINITIALIZED
                  20006b04    00000200     --HOLE--


LINKER GENERATED COPY TABLES

__TI_cinit_table @ 00015f30 records: 3, size/record: 8, table size: 24
	.data: load addr=00015d88, load size=00000189 bytes, run addr=20006788, run size=0000037c bytes, compression=rle
	.bss: load addr=00015f20, load size=00000008 bytes, run addr=2000026c, run size=0000651a bytes, compression=zero_init
	.vtable: load addr=00015f28, load size=00000008 bytes, run addr=20000000, run size=0000026c bytes, compression=zero_init


LINKER GENERATED HANDLER TABLE

__TI_handler_table @ 00015f14 records: 3, size/record: 4, table size: 12
	index: 0, handler: __TI_zero_init
	index: 1, handler: __TI_decompress_rle24
	index: 2, handler: __TI_decompress_none


GLOBAL SYMBOLS: SORTED ALPHABETICALLY BY Name 

address   name                                 
-------   ----                                 
0000faa1  ADCBusy                              
0000fae9  ADCClockConfigGet                    
0000fabf  ADCClockConfigSet                    
0000f8bb  ADCComparatorConfigure               
0000f98b  ADCComparatorIntClear                
0000f941  ADCComparatorIntDisable              
0000f95f  ADCComparatorIntEnable               
0000f97d  ADCComparatorIntStatus               
0000f8d7  ADCComparatorRegionSet               
0000f8fb  ADCComparatorReset                   
0000f889  ADCHardwareOversampleConfigure       
0000f49f  ADCIntClear                          
0000fa03  ADCIntClearEx                        
0000f405  ADCIntDisable                        
0000f99d  ADCIntDisableEx                      
0000f421  ADCIntEnable                         
0000f9b5  ADCIntEnableEx                       
0000df59  ADCIntHandler                        
0000f3bf  ADCIntRegister                       
0000f447  ADCIntStatus                         
0000f9d1  ADCIntStatusEx                       
0000f3e7  ADCIntUnregister                     
0000fa5b  ADCPhaseDelayGet                     
0000fa49  ADCPhaseDelaySet                     
0000f6ff  ADCProcessorTrigger                  
0000fa37  ADCReferenceGet                      
0000fa1b  ADCReferenceSet                      
0000f4e9  ADCSequenceConfigure                 
0000fa85  ADCSequenceDMADisable                
0000fa69  ADCSequenceDMAEnable                 
0000f6bd  ADCSequenceDataGet                   
0000f4cf  ADCSequenceDisable                   
0000f4b5  ADCSequenceEnable                    
0000f661  ADCSequenceOverflow                  
0000f679  ADCSequenceOverflowClear             
0000f56d  ADCSequenceStepConfigure             
0000f68f  ADCSequenceUnderflow                 
0000f6a7  ADCSequenceUnderflowClear            
0000f723  ADCSoftwareOversampleConfigure       
0000f81b  ADCSoftwareOversampleDataGet         
0000f75b  ADCSoftwareOversampleStepConfigure   
00014c49  C$$EXIT                              
0001405f  CPUUsageInit                         
00014021  CPUUsageTick                         
00014d85  CPUbasepriGet                        
00014d77  CPUbasepriSet                        
00014d51  CPUcpsid                             
00014d67  CPUcpsie                             
00014d5d  CPUprimask                           
00014d73  CPUwfi                               
00014455  CmdLineProcess                       
00011505  Cmd_cpu                              
0001152f  Cmd_free                             
000115f9  Cmd_help                             
000115c1  Cmd_stats                            
00011545  Cmd_tasks                            
0000026d  ConfigDescAlloc                      
00000303  ConfigDescFree                       
2000671c  EjesSemaphore                        
0000d5b3  GPIOADCTriggerDisable                
0000d595  GPIOADCTriggerEnable                 
0000d577  GPIODMATriggerDisable                
0000d559  GPIODMATriggerEnable                 
0000caff  GPIODirModeGet                       
0000caa3  GPIODirModeSet                       
0000d073  GPIOIntClear                         
0000d037  GPIOIntDisable                       
0000d01d  GPIOIntEnable                        
0000d087  GPIOIntRegister                      
0000d051  GPIOIntStatus                        
0000cbef  GPIOIntTypeGet                       
0000cb4b  GPIOIntTypeSet                       
0000d0a5  GPIOIntUnregister                    
0000cecb  GPIOPadConfigGet                     
0000cc8d  GPIOPadConfigSet                     
0000d4fb  GPIOPinConfigure                     
0000d0bf  GPIOPinRead                          
0000d0f7  GPIOPinTypeADC                       
0000d11b  GPIOPinTypeCAN                       
0000d4c7  GPIOPinTypeCIR                       
0000d13f  GPIOPinTypeComparator                
0000d163  GPIOPinTypeEPI                       
0000d187  GPIOPinTypeEthernetLED               
0000d1ab  GPIOPinTypeEthernetMII               
0000d1cf  GPIOPinTypeGPIOInput                 
0000d1f3  GPIOPinTypeGPIOOutput                
0000d217  GPIOPinTypeGPIOOutputOD              
0000d23b  GPIOPinTypeI2C                       
0000d25f  GPIOPinTypeI2CSCL                    
0000d47f  GPIOPinTypeKBColumn                  
0000d45b  GPIOPinTypeKBRow                     
0000d283  GPIOPinTypeLCD                       
0000d4a3  GPIOPinTypeLEDSeq                    
0000d2a7  GPIOPinTypeLPC                       
0000d2cb  GPIOPinTypePECIRx                    
0000d2ef  GPIOPinTypePECITx                    
0000d313  GPIOPinTypePWM                       
0000d337  GPIOPinTypeQEI                       
0000d35b  GPIOPinTypeSSI                       
0000d37f  GPIOPinTypeTimer                     
0000d3a3  GPIOPinTypeUART                      
0000d3c7  GPIOPinTypeUSBAnalog                 
0000d3eb  GPIOPinTypeUSBDigital                
0000d40f  GPIOPinTypeWakeHigh                  
0000d435  GPIOPinTypeWakeLow                   
0000d4eb  GPIOPinWakeStatus                    
0000d0d7  GPIOPinWrite                         
00014f11  GetOverflowCounts                    
00011a95  IntDisable                           
00011a23  IntEnable                            
00011b07  IntIsEnabled                         
000118e7  IntMasterDisable                     
000118d7  IntMasterEnable                      
00011bfd  IntPendClear                         
00011b8d  IntPendSet                           
000119ff  IntPriorityGet                       
00011977  IntPriorityGroupingGet               
0001195d  IntPriorityGroupingSet               
00011c57  IntPriorityMaskGet                   
00011c4b  IntPriorityMaskSet                   
000119af  IntPrioritySet                       
000118f7  IntRegister                          
00011c5f  IntTrigger                           
00011949  IntUnregister                        
000023d9  InternalUSBHCDSendEvent              
00014157  InternalUSBRegisterTickHandler       
000141a7  InternalUSBStartOfFrameTick          
00014111  InternalUSBTickInit                  
0001414f  InternalUSBTickReset                 
00010aef  OTGDeviceDisconnect                  
0000a4bd  ProcessDataFromHost                  
0000a5cd  ProcessDataToHost                    
0000a56b  ProcessNotificationToHost            
000110d1  RGBBlinkIntHandler                   
000113dd  RGBBlinkRateSet                      
00011471  RGBColorGet                          
00011319  RGBColorSet                          
000112a3  RGBDisable                           
000111eb  RGBEnable                            
000110ff  RGBInit                              
000113c9  RGBIntensitySet                      
00011301  RGBSet                               
00014eb9  ResetISR                             
UNDEFED   SHT$$INIT_ARRAY$$Base                
UNDEFED   SHT$$INIT_ARRAY$$Limit               
20006720  SendSemaphore                        
0000a213  SysCtlAltClkConfig                   
000099e1  SysCtlClockFreqSet                   
00009ec5  SysCtlClockGet                       
0000a1f7  SysCtlClockOutConfig                 
00009cf9  SysCtlClockSet                       
000098e1  SysCtlDeepSleep                      
0000a099  SysCtlDeepSleepClockConfigSet        
0000a07d  SysCtlDeepSleepClockSet              
000098c1  SysCtlDeepSleepPowerSet              
0001506f  SysCtlDelay                          
0000946d  SysCtlFlashSectorSizeGet             
00009441  SysCtlFlashSizeGet                   
0000a16f  SysCtlGPIOAHBDisable                 
0000a153  SysCtlGPIOAHBEnable                  
00009855  SysCtlIntClear                       
0000983d  SysCtlIntDisable                     
00009829  SysCtlIntEnable                      
00009801  SysCtlIntRegister                    
00009865  SysCtlIntStatus                      
00009819  SysCtlIntUnregister                  
000098a7  SysCtlLDODeepSleepGet                
00009897  SysCtlLDODeepSleepSet                
00009891  SysCtlLDOSleepGet                    
00009881  SysCtlLDOSleepSet                    
00009917  SysCtlMOSCConfigSet                  
0000a1e3  SysCtlNMIClear                       
0000a1dd  SysCtlNMIStatus                      
0000992d  SysCtlPIOSCCalibrate                 
0000a13d  SysCtlPWMClockGet                    
0000a123  SysCtlPWMClockSet                    
000097ad  SysCtlPeripheralClockGating          
00009765  SysCtlPeripheralDeepSleepDisable     
00009715  SysCtlPeripheralDeepSleepEnable      
00009651  SysCtlPeripheralDisable              
00009615  SysCtlPeripheralEnable               
00009551  SysCtlPeripheralPowerOff             
00009515  SysCtlPeripheralPowerOn              
00009495  SysCtlPeripheralPresent              
000094d5  SysCtlPeripheralReady                
0000958d  SysCtlPeripheralReset                
000096d9  SysCtlPeripheralSleepDisable         
00009695  SysCtlPeripheralSleepEnable          
000098d1  SysCtlReset                          
0000998d  SysCtlResetBehaviorGet               
0000997d  SysCtlResetBehaviorSet               
00009903  SysCtlResetCauseClear                
000098fd  SysCtlResetCauseGet                  
00009437  SysCtlSRAMSizeGet                    
000098d9  SysCtlSleep                          
000098ad  SysCtlSleepPowerSet                  
0000a19d  SysCtlUSBPLLDisable                  
0000a18b  SysCtlUSBPLLEnable                   
0000a1c9  SysCtlVoltageEventClear              
0000a1ad  SysCtlVoltageEventConfig             
0000a1bd  SysCtlVoltageEventStatus             
00010101  TimerADCEventGet                     
000100ef  TimerADCEventSet                     
0000fe19  TimerClockSourceGet                  
0000fdfd  TimerClockSourceSet                  
0000fbdb  TimerConfigure                       
0000fcfb  TimerControlEvent                    
0000fc57  TimerControlLevel                    
0000fd25  TimerControlStall                    
0000fc8d  TimerControlTrigger                  
0000fd5b  TimerControlWaitOnTrigger            
00010121  TimerDMAEventGet                     
0001010f  TimerDMAEventSet                     
0000fbbd  TimerDisable                         
0000fb9f  TimerEnable                          
000100cb  TimerIntClear                        
00010095  TimerIntDisable                      
0001007d  TimerIntEnable                       
00010037  TimerIntRegister                     
000100ad  TimerIntStatus                       
0001005f  TimerIntUnregister                   
0000fee3  TimerLoadGet                         
0000ff1f  TimerLoadGet64                       
0000feb9  TimerLoadSet                         
0000feff  TimerLoadSet64                       
0000ffc9  TimerMatchGet                        
00010005  TimerMatchGet64                      
0000ff9f  TimerMatchSet                        
0000ffe5  TimerMatchSet64                      
0000fe53  TimerPrescaleGet                     
0000fe9d  TimerPrescaleMatchGet                
0000fe6f  TimerPrescaleMatchSet                
0000fe29  TimerPrescaleSet                     
0000fdd1  TimerRTCDisable                      
0000fdbb  TimerRTCEnable                       
000100dd  TimerSynchronize                     
0001012f  TimerUpdateMode                      
0000ff51  TimerValueGet                        
0000ff6d  TimerValueGet64                      
0000b811  UARTEchoSet                          
0000b7ab  UARTFlushRx                          
0000b7d3  UARTFlushTx                          
0000b751  UARTPeek                             
0000b72f  UARTRxBytesAvail                     
0000b195  UARTStdioConfig                      
0000b849  UARTStdioIntHandler                  
0000b73d  UARTTxBytesFree                      
0000b3a5  UARTgetc                             
0000b329  UARTgets                             
0000b70b  UARTprintf                           
0000b411  UARTvprintf                          
0000b283  UARTwrite                            
000142cf  ULPIConfigSet                        
00014371  ULPIPowerTransceiver                 
00014f35  USB0DeviceIntHandler                 
000107c1  USB0DualModeIntHandler               
000022e1  USB0HostIntHandler                   
00010a09  USB0OTGModeIntHandler                
00010f83  USBBufferCallbackDataSet             
00011031  USBBufferDataAvailable               
00010f69  USBBufferDataRemoved                 
00010f49  USBBufferDataWritten                 
00011055  USBBufferEventCallback               
00010fe1  USBBufferFlush                       
00010f17  USBBufferInfoGet                     
00010ec5  USBBufferInit                        
00010ff3  USBBufferRead                        
00011043  USBBufferSpaceAvailable              
00010f9d  USBBufferWrite                       
00010ee7  USBBufferZeroLengthPacketInsert      
00005cdb  USBClockDisable                      
00005cbf  USBClockEnable                       
0001296d  USBControlHandler                    
00005cab  USBControllerVersion                 
0000ac31  USBDCDCCompositeInit                 
0000ad27  USBDCDCInit                          
0000aea9  USBDCDCPacketRead                    
0000ae07  USBDCDCPacketWrite                   
0000b05b  USBDCDCPowerStatusSet                
0000b06f  USBDCDCRemoteWakeupRequest           
0000afa1  USBDCDCRxPacketAvailable             
0000b001  USBDCDCSerialStateChange             
0000adad  USBDCDCSetControlCBData              
0000adcb  USBDCDCSetRxCBData                   
0000ade9  USBDCDCSetTxCBData                   
0000ad95  USBDCDCTerm                          
0000af7f  USBDCDCTxPacketAvailable             
000127a1  USBDCDConfigDescGet                  
00012753  USBDCDConfigDescGetNum               
0001271b  USBDCDConfigDescGetSize              
00012883  USBDCDConfigGetInterface             
000128b9  USBDCDConfigGetInterfaceEndpoint     
0001282f  USBDCDConfigGetNumAlternateInterfaces
000060a1  USBDCDDeviceInfoInit                 
000063fd  USBDCDFeatureSet                     
000060f1  USBDCDInit                           
00006387  USBDCDPowerStatusSet                 
000064bd  USBDCDRemoteWakeLPM                  
000064e1  USBDCDRemoteWakeupRequest            
00006311  USBDCDRequestDataEP0                 
00006337  USBDCDSendDataEP0                    
00006359  USBDCDSetDefaultConfiguration        
0000636b  USBDCDStallEP0                       
00006299  USBDCDTerm                           
00005e13  USBDMAChannelAddressGet              
00005df7  USBDMAChannelAddressSet              
00005d7d  USBDMAChannelConfigSet               
00005e47  USBDMAChannelCountGet                
00005e2b  USBDMAChannelCountSet                
00005d5d  USBDMAChannelDisable                 
00005d3d  USBDMAChannelEnable                  
00005d0d  USBDMAChannelIntDisable              
00005ced  USBDMAChannelIntEnable               
00005d2d  USBDMAChannelIntStatus               
00005dad  USBDMAChannelStatus                  
00005dcd  USBDMAChannelStatusClear             
00005e5f  USBDMANumChannels                    
00013715  USBDescGet                           
00013839  USBDescGetInterface                  
00013867  USBDescGetInterfaceEndpoint          
000136b9  USBDescGetNum                        
0001377f  USBDescGetNumAlternateInterfaces     
00005119  USBDevAddrGet                        
00005105  USBDevAddrSet                        
000050d9  USBDevConnect                        
000050ef  USBDevDisconnect                     
0000544f  USBDevEndpointConfigGet              
0000535d  USBDevEndpointConfigSet              
000057d9  USBDevEndpointDataAck                
00005003  USBDevEndpointStall                  
00005065  USBDevEndpointStallClear             
00004e7f  USBDevEndpointStatusClear            
00005fcb  USBDevLPMConfig                      
00005ff9  USBDevLPMDisable                     
00005fe1  USBDevLPMEnable                      
00005fb3  USBDevLPMRemoteWake                  
00005c13  USBDevMode                           
00004c45  USBDevSpeedGet                       
00011d5b  USBDeviceConfig                      
00011f51  USBDeviceConfigAlternate             
0000660d  USBDeviceEnumHandler                 
00006759  USBDeviceEnumResetHandler            
000071a9  USBDeviceIntHandlerInternal          
00006515  USBDeviceResumeTickHandler           
0001080d  USBDualModeInit                      
0001087d  USBDualModeTerm                      
00005bc5  USBEndpointDMAChannel                
0000560b  USBEndpointDMAConfigSet              
000056dd  USBEndpointDMADisable                
000056a3  USBEndpointDMAEnable                 
00005717  USBEndpointDataAvail                 
0000574f  USBEndpointDataGet                   
00005849  USBEndpointDataPut                   
000058ad  USBEndpointDataSend                  
00004f9d  USBEndpointDataToggleClear           
00005c77  USBEndpointPacketCountSet            
00004e0b  USBEndpointStatus                    
00005b9b  USBFIFOAddrGet                       
000055a5  USBFIFOConfigGet                     
0000553f  USBFIFOConfigSet                     
00005905  USBFIFOFlush                         
00005b5f  USBFrameNumberGet                    
00002911  USBHCDControlTransfer                
00002d61  USBHCDDevAddress                     
00002d95  USBHCDDevClass                       
00002d39  USBHCDDevHubPort                     
00002e29  USBHCDDevProtocol                    
00002de1  USBHCDDevSubClass                    
0000041b  USBHCDEventDisable                   
000003eb  USBHCDEventEnable                    
00002e89  USBHCDFeatureSet                     
00002a6d  USBHCDHubDeviceConnected             
00002b05  USBHCDHubDeviceDisconnected          
00001491  USBHCDInit                           
00002fd3  USBHCDLPMResume                      
00002f6b  USBHCDLPMSleep                       
00002f41  USBHCDLPMStatus                      
00002509  USBHCDMain                           
00000873  USBHCDPipeAlloc                      
000005f1  USBHCDPipeAllocSize                  
000008c1  USBHCDPipeConfig                     
00000dcb  USBHCDPipeDataAck                    
00001009  USBHCDPipeFree                       
00000dfd  USBHCDPipeRead                       
00000d81  USBHCDPipeReadNonBlocking            
00000c55  USBHCDPipeSchedule                   
00000a3b  USBHCDPipeStatus                     
000005cb  USBHCDPipeTransferSizeGet            
00000a71  USBHCDPipeWrite                      
00001437  USBHCDPowerAutomatic                 
000013a7  USBHCDPowerConfigGet                 
00001395  USBHCDPowerConfigInit                
000013c5  USBHCDPowerConfigSet                 
000015ad  USBHCDRegisterDrivers                
000016b1  USBHCDReset                          
0000170d  USBHCDResume                         
000018ed  USBHCDSetAddress                     
00001a33  USBHCDSetConfig                      
00001a7b  USBHCDSetInterface                   
0000188d  USBHCDStringDescriptorGet            
000016fb  USBHCDSuspend                        
000015e1  USBHCDTerm                           
0000f2d1  USBHHubClose                         
0000f275  USBHHubEnumerationComplete           
0000f297  USBHHubEnumerationError              
0000f2e5  USBHHubInit                          
0000f313  USBHHubLPMSleep                      
0000f321  USBHHubLPMStatus                     
0000f049  USBHHubMain                          
0000f2b9  USBHHubOpen                          
00004bb3  USBHighSpeed                         
00005a15  USBHostAddrGet                       
000059dd  USBHostAddrSet                       
00001ac7  USBHostCheckPipes                    
0000512d  USBHostEndpointConfig                
00005817  USBHostEndpointDataAck               
00004f01  USBHostEndpointDataToggle            
00004fd7  USBHostEndpointPing                  
000052c7  USBHostEndpointSpeed                 
00004e37  USBHostEndpointStatusClear           
00005aa7  USBHostHubAddrGet                    
00005a43  USBHostHubAddrSet                    
00001b8d  USBHostIntHandlerInternal            
00005f77  USBHostLPMConfig                     
00005f9b  USBHostLPMResume                     
00005f2f  USBHostLPMSend                       
00005c01  USBHostMode                          
00005ad5  USBHostPwrConfig                     
00005b47  USBHostPwrDisable                    
00005b2f  USBHostPwrEnable                     
00005b17  USBHostPwrFaultDisable               
00005aff  USBHostPwrFaultEnable                
00005975  USBHostRequestIN                     
0000599d  USBHostRequestINClear                
000059cb  USBHostRequestStatus                 
00004b85  USBHostReset                         
00004be1  USBHostResume                        
00004c0f  USBHostSpeedGet                      
00004b6f  USBHostSuspend                       
00004c5d  USBIntDisableControl                 
00004d21  USBIntDisableEndpoint                
00004c9b  USBIntEnableControl                  
00004d4f  USBIntEnableEndpoint                 
00004dd3  USBIntRegister                       
00004cd5  USBIntStatusControl                  
00004d7d  USBIntStatusEndpoint                 
00004df1  USBIntUnregister                     
00006025  USBLPMEndpointGet                    
00006085  USBLPMIntDisable                     
0000606b  USBLPMIntEnable                      
0000605b  USBLPMIntStatus                      
00006011  USBLPMLinkStateGet                   
00006041  USBLPMRemoteWakeEnabled              
00009171  USBLibDMAAddrGet                     
000091a1  USBLibDMAInit                        
00009189  USBLibDMASizeGet                     
00005c37  USBModeConfig                        
00005bb1  USBModeGet                           
00005c97  USBNumEndpointsGet                   
00010bb1  USBOTGFeatureSet                     
00010b15  USBOTGMain                           
00005c25  USBOTGMode                           
000108eb  USBOTGModeInit                       
000108b1  USBOTGModeTerm                       
000109e1  USBOTGPollRate                       
00005b6d  USBOTGSessionRequest                 
00005c4b  USBPHYPowerOff                       
00005c61  USBPHYPowerOn                        
0001253f  USBRingBufAdvanceRead                
0001256d  USBRingBufAdvanceWrite               
00012499  USBRingBufContigFree                 
0001246b  USBRingBufContigUsed                 
000123d9  USBRingBufEmpty                      
00012403  USBRingBufFlush                      
00012455  USBRingBufFree                       
0001239f  USBRingBufFull                       
00012625  USBRingBufInit                       
00012509  USBRingBufRead                       
000124e3  USBRingBufReadOne                    
000124d5  USBRingBufSize                       
00012423  USBRingBufUsed                       
000125ef  USBRingBufWrite                      
000125c9  USBRingBufWriteOne                   
00012a5b  USBRxHandler                         
00010785  USBStackModeSet                      
000129f7  USBTxHandler                         
00005e71  USBULPIConfig                        
00005e9f  USBULPIDisable                       
00005e87  USBULPIEnable                        
00005eb7  USBULPIRegRead                       
00005eef  USBULPIRegWrite                      
00012ab1  UsbSerialInit                        
00014dfd  _Dclass                              
20006838  _Denorm                              
00014397  _Dnorm                               
00013e15  _Dscale                              
000148f5  _Dunscale                            
20006848  _Eps                                 
20006af8  _Errno                               
000130f5  _Exp                                 
20006adc  _Fenv                                
00014e2d  _Feraise                             
20006858  _Hugeval                             
20006868  _Inf                                 
20006878  _Nan                                 
20006898  _Rteps                               
00012bd5  _Sin                                 
20006888  _Snan                                
20006ae0  _Tls_setup__Fenv                     
200068a8  _Xbig                                
200068b0  _Zero                                
20006d04  __STACK_END                          
00000200  __STACK_SIZE                         
20006d04  __STACK_TOP                          
00015f30  __TI_CINIT_Base                      
00015f48  __TI_CINIT_Limit                     
00015f14  __TI_Handler_Table_Base              
00015f20  __TI_Handler_Table_Limit             
000147b5  __TI_auto_init                       
20006ad4  __TI_cleanup_ptr                     
00015055  __TI_decompress_none                 
00015075  __TI_decompress_rle24                
20006ad8  __TI_dtors_ptr                       
0000814d  __TI_printfi                         
00000000  __TI_static_base__                   
00015063  __TI_zero_init                       
0001462d  __aeabi_cdcmpeq                      
0001462d  __aeabi_cdcmple                      
000146b3  __aeabi_cdrcmple                     
00014c01  __aeabi_d2iz                         
00014c8d  __aeabi_d2uiz                        
00013895  __aeabi_dadd                         
00013bb5  __aeabi_ddiv                         
00013f25  __aeabi_dmul                         
0001388b  __aeabi_dsub                         
00014d8f  __aeabi_f2d                          
00014b19  __aeabi_f2ulz                        
00014e5d  __aeabi_i2d                          
0000609f  __aeabi_idiv0                        
00014739  __aeabi_memclr                       
00014739  __aeabi_memclr4                      
00014739  __aeabi_memclr8                      
00014501  __aeabi_memcpy                       
00014501  __aeabi_memcpy4                      
00014501  __aeabi_memcpy8                      
0001473b  __aeabi_memset                       
0001473b  __aeabi_memset4                      
0001473b  __aeabi_memset8                      
00014f7b  __aeabi_ui2d                         
00014d11  __aeabi_uidiv                        
00014d11  __aeabi_uidivmod                     
000132f1  __aeabi_uldivmod                     
ffffffff  __binit__                            
ffffffff  __c_args__                           
20006b04  __stack                              
00014fd1  _args_main                           
00014ac9  _c_int00                             
000153a0  _ctypes_                             
20006acc  _lock                                
00015027  _nop                                 
0001501f  _register_lock                       
00015019  _register_unlock                     
0001507b  _system_pre_init                     
20006ad0  _unlock                              
00014c4d  abort                                
0001215d  add_checksum_and_stuff               
20006a60  altitud                              
00014b69  atoi                                 
ffffffff  binit                                
200066e4  color                                
20006a50  combustible                          
0000de1d  confADC                              
0000dd35  confGPIO                             
0000df31  confQueue                            
0000dc8b  confSys                              
0000dd8d  confTasks                            
0000dec5  confTimer                            
0000dcbb  confUART                             
20006a44  consumoTaskHandle                    
00014bb5  copy_in                              
0001488d  create_checksum                      
00012223  create_frame                         
000121cf  destuff_and_check_checksum           
00003e9d  eTaskConfirmSleepModeStatus          
200066fc  ejes                                 
00014c55  exit                                 
0001459d  exp                                  
00014dc9  feraiseexcept                        
00013a41  fmod                                 
000120bd  frame_DeStuffing                     
0001201d  frame_stuffing                       
00014ee5  frexp                                
20006aac  g_bUSBTimerInitialized               
20006785  g_eOTGModeState                      
20006ab8  g_iUSBMode                           
00015ac4  g_pCDCCompSerConfigDescriptors       
20000000  g_pfnRAMVectors                      
200065c8  g_pfnTickHandlers                    
00000000  g_pfnVectors                         
00015ac0  g_ppCDCSerConfigDescriptors          
20006728  g_ppsDevInfo                         
00015ce8  g_ppui8StringDescriptors             
2000699c  g_psCDCCompSerSections               
20006990  g_psCDCSerSections                   
20006918  g_psCmdTable                         
200064a4  g_psDCDInst                          
00015c84  g_pui8CDCSerCommInterface            
00015d00  g_pui8CDCSerDataInterface            
2000697e  g_pui8CDCSerDescriptor               
2000696c  g_pui8CDCSerDeviceDescriptor         
00015ac8  g_pui8ConfigString                   
00015bc4  g_pui8ControlInterfaceString         
20006987  g_pui8IADSerDescriptor               
00015d17  g_pui8LangDescriptor                 
00015c18  g_pui8ManufacturerString             
00015ca7  g_pui8ProductString                  
20006610  g_pui8RxBufferWorkspace              
00015d1b  g_pui8SerialNumberString             
20006628  g_pui8TxBufferWorkspace              
20006188  g_pui8USBRxBuffer                    
20006288  g_pui8USBTxBuffer                    
20006640  g_pvTickInstance                     
00015ab8  g_sCDCCompSerConfigHeader            
200068b8  g_sCDCDevice                         
00015b64  g_sCDCHandlers                       
00015aa0  g_sCDCSerCommInterfaceSection        
00015ab0  g_sCDCSerConfigHeader                
00015a90  g_sCDCSerConfigSection               
00015aa8  g_sCDCSerDataInterfaceSection        
00015a98  g_sIADSerConfigSection               
00015c3c  g_sRxBuffer                          
00015c60  g_sTxBuffer                          
20006730  g_ui32CPUUsage                       
20006ab0  g_ui32CurrentUSBTick                 
20006748  g_ui32PollRate                       
20006ab4  g_ui32USBSOFCount                    
20006abc  g_ui32WaitTicks                      
20006758  g_ulSystemClock                      
20006aa0  g_ulUARTRxCount                      
20006a9c  g_ulUARTTxCount                      
2000675c  g_xRxLineSemaphore                   
20006a58  hora                                 
00014a77  ldexp                                
00014a21  ltoa                                 
0000dc35  main                                 
20006afc  main_func_sp                         
00014f9b  memccpy                              
00014f59  memcmp                               
00014501  memcpy                               
00014741  memset                               
0000381f  pcTaskGetTaskName                    
00010281  pcTimerGetTimerName                  
20006760  potQueue                             
000134e5  pvPortMalloc                         
0000467b  pvTaskIncrementMutexHeldCount        
00010669  pvTimerGetTimerID                    
200069ac  pxCurrentTCB                         
00012e69  pxPortInitialiseStack                
00014e8b  raise                                
000122a7  receive_frame                        
00012301  send_frame                           
20006a40  sensorTaskHandle                     
00014cd1  signal                               
00014fb7  sin                                  
000149c1  sprintf                              
00015001  strchr                               
00014fe9  strcmp                               
0001502d  strcpy                               
00015041  strlen                               
0000e761  ucQueueGetQueueType                  
0001425f  ulPortSetInterruptMask               
00004699  ulTaskNotifyTake                     
0000c2a1  ulocaltime                           
0000c49f  umktime                              
0000ca19  urand                                
0000c271  usnprintf                            
0000c23f  usprintf                             
0000ca09  usrand                               
0000c981  ustrcasecmp                          
0000c9f5  ustrcmp                              
0000c885  ustrlen                              
0000c8dd  ustrncasecmp                         
0000c995  ustrncmp                             
0000bdbd  ustrncpy                             
0000c8a7  ustrstr                              
0000c64d  ustrtof                              
0000c515  ustrtoul                             
0000be15  uvsnprintf                           
00013dcd  uxListRemove                         
0000e741  uxQueueGetQueueNumber                
0000e6e3  uxQueueMessagesWaiting               
0000e719  uxQueueMessagesWaitingFromISR        
0000e6f9  uxQueueSpacesAvailable               
00003819  uxTaskGetNumberOfTasks               
00004229  uxTaskGetStackHighWaterMark          
00003841  uxTaskGetSystemState                 
00003e0b  uxTaskGetTaskNumber                  
000032d9  uxTaskPriorityGet                    
0000330d  uxTaskPriorityGetFromISR             
00004659  uxTaskResetEventItemValue            
0000d603  vApplicationIdleHook                 
0000d60b  vApplicationMallocFailedHook         
0000d5d9  vApplicationStackOverflowHook        
0000d5e3  vApplicationTickHook                 
0001495d  vConfigureTimerForRunTimeStats       
00013ceb  vListInitialise                      
00013d1b  vListInitialiseItem                  
00013d67  vListInsert                          
00013d2b  vListInsertEnd                       
00014275  vPortClearInterruptMask              
000142b7  vPortEnableVFP                       
00012efd  vPortEndScheduler                    
00012eff  vPortEnterCritical                   
00012f17  vPortExitCritical                    
000135f3  vPortFree                            
000142c9  vPortGetIPSR                         
0001365b  vPortInitialiseBlocks                
0001427b  vPortSVCHandler                      
00013099  vPortSetupTimerInterrupt             
00014299  vPortStartFirstTask                  
00012f4b  vPortSuppressTicksAndSleep           
0000e973  vQueueAddToRegistry                  
0000e72b  vQueueDelete                         
0000e74f  vQueueSetQueueNumber                 
0000e9b5  vQueueUnregisterQueue                
0000e9ef  vQueueWaitForMessageRestricted       
00003277  vTaskDelay                           
000031cf  vTaskDelayUntil                      
00003133  vTaskDelete                          
000036b3  vTaskEndScheduler                    
00004595  vTaskGetRunTimeStats                 
0000449d  vTaskList                            
00003e03  vTaskMissedYield                     
00004a39  vTaskNotifyGiveFromISR               
00003b41  vTaskPlaceOnEventList                
00003c19  vTaskPlaceOnEventListRestricted      
00003ba9  vTaskPlaceOnUnorderedEventList       
000042f9  vTaskPriorityInherit                 
00003355  vTaskPrioritySet                     
0000355d  vTaskResume                          
00003e31  vTaskSetTaskNumber                   
00003d67  vTaskSetTimeOutState                 
0000365d  vTaskStartScheduler                  
00003905  vTaskStepTick                        
00003465  vTaskSuspend                         
000036c5  vTaskSuspendAll                      
00003a61  vTaskSwitchContext                   
0001163d  vUARTTask                            
20006a48  velocidad                            
20006778  velocidadQueue                       
00013655  xPortGetFreeHeapSize                 
00014201  xPortPendSVHandler                   
00012ec7  xPortStartScheduler                  
00012f2f  xPortSysTickHandler                  
0000e281  xQueueCreateCountingSemaphore        
0000e185  xQueueCreateMutex                    
0000e111  xQueueGenericCreate                  
0000e4b9  xQueueGenericReceive                 
0000e075  xQueueGenericReset                   
0000e2a1  xQueueGenericSend                    
0000e3c9  xQueueGenericSendFromISR             
0000e447  xQueueGiveFromISR                    
0000e1fb  xQueueGiveMutexRecursive             
0000e90f  xQueueIsQueueEmptyFromISR            
0000e951  xQueueIsQueueFullFromISR             
0000e69f  xQueuePeekFromISR                    
0000e627  xQueueReceiveFromISR                 
200064f4  xQueueRegistry                       
0000e237  xQueueTakeMutexRecursive             
00003d89  xTaskCheckForTimeOut                 
00003019  xTaskGenericCreate                   
000042b5  xTaskGetCurrentTaskHandle            
000042cd  xTaskGetSchedulerState               
000037ef  xTaskGetTickCount                    
00003805  xTaskGetTickCountFromISR             
00003935  xTaskIncrementTick                   
00004861  xTaskNotify                          
00004951  xTaskNotifyFromISR                   
00004769  xTaskNotifyWait                      
000043b3  xTaskPriorityDisinherit              
00003c61  xTaskRemoveFromEventList             
00003cf9  xTaskRemoveFromUnorderedEventList    
00003711  xTaskResumeAll                       
000035d9  xTaskResumeFromISR                   
000101bf  xTimerCreate                         
00010185  xTimerCreateTimerTask                
00010213  xTimerGenericCommand                 
0001063d  xTimerIsTimerActive                  
000106b7  xTimerPendFunctionCall               
00010681  xTimerPendFunctionCallFromISR        
00012b41  xUSBSerialGetChar                    
00012b57  xUSBSerialPutChar                    


GLOBAL SYMBOLS: SORTED BY Symbol Address 

address   name                                 
-------   ----                                 
00000000  __TI_static_base__                   
00000000  g_pfnVectors                         
00000200  __STACK_SIZE                         
0000026d  ConfigDescAlloc                      
00000303  ConfigDescFree                       
000003eb  USBHCDEventEnable                    
0000041b  USBHCDEventDisable                   
000005cb  USBHCDPipeTransferSizeGet            
000005f1  USBHCDPipeAllocSize                  
00000873  USBHCDPipeAlloc                      
000008c1  USBHCDPipeConfig                     
00000a3b  USBHCDPipeStatus                     
00000a71  USBHCDPipeWrite                      
00000c55  USBHCDPipeSchedule                   
00000d81  USBHCDPipeReadNonBlocking            
00000dcb  USBHCDPipeDataAck                    
00000dfd  USBHCDPipeRead                       
00001009  USBHCDPipeFree                       
00001395  USBHCDPowerConfigInit                
000013a7  USBHCDPowerConfigGet                 
000013c5  USBHCDPowerConfigSet                 
00001437  USBHCDPowerAutomatic                 
00001491  USBHCDInit                           
000015ad  USBHCDRegisterDrivers                
000015e1  USBHCDTerm                           
000016b1  USBHCDReset                          
000016fb  USBHCDSuspend                        
0000170d  USBHCDResume                         
0000188d  USBHCDStringDescriptorGet            
000018ed  USBHCDSetAddress                     
00001a33  USBHCDSetConfig                      
00001a7b  USBHCDSetInterface                   
00001ac7  USBHostCheckPipes                    
00001b8d  USBHostIntHandlerInternal            
000022e1  USB0HostIntHandler                   
000023d9  InternalUSBHCDSendEvent              
00002509  USBHCDMain                           
00002911  USBHCDControlTransfer                
00002a6d  USBHCDHubDeviceConnected             
00002b05  USBHCDHubDeviceDisconnected          
00002d39  USBHCDDevHubPort                     
00002d61  USBHCDDevAddress                     
00002d95  USBHCDDevClass                       
00002de1  USBHCDDevSubClass                    
00002e29  USBHCDDevProtocol                    
00002e89  USBHCDFeatureSet                     
00002f41  USBHCDLPMStatus                      
00002f6b  USBHCDLPMSleep                       
00002fd3  USBHCDLPMResume                      
00003019  xTaskGenericCreate                   
00003133  vTaskDelete                          
000031cf  vTaskDelayUntil                      
00003277  vTaskDelay                           
000032d9  uxTaskPriorityGet                    
0000330d  uxTaskPriorityGetFromISR             
00003355  vTaskPrioritySet                     
00003465  vTaskSuspend                         
0000355d  vTaskResume                          
000035d9  xTaskResumeFromISR                   
0000365d  vTaskStartScheduler                  
000036b3  vTaskEndScheduler                    
000036c5  vTaskSuspendAll                      
00003711  xTaskResumeAll                       
000037ef  xTaskGetTickCount                    
00003805  xTaskGetTickCountFromISR             
00003819  uxTaskGetNumberOfTasks               
0000381f  pcTaskGetTaskName                    
00003841  uxTaskGetSystemState                 
00003905  vTaskStepTick                        
00003935  xTaskIncrementTick                   
00003a61  vTaskSwitchContext                   
00003b41  vTaskPlaceOnEventList                
00003ba9  vTaskPlaceOnUnorderedEventList       
00003c19  vTaskPlaceOnEventListRestricted      
00003c61  xTaskRemoveFromEventList             
00003cf9  xTaskRemoveFromUnorderedEventList    
00003d67  vTaskSetTimeOutState                 
00003d89  xTaskCheckForTimeOut                 
00003e03  vTaskMissedYield                     
00003e0b  uxTaskGetTaskNumber                  
00003e31  vTaskSetTaskNumber                   
00003e9d  eTaskConfirmSleepModeStatus          
00004229  uxTaskGetStackHighWaterMark          
000042b5  xTaskGetCurrentTaskHandle            
000042cd  xTaskGetSchedulerState               
000042f9  vTaskPriorityInherit                 
000043b3  xTaskPriorityDisinherit              
0000449d  vTaskList                            
00004595  vTaskGetRunTimeStats                 
00004659  uxTaskResetEventItemValue            
0000467b  pvTaskIncrementMutexHeldCount        
00004699  ulTaskNotifyTake                     
00004769  xTaskNotifyWait                      
00004861  xTaskNotify                          
00004951  xTaskNotifyFromISR                   
00004a39  vTaskNotifyGiveFromISR               
00004b6f  USBHostSuspend                       
00004b85  USBHostReset                         
00004bb3  USBHighSpeed                         
00004be1  USBHostResume                        
00004c0f  USBHostSpeedGet                      
00004c45  USBDevSpeedGet                       
00004c5d  USBIntDisableControl                 
00004c9b  USBIntEnableControl                  
00004cd5  USBIntStatusControl                  
00004d21  USBIntDisableEndpoint                
00004d4f  USBIntEnableEndpoint                 
00004d7d  USBIntStatusEndpoint                 
00004dd3  USBIntRegister                       
00004df1  USBIntUnregister                     
00004e0b  USBEndpointStatus                    
00004e37  USBHostEndpointStatusClear           
00004e7f  USBDevEndpointStatusClear            
00004f01  USBHostEndpointDataToggle            
00004f9d  USBEndpointDataToggleClear           
00004fd7  USBHostEndpointPing                  
00005003  USBDevEndpointStall                  
00005065  USBDevEndpointStallClear             
000050d9  USBDevConnect                        
000050ef  USBDevDisconnect                     
00005105  USBDevAddrSet                        
00005119  USBDevAddrGet                        
0000512d  USBHostEndpointConfig                
000052c7  USBHostEndpointSpeed                 
0000535d  USBDevEndpointConfigSet              
0000544f  USBDevEndpointConfigGet              
0000553f  USBFIFOConfigSet                     
000055a5  USBFIFOConfigGet                     
0000560b  USBEndpointDMAConfigSet              
000056a3  USBEndpointDMAEnable                 
000056dd  USBEndpointDMADisable                
00005717  USBEndpointDataAvail                 
0000574f  USBEndpointDataGet                   
000057d9  USBDevEndpointDataAck                
00005817  USBHostEndpointDataAck               
00005849  USBEndpointDataPut                   
000058ad  USBEndpointDataSend                  
00005905  USBFIFOFlush                         
00005975  USBHostRequestIN                     
0000599d  USBHostRequestINClear                
000059cb  USBHostRequestStatus                 
000059dd  USBHostAddrSet                       
00005a15  USBHostAddrGet                       
00005a43  USBHostHubAddrSet                    
00005aa7  USBHostHubAddrGet                    
00005ad5  USBHostPwrConfig                     
00005aff  USBHostPwrFaultEnable                
00005b17  USBHostPwrFaultDisable               
00005b2f  USBHostPwrEnable                     
00005b47  USBHostPwrDisable                    
00005b5f  USBFrameNumberGet                    
00005b6d  USBOTGSessionRequest                 
00005b9b  USBFIFOAddrGet                       
00005bb1  USBModeGet                           
00005bc5  USBEndpointDMAChannel                
00005c01  USBHostMode                          
00005c13  USBDevMode                           
00005c25  USBOTGMode                           
00005c37  USBModeConfig                        
00005c4b  USBPHYPowerOff                       
00005c61  USBPHYPowerOn                        
00005c77  USBEndpointPacketCountSet            
00005c97  USBNumEndpointsGet                   
00005cab  USBControllerVersion                 
00005cbf  USBClockEnable                       
00005cdb  USBClockDisable                      
00005ced  USBDMAChannelIntEnable               
00005d0d  USBDMAChannelIntDisable              
00005d2d  USBDMAChannelIntStatus               
00005d3d  USBDMAChannelEnable                  
00005d5d  USBDMAChannelDisable                 
00005d7d  USBDMAChannelConfigSet               
00005dad  USBDMAChannelStatus                  
00005dcd  USBDMAChannelStatusClear             
00005df7  USBDMAChannelAddressSet              
00005e13  USBDMAChannelAddressGet              
00005e2b  USBDMAChannelCountSet                
00005e47  USBDMAChannelCountGet                
00005e5f  USBDMANumChannels                    
00005e71  USBULPIConfig                        
00005e87  USBULPIEnable                        
00005e9f  USBULPIDisable                       
00005eb7  USBULPIRegRead                       
00005eef  USBULPIRegWrite                      
00005f2f  USBHostLPMSend                       
00005f77  USBHostLPMConfig                     
00005f9b  USBHostLPMResume                     
00005fb3  USBDevLPMRemoteWake                  
00005fcb  USBDevLPMConfig                      
00005fe1  USBDevLPMEnable                      
00005ff9  USBDevLPMDisable                     
00006011  USBLPMLinkStateGet                   
00006025  USBLPMEndpointGet                    
00006041  USBLPMRemoteWakeEnabled              
0000605b  USBLPMIntStatus                      
0000606b  USBLPMIntEnable                      
00006085  USBLPMIntDisable                     
0000609f  __aeabi_idiv0                        
000060a1  USBDCDDeviceInfoInit                 
000060f1  USBDCDInit                           
00006299  USBDCDTerm                           
00006311  USBDCDRequestDataEP0                 
00006337  USBDCDSendDataEP0                    
00006359  USBDCDSetDefaultConfiguration        
0000636b  USBDCDStallEP0                       
00006387  USBDCDPowerStatusSet                 
000063fd  USBDCDFeatureSet                     
000064bd  USBDCDRemoteWakeLPM                  
000064e1  USBDCDRemoteWakeupRequest            
00006515  USBDeviceResumeTickHandler           
0000660d  USBDeviceEnumHandler                 
00006759  USBDeviceEnumResetHandler            
000071a9  USBDeviceIntHandlerInternal          
0000814d  __TI_printfi                         
00009171  USBLibDMAAddrGet                     
00009189  USBLibDMASizeGet                     
000091a1  USBLibDMAInit                        
00009437  SysCtlSRAMSizeGet                    
00009441  SysCtlFlashSizeGet                   
0000946d  SysCtlFlashSectorSizeGet             
00009495  SysCtlPeripheralPresent              
000094d5  SysCtlPeripheralReady                
00009515  SysCtlPeripheralPowerOn              
00009551  SysCtlPeripheralPowerOff             
0000958d  SysCtlPeripheralReset                
00009615  SysCtlPeripheralEnable               
00009651  SysCtlPeripheralDisable              
00009695  SysCtlPeripheralSleepEnable          
000096d9  SysCtlPeripheralSleepDisable         
00009715  SysCtlPeripheralDeepSleepEnable      
00009765  SysCtlPeripheralDeepSleepDisable     
000097ad  SysCtlPeripheralClockGating          
00009801  SysCtlIntRegister                    
00009819  SysCtlIntUnregister                  
00009829  SysCtlIntEnable                      
0000983d  SysCtlIntDisable                     
00009855  SysCtlIntClear                       
00009865  SysCtlIntStatus                      
00009881  SysCtlLDOSleepSet                    
00009891  SysCtlLDOSleepGet                    
00009897  SysCtlLDODeepSleepSet                
000098a7  SysCtlLDODeepSleepGet                
000098ad  SysCtlSleepPowerSet                  
000098c1  SysCtlDeepSleepPowerSet              
000098d1  SysCtlReset                          
000098d9  SysCtlSleep                          
000098e1  SysCtlDeepSleep                      
000098fd  SysCtlResetCauseGet                  
00009903  SysCtlResetCauseClear                
00009917  SysCtlMOSCConfigSet                  
0000992d  SysCtlPIOSCCalibrate                 
0000997d  SysCtlResetBehaviorSet               
0000998d  SysCtlResetBehaviorGet               
000099e1  SysCtlClockFreqSet                   
00009cf9  SysCtlClockSet                       
00009ec5  SysCtlClockGet                       
0000a07d  SysCtlDeepSleepClockSet              
0000a099  SysCtlDeepSleepClockConfigSet        
0000a123  SysCtlPWMClockSet                    
0000a13d  SysCtlPWMClockGet                    
0000a153  SysCtlGPIOAHBEnable                  
0000a16f  SysCtlGPIOAHBDisable                 
0000a18b  SysCtlUSBPLLEnable                   
0000a19d  SysCtlUSBPLLDisable                  
0000a1ad  SysCtlVoltageEventConfig             
0000a1bd  SysCtlVoltageEventStatus             
0000a1c9  SysCtlVoltageEventClear              
0000a1dd  SysCtlNMIStatus                      
0000a1e3  SysCtlNMIClear                       
0000a1f7  SysCtlClockOutConfig                 
0000a213  SysCtlAltClkConfig                   
0000a4bd  ProcessDataFromHost                  
0000a56b  ProcessNotificationToHost            
0000a5cd  ProcessDataToHost                    
0000ac31  USBDCDCCompositeInit                 
0000ad27  USBDCDCInit                          
0000ad95  USBDCDCTerm                          
0000adad  USBDCDCSetControlCBData              
0000adcb  USBDCDCSetRxCBData                   
0000ade9  USBDCDCSetTxCBData                   
0000ae07  USBDCDCPacketWrite                   
0000aea9  USBDCDCPacketRead                    
0000af7f  USBDCDCTxPacketAvailable             
0000afa1  USBDCDCRxPacketAvailable             
0000b001  USBDCDCSerialStateChange             
0000b05b  USBDCDCPowerStatusSet                
0000b06f  USBDCDCRemoteWakeupRequest           
0000b195  UARTStdioConfig                      
0000b283  UARTwrite                            
0000b329  UARTgets                             
0000b3a5  UARTgetc                             
0000b411  UARTvprintf                          
0000b70b  UARTprintf                           
0000b72f  UARTRxBytesAvail                     
0000b73d  UARTTxBytesFree                      
0000b751  UARTPeek                             
0000b7ab  UARTFlushRx                          
0000b7d3  UARTFlushTx                          
0000b811  UARTEchoSet                          
0000b849  UARTStdioIntHandler                  
0000bdbd  ustrncpy                             
0000be15  uvsnprintf                           
0000c23f  usprintf                             
0000c271  usnprintf                            
0000c2a1  ulocaltime                           
0000c49f  umktime                              
0000c515  ustrtoul                             
0000c64d  ustrtof                              
0000c885  ustrlen                              
0000c8a7  ustrstr                              
0000c8dd  ustrncasecmp                         
0000c981  ustrcasecmp                          
0000c995  ustrncmp                             
0000c9f5  ustrcmp                              
0000ca09  usrand                               
0000ca19  urand                                
0000caa3  GPIODirModeSet                       
0000caff  GPIODirModeGet                       
0000cb4b  GPIOIntTypeSet                       
0000cbef  GPIOIntTypeGet                       
0000cc8d  GPIOPadConfigSet                     
0000cecb  GPIOPadConfigGet                     
0000d01d  GPIOIntEnable                        
0000d037  GPIOIntDisable                       
0000d051  GPIOIntStatus                        
0000d073  GPIOIntClear                         
0000d087  GPIOIntRegister                      
0000d0a5  GPIOIntUnregister                    
0000d0bf  GPIOPinRead                          
0000d0d7  GPIOPinWrite                         
0000d0f7  GPIOPinTypeADC                       
0000d11b  GPIOPinTypeCAN                       
0000d13f  GPIOPinTypeComparator                
0000d163  GPIOPinTypeEPI                       
0000d187  GPIOPinTypeEthernetLED               
0000d1ab  GPIOPinTypeEthernetMII               
0000d1cf  GPIOPinTypeGPIOInput                 
0000d1f3  GPIOPinTypeGPIOOutput                
0000d217  GPIOPinTypeGPIOOutputOD              
0000d23b  GPIOPinTypeI2C                       
0000d25f  GPIOPinTypeI2CSCL                    
0000d283  GPIOPinTypeLCD                       
0000d2a7  GPIOPinTypeLPC                       
0000d2cb  GPIOPinTypePECIRx                    
0000d2ef  GPIOPinTypePECITx                    
0000d313  GPIOPinTypePWM                       
0000d337  GPIOPinTypeQEI                       
0000d35b  GPIOPinTypeSSI                       
0000d37f  GPIOPinTypeTimer                     
0000d3a3  GPIOPinTypeUART                      
0000d3c7  GPIOPinTypeUSBAnalog                 
0000d3eb  GPIOPinTypeUSBDigital                
0000d40f  GPIOPinTypeWakeHigh                  
0000d435  GPIOPinTypeWakeLow                   
0000d45b  GPIOPinTypeKBRow                     
0000d47f  GPIOPinTypeKBColumn                  
0000d4a3  GPIOPinTypeLEDSeq                    
0000d4c7  GPIOPinTypeCIR                       
0000d4eb  GPIOPinWakeStatus                    
0000d4fb  GPIOPinConfigure                     
0000d559  GPIODMATriggerEnable                 
0000d577  GPIODMATriggerDisable                
0000d595  GPIOADCTriggerEnable                 
0000d5b3  GPIOADCTriggerDisable                
0000d5d9  vApplicationStackOverflowHook        
0000d5e3  vApplicationTickHook                 
0000d603  vApplicationIdleHook                 
0000d60b  vApplicationMallocFailedHook         
0000dc35  main                                 
0000dc8b  confSys                              
0000dcbb  confUART                             
0000dd35  confGPIO                             
0000dd8d  confTasks                            
0000de1d  confADC                              
0000dec5  confTimer                            
0000df31  confQueue                            
0000df59  ADCIntHandler                        
0000e075  xQueueGenericReset                   
0000e111  xQueueGenericCreate                  
0000e185  xQueueCreateMutex                    
0000e1fb  xQueueGiveMutexRecursive             
0000e237  xQueueTakeMutexRecursive             
0000e281  xQueueCreateCountingSemaphore        
0000e2a1  xQueueGenericSend                    
0000e3c9  xQueueGenericSendFromISR             
0000e447  xQueueGiveFromISR                    
0000e4b9  xQueueGenericReceive                 
0000e627  xQueueReceiveFromISR                 
0000e69f  xQueuePeekFromISR                    
0000e6e3  uxQueueMessagesWaiting               
0000e6f9  uxQueueSpacesAvailable               
0000e719  uxQueueMessagesWaitingFromISR        
0000e72b  vQueueDelete                         
0000e741  uxQueueGetQueueNumber                
0000e74f  vQueueSetQueueNumber                 
0000e761  ucQueueGetQueueType                  
0000e90f  xQueueIsQueueEmptyFromISR            
0000e951  xQueueIsQueueFullFromISR             
0000e973  vQueueAddToRegistry                  
0000e9b5  vQueueUnregisterQueue                
0000e9ef  vQueueWaitForMessageRestricted       
0000f049  USBHHubMain                          
0000f275  USBHHubEnumerationComplete           
0000f297  USBHHubEnumerationError              
0000f2b9  USBHHubOpen                          
0000f2d1  USBHHubClose                         
0000f2e5  USBHHubInit                          
0000f313  USBHHubLPMSleep                      
0000f321  USBHHubLPMStatus                     
0000f3bf  ADCIntRegister                       
0000f3e7  ADCIntUnregister                     
0000f405  ADCIntDisable                        
0000f421  ADCIntEnable                         
0000f447  ADCIntStatus                         
0000f49f  ADCIntClear                          
0000f4b5  ADCSequenceEnable                    
0000f4cf  ADCSequenceDisable                   
0000f4e9  ADCSequenceConfigure                 
0000f56d  ADCSequenceStepConfigure             
0000f661  ADCSequenceOverflow                  
0000f679  ADCSequenceOverflowClear             
0000f68f  ADCSequenceUnderflow                 
0000f6a7  ADCSequenceUnderflowClear            
0000f6bd  ADCSequenceDataGet                   
0000f6ff  ADCProcessorTrigger                  
0000f723  ADCSoftwareOversampleConfigure       
0000f75b  ADCSoftwareOversampleStepConfigure   
0000f81b  ADCSoftwareOversampleDataGet         
0000f889  ADCHardwareOversampleConfigure       
0000f8bb  ADCComparatorConfigure               
0000f8d7  ADCComparatorRegionSet               
0000f8fb  ADCComparatorReset                   
0000f941  ADCComparatorIntDisable              
0000f95f  ADCComparatorIntEnable               
0000f97d  ADCComparatorIntStatus               
0000f98b  ADCComparatorIntClear                
0000f99d  ADCIntDisableEx                      
0000f9b5  ADCIntEnableEx                       
0000f9d1  ADCIntStatusEx                       
0000fa03  ADCIntClearEx                        
0000fa1b  ADCReferenceSet                      
0000fa37  ADCReferenceGet                      
0000fa49  ADCPhaseDelaySet                     
0000fa5b  ADCPhaseDelayGet                     
0000fa69  ADCSequenceDMAEnable                 
0000fa85  ADCSequenceDMADisable                
0000faa1  ADCBusy                              
0000fabf  ADCClockConfigSet                    
0000fae9  ADCClockConfigGet                    
0000fb9f  TimerEnable                          
0000fbbd  TimerDisable                         
0000fbdb  TimerConfigure                       
0000fc57  TimerControlLevel                    
0000fc8d  TimerControlTrigger                  
0000fcfb  TimerControlEvent                    
0000fd25  TimerControlStall                    
0000fd5b  TimerControlWaitOnTrigger            
0000fdbb  TimerRTCEnable                       
0000fdd1  TimerRTCDisable                      
0000fdfd  TimerClockSourceSet                  
0000fe19  TimerClockSourceGet                  
0000fe29  TimerPrescaleSet                     
0000fe53  TimerPrescaleGet                     
0000fe6f  TimerPrescaleMatchSet                
0000fe9d  TimerPrescaleMatchGet                
0000feb9  TimerLoadSet                         
0000fee3  TimerLoadGet                         
0000feff  TimerLoadSet64                       
0000ff1f  TimerLoadGet64                       
0000ff51  TimerValueGet                        
0000ff6d  TimerValueGet64                      
0000ff9f  TimerMatchSet                        
0000ffc9  TimerMatchGet                        
0000ffe5  TimerMatchSet64                      
00010005  TimerMatchGet64                      
00010037  TimerIntRegister                     
0001005f  TimerIntUnregister                   
0001007d  TimerIntEnable                       
00010095  TimerIntDisable                      
000100ad  TimerIntStatus                       
000100cb  TimerIntClear                        
000100dd  TimerSynchronize                     
000100ef  TimerADCEventSet                     
00010101  TimerADCEventGet                     
0001010f  TimerDMAEventSet                     
00010121  TimerDMAEventGet                     
0001012f  TimerUpdateMode                      
00010185  xTimerCreateTimerTask                
000101bf  xTimerCreate                         
00010213  xTimerGenericCommand                 
00010281  pcTimerGetTimerName                  
0001063d  xTimerIsTimerActive                  
00010669  pvTimerGetTimerID                    
00010681  xTimerPendFunctionCallFromISR        
000106b7  xTimerPendFunctionCall               
00010785  USBStackModeSet                      
000107c1  USB0DualModeIntHandler               
0001080d  USBDualModeInit                      
0001087d  USBDualModeTerm                      
000108b1  USBOTGModeTerm                       
000108eb  USBOTGModeInit                       
000109e1  USBOTGPollRate                       
00010a09  USB0OTGModeIntHandler                
00010aef  OTGDeviceDisconnect                  
00010b15  USBOTGMain                           
00010bb1  USBOTGFeatureSet                     
00010ec5  USBBufferInit                        
00010ee7  USBBufferZeroLengthPacketInsert      
00010f17  USBBufferInfoGet                     
00010f49  USBBufferDataWritten                 
00010f69  USBBufferDataRemoved                 
00010f83  USBBufferCallbackDataSet             
00010f9d  USBBufferWrite                       
00010fe1  USBBufferFlush                       
00010ff3  USBBufferRead                        
00011031  USBBufferDataAvailable               
00011043  USBBufferSpaceAvailable              
00011055  USBBufferEventCallback               
000110d1  RGBBlinkIntHandler                   
000110ff  RGBInit                              
000111eb  RGBEnable                            
000112a3  RGBDisable                           
00011301  RGBSet                               
00011319  RGBColorSet                          
000113c9  RGBIntensitySet                      
000113dd  RGBBlinkRateSet                      
00011471  RGBColorGet                          
00011505  Cmd_cpu                              
0001152f  Cmd_free                             
00011545  Cmd_tasks                            
000115c1  Cmd_stats                            
000115f9  Cmd_help                             
0001163d  vUARTTask                            
000118d7  IntMasterEnable                      
000118e7  IntMasterDisable                     
000118f7  IntRegister                          
00011949  IntUnregister                        
0001195d  IntPriorityGroupingSet               
00011977  IntPriorityGroupingGet               
000119af  IntPrioritySet                       
000119ff  IntPriorityGet                       
00011a23  IntEnable                            
00011a95  IntDisable                           
00011b07  IntIsEnabled                         
00011b8d  IntPendSet                           
00011bfd  IntPendClear                         
00011c4b  IntPriorityMaskSet                   
00011c57  IntPriorityMaskGet                   
00011c5f  IntTrigger                           
00011d5b  USBDeviceConfig                      
00011f51  USBDeviceConfigAlternate             
0001201d  frame_stuffing                       
000120bd  frame_DeStuffing                     
0001215d  add_checksum_and_stuff               
000121cf  destuff_and_check_checksum           
00012223  create_frame                         
000122a7  receive_frame                        
00012301  send_frame                           
0001239f  USBRingBufFull                       
000123d9  USBRingBufEmpty                      
00012403  USBRingBufFlush                      
00012423  USBRingBufUsed                       
00012455  USBRingBufFree                       
0001246b  USBRingBufContigUsed                 
00012499  USBRingBufContigFree                 
000124d5  USBRingBufSize                       
000124e3  USBRingBufReadOne                    
00012509  USBRingBufRead                       
0001253f  USBRingBufAdvanceRead                
0001256d  USBRingBufAdvanceWrite               
000125c9  USBRingBufWriteOne                   
000125ef  USBRingBufWrite                      
00012625  USBRingBufInit                       
0001271b  USBDCDConfigDescGetSize              
00012753  USBDCDConfigDescGetNum               
000127a1  USBDCDConfigDescGet                  
0001282f  USBDCDConfigGetNumAlternateInterfaces
00012883  USBDCDConfigGetInterface             
000128b9  USBDCDConfigGetInterfaceEndpoint     
0001296d  USBControlHandler                    
000129f7  USBTxHandler                         
00012a5b  USBRxHandler                         
00012ab1  UsbSerialInit                        
00012b41  xUSBSerialGetChar                    
00012b57  xUSBSerialPutChar                    
00012bd5  _Sin                                 
00012e69  pxPortInitialiseStack                
00012ec7  xPortStartScheduler                  
00012efd  vPortEndScheduler                    
00012eff  vPortEnterCritical                   
00012f17  vPortExitCritical                    
00012f2f  xPortSysTickHandler                  
00012f4b  vPortSuppressTicksAndSleep           
00013099  vPortSetupTimerInterrupt             
000130f5  _Exp                                 
000132f1  __aeabi_uldivmod                     
000134e5  pvPortMalloc                         
000135f3  vPortFree                            
00013655  xPortGetFreeHeapSize                 
0001365b  vPortInitialiseBlocks                
000136b9  USBDescGetNum                        
00013715  USBDescGet                           
0001377f  USBDescGetNumAlternateInterfaces     
00013839  USBDescGetInterface                  
00013867  USBDescGetInterfaceEndpoint          
0001388b  __aeabi_dsub                         
00013895  __aeabi_dadd                         
00013a41  fmod                                 
00013bb5  __aeabi_ddiv                         
00013ceb  vListInitialise                      
00013d1b  vListInitialiseItem                  
00013d2b  vListInsertEnd                       
00013d67  vListInsert                          
00013dcd  uxListRemove                         
00013e15  _Dscale                              
00013f25  __aeabi_dmul                         
00014021  CPUUsageTick                         
0001405f  CPUUsageInit                         
00014111  InternalUSBTickInit                  
0001414f  InternalUSBTickReset                 
00014157  InternalUSBRegisterTickHandler       
000141a7  InternalUSBStartOfFrameTick          
00014201  xPortPendSVHandler                   
0001425f  ulPortSetInterruptMask               
00014275  vPortClearInterruptMask              
0001427b  vPortSVCHandler                      
00014299  vPortStartFirstTask                  
000142b7  vPortEnableVFP                       
000142c9  vPortGetIPSR                         
000142cf  ULPIConfigSet                        
00014371  ULPIPowerTransceiver                 
00014397  _Dnorm                               
00014455  CmdLineProcess                       
00014501  __aeabi_memcpy                       
00014501  __aeabi_memcpy4                      
00014501  __aeabi_memcpy8                      
00014501  memcpy                               
0001459d  exp                                  
0001462d  __aeabi_cdcmpeq                      
0001462d  __aeabi_cdcmple                      
000146b3  __aeabi_cdrcmple                     
00014739  __aeabi_memclr                       
00014739  __aeabi_memclr4                      
00014739  __aeabi_memclr8                      
0001473b  __aeabi_memset                       
0001473b  __aeabi_memset4                      
0001473b  __aeabi_memset8                      
00014741  memset                               
000147b5  __TI_auto_init                       
0001488d  create_checksum                      
000148f5  _Dunscale                            
0001495d  vConfigureTimerForRunTimeStats       
000149c1  sprintf                              
00014a21  ltoa                                 
00014a77  ldexp                                
00014ac9  _c_int00                             
00014b19  __aeabi_f2ulz                        
00014b69  atoi                                 
00014bb5  copy_in                              
00014c01  __aeabi_d2iz                         
00014c49  C$$EXIT                              
00014c4d  abort                                
00014c55  exit                                 
00014c8d  __aeabi_d2uiz                        
00014cd1  signal                               
00014d11  __aeabi_uidiv                        
00014d11  __aeabi_uidivmod                     
00014d51  CPUcpsid                             
00014d5d  CPUprimask                           
00014d67  CPUcpsie                             
00014d73  CPUwfi                               
00014d77  CPUbasepriSet                        
00014d85  CPUbasepriGet                        
00014d8f  __aeabi_f2d                          
00014dc9  feraiseexcept                        
00014dfd  _Dclass                              
00014e2d  _Feraise                             
00014e5d  __aeabi_i2d                          
00014e8b  raise                                
00014eb9  ResetISR                             
00014ee5  frexp                                
00014f11  GetOverflowCounts                    
00014f35  USB0DeviceIntHandler                 
00014f59  memcmp                               
00014f7b  __aeabi_ui2d                         
00014f9b  memccpy                              
00014fb7  sin                                  
00014fd1  _args_main                           
00014fe9  strcmp                               
00015001  strchr                               
00015019  _register_unlock                     
0001501f  _register_lock                       
00015027  _nop                                 
0001502d  strcpy                               
00015041  strlen                               
00015055  __TI_decompress_none                 
00015063  __TI_zero_init                       
0001506f  SysCtlDelay                          
00015075  __TI_decompress_rle24                
0001507b  _system_pre_init                     
000153a0  _ctypes_                             
00015a90  g_sCDCSerConfigSection               
00015a98  g_sIADSerConfigSection               
00015aa0  g_sCDCSerCommInterfaceSection        
00015aa8  g_sCDCSerDataInterfaceSection        
00015ab0  g_sCDCSerConfigHeader                
00015ab8  g_sCDCCompSerConfigHeader            
00015ac0  g_ppCDCSerConfigDescriptors          
00015ac4  g_pCDCCompSerConfigDescriptors       
00015ac8  g_pui8ConfigString                   
00015b64  g_sCDCHandlers                       
00015bc4  g_pui8ControlInterfaceString         
00015c18  g_pui8ManufacturerString             
00015c3c  g_sRxBuffer                          
00015c60  g_sTxBuffer                          
00015c84  g_pui8CDCSerCommInterface            
00015ca7  g_pui8ProductString                  
00015ce8  g_ppui8StringDescriptors             
00015d00  g_pui8CDCSerDataInterface            
00015d17  g_pui8LangDescriptor                 
00015d1b  g_pui8SerialNumberString             
00015f14  __TI_Handler_Table_Base              
00015f20  __TI_Handler_Table_Limit             
00015f30  __TI_CINIT_Base                      
00015f48  __TI_CINIT_Limit                     
20000000  g_pfnRAMVectors                      
20006188  g_pui8USBRxBuffer                    
20006288  g_pui8USBTxBuffer                    
200064a4  g_psDCDInst                          
200064f4  xQueueRegistry                       
200065c8  g_pfnTickHandlers                    
20006610  g_pui8RxBufferWorkspace              
20006628  g_pui8TxBufferWorkspace              
20006640  g_pvTickInstance                     
200066e4  color                                
200066fc  ejes                                 
2000671c  EjesSemaphore                        
20006720  SendSemaphore                        
20006728  g_ppsDevInfo                         
20006730  g_ui32CPUUsage                       
20006748  g_ui32PollRate                       
20006758  g_ulSystemClock                      
2000675c  g_xRxLineSemaphore                   
20006760  potQueue                             
20006778  velocidadQueue                       
20006785  g_eOTGModeState                      
20006838  _Denorm                              
20006848  _Eps                                 
20006858  _Hugeval                             
20006868  _Inf                                 
20006878  _Nan                                 
20006888  _Snan                                
20006898  _Rteps                               
200068a8  _Xbig                                
200068b0  _Zero                                
200068b8  g_sCDCDevice                         
20006918  g_psCmdTable                         
2000696c  g_pui8CDCSerDeviceDescriptor         
2000697e  g_pui8CDCSerDescriptor               
20006987  g_pui8IADSerDescriptor               
20006990  g_psCDCSerSections                   
2000699c  g_psCDCCompSerSections               
200069ac  pxCurrentTCB                         
20006a40  sensorTaskHandle                     
20006a44  consumoTaskHandle                    
20006a48  velocidad                            
20006a50  combustible                          
20006a58  hora                                 
20006a60  altitud                              
20006a9c  g_ulUARTTxCount                      
20006aa0  g_ulUARTRxCount                      
20006aac  g_bUSBTimerInitialized               
20006ab0  g_ui32CurrentUSBTick                 
20006ab4  g_ui32USBSOFCount                    
20006ab8  g_iUSBMode                           
20006abc  g_ui32WaitTicks                      
20006acc  _lock                                
20006ad0  _unlock                              
20006ad4  __TI_cleanup_ptr                     
20006ad8  __TI_dtors_ptr                       
20006adc  _Fenv                                
20006ae0  _Tls_setup__Fenv                     
20006af8  _Errno                               
20006afc  main_func_sp                         
20006b04  __stack                              
20006d04  __STACK_END                          
20006d04  __STACK_TOP                          
ffffffff  __binit__                            
ffffffff  __c_args__                           
ffffffff  binit                                
UNDEFED   SHT$$INIT_ARRAY$$Base                
UNDEFED   SHT$$INIT_ARRAY$$Limit               

[792 symbols]
