******************************************************************************
                  TI ARM Linker PC v5.2.4                      
******************************************************************************
>> Linked Mon Apr 27 11:04:08 2015

OUTPUT FILE NAME:   <base-practica_TIVA.out>
ENTRY POINT SYMBOL: "_c_int00"  address: 00013acd


MEMORY CONFIGURATION

         name            origin    length      used     unused   attr    fill
----------------------  --------  ---------  --------  --------  ----  --------
  FLASH                 00000000   00040000  00014db6  0002b24a  R  X
  SRAM                  20000000   00008000  00006ca6  0000135a  RW X


SEGMENT ALLOCATION MAP

run origin  load origin   length   init length attrs members
----------  ----------- ---------- ----------- ----- -------
00000000    00000000    00014db8   00014db8    r-x
  00000000    00000000    0000026c   0000026c    r-- .intvecs
  0000026c    0000026c    00013d76   00013d76    r-x .text
  00013fe4    00013fe4    00000c34   00000c34    r-- .const
  00014c18    00014c18    000001a0   000001a0    r-- .cinit
20000000    20000000    00006cac   00000000    rw-
  20000000    20000000    0000026c   00000000    rw- .vtable
  2000026c    2000026c    000064ee   00000000    rw- .bss
  20006760    20006760    0000034c   00000000    rw- .data
  20006aac    20006aac    00000200   00000000    rw- .stack


SECTION ALLOCATION MAP

 output                                  attributes/
section   page    origin      length       input sections
--------  ----  ----------  ----------   ----------------
.intvecs   0    00000000    0000026c     
                  00000000    0000026c     startup_ccs.obj (.intvecs)

.text      0    0000026c    00013d76     
                  0000026c    00002dac     usbhostenum.obj (.text)
                  00003018    00001acc     tasks.obj (.text)
                  00004ae4    000015ba     usb.obj (.text)
                  0000609e    00000002     rtsv7M4_T_le_v4SPD16_eabi.lib : i_div0.obj (.text)
                  000060a0    000012f8     usbdenum.obj (.text)
                  00007398    000010ba     rtsv7M4_T_le_v4SPD16_eabi.lib : _printfi.obj (.text)
                  00008452    00000002     --HOLE-- [fill = 0]
                  00008454    00000f20     usbdma.obj (.text)
                  00009374    00000f00     sysctl.obj (.text)
                  0000a274    00000e0c     usbdcdc.obj (.text)
                  0000b080    00000d3c     uartstdio.obj (.text)
                  0000bdbc    00000c84     ustdlib.obj (.text)
                  0000ca40    00000b98     gpio.obj (.text)
                  0000d5d8    000009cc     queue.obj (.text)
                  0000dfa4    00000924     usbhhub.obj (.text)
                  0000e8c8    000007c4     adc.obj (.text)
                  0000f08c    0000065a     timer.obj (.text)
                  0000f6e6    00000002     --HOLE-- [fill = 0]
                  0000f6e8    00000580     timers.obj (.text)
                  0000fc68    00000568     main.obj (.text)
                  000101d0    00000510     usbmode.obj (.text)
                  000106e0    000004ba     usbbuffer.obj (.text)
                  00010b9a    00000002     --HOLE-- [fill = 0]
                  00010b9c    000003d0     commands.obj (.text)
                  00010f6c    000003c0     interrupt.obj (.text)
                  0001132c    00000388     usbdconfig.obj (.text)
                  000116b4    00000338     protocol.obj (.text)
                  000119ec    000002f4     usbringbuf.obj (.text)
                  00011ce0    000002de     usbdcdesc.obj (.text)
                  00011fbe    00000002     --HOLE-- [fill = 0]
                  00011fc0    000002ac     usb_dev_serial.obj (.text)
                  0001226c    0000028c     port.obj (.text)
                  000124f8    000001f4     rtsv7M4_T_le_v4SPD16_eabi.lib : ull_div_t2.obj (.text)
                  000126ec    000001d4     heap_2.obj (.text)
                  000128c0    000001d2     usbdesc.obj (.text)
                  00012a92    000001b6     rtsv7M4_T_le_v4SPD16_eabi.lib : fd_add_t2.obj (.text)
                  00012c48    00000136                                   : fd_div_t2.obj (.text)
                  00012d7e    0000012a     list.obj (.text)
                  00012ea8    00000110     rtsv7M4_T_le_v4SPD16_eabi.lib : xdscale.obj (.text)
                  00012fb8    000000fc                                   : fd_mul_t2.obj (.text)
                  000130b4    000000f0     cpu_usage.obj (.text)
                  000131a4    000000ec     usbtick.obj (.text)
                  00013290    000000d2     portasm.obj (.text)
                  00013362    000000c8     usbulpi.obj (.text)
                  0001342a    000000be     rtsv7M4_T_le_v4SPD16_eabi.lib : xdnorm.obj (.text)
                  000134e8    000000ac     cmdline.obj (.text)
                  00013594    0000009c     rtsv7M4_T_le_v4SPD16_eabi.lib : memcpy_t2.obj (.text)
                  00013630    00000086                                   : fd_cmp_t2.obj (.text:__aeabi_cdcmple)
                  000136b6    00000086                                   : fd_cmp_t2.obj (.text:__aeabi_cdrcmple)
                  0001373c    0000007a                                   : memset_t2.obj (.text)
                  000137b6    00000002     --HOLE-- [fill = 0]
                  000137b8    0000006c                                   : autoinit.obj (.text)
                  00013824    0000006a                                   : copy_decompress_rle.obj (.text)
                  0001388e    00000002     --HOLE-- [fill = 0]
                  00013890    00000068     crc.obj (.text)
                  000138f8    00000066     rtsv7M4_T_le_v4SPD16_eabi.lib : xdunscal.obj (.text)
                  0001395e    00000002     --HOLE-- [fill = 0]
                  00013960    00000064     RunTimeStatsConfig.obj (.text)
                  000139c4    00000060     rtsv7M4_T_le_v4SPD16_eabi.lib : sprintf.obj (.text)
                  00013a24    00000056                                   : ltoa.obj (.text)
                  00013a7a    00000052                                   : ldexp.obj (.text)
                  00013acc    00000050                                   : boot.obj (.text)
                  00013b1c    0000004c                                   : atoi.obj (.text)
                  00013b68    0000004c                                   : cpy_tbl.obj (.text)
                  00013bb4    00000048                                   : fd_toi_t2.obj (.text)
                  00013bfc    00000044                                   : exit.obj (.text)
                  00013c40    00000044                                   : fd_tou_t2.obj (.text)
                  00013c84    00000040                                   : signal.obj (.text)
                  00013cc4    00000040                                   : u_divt2.obj (.text)
                  00013d04    0000003e     cpu.obj (.text)
                  00013d42    00000002     --HOLE-- [fill = 0]
                  00013d44    00000034     rtsv7M4_T_le_v4SPD16_eabi.lib : feraiseexcept.obj (.text)
                  00013d78    00000030                                   : xdclass.obj (.text)
                  00013da8    00000030                                   : xferaise.obj (.text)
                  00013dd8    0000002e                                   : i_tofd_t2.obj (.text)
                  00013e06    0000002e                                   : raise.obj (.text)
                  00013e34    0000002c     startup_ccs.obj (.text)
                  00013e60    0000002a     rtsv7M4_T_le_v4SPD16_eabi.lib : frexp.obj (.text)
                  00013e8a    00000002     --HOLE-- [fill = 0]
                  00013e8c    00000024     RunTimeStatsConfig.obj (.text:GetOverflowCounts)
                  00013eb0    00000024     usbdhandler.obj (.text)
                  00013ed4    00000022     rtsv7M4_T_le_v4SPD16_eabi.lib : memcmp.obj (.text)
                  00013ef6    00000020                                   : u_tofd_t2.obj (.text)
                  00013f16    0000001c                                   : memccpy.obj (.text)
                  00013f32    00000002     --HOLE-- [fill = 0]
                  00013f34    00000018                                   : args_main.obj (.text)
                  00013f4c    00000018                                   : strcmp.obj (.text)
                  00013f64    00000016                                   : strchr.obj (.text)
                  00013f7a    00000002     --HOLE-- [fill = 0]
                  00013f7c    00000014                                   : _lock.obj (.text)
                  00013f90    00000014                                   : strcpy.obj (.text)
                  00013fa4    00000014                                   : strlen.obj (.text)
                  00013fb8    0000000e                                   : copy_decompress_none.obj (.text:decompress:none)
                  00013fc6    0000000c                                   : copy_zero_init.obj (.text:decompress:ZI)
                  00013fd2    00000006     sysctl.obj (.text:SysCtlDelay)
                  00013fd8    00000006     rtsv7M4_T_le_v4SPD16_eabi.lib : copy_decompress_rle.obj (.text:decompress:rle24)
                  00013fde    00000004                                   : pre_init.obj (.text)

.const     0    00013fe4    00000c34     
                  00013fe4    00000200     crc.obj (.const:crctttab)
                  000141e4    00000120     sysctl.obj (.const:g_pppui32XTALtoVCO)
                  00014304    00000101     rtsv7M4_T_le_v4SPD16_eabi.lib : ctype.obj (.const:.string:_ctypes_)
                  00014405    00000001     --HOLE-- [fill = 0]
                  00014406    00000002     heap_2.obj (.const)
                  00014408    000000f2     commands.obj (.const:.string)
                  000144fa    00000002     --HOLE-- [fill = 0]
                  000144fc    000000c0     gpio.obj (.const:g_ppui32GPIOIntMapBlizzard)
                  000145bc    000000c0     gpio.obj (.const:g_ppui32GPIOIntMapSnowflake)
                  0001467c    0000009c     interrupt.obj (.const:g_pui32Regs)
                  00014718    00000090     gpio.obj (.const:g_pui32GPIOBaseAddrs)
                  000147a8    00000070     interrupt.obj (.const)
                  00014818    0000006c     sysctl.obj (.const:g_pui32Xtals)
                  00014884    00000060     timer.obj (.const:g_ppui32TimerIntMap)
                  000148e4    00000040     timer.obj (.const:g_ppui32TimerIntMapSnowflake)
                  00014924    00000038     usbdcdc.obj (.const)
                  0001495c    00000036     usb_serial_structs.obj (.const:.string:g_pui8ConfigString)
                  00014992    00000002     --HOLE-- [fill = 0]
                  00014994    00000034     usbdenum.obj (.const:g_psUSBDStdRequests)
                  000149c8    00000030     ustdlib.obj (.const:g_psDaysToMonth)
                  000149f8    00000030     usbdcdc.obj (.const:g_sCDCHandlers)
                  00014a28    00000030     sysctl.obj (.const:g_sXTALtoMEMTIM)
                  00014a58    0000002c     usb_serial_structs.obj (.const:.string:g_pui8ControlInterfaceString)
                  00014a84    00000028     uartstdio.obj (.const)
                  00014aac    00000024     usb_serial_structs.obj (.const:.string:g_pui8ManufacturerString)
                  00014ad0    00000024     usb_serial_structs.obj (.const:g_sRxBuffer)
                  00014af4    00000024     usb_serial_structs.obj (.const:g_sTxBuffer)
                  00014b18    00000023     usbdcdc.obj (.const:.string:g_pui8CDCSerCommInterface)
                  00014b3b    00000022     usb_serial_structs.obj (.const:.string:g_pui8ProductString)
                  00014b5d    00000003     --HOLE-- [fill = 0]
                  00014b60    0000001c     ustdlib.obj (.const)
                  00014b7c    00000018     usb_serial_structs.obj (.const)
                  00014b94    00000017     usbdcdc.obj (.const:.string)
                  00014bab    00000016     usb_serial_structs.obj (.const:.string)
                  00014bc1    00000014     tasks.obj (.const:.string)
                  00014bd5    00000003     --HOLE-- [fill = 0]
                  00014bd8    00000012     uartstdio.obj (.const:.string)
                  00014bea    00000002     --HOLE-- [fill = 0]
                  00014bec    00000012     ustdlib.obj (.const:.string)
                  00014bfe    00000002     --HOLE-- [fill = 0]
                  00014c00    00000008     gpio.obj (.const)
                  00014c08    00000008     sysctl.obj (.const)
                  00014c10    00000008     timer.obj (.const)

.cinit     0    00014c18    000001a0     
                  00014c18    00000165     (.cinit..data.load) [load image, compression = rle]
                  00014d7d    00000003     --HOLE-- [fill = 0]
                  00014d80    0000000c     (__TI_handler_table)
                  00014d8c    00000004     --HOLE-- [fill = 0]
                  00014d90    00000008     (.cinit..bss.load) [load image, compression = zero_init]
                  00014d98    00000008     (.cinit..vtable.load) [load image, compression = zero_init]
                  00014da0    00000018     (__TI_cinit_table)

.init_array 
*          0    00000000    00000000     UNINITIALIZED

.vtable    0    20000000    0000026c     UNINITIALIZED
                  20000000    0000026c     interrupt.obj (.vtable)

.bss       0    2000026c    000064ee     UNINITIALIZED
                  2000026c    00005000     heap_2.obj (.bss:ucHeap)
                  2000526c    000006cc     usbhostenum.obj (.bss:g_sUSBHCD)
                  20005938    00000400     uartstdio.obj (.bss:g_pcUARTTxBuffer)
                  20005d38    00000200     uartstdio.obj (.bss:g_pcUARTRxHistoryBuffer)
                  20005f38    00000140     tasks.obj (.bss:pxReadyTasksLists)
                  20006078    00000110     usbdma.obj (.bss:g_psUSBDMAInst)
                  20006188    00000100     usb_serial_structs.obj (.bss:g_pui8USBRxBuffer)
                  20006288    00000100     usb_serial_structs.obj (.bss:g_pui8USBTxBuffer)
                  20006388    0000009c     usbhhub.obj (.bss:g_sRootHub)
                  20006424    00000080     uartstdio.obj (.bss:g_pcUARTRxBuffer)
                  200064a4    00000050     usbdenum.obj (.bss:g_psDCDInst)
                  200064f4    00000050     queue.obj (.bss:xQueueRegistry)
                  20006544    00000040     usbdenum.obj (.bss:g_pui8DataBufferIn)
                  20006584    00000024     cmdline.obj (.bss:g_ppcArgv)
                  200065a8    00000020     (.common:g_usUARTRxHistoryOffset)
                  200065c8    00000018     (.common:g_pfnTickHandlers)
                  200065e0    00000018     (.common:g_pi32USBHActiveDriver)
                  200065f8    00000018     (.common:g_ppvDriverInstance)
                  20006610    00000018     (.common:g_pui8RxBufferWorkspace)
                  20006628    00000018     (.common:g_pui8TxBufferWorkspace)
                  20006640    00000018     (.common:g_pvTickInstance)
                  20006658    00000014     (.common:xActiveTimerList1)
                  2000666c    00000014     (.common:xActiveTimerList2)
                  20006680    00000014     (.common:xDelayedTaskList1)
                  20006694    00000014     (.common:xDelayedTaskList2)
                  200066a8    00000014     (.common:xPendingReadyList)
                  200066bc    00000014     (.common:xSuspendedTaskList)
                  200066d0    00000014     (.common:xTasksWaitingTermination)
                  200066e4    00000008     (.common:g_pui32Alloc)
                  200066ec    00000008     (.common:xEnd)
                  200066f4    00000008     (.common:xStart)
                  200066fc    00000004     (.common:SendSemaphore)
                  20006700    00000004     (.common:g_pfnUSBModeCallback)
                  20006704    00000004     (.common:g_ppsDevInfo)
                  20006708    00000004     (.common:g_pui8OversampleFactor)
                  2000670c    00000004     (.common:g_ui32CPUUsage)
                  20006710    00000004     (.common:g_ui32CPUUsagePrevious)
                  20006714    00000004     (.common:g_ui32CPUUsageTicks)
                  20006718    00000004     (.common:g_ui32CPUUsageTimer)
                  2000671c    00000004     (.common:g_ui32ChangeFlags)
                  20006720    00000004     (.common:g_ui32HubChanges)
                  20006724    00000004     (.common:g_ui32PollRate)
                  20006728    00000004     (.common:g_ui32PortNum)
                  2000672c    00000004     (.common:g_ui32ULPISupport)
                  20006730    00000004     (.common:g_ui32ULPISupport)
                  20006734    00000004     (.common:g_ulSystemClock)
                  20006738    00000004     (.common:g_xRxLineSemaphore)
                  2000673c    00000004     (.common:potQueue)
                  20006740    00000004     (.common:pxCurrentTimerList)
                  20006744    00000004     (.common:pxDelayedTaskList)
                  20006748    00000004     (.common:pxOverflowDelayedTaskList)
                  2000674c    00000004     (.common:pxOverflowTimerList)
                  20006750    00000004     (.common:xCharsForTx)
                  20006754    00000004     (.common:xRxedChars)
                  20006758    00000001     (.common:g_bDisableEcho)
                  20006759    00000001     (.common:g_eOTGModeState)

.data      0    20006760    0000034c     UNINITIALIZED
                  20006760    000000b0     rtsv7M4_T_le_v4SPD16_eabi.lib : signal.obj (.data:sigtable)
                  20006810    00000080                                   : xvalues.obj (.data)
                  20006890    00000060     usb_serial_structs.obj (.data:g_sCDCDevice)
                  200068f0    00000054     commands.obj (.data:g_psCmdTable)
                  20006944    00000040     usbdcdc.obj (.data)
                  20006984    00000038     tasks.obj (.data)
                  200069bc    00000030     cpu_usage.obj (.data)
                  200069ec    0000002c     usbhostenum.obj (.data)
                  20006a18    0000001d     uartstdio.obj (.data)
                  20006a35    00000001     main.obj (.data)
                  20006a36    00000002     --HOLE--
                  20006a38    00000010     port.obj (.data)
                  20006a48    00000010     usb_dev_serial.obj (.data)
                  20006a58    0000000c     usbtick.obj (.data)
                  20006a64    00000009     usbmode.obj (.data)
                  20006a6d    00000003     --HOLE--
                  20006a70    00000008     heap_2.obj (.data)
                  20006a78    00000008     rtsv7M4_T_le_v4SPD16_eabi.lib : _lock.obj (.data)
                  20006a80    00000008                                   : exit.obj (.data)
                  20006a88    00000008                                   : feraiseexcept.obj (.data)
                  20006a90    00000008     timers.obj (.data)
                  20006a98    00000008     usbdenum.obj (.data)
                  20006aa0    00000004     rtsv7M4_T_le_v4SPD16_eabi.lib : errno.obj (.data)
                  20006aa4    00000004                                   : stkdepth_vars.obj (.data)
                  20006aa8    00000004     ustdlib.obj (.data)

.TI.noinit 
*          0    2000026c    00000000     UNINITIALIZED

.TI.persistent 
*          0    20006760    00000000     UNINITIALIZED

.stack     0    20006aac    00000200     UNINITIALIZED
                  20006aac    00000200     --HOLE--


LINKER GENERATED COPY TABLES

__TI_cinit_table @ 00014da0 records: 3, size/record: 8, table size: 24
	.data: load addr=00014c18, load size=00000165 bytes, run addr=20006760, run size=0000034c bytes, compression=rle
	.bss: load addr=00014d90, load size=00000008 bytes, run addr=2000026c, run size=000064ee bytes, compression=zero_init
	.vtable: load addr=00014d98, load size=00000008 bytes, run addr=20000000, run size=0000026c bytes, compression=zero_init


LINKER GENERATED HANDLER TABLE

__TI_handler_table @ 00014d80 records: 3, size/record: 4, table size: 12
	index: 0, handler: __TI_zero_init
	index: 1, handler: __TI_decompress_rle24
	index: 2, handler: __TI_decompress_none


GLOBAL SYMBOLS: SORTED ALPHABETICALLY BY Name 

address   name                                 
-------   ----                                 
0000f005  ADCBusy                              
0000f04d  ADCClockConfigGet                    
0000f023  ADCClockConfigSet                    
0000ee1f  ADCComparatorConfigure               
0000eeef  ADCComparatorIntClear                
0000eea5  ADCComparatorIntDisable              
0000eec3  ADCComparatorIntEnable               
0000eee1  ADCComparatorIntStatus               
0000ee3b  ADCComparatorRegionSet               
0000ee5f  ADCComparatorReset                   
0000eded  ADCHardwareOversampleConfigure       
0000ea03  ADCIntClear                          
0000ef67  ADCIntClearEx                        
0000e969  ADCIntDisable                        
0000ef01  ADCIntDisableEx                      
0000e985  ADCIntEnable                         
0000ef19  ADCIntEnableEx                       
00010095  ADCIntHandler                        
0000e923  ADCIntRegister                       
0000e9ab  ADCIntStatus                         
0000ef35  ADCIntStatusEx                       
0000e94b  ADCIntUnregister                     
0000efbf  ADCPhaseDelayGet                     
0000efad  ADCPhaseDelaySet                     
0000ec63  ADCProcessorTrigger                  
0000ef9b  ADCReferenceGet                      
0000ef7f  ADCReferenceSet                      
0000ea4d  ADCSequenceConfigure                 
0000efe9  ADCSequenceDMADisable                
0000efcd  ADCSequenceDMAEnable                 
0000ec21  ADCSequenceDataGet                   
0000ea33  ADCSequenceDisable                   
0000ea19  ADCSequenceEnable                    
0000ebc5  ADCSequenceOverflow                  
0000ebdd  ADCSequenceOverflowClear             
0000ead1  ADCSequenceStepConfigure             
0000ebf3  ADCSequenceUnderflow                 
0000ec0b  ADCSequenceUnderflowClear            
0000ec87  ADCSoftwareOversampleConfigure       
0000ed7f  ADCSoftwareOversampleDataGet         
0000ecbf  ADCSoftwareOversampleStepConfigure   
00013bfd  C$$EXIT                              
000130f3  CPUUsageInit                         
000130b5  CPUUsageTick                         
00013d39  CPUbasepriGet                        
00013d2b  CPUbasepriSet                        
00013d05  CPUcpsid                             
00013d1b  CPUcpsie                             
00013d11  CPUprimask                           
00013d27  CPUwfi                               
000134e9  CmdLineProcess                       
00010b9d  Cmd_cpu                              
00010bc7  Cmd_free                             
00010c91  Cmd_help                             
00010c59  Cmd_stats                            
00010bdd  Cmd_tasks                            
0000026d  ConfigDescAlloc                      
00000303  ConfigDescFree                       
0000d5b3  GPIOADCTriggerDisable                
0000d595  GPIOADCTriggerEnable                 
0000d577  GPIODMATriggerDisable                
0000d559  GPIODMATriggerEnable                 
0000caff  GPIODirModeGet                       
0000caa3  GPIODirModeSet                       
0000d073  GPIOIntClear                         
0000d037  GPIOIntDisable                       
0000d01d  GPIOIntEnable                        
0000d087  GPIOIntRegister                      
0000d051  GPIOIntStatus                        
0000cbef  GPIOIntTypeGet                       
0000cb4b  GPIOIntTypeSet                       
0000d0a5  GPIOIntUnregister                    
0000cecb  GPIOPadConfigGet                     
0000cc8d  GPIOPadConfigSet                     
0000d4fb  GPIOPinConfigure                     
0000d0bf  GPIOPinRead                          
0000d0f7  GPIOPinTypeADC                       
0000d11b  GPIOPinTypeCAN                       
0000d4c7  GPIOPinTypeCIR                       
0000d13f  GPIOPinTypeComparator                
0000d163  GPIOPinTypeEPI                       
0000d187  GPIOPinTypeEthernetLED               
0000d1ab  GPIOPinTypeEthernetMII               
0000d1cf  GPIOPinTypeGPIOInput                 
0000d1f3  GPIOPinTypeGPIOOutput                
0000d217  GPIOPinTypeGPIOOutputOD              
0000d23b  GPIOPinTypeI2C                       
0000d25f  GPIOPinTypeI2CSCL                    
0000d47f  GPIOPinTypeKBColumn                  
0000d45b  GPIOPinTypeKBRow                     
0000d283  GPIOPinTypeLCD                       
0000d4a3  GPIOPinTypeLEDSeq                    
0000d2a7  GPIOPinTypeLPC                       
0000d2cb  GPIOPinTypePECIRx                    
0000d2ef  GPIOPinTypePECITx                    
0000d313  GPIOPinTypePWM                       
0000d337  GPIOPinTypeQEI                       
0000d35b  GPIOPinTypeSSI                       
0000d37f  GPIOPinTypeTimer                     
0000d3a3  GPIOPinTypeUART                      
0000d3c7  GPIOPinTypeUSBAnalog                 
0000d3eb  GPIOPinTypeUSBDigital                
0000d40f  GPIOPinTypeWakeHigh                  
0000d435  GPIOPinTypeWakeLow                   
0000d4eb  GPIOPinWakeStatus                    
0000d0d7  GPIOPinWrite                         
00013e8d  GetOverflowCounts                    
0001112d  IntDisable                           
000110bb  IntEnable                            
0001119f  IntIsEnabled                         
00010f7f  IntMasterDisable                     
00010f6f  IntMasterEnable                      
00011295  IntPendClear                         
00011225  IntPendSet                           
00011097  IntPriorityGet                       
0001100f  IntPriorityGroupingGet               
00010ff5  IntPriorityGroupingSet               
000112ef  IntPriorityMaskGet                   
000112e3  IntPriorityMaskSet                   
00011047  IntPrioritySet                       
00010f8f  IntRegister                          
000112f7  IntTrigger                           
00010fe1  IntUnregister                        
000023d9  InternalUSBHCDSendEvent              
000131eb  InternalUSBRegisterTickHandler       
0001323b  InternalUSBStartOfFrameTick          
000131a5  InternalUSBTickInit                  
000131e3  InternalUSBTickReset                 
000105bb  OTGDeviceDisconnect                  
0000a4bd  ProcessDataFromHost                  
0000a5cd  ProcessDataToHost                    
0000a56b  ProcessNotificationToHost            
00013e35  ResetISR                             
UNDEFED   SHT$$INIT_ARRAY$$Base                
UNDEFED   SHT$$INIT_ARRAY$$Limit               
200066fc  SendSemaphore                        
0000a213  SysCtlAltClkConfig                   
000099e1  SysCtlClockFreqSet                   
00009ec5  SysCtlClockGet                       
0000a1f7  SysCtlClockOutConfig                 
00009cf9  SysCtlClockSet                       
000098e1  SysCtlDeepSleep                      
0000a099  SysCtlDeepSleepClockConfigSet        
0000a07d  SysCtlDeepSleepClockSet              
000098c1  SysCtlDeepSleepPowerSet              
00013fd3  SysCtlDelay                          
0000946d  SysCtlFlashSectorSizeGet             
00009441  SysCtlFlashSizeGet                   
0000a16f  SysCtlGPIOAHBDisable                 
0000a153  SysCtlGPIOAHBEnable                  
00009855  SysCtlIntClear                       
0000983d  SysCtlIntDisable                     
00009829  SysCtlIntEnable                      
00009801  SysCtlIntRegister                    
00009865  SysCtlIntStatus                      
00009819  SysCtlIntUnregister                  
000098a7  SysCtlLDODeepSleepGet                
00009897  SysCtlLDODeepSleepSet                
00009891  SysCtlLDOSleepGet                    
00009881  SysCtlLDOSleepSet                    
00009917  SysCtlMOSCConfigSet                  
0000a1e3  SysCtlNMIClear                       
0000a1dd  SysCtlNMIStatus                      
0000992d  SysCtlPIOSCCalibrate                 
0000a13d  SysCtlPWMClockGet                    
0000a123  SysCtlPWMClockSet                    
000097ad  SysCtlPeripheralClockGating          
00009765  SysCtlPeripheralDeepSleepDisable     
00009715  SysCtlPeripheralDeepSleepEnable      
00009651  SysCtlPeripheralDisable              
00009615  SysCtlPeripheralEnable               
00009551  SysCtlPeripheralPowerOff             
00009515  SysCtlPeripheralPowerOn              
00009495  SysCtlPeripheralPresent              
000094d5  SysCtlPeripheralReady                
0000958d  SysCtlPeripheralReset                
000096d9  SysCtlPeripheralSleepDisable         
00009695  SysCtlPeripheralSleepEnable          
000098d1  SysCtlReset                          
0000998d  SysCtlResetBehaviorGet               
0000997d  SysCtlResetBehaviorSet               
00009903  SysCtlResetCauseClear                
000098fd  SysCtlResetCauseGet                  
00009437  SysCtlSRAMSizeGet                    
000098d9  SysCtlSleep                          
000098ad  SysCtlSleepPowerSet                  
0000a19d  SysCtlUSBPLLDisable                  
0000a18b  SysCtlUSBPLLEnable                   
0000a1c9  SysCtlVoltageEventClear              
0000a1ad  SysCtlVoltageEventConfig             
0000a1bd  SysCtlVoltageEventStatus             
0000f665  TimerADCEventGet                     
0000f653  TimerADCEventSet                     
0000f37d  TimerClockSourceGet                  
0000f361  TimerClockSourceSet                  
0000f13f  TimerConfigure                       
0000f25f  TimerControlEvent                    
0000f1bb  TimerControlLevel                    
0000f289  TimerControlStall                    
0000f1f1  TimerControlTrigger                  
0000f2bf  TimerControlWaitOnTrigger            
0000f685  TimerDMAEventGet                     
0000f673  TimerDMAEventSet                     
0000f121  TimerDisable                         
0000f103  TimerEnable                          
0000f62f  TimerIntClear                        
0000f5f9  TimerIntDisable                      
0000f5e1  TimerIntEnable                       
0000f59b  TimerIntRegister                     
0000f611  TimerIntStatus                       
0000f5c3  TimerIntUnregister                   
0000f447  TimerLoadGet                         
0000f483  TimerLoadGet64                       
0000f41d  TimerLoadSet                         
0000f463  TimerLoadSet64                       
0000f52d  TimerMatchGet                        
0000f569  TimerMatchGet64                      
0000f503  TimerMatchSet                        
0000f549  TimerMatchSet64                      
0000f3b7  TimerPrescaleGet                     
0000f401  TimerPrescaleMatchGet                
0000f3d3  TimerPrescaleMatchSet                
0000f38d  TimerPrescaleSet                     
0000f335  TimerRTCDisable                      
0000f31f  TimerRTCEnable                       
0000f641  TimerSynchronize                     
0000f693  TimerUpdateMode                      
0000f4b5  TimerValueGet                        
0000f4d1  TimerValueGet64                      
0000b811  UARTEchoSet                          
0000b7ab  UARTFlushRx                          
0000b7d3  UARTFlushTx                          
0000b751  UARTPeek                             
0000b72f  UARTRxBytesAvail                     
0000b195  UARTStdioConfig                      
0000b849  UARTStdioIntHandler                  
0000b73d  UARTTxBytesFree                      
0000b3a5  UARTgetc                             
0000b329  UARTgets                             
0000b70b  UARTprintf                           
0000b411  UARTvprintf                          
0000b283  UARTwrite                            
00013363  ULPIConfigSet                        
00013405  ULPIPowerTransceiver                 
00013eb1  USB0DeviceIntHandler                 
0001028d  USB0DualModeIntHandler               
000022e1  USB0HostIntHandler                   
000104d5  USB0OTGModeIntHandler                
00010a4f  USBBufferCallbackDataSet             
00010afd  USBBufferDataAvailable               
00010a35  USBBufferDataRemoved                 
00010a15  USBBufferDataWritten                 
00010b21  USBBufferEventCallback               
00010aad  USBBufferFlush                       
000109e3  USBBufferInfoGet                     
00010991  USBBufferInit                        
00010abf  USBBufferRead                        
00010b0f  USBBufferSpaceAvailable              
00010a69  USBBufferWrite                       
000109b3  USBBufferZeroLengthPacketInsert      
00005cdb  USBClockDisable                      
00005cbf  USBClockEnable                       
00012005  USBControlHandler                    
00005cab  USBControllerVersion                 
0000ac31  USBDCDCCompositeInit                 
0000ad27  USBDCDCInit                          
0000aea9  USBDCDCPacketRead                    
0000ae07  USBDCDCPacketWrite                   
0000b05b  USBDCDCPowerStatusSet                
0000b06f  USBDCDCRemoteWakeupRequest           
0000afa1  USBDCDCRxPacketAvailable             
0000b001  USBDCDCSerialStateChange             
0000adad  USBDCDCSetControlCBData              
0000adcb  USBDCDCSetRxCBData                   
0000ade9  USBDCDCSetTxCBData                   
0000ad95  USBDCDCTerm                          
0000af7f  USBDCDCTxPacketAvailable             
00011e39  USBDCDConfigDescGet                  
00011deb  USBDCDConfigDescGetNum               
00011db3  USBDCDConfigDescGetSize              
00011f1b  USBDCDConfigGetInterface             
00011f51  USBDCDConfigGetInterfaceEndpoint     
00011ec7  USBDCDConfigGetNumAlternateInterfaces
000060a1  USBDCDDeviceInfoInit                 
000063fd  USBDCDFeatureSet                     
000060f1  USBDCDInit                           
00006387  USBDCDPowerStatusSet                 
000064bd  USBDCDRemoteWakeLPM                  
000064e1  USBDCDRemoteWakeupRequest            
00006311  USBDCDRequestDataEP0                 
00006337  USBDCDSendDataEP0                    
00006359  USBDCDSetDefaultConfiguration        
0000636b  USBDCDStallEP0                       
00006299  USBDCDTerm                           
00005e13  USBDMAChannelAddressGet              
00005df7  USBDMAChannelAddressSet              
00005d7d  USBDMAChannelConfigSet               
00005e47  USBDMAChannelCountGet                
00005e2b  USBDMAChannelCountSet                
00005d5d  USBDMAChannelDisable                 
00005d3d  USBDMAChannelEnable                  
00005d0d  USBDMAChannelIntDisable              
00005ced  USBDMAChannelIntEnable               
00005d2d  USBDMAChannelIntStatus               
00005dad  USBDMAChannelStatus                  
00005dcd  USBDMAChannelStatusClear             
00005e5f  USBDMANumChannels                    
0001291d  USBDescGet                           
00012a41  USBDescGetInterface                  
00012a6f  USBDescGetInterfaceEndpoint          
000128c1  USBDescGetNum                        
00012987  USBDescGetNumAlternateInterfaces     
00005119  USBDevAddrGet                        
00005105  USBDevAddrSet                        
000050d9  USBDevConnect                        
000050ef  USBDevDisconnect                     
0000544f  USBDevEndpointConfigGet              
0000535d  USBDevEndpointConfigSet              
000057d9  USBDevEndpointDataAck                
00005003  USBDevEndpointStall                  
00005065  USBDevEndpointStallClear             
00004e7f  USBDevEndpointStatusClear            
00005fcb  USBDevLPMConfig                      
00005ff9  USBDevLPMDisable                     
00005fe1  USBDevLPMEnable                      
00005fb3  USBDevLPMRemoteWake                  
00005c13  USBDevMode                           
00004c45  USBDevSpeedGet                       
000113f3  USBDeviceConfig                      
000115e9  USBDeviceConfigAlternate             
0000660d  USBDeviceEnumHandler                 
00006759  USBDeviceEnumResetHandler            
000071a9  USBDeviceIntHandlerInternal          
00006515  USBDeviceResumeTickHandler           
000102d9  USBDualModeInit                      
00010349  USBDualModeTerm                      
00005bc5  USBEndpointDMAChannel                
0000560b  USBEndpointDMAConfigSet              
000056dd  USBEndpointDMADisable                
000056a3  USBEndpointDMAEnable                 
00005717  USBEndpointDataAvail                 
0000574f  USBEndpointDataGet                   
00005849  USBEndpointDataPut                   
000058ad  USBEndpointDataSend                  
00004f9d  USBEndpointDataToggleClear           
00005c77  USBEndpointPacketCountSet            
00004e0b  USBEndpointStatus                    
00005b9b  USBFIFOAddrGet                       
000055a5  USBFIFOConfigGet                     
0000553f  USBFIFOConfigSet                     
00005905  USBFIFOFlush                         
00005b5f  USBFrameNumberGet                    
00002911  USBHCDControlTransfer                
00002d61  USBHCDDevAddress                     
00002d95  USBHCDDevClass                       
00002d39  USBHCDDevHubPort                     
00002e29  USBHCDDevProtocol                    
00002de1  USBHCDDevSubClass                    
0000041b  USBHCDEventDisable                   
000003eb  USBHCDEventEnable                    
00002e89  USBHCDFeatureSet                     
00002a6d  USBHCDHubDeviceConnected             
00002b05  USBHCDHubDeviceDisconnected          
00001491  USBHCDInit                           
00002fd3  USBHCDLPMResume                      
00002f6b  USBHCDLPMSleep                       
00002f41  USBHCDLPMStatus                      
00002509  USBHCDMain                           
00000873  USBHCDPipeAlloc                      
000005f1  USBHCDPipeAllocSize                  
000008c1  USBHCDPipeConfig                     
00000dcb  USBHCDPipeDataAck                    
00001009  USBHCDPipeFree                       
00000dfd  USBHCDPipeRead                       
00000d81  USBHCDPipeReadNonBlocking            
00000c55  USBHCDPipeSchedule                   
00000a3b  USBHCDPipeStatus                     
000005cb  USBHCDPipeTransferSizeGet            
00000a71  USBHCDPipeWrite                      
00001437  USBHCDPowerAutomatic                 
000013a7  USBHCDPowerConfigGet                 
00001395  USBHCDPowerConfigInit                
000013c5  USBHCDPowerConfigSet                 
000015ad  USBHCDRegisterDrivers                
000016b1  USBHCDReset                          
0000170d  USBHCDResume                         
000018ed  USBHCDSetAddress                     
00001a33  USBHCDSetConfig                      
00001a7b  USBHCDSetInterface                   
0000188d  USBHCDStringDescriptorGet            
000016fb  USBHCDSuspend                        
000015e1  USBHCDTerm                           
0000e835  USBHHubClose                         
0000e7d9  USBHHubEnumerationComplete           
0000e7fb  USBHHubEnumerationError              
0000e849  USBHHubInit                          
0000e877  USBHHubLPMSleep                      
0000e885  USBHHubLPMStatus                     
0000e5ad  USBHHubMain                          
0000e81d  USBHHubOpen                          
00004bb3  USBHighSpeed                         
00005a15  USBHostAddrGet                       
000059dd  USBHostAddrSet                       
00001ac7  USBHostCheckPipes                    
0000512d  USBHostEndpointConfig                
00005817  USBHostEndpointDataAck               
00004f01  USBHostEndpointDataToggle            
00004fd7  USBHostEndpointPing                  
000052c7  USBHostEndpointSpeed                 
00004e37  USBHostEndpointStatusClear           
00005aa7  USBHostHubAddrGet                    
00005a43  USBHostHubAddrSet                    
00001b8d  USBHostIntHandlerInternal            
00005f77  USBHostLPMConfig                     
00005f9b  USBHostLPMResume                     
00005f2f  USBHostLPMSend                       
00005c01  USBHostMode                          
00005ad5  USBHostPwrConfig                     
00005b47  USBHostPwrDisable                    
00005b2f  USBHostPwrEnable                     
00005b17  USBHostPwrFaultDisable               
00005aff  USBHostPwrFaultEnable                
00005975  USBHostRequestIN                     
0000599d  USBHostRequestINClear                
000059cb  USBHostRequestStatus                 
00004b85  USBHostReset                         
00004be1  USBHostResume                        
00004c0f  USBHostSpeedGet                      
00004b6f  USBHostSuspend                       
00004c5d  USBIntDisableControl                 
00004d21  USBIntDisableEndpoint                
00004c9b  USBIntEnableControl                  
00004d4f  USBIntEnableEndpoint                 
00004dd3  USBIntRegister                       
00004cd5  USBIntStatusControl                  
00004d7d  USBIntStatusEndpoint                 
00004df1  USBIntUnregister                     
00006025  USBLPMEndpointGet                    
00006085  USBLPMIntDisable                     
0000606b  USBLPMIntEnable                      
0000605b  USBLPMIntStatus                      
00006011  USBLPMLinkStateGet                   
00006041  USBLPMRemoteWakeEnabled              
00009171  USBLibDMAAddrGet                     
000091a1  USBLibDMAInit                        
00009189  USBLibDMASizeGet                     
00005c37  USBModeConfig                        
00005bb1  USBModeGet                           
00005c97  USBNumEndpointsGet                   
0001067d  USBOTGFeatureSet                     
000105e1  USBOTGMain                           
00005c25  USBOTGMode                           
000103b7  USBOTGModeInit                       
0001037d  USBOTGModeTerm                       
000104ad  USBOTGPollRate                       
00005b6d  USBOTGSessionRequest                 
00005c4b  USBPHYPowerOff                       
00005c61  USBPHYPowerOn                        
00011bd7  USBRingBufAdvanceRead                
00011c05  USBRingBufAdvanceWrite               
00011b31  USBRingBufContigFree                 
00011b03  USBRingBufContigUsed                 
00011a71  USBRingBufEmpty                      
00011a9b  USBRingBufFlush                      
00011aed  USBRingBufFree                       
00011a37  USBRingBufFull                       
00011cbd  USBRingBufInit                       
00011ba1  USBRingBufRead                       
00011b7b  USBRingBufReadOne                    
00011b6d  USBRingBufSize                       
00011abb  USBRingBufUsed                       
00011c87  USBRingBufWrite                      
00011c61  USBRingBufWriteOne                   
000120f3  USBRxHandler                         
00010251  USBStackModeSet                      
0001208f  USBTxHandler                         
00005e71  USBULPIConfig                        
00005e9f  USBULPIDisable                       
00005e87  USBULPIEnable                        
00005eb7  USBULPIRegRead                       
00005eef  USBULPIRegWrite                      
00012149  UsbSerialInit                        
00013d79  _Dclass                              
20006810  _Denorm                              
0001342b  _Dnorm                               
00012ea9  _Dscale                              
000138f9  _Dunscale                            
20006820  _Eps                                 
20006aa0  _Errno                               
20006a88  _Fenv                                
00013da9  _Feraise                             
20006830  _Hugeval                             
20006840  _Inf                                 
20006850  _Nan                                 
20006870  _Rteps                               
20006860  _Snan                                
20006a8c  _Tls_setup__Fenv                     
20006880  _Xbig                                
20006888  _Zero                                
20006cac  __STACK_END                          
00000200  __STACK_SIZE                         
20006cac  __STACK_TOP                          
00014da0  __TI_CINIT_Base                      
00014db8  __TI_CINIT_Limit                     
00014d80  __TI_Handler_Table_Base              
00014d8c  __TI_Handler_Table_Limit             
000137b9  __TI_auto_init                       
20006a80  __TI_cleanup_ptr                     
00013fb9  __TI_decompress_none                 
00013fd9  __TI_decompress_rle24                
20006a84  __TI_dtors_ptr                       
0000814d  __TI_printfi                         
00000000  __TI_static_base__                   
00013fc7  __TI_zero_init                       
00013631  __aeabi_cdcmpeq                      
00013631  __aeabi_cdcmple                      
000136b7  __aeabi_cdrcmple                     
00013bb5  __aeabi_d2iz                         
00013c41  __aeabi_d2uiz                        
00012a9d  __aeabi_dadd                         
00012c49  __aeabi_ddiv                         
00012fb9  __aeabi_dmul                         
00012a93  __aeabi_dsub                         
00013dd9  __aeabi_i2d                          
0000609f  __aeabi_idiv0                        
0001373d  __aeabi_memclr                       
0001373d  __aeabi_memclr4                      
0001373d  __aeabi_memclr8                      
00013595  __aeabi_memcpy                       
00013595  __aeabi_memcpy4                      
00013595  __aeabi_memcpy8                      
0001373f  __aeabi_memset                       
0001373f  __aeabi_memset4                      
0001373f  __aeabi_memset8                      
00013ef7  __aeabi_ui2d                         
00013cc5  __aeabi_uidiv                        
00013cc5  __aeabi_uidivmod                     
000124f9  __aeabi_uldivmod                     
ffffffff  __binit__                            
ffffffff  __c_args__                           
20006aac  __stack                              
00013f35  _args_main                           
00013acd  _c_int00                             
00014304  _ctypes_                             
20006a78  _lock                                
00013f8b  _nop                                 
00013f83  _register_lock                       
00013f7d  _register_unlock                     
00013fdf  _system_pre_init                     
20006a7c  _unlock                              
00013c01  abort                                
000117f5  add_checksum_and_stuff               
00013b1d  atoi                                 
ffffffff  binit                                
0000ff8d  confADC                              
0000ff15  confGPIO                             
00010073  confQueue                            
0000fe69  confSys                              
0000ff33  confTasks                            
0001001d  confTimer                            
0000fea1  confUART                             
00013b69  copy_in                              
00013891  create_checksum                      
000118bb  create_frame                         
00011867  destuff_and_check_checksum           
00003e9d  eTaskConfirmSleepModeStatus          
00013c09  exit                                 
00013d45  feraiseexcept                        
00011755  frame_DeStuffing                     
000116b5  frame_stuffing                       
00013e61  frexp                                
20006a58  g_bUSBTimerInitialized               
20006759  g_eOTGModeState                      
20006a64  g_iUSBMode                           
00014958  g_pCDCCompSerConfigDescriptors       
20000000  g_pfnRAMVectors                      
200065c8  g_pfnTickHandlers                    
00000000  g_pfnVectors                         
00014954  g_ppCDCSerConfigDescriptors          
20006704  g_ppsDevInfo                         
00014b7c  g_ppui8StringDescriptors             
20006974  g_psCDCCompSerSections               
20006968  g_psCDCSerSections                   
200068f0  g_psCmdTable                         
200064a4  g_psDCDInst                          
00014b18  g_pui8CDCSerCommInterface            
00014b94  g_pui8CDCSerDataInterface            
20006956  g_pui8CDCSerDescriptor               
20006944  g_pui8CDCSerDeviceDescriptor         
0001495c  g_pui8ConfigString                   
00014a58  g_pui8ControlInterfaceString         
2000695f  g_pui8IADSerDescriptor               
00014bab  g_pui8LangDescriptor                 
00014aac  g_pui8ManufacturerString             
00014b3b  g_pui8ProductString                  
20006610  g_pui8RxBufferWorkspace              
00014baf  g_pui8SerialNumberString             
20006628  g_pui8TxBufferWorkspace              
20006188  g_pui8USBRxBuffer                    
20006288  g_pui8USBTxBuffer                    
20006640  g_pvTickInstance                     
0001494c  g_sCDCCompSerConfigHeader            
20006890  g_sCDCDevice                         
000149f8  g_sCDCHandlers                       
00014934  g_sCDCSerCommInterfaceSection        
00014944  g_sCDCSerConfigHeader                
00014924  g_sCDCSerConfigSection               
0001493c  g_sCDCSerDataInterfaceSection        
0001492c  g_sIADSerConfigSection               
00014ad0  g_sRxBuffer                          
00014af4  g_sTxBuffer                          
2000670c  g_ui32CPUUsage                       
20006a5c  g_ui32CurrentUSBTick                 
20006724  g_ui32PollRate                       
20006a60  g_ui32USBSOFCount                    
20006a68  g_ui32WaitTicks                      
20006734  g_ulSystemClock                      
20006a4c  g_ulUARTRxCount                      
20006a48  g_ulUARTTxCount                      
20006738  g_xRxLineSemaphore                   
00013a7b  ldexp                                
00013a25  ltoa                                 
0000fe2f  main                                 
20006aa4  main_func_sp                         
00013f17  memccpy                              
00013ed5  memcmp                               
00013595  memcpy                               
00013745  memset                               
0000381f  pcTaskGetTaskName                    
0000f7e5  pcTimerGetTimerName                  
2000673c  potQueue                             
000126ed  pvPortMalloc                         
0000467b  pvTaskIncrementMutexHeldCount        
0000fbcd  pvTimerGetTimerID                    
20006984  pxCurrentTCB                         
0001226d  pxPortInitialiseStack                
00013e07  raise                                
0001193f  receive_frame                        
00011999  send_frame                           
00013c85  signal                               
000139c5  sprintf                              
00013f65  strchr                               
00013f4d  strcmp                               
00013f91  strcpy                               
00013fa5  strlen                               
0000dcc5  ucQueueGetQueueType                  
000132f3  ulPortSetInterruptMask               
00004699  ulTaskNotifyTake                     
0000c2a1  ulocaltime                           
0000c49f  umktime                              
0000ca19  urand                                
0000c271  usnprintf                            
0000c23f  usprintf                             
0000ca09  usrand                               
0000c981  ustrcasecmp                          
0000c9f5  ustrcmp                              
0000c885  ustrlen                              
0000c8dd  ustrncasecmp                         
0000c995  ustrncmp                             
0000bdbd  ustrncpy                             
0000c8a7  ustrstr                              
0000c64d  ustrtof                              
0000c515  ustrtoul                             
0000be15  uvsnprintf                           
00012e61  uxListRemove                         
0000dca5  uxQueueGetQueueNumber                
0000dc47  uxQueueMessagesWaiting               
0000dc7d  uxQueueMessagesWaitingFromISR        
0000dc5d  uxQueueSpacesAvailable               
00003819  uxTaskGetNumberOfTasks               
00004229  uxTaskGetStackHighWaterMark          
00003841  uxTaskGetSystemState                 
00003e0b  uxTaskGetTaskNumber                  
000032d9  uxTaskPriorityGet                    
0000330d  uxTaskPriorityGetFromISR             
00004659  uxTaskResetEventItemValue            
0000fc93  vApplicationIdleHook                 
0000fc9b  vApplicationMallocFailedHook         
0000fc69  vApplicationStackOverflowHook        
0000fc73  vApplicationTickHook                 
00013961  vConfigureTimerForRunTimeStats       
00012d7f  vListInitialise                      
00012daf  vListInitialiseItem                  
00012dfb  vListInsert                          
00012dbf  vListInsertEnd                       
00013309  vPortClearInterruptMask              
0001334b  vPortEnableVFP                       
00012301  vPortEndScheduler                    
00012303  vPortEnterCritical                   
0001231b  vPortExitCritical                    
000127fb  vPortFree                            
0001335d  vPortGetIPSR                         
00012863  vPortInitialiseBlocks                
0001330f  vPortSVCHandler                      
0001249d  vPortSetupTimerInterrupt             
0001332d  vPortStartFirstTask                  
0001234f  vPortSuppressTicksAndSleep           
0000ded7  vQueueAddToRegistry                  
0000dc8f  vQueueDelete                         
0000dcb3  vQueueSetQueueNumber                 
0000df19  vQueueUnregisterQueue                
0000df53  vQueueWaitForMessageRestricted       
00003277  vTaskDelay                           
000031cf  vTaskDelayUntil                      
00003133  vTaskDelete                          
000036b3  vTaskEndScheduler                    
00004595  vTaskGetRunTimeStats                 
0000449d  vTaskList                            
00003e03  vTaskMissedYield                     
00004a39  vTaskNotifyGiveFromISR               
00003b41  vTaskPlaceOnEventList                
00003c19  vTaskPlaceOnEventListRestricted      
00003ba9  vTaskPlaceOnUnorderedEventList       
000042f9  vTaskPriorityInherit                 
00003355  vTaskPrioritySet                     
0000355d  vTaskResume                          
00003e31  vTaskSetTaskNumber                   
00003d67  vTaskSetTimeOutState                 
0000365d  vTaskStartScheduler                  
00003905  vTaskStepTick                        
00003465  vTaskSuspend                         
000036c5  vTaskSuspendAll                      
00003a61  vTaskSwitchContext                   
00010cd5  vUARTTask                            
0001285d  xPortGetFreeHeapSize                 
00013295  xPortPendSVHandler                   
000122cb  xPortStartScheduler                  
00012333  xPortSysTickHandler                  
0000d7e5  xQueueCreateCountingSemaphore        
0000d6e9  xQueueCreateMutex                    
0000d675  xQueueGenericCreate                  
0000da1d  xQueueGenericReceive                 
0000d5d9  xQueueGenericReset                   
0000d805  xQueueGenericSend                    
0000d92d  xQueueGenericSendFromISR             
0000d9ab  xQueueGiveFromISR                    
0000d75f  xQueueGiveMutexRecursive             
0000de73  xQueueIsQueueEmptyFromISR            
0000deb5  xQueueIsQueueFullFromISR             
0000dc03  xQueuePeekFromISR                    
0000db8b  xQueueReceiveFromISR                 
200064f4  xQueueRegistry                       
0000d79b  xQueueTakeMutexRecursive             
00003d89  xTaskCheckForTimeOut                 
00003019  xTaskGenericCreate                   
000042b5  xTaskGetCurrentTaskHandle            
000042cd  xTaskGetSchedulerState               
000037ef  xTaskGetTickCount                    
00003805  xTaskGetTickCountFromISR             
00003935  xTaskIncrementTick                   
00004861  xTaskNotify                          
00004951  xTaskNotifyFromISR                   
00004769  xTaskNotifyWait                      
000043b3  xTaskPriorityDisinherit              
00003c61  xTaskRemoveFromEventList             
00003cf9  xTaskRemoveFromUnorderedEventList    
00003711  xTaskResumeAll                       
000035d9  xTaskResumeFromISR                   
0000f723  xTimerCreate                         
0000f6e9  xTimerCreateTimerTask                
0000f777  xTimerGenericCommand                 
0000fba1  xTimerIsTimerActive                  
0000fc1b  xTimerPendFunctionCall               
0000fbe5  xTimerPendFunctionCallFromISR        
000121d9  xUSBSerialGetChar                    
000121ef  xUSBSerialPutChar                    


GLOBAL SYMBOLS: SORTED BY Symbol Address 

address   name                                 
-------   ----                                 
00000000  __TI_static_base__                   
00000000  g_pfnVectors                         
00000200  __STACK_SIZE                         
0000026d  ConfigDescAlloc                      
00000303  ConfigDescFree                       
000003eb  USBHCDEventEnable                    
0000041b  USBHCDEventDisable                   
000005cb  USBHCDPipeTransferSizeGet            
000005f1  USBHCDPipeAllocSize                  
00000873  USBHCDPipeAlloc                      
000008c1  USBHCDPipeConfig                     
00000a3b  USBHCDPipeStatus                     
00000a71  USBHCDPipeWrite                      
00000c55  USBHCDPipeSchedule                   
00000d81  USBHCDPipeReadNonBlocking            
00000dcb  USBHCDPipeDataAck                    
00000dfd  USBHCDPipeRead                       
00001009  USBHCDPipeFree                       
00001395  USBHCDPowerConfigInit                
000013a7  USBHCDPowerConfigGet                 
000013c5  USBHCDPowerConfigSet                 
00001437  USBHCDPowerAutomatic                 
00001491  USBHCDInit                           
000015ad  USBHCDRegisterDrivers                
000015e1  USBHCDTerm                           
000016b1  USBHCDReset                          
000016fb  USBHCDSuspend                        
0000170d  USBHCDResume                         
0000188d  USBHCDStringDescriptorGet            
000018ed  USBHCDSetAddress                     
00001a33  USBHCDSetConfig                      
00001a7b  USBHCDSetInterface                   
00001ac7  USBHostCheckPipes                    
00001b8d  USBHostIntHandlerInternal            
000022e1  USB0HostIntHandler                   
000023d9  InternalUSBHCDSendEvent              
00002509  USBHCDMain                           
00002911  USBHCDControlTransfer                
00002a6d  USBHCDHubDeviceConnected             
00002b05  USBHCDHubDeviceDisconnected          
00002d39  USBHCDDevHubPort                     
00002d61  USBHCDDevAddress                     
00002d95  USBHCDDevClass                       
00002de1  USBHCDDevSubClass                    
00002e29  USBHCDDevProtocol                    
00002e89  USBHCDFeatureSet                     
00002f41  USBHCDLPMStatus                      
00002f6b  USBHCDLPMSleep                       
00002fd3  USBHCDLPMResume                      
00003019  xTaskGenericCreate                   
00003133  vTaskDelete                          
000031cf  vTaskDelayUntil                      
00003277  vTaskDelay                           
000032d9  uxTaskPriorityGet                    
0000330d  uxTaskPriorityGetFromISR             
00003355  vTaskPrioritySet                     
00003465  vTaskSuspend                         
0000355d  vTaskResume                          
000035d9  xTaskResumeFromISR                   
0000365d  vTaskStartScheduler                  
000036b3  vTaskEndScheduler                    
000036c5  vTaskSuspendAll                      
00003711  xTaskResumeAll                       
000037ef  xTaskGetTickCount                    
00003805  xTaskGetTickCountFromISR             
00003819  uxTaskGetNumberOfTasks               
0000381f  pcTaskGetTaskName                    
00003841  uxTaskGetSystemState                 
00003905  vTaskStepTick                        
00003935  xTaskIncrementTick                   
00003a61  vTaskSwitchContext                   
00003b41  vTaskPlaceOnEventList                
00003ba9  vTaskPlaceOnUnorderedEventList       
00003c19  vTaskPlaceOnEventListRestricted      
00003c61  xTaskRemoveFromEventList             
00003cf9  xTaskRemoveFromUnorderedEventList    
00003d67  vTaskSetTimeOutState                 
00003d89  xTaskCheckForTimeOut                 
00003e03  vTaskMissedYield                     
00003e0b  uxTaskGetTaskNumber                  
00003e31  vTaskSetTaskNumber                   
00003e9d  eTaskConfirmSleepModeStatus          
00004229  uxTaskGetStackHighWaterMark          
000042b5  xTaskGetCurrentTaskHandle            
000042cd  xTaskGetSchedulerState               
000042f9  vTaskPriorityInherit                 
000043b3  xTaskPriorityDisinherit              
0000449d  vTaskList                            
00004595  vTaskGetRunTimeStats                 
00004659  uxTaskResetEventItemValue            
0000467b  pvTaskIncrementMutexHeldCount        
00004699  ulTaskNotifyTake                     
00004769  xTaskNotifyWait                      
00004861  xTaskNotify                          
00004951  xTaskNotifyFromISR                   
00004a39  vTaskNotifyGiveFromISR               
00004b6f  USBHostSuspend                       
00004b85  USBHostReset                         
00004bb3  USBHighSpeed                         
00004be1  USBHostResume                        
00004c0f  USBHostSpeedGet                      
00004c45  USBDevSpeedGet                       
00004c5d  USBIntDisableControl                 
00004c9b  USBIntEnableControl                  
00004cd5  USBIntStatusControl                  
00004d21  USBIntDisableEndpoint                
00004d4f  USBIntEnableEndpoint                 
00004d7d  USBIntStatusEndpoint                 
00004dd3  USBIntRegister                       
00004df1  USBIntUnregister                     
00004e0b  USBEndpointStatus                    
00004e37  USBHostEndpointStatusClear           
00004e7f  USBDevEndpointStatusClear            
00004f01  USBHostEndpointDataToggle            
00004f9d  USBEndpointDataToggleClear           
00004fd7  USBHostEndpointPing                  
00005003  USBDevEndpointStall                  
00005065  USBDevEndpointStallClear             
000050d9  USBDevConnect                        
000050ef  USBDevDisconnect                     
00005105  USBDevAddrSet                        
00005119  USBDevAddrGet                        
0000512d  USBHostEndpointConfig                
000052c7  USBHostEndpointSpeed                 
0000535d  USBDevEndpointConfigSet              
0000544f  USBDevEndpointConfigGet              
0000553f  USBFIFOConfigSet                     
000055a5  USBFIFOConfigGet                     
0000560b  USBEndpointDMAConfigSet              
000056a3  USBEndpointDMAEnable                 
000056dd  USBEndpointDMADisable                
00005717  USBEndpointDataAvail                 
0000574f  USBEndpointDataGet                   
000057d9  USBDevEndpointDataAck                
00005817  USBHostEndpointDataAck               
00005849  USBEndpointDataPut                   
000058ad  USBEndpointDataSend                  
00005905  USBFIFOFlush                         
00005975  USBHostRequestIN                     
0000599d  USBHostRequestINClear                
000059cb  USBHostRequestStatus                 
000059dd  USBHostAddrSet                       
00005a15  USBHostAddrGet                       
00005a43  USBHostHubAddrSet                    
00005aa7  USBHostHubAddrGet                    
00005ad5  USBHostPwrConfig                     
00005aff  USBHostPwrFaultEnable                
00005b17  USBHostPwrFaultDisable               
00005b2f  USBHostPwrEnable                     
00005b47  USBHostPwrDisable                    
00005b5f  USBFrameNumberGet                    
00005b6d  USBOTGSessionRequest                 
00005b9b  USBFIFOAddrGet                       
00005bb1  USBModeGet                           
00005bc5  USBEndpointDMAChannel                
00005c01  USBHostMode                          
00005c13  USBDevMode                           
00005c25  USBOTGMode                           
00005c37  USBModeConfig                        
00005c4b  USBPHYPowerOff                       
00005c61  USBPHYPowerOn                        
00005c77  USBEndpointPacketCountSet            
00005c97  USBNumEndpointsGet                   
00005cab  USBControllerVersion                 
00005cbf  USBClockEnable                       
00005cdb  USBClockDisable                      
00005ced  USBDMAChannelIntEnable               
00005d0d  USBDMAChannelIntDisable              
00005d2d  USBDMAChannelIntStatus               
00005d3d  USBDMAChannelEnable                  
00005d5d  USBDMAChannelDisable                 
00005d7d  USBDMAChannelConfigSet               
00005dad  USBDMAChannelStatus                  
00005dcd  USBDMAChannelStatusClear             
00005df7  USBDMAChannelAddressSet              
00005e13  USBDMAChannelAddressGet              
00005e2b  USBDMAChannelCountSet                
00005e47  USBDMAChannelCountGet                
00005e5f  USBDMANumChannels                    
00005e71  USBULPIConfig                        
00005e87  USBULPIEnable                        
00005e9f  USBULPIDisable                       
00005eb7  USBULPIRegRead                       
00005eef  USBULPIRegWrite                      
00005f2f  USBHostLPMSend                       
00005f77  USBHostLPMConfig                     
00005f9b  USBHostLPMResume                     
00005fb3  USBDevLPMRemoteWake                  
00005fcb  USBDevLPMConfig                      
00005fe1  USBDevLPMEnable                      
00005ff9  USBDevLPMDisable                     
00006011  USBLPMLinkStateGet                   
00006025  USBLPMEndpointGet                    
00006041  USBLPMRemoteWakeEnabled              
0000605b  USBLPMIntStatus                      
0000606b  USBLPMIntEnable                      
00006085  USBLPMIntDisable                     
0000609f  __aeabi_idiv0                        
000060a1  USBDCDDeviceInfoInit                 
000060f1  USBDCDInit                           
00006299  USBDCDTerm                           
00006311  USBDCDRequestDataEP0                 
00006337  USBDCDSendDataEP0                    
00006359  USBDCDSetDefaultConfiguration        
0000636b  USBDCDStallEP0                       
00006387  USBDCDPowerStatusSet                 
000063fd  USBDCDFeatureSet                     
000064bd  USBDCDRemoteWakeLPM                  
000064e1  USBDCDRemoteWakeupRequest            
00006515  USBDeviceResumeTickHandler           
0000660d  USBDeviceEnumHandler                 
00006759  USBDeviceEnumResetHandler            
000071a9  USBDeviceIntHandlerInternal          
0000814d  __TI_printfi                         
00009171  USBLibDMAAddrGet                     
00009189  USBLibDMASizeGet                     
000091a1  USBLibDMAInit                        
00009437  SysCtlSRAMSizeGet                    
00009441  SysCtlFlashSizeGet                   
0000946d  SysCtlFlashSectorSizeGet             
00009495  SysCtlPeripheralPresent              
000094d5  SysCtlPeripheralReady                
00009515  SysCtlPeripheralPowerOn              
00009551  SysCtlPeripheralPowerOff             
0000958d  SysCtlPeripheralReset                
00009615  SysCtlPeripheralEnable               
00009651  SysCtlPeripheralDisable              
00009695  SysCtlPeripheralSleepEnable          
000096d9  SysCtlPeripheralSleepDisable         
00009715  SysCtlPeripheralDeepSleepEnable      
00009765  SysCtlPeripheralDeepSleepDisable     
000097ad  SysCtlPeripheralClockGating          
00009801  SysCtlIntRegister                    
00009819  SysCtlIntUnregister                  
00009829  SysCtlIntEnable                      
0000983d  SysCtlIntDisable                     
00009855  SysCtlIntClear                       
00009865  SysCtlIntStatus                      
00009881  SysCtlLDOSleepSet                    
00009891  SysCtlLDOSleepGet                    
00009897  SysCtlLDODeepSleepSet                
000098a7  SysCtlLDODeepSleepGet                
000098ad  SysCtlSleepPowerSet                  
000098c1  SysCtlDeepSleepPowerSet              
000098d1  SysCtlReset                          
000098d9  SysCtlSleep                          
000098e1  SysCtlDeepSleep                      
000098fd  SysCtlResetCauseGet                  
00009903  SysCtlResetCauseClear                
00009917  SysCtlMOSCConfigSet                  
0000992d  SysCtlPIOSCCalibrate                 
0000997d  SysCtlResetBehaviorSet               
0000998d  SysCtlResetBehaviorGet               
000099e1  SysCtlClockFreqSet                   
00009cf9  SysCtlClockSet                       
00009ec5  SysCtlClockGet                       
0000a07d  SysCtlDeepSleepClockSet              
0000a099  SysCtlDeepSleepClockConfigSet        
0000a123  SysCtlPWMClockSet                    
0000a13d  SysCtlPWMClockGet                    
0000a153  SysCtlGPIOAHBEnable                  
0000a16f  SysCtlGPIOAHBDisable                 
0000a18b  SysCtlUSBPLLEnable                   
0000a19d  SysCtlUSBPLLDisable                  
0000a1ad  SysCtlVoltageEventConfig             
0000a1bd  SysCtlVoltageEventStatus             
0000a1c9  SysCtlVoltageEventClear              
0000a1dd  SysCtlNMIStatus                      
0000a1e3  SysCtlNMIClear                       
0000a1f7  SysCtlClockOutConfig                 
0000a213  SysCtlAltClkConfig                   
0000a4bd  ProcessDataFromHost                  
0000a56b  ProcessNotificationToHost            
0000a5cd  ProcessDataToHost                    
0000ac31  USBDCDCCompositeInit                 
0000ad27  USBDCDCInit                          
0000ad95  USBDCDCTerm                          
0000adad  USBDCDCSetControlCBData              
0000adcb  USBDCDCSetRxCBData                   
0000ade9  USBDCDCSetTxCBData                   
0000ae07  USBDCDCPacketWrite                   
0000aea9  USBDCDCPacketRead                    
0000af7f  USBDCDCTxPacketAvailable             
0000afa1  USBDCDCRxPacketAvailable             
0000b001  USBDCDCSerialStateChange             
0000b05b  USBDCDCPowerStatusSet                
0000b06f  USBDCDCRemoteWakeupRequest           
0000b195  UARTStdioConfig                      
0000b283  UARTwrite                            
0000b329  UARTgets                             
0000b3a5  UARTgetc                             
0000b411  UARTvprintf                          
0000b70b  UARTprintf                           
0000b72f  UARTRxBytesAvail                     
0000b73d  UARTTxBytesFree                      
0000b751  UARTPeek                             
0000b7ab  UARTFlushRx                          
0000b7d3  UARTFlushTx                          
0000b811  UARTEchoSet                          
0000b849  UARTStdioIntHandler                  
0000bdbd  ustrncpy                             
0000be15  uvsnprintf                           
0000c23f  usprintf                             
0000c271  usnprintf                            
0000c2a1  ulocaltime                           
0000c49f  umktime                              
0000c515  ustrtoul                             
0000c64d  ustrtof                              
0000c885  ustrlen                              
0000c8a7  ustrstr                              
0000c8dd  ustrncasecmp                         
0000c981  ustrcasecmp                          
0000c995  ustrncmp                             
0000c9f5  ustrcmp                              
0000ca09  usrand                               
0000ca19  urand                                
0000caa3  GPIODirModeSet                       
0000caff  GPIODirModeGet                       
0000cb4b  GPIOIntTypeSet                       
0000cbef  GPIOIntTypeGet                       
0000cc8d  GPIOPadConfigSet                     
0000cecb  GPIOPadConfigGet                     
0000d01d  GPIOIntEnable                        
0000d037  GPIOIntDisable                       
0000d051  GPIOIntStatus                        
0000d073  GPIOIntClear                         
0000d087  GPIOIntRegister                      
0000d0a5  GPIOIntUnregister                    
0000d0bf  GPIOPinRead                          
0000d0d7  GPIOPinWrite                         
0000d0f7  GPIOPinTypeADC                       
0000d11b  GPIOPinTypeCAN                       
0000d13f  GPIOPinTypeComparator                
0000d163  GPIOPinTypeEPI                       
0000d187  GPIOPinTypeEthernetLED               
0000d1ab  GPIOPinTypeEthernetMII               
0000d1cf  GPIOPinTypeGPIOInput                 
0000d1f3  GPIOPinTypeGPIOOutput                
0000d217  GPIOPinTypeGPIOOutputOD              
0000d23b  GPIOPinTypeI2C                       
0000d25f  GPIOPinTypeI2CSCL                    
0000d283  GPIOPinTypeLCD                       
0000d2a7  GPIOPinTypeLPC                       
0000d2cb  GPIOPinTypePECIRx                    
0000d2ef  GPIOPinTypePECITx                    
0000d313  GPIOPinTypePWM                       
0000d337  GPIOPinTypeQEI                       
0000d35b  GPIOPinTypeSSI                       
0000d37f  GPIOPinTypeTimer                     
0000d3a3  GPIOPinTypeUART                      
0000d3c7  GPIOPinTypeUSBAnalog                 
0000d3eb  GPIOPinTypeUSBDigital                
0000d40f  GPIOPinTypeWakeHigh                  
0000d435  GPIOPinTypeWakeLow                   
0000d45b  GPIOPinTypeKBRow                     
0000d47f  GPIOPinTypeKBColumn                  
0000d4a3  GPIOPinTypeLEDSeq                    
0000d4c7  GPIOPinTypeCIR                       
0000d4eb  GPIOPinWakeStatus                    
0000d4fb  GPIOPinConfigure                     
0000d559  GPIODMATriggerEnable                 
0000d577  GPIODMATriggerDisable                
0000d595  GPIOADCTriggerEnable                 
0000d5b3  GPIOADCTriggerDisable                
0000d5d9  xQueueGenericReset                   
0000d675  xQueueGenericCreate                  
0000d6e9  xQueueCreateMutex                    
0000d75f  xQueueGiveMutexRecursive             
0000d79b  xQueueTakeMutexRecursive             
0000d7e5  xQueueCreateCountingSemaphore        
0000d805  xQueueGenericSend                    
0000d92d  xQueueGenericSendFromISR             
0000d9ab  xQueueGiveFromISR                    
0000da1d  xQueueGenericReceive                 
0000db8b  xQueueReceiveFromISR                 
0000dc03  xQueuePeekFromISR                    
0000dc47  uxQueueMessagesWaiting               
0000dc5d  uxQueueSpacesAvailable               
0000dc7d  uxQueueMessagesWaitingFromISR        
0000dc8f  vQueueDelete                         
0000dca5  uxQueueGetQueueNumber                
0000dcb3  vQueueSetQueueNumber                 
0000dcc5  ucQueueGetQueueType                  
0000de73  xQueueIsQueueEmptyFromISR            
0000deb5  xQueueIsQueueFullFromISR             
0000ded7  vQueueAddToRegistry                  
0000df19  vQueueUnregisterQueue                
0000df53  vQueueWaitForMessageRestricted       
0000e5ad  USBHHubMain                          
0000e7d9  USBHHubEnumerationComplete           
0000e7fb  USBHHubEnumerationError              
0000e81d  USBHHubOpen                          
0000e835  USBHHubClose                         
0000e849  USBHHubInit                          
0000e877  USBHHubLPMSleep                      
0000e885  USBHHubLPMStatus                     
0000e923  ADCIntRegister                       
0000e94b  ADCIntUnregister                     
0000e969  ADCIntDisable                        
0000e985  ADCIntEnable                         
0000e9ab  ADCIntStatus                         
0000ea03  ADCIntClear                          
0000ea19  ADCSequenceEnable                    
0000ea33  ADCSequenceDisable                   
0000ea4d  ADCSequenceConfigure                 
0000ead1  ADCSequenceStepConfigure             
0000ebc5  ADCSequenceOverflow                  
0000ebdd  ADCSequenceOverflowClear             
0000ebf3  ADCSequenceUnderflow                 
0000ec0b  ADCSequenceUnderflowClear            
0000ec21  ADCSequenceDataGet                   
0000ec63  ADCProcessorTrigger                  
0000ec87  ADCSoftwareOversampleConfigure       
0000ecbf  ADCSoftwareOversampleStepConfigure   
0000ed7f  ADCSoftwareOversampleDataGet         
0000eded  ADCHardwareOversampleConfigure       
0000ee1f  ADCComparatorConfigure               
0000ee3b  ADCComparatorRegionSet               
0000ee5f  ADCComparatorReset                   
0000eea5  ADCComparatorIntDisable              
0000eec3  ADCComparatorIntEnable               
0000eee1  ADCComparatorIntStatus               
0000eeef  ADCComparatorIntClear                
0000ef01  ADCIntDisableEx                      
0000ef19  ADCIntEnableEx                       
0000ef35  ADCIntStatusEx                       
0000ef67  ADCIntClearEx                        
0000ef7f  ADCReferenceSet                      
0000ef9b  ADCReferenceGet                      
0000efad  ADCPhaseDelaySet                     
0000efbf  ADCPhaseDelayGet                     
0000efcd  ADCSequenceDMAEnable                 
0000efe9  ADCSequenceDMADisable                
0000f005  ADCBusy                              
0000f023  ADCClockConfigSet                    
0000f04d  ADCClockConfigGet                    
0000f103  TimerEnable                          
0000f121  TimerDisable                         
0000f13f  TimerConfigure                       
0000f1bb  TimerControlLevel                    
0000f1f1  TimerControlTrigger                  
0000f25f  TimerControlEvent                    
0000f289  TimerControlStall                    
0000f2bf  TimerControlWaitOnTrigger            
0000f31f  TimerRTCEnable                       
0000f335  TimerRTCDisable                      
0000f361  TimerClockSourceSet                  
0000f37d  TimerClockSourceGet                  
0000f38d  TimerPrescaleSet                     
0000f3b7  TimerPrescaleGet                     
0000f3d3  TimerPrescaleMatchSet                
0000f401  TimerPrescaleMatchGet                
0000f41d  TimerLoadSet                         
0000f447  TimerLoadGet                         
0000f463  TimerLoadSet64                       
0000f483  TimerLoadGet64                       
0000f4b5  TimerValueGet                        
0000f4d1  TimerValueGet64                      
0000f503  TimerMatchSet                        
0000f52d  TimerMatchGet                        
0000f549  TimerMatchSet64                      
0000f569  TimerMatchGet64                      
0000f59b  TimerIntRegister                     
0000f5c3  TimerIntUnregister                   
0000f5e1  TimerIntEnable                       
0000f5f9  TimerIntDisable                      
0000f611  TimerIntStatus                       
0000f62f  TimerIntClear                        
0000f641  TimerSynchronize                     
0000f653  TimerADCEventSet                     
0000f665  TimerADCEventGet                     
0000f673  TimerDMAEventSet                     
0000f685  TimerDMAEventGet                     
0000f693  TimerUpdateMode                      
0000f6e9  xTimerCreateTimerTask                
0000f723  xTimerCreate                         
0000f777  xTimerGenericCommand                 
0000f7e5  pcTimerGetTimerName                  
0000fba1  xTimerIsTimerActive                  
0000fbcd  pvTimerGetTimerID                    
0000fbe5  xTimerPendFunctionCallFromISR        
0000fc1b  xTimerPendFunctionCall               
0000fc69  vApplicationStackOverflowHook        
0000fc73  vApplicationTickHook                 
0000fc93  vApplicationIdleHook                 
0000fc9b  vApplicationMallocFailedHook         
0000fe2f  main                                 
0000fe69  confSys                              
0000fea1  confUART                             
0000ff15  confGPIO                             
0000ff33  confTasks                            
0000ff8d  confADC                              
0001001d  confTimer                            
00010073  confQueue                            
00010095  ADCIntHandler                        
00010251  USBStackModeSet                      
0001028d  USB0DualModeIntHandler               
000102d9  USBDualModeInit                      
00010349  USBDualModeTerm                      
0001037d  USBOTGModeTerm                       
000103b7  USBOTGModeInit                       
000104ad  USBOTGPollRate                       
000104d5  USB0OTGModeIntHandler                
000105bb  OTGDeviceDisconnect                  
000105e1  USBOTGMain                           
0001067d  USBOTGFeatureSet                     
00010991  USBBufferInit                        
000109b3  USBBufferZeroLengthPacketInsert      
000109e3  USBBufferInfoGet                     
00010a15  USBBufferDataWritten                 
00010a35  USBBufferDataRemoved                 
00010a4f  USBBufferCallbackDataSet             
00010a69  USBBufferWrite                       
00010aad  USBBufferFlush                       
00010abf  USBBufferRead                        
00010afd  USBBufferDataAvailable               
00010b0f  USBBufferSpaceAvailable              
00010b21  USBBufferEventCallback               
00010b9d  Cmd_cpu                              
00010bc7  Cmd_free                             
00010bdd  Cmd_tasks                            
00010c59  Cmd_stats                            
00010c91  Cmd_help                             
00010cd5  vUARTTask                            
00010f6f  IntMasterEnable                      
00010f7f  IntMasterDisable                     
00010f8f  IntRegister                          
00010fe1  IntUnregister                        
00010ff5  IntPriorityGroupingSet               
0001100f  IntPriorityGroupingGet               
00011047  IntPrioritySet                       
00011097  IntPriorityGet                       
000110bb  IntEnable                            
0001112d  IntDisable                           
0001119f  IntIsEnabled                         
00011225  IntPendSet                           
00011295  IntPendClear                         
000112e3  IntPriorityMaskSet                   
000112ef  IntPriorityMaskGet                   
000112f7  IntTrigger                           
000113f3  USBDeviceConfig                      
000115e9  USBDeviceConfigAlternate             
000116b5  frame_stuffing                       
00011755  frame_DeStuffing                     
000117f5  add_checksum_and_stuff               
00011867  destuff_and_check_checksum           
000118bb  create_frame                         
0001193f  receive_frame                        
00011999  send_frame                           
00011a37  USBRingBufFull                       
00011a71  USBRingBufEmpty                      
00011a9b  USBRingBufFlush                      
00011abb  USBRingBufUsed                       
00011aed  USBRingBufFree                       
00011b03  USBRingBufContigUsed                 
00011b31  USBRingBufContigFree                 
00011b6d  USBRingBufSize                       
00011b7b  USBRingBufReadOne                    
00011ba1  USBRingBufRead                       
00011bd7  USBRingBufAdvanceRead                
00011c05  USBRingBufAdvanceWrite               
00011c61  USBRingBufWriteOne                   
00011c87  USBRingBufWrite                      
00011cbd  USBRingBufInit                       
00011db3  USBDCDConfigDescGetSize              
00011deb  USBDCDConfigDescGetNum               
00011e39  USBDCDConfigDescGet                  
00011ec7  USBDCDConfigGetNumAlternateInterfaces
00011f1b  USBDCDConfigGetInterface             
00011f51  USBDCDConfigGetInterfaceEndpoint     
00012005  USBControlHandler                    
0001208f  USBTxHandler                         
000120f3  USBRxHandler                         
00012149  UsbSerialInit                        
000121d9  xUSBSerialGetChar                    
000121ef  xUSBSerialPutChar                    
0001226d  pxPortInitialiseStack                
000122cb  xPortStartScheduler                  
00012301  vPortEndScheduler                    
00012303  vPortEnterCritical                   
0001231b  vPortExitCritical                    
00012333  xPortSysTickHandler                  
0001234f  vPortSuppressTicksAndSleep           
0001249d  vPortSetupTimerInterrupt             
000124f9  __aeabi_uldivmod                     
000126ed  pvPortMalloc                         
000127fb  vPortFree                            
0001285d  xPortGetFreeHeapSize                 
00012863  vPortInitialiseBlocks                
000128c1  USBDescGetNum                        
0001291d  USBDescGet                           
00012987  USBDescGetNumAlternateInterfaces     
00012a41  USBDescGetInterface                  
00012a6f  USBDescGetInterfaceEndpoint          
00012a93  __aeabi_dsub                         
00012a9d  __aeabi_dadd                         
00012c49  __aeabi_ddiv                         
00012d7f  vListInitialise                      
00012daf  vListInitialiseItem                  
00012dbf  vListInsertEnd                       
00012dfb  vListInsert                          
00012e61  uxListRemove                         
00012ea9  _Dscale                              
00012fb9  __aeabi_dmul                         
000130b5  CPUUsageTick                         
000130f3  CPUUsageInit                         
000131a5  InternalUSBTickInit                  
000131e3  InternalUSBTickReset                 
000131eb  InternalUSBRegisterTickHandler       
0001323b  InternalUSBStartOfFrameTick          
00013295  xPortPendSVHandler                   
000132f3  ulPortSetInterruptMask               
00013309  vPortClearInterruptMask              
0001330f  vPortSVCHandler                      
0001332d  vPortStartFirstTask                  
0001334b  vPortEnableVFP                       
0001335d  vPortGetIPSR                         
00013363  ULPIConfigSet                        
00013405  ULPIPowerTransceiver                 
0001342b  _Dnorm                               
000134e9  CmdLineProcess                       
00013595  __aeabi_memcpy                       
00013595  __aeabi_memcpy4                      
00013595  __aeabi_memcpy8                      
00013595  memcpy                               
00013631  __aeabi_cdcmpeq                      
00013631  __aeabi_cdcmple                      
000136b7  __aeabi_cdrcmple                     
0001373d  __aeabi_memclr                       
0001373d  __aeabi_memclr4                      
0001373d  __aeabi_memclr8                      
0001373f  __aeabi_memset                       
0001373f  __aeabi_memset4                      
0001373f  __aeabi_memset8                      
00013745  memset                               
000137b9  __TI_auto_init                       
00013891  create_checksum                      
000138f9  _Dunscale                            
00013961  vConfigureTimerForRunTimeStats       
000139c5  sprintf                              
00013a25  ltoa                                 
00013a7b  ldexp                                
00013acd  _c_int00                             
00013b1d  atoi                                 
00013b69  copy_in                              
00013bb5  __aeabi_d2iz                         
00013bfd  C$$EXIT                              
00013c01  abort                                
00013c09  exit                                 
00013c41  __aeabi_d2uiz                        
00013c85  signal                               
00013cc5  __aeabi_uidiv                        
00013cc5  __aeabi_uidivmod                     
00013d05  CPUcpsid                             
00013d11  CPUprimask                           
00013d1b  CPUcpsie                             
00013d27  CPUwfi                               
00013d2b  CPUbasepriSet                        
00013d39  CPUbasepriGet                        
00013d45  feraiseexcept                        
00013d79  _Dclass                              
00013da9  _Feraise                             
00013dd9  __aeabi_i2d                          
00013e07  raise                                
00013e35  ResetISR                             
00013e61  frexp                                
00013e8d  GetOverflowCounts                    
00013eb1  USB0DeviceIntHandler                 
00013ed5  memcmp                               
00013ef7  __aeabi_ui2d                         
00013f17  memccpy                              
00013f35  _args_main                           
00013f4d  strcmp                               
00013f65  strchr                               
00013f7d  _register_unlock                     
00013f83  _register_lock                       
00013f8b  _nop                                 
00013f91  strcpy                               
00013fa5  strlen                               
00013fb9  __TI_decompress_none                 
00013fc7  __TI_zero_init                       
00013fd3  SysCtlDelay                          
00013fd9  __TI_decompress_rle24                
00013fdf  _system_pre_init                     
00014304  _ctypes_                             
00014924  g_sCDCSerConfigSection               
0001492c  g_sIADSerConfigSection               
00014934  g_sCDCSerCommInterfaceSection        
0001493c  g_sCDCSerDataInterfaceSection        
00014944  g_sCDCSerConfigHeader                
0001494c  g_sCDCCompSerConfigHeader            
00014954  g_ppCDCSerConfigDescriptors          
00014958  g_pCDCCompSerConfigDescriptors       
0001495c  g_pui8ConfigString                   
000149f8  g_sCDCHandlers                       
00014a58  g_pui8ControlInterfaceString         
00014aac  g_pui8ManufacturerString             
00014ad0  g_sRxBuffer                          
00014af4  g_sTxBuffer                          
00014b18  g_pui8CDCSerCommInterface            
00014b3b  g_pui8ProductString                  
00014b7c  g_ppui8StringDescriptors             
00014b94  g_pui8CDCSerDataInterface            
00014bab  g_pui8LangDescriptor                 
00014baf  g_pui8SerialNumberString             
00014d80  __TI_Handler_Table_Base              
00014d8c  __TI_Handler_Table_Limit             
00014da0  __TI_CINIT_Base                      
00014db8  __TI_CINIT_Limit                     
20000000  g_pfnRAMVectors                      
20006188  g_pui8USBRxBuffer                    
20006288  g_pui8USBTxBuffer                    
200064a4  g_psDCDInst                          
200064f4  xQueueRegistry                       
200065c8  g_pfnTickHandlers                    
20006610  g_pui8RxBufferWorkspace              
20006628  g_pui8TxBufferWorkspace              
20006640  g_pvTickInstance                     
200066fc  SendSemaphore                        
20006704  g_ppsDevInfo                         
2000670c  g_ui32CPUUsage                       
20006724  g_ui32PollRate                       
20006734  g_ulSystemClock                      
20006738  g_xRxLineSemaphore                   
2000673c  potQueue                             
20006759  g_eOTGModeState                      
20006810  _Denorm                              
20006820  _Eps                                 
20006830  _Hugeval                             
20006840  _Inf                                 
20006850  _Nan                                 
20006860  _Snan                                
20006870  _Rteps                               
20006880  _Xbig                                
20006888  _Zero                                
20006890  g_sCDCDevice                         
200068f0  g_psCmdTable                         
20006944  g_pui8CDCSerDeviceDescriptor         
20006956  g_pui8CDCSerDescriptor               
2000695f  g_pui8IADSerDescriptor               
20006968  g_psCDCSerSections                   
20006974  g_psCDCCompSerSections               
20006984  pxCurrentTCB                         
20006a48  g_ulUARTTxCount                      
20006a4c  g_ulUARTRxCount                      
20006a58  g_bUSBTimerInitialized               
20006a5c  g_ui32CurrentUSBTick                 
20006a60  g_ui32USBSOFCount                    
20006a64  g_iUSBMode                           
20006a68  g_ui32WaitTicks                      
20006a78  _lock                                
20006a7c  _unlock                              
20006a80  __TI_cleanup_ptr                     
20006a84  __TI_dtors_ptr                       
20006a88  _Fenv                                
20006a8c  _Tls_setup__Fenv                     
20006aa0  _Errno                               
20006aa4  main_func_sp                         
20006aac  __stack                              
20006cac  __STACK_END                          
20006cac  __STACK_TOP                          
ffffffff  __binit__                            
ffffffff  __c_args__                           
ffffffff  binit                                
UNDEFED   SHT$$INIT_ARRAY$$Base                
UNDEFED   SHT$$INIT_ARRAY$$Limit               

[766 symbols]
